Archive member included because of file (symbol)

/Applications/Simplicity Studio.app/Contents/Eclipse/developer/stacks/blehomekit/v1.1.0//protocol/bluetooth_2.3/lib/EFR32BG1B/GCC/bgapi.a(gecko_bgapi_hardware.c.obj)
                              ./main.o (gecko_bgapi_class_hardware_init)
/Applications/Simplicity Studio.app/Contents/Eclipse/developer/stacks/blehomekit/v1.1.0//protocol/bluetooth_2.3/lib/EFR32BG1B/GCC/bgapi.a(gecko_bgapi_test.c.obj)
                              ./main.o (gecko_bgapi_class_test_init)
/Applications/Simplicity Studio.app/Contents/Eclipse/developer/stacks/blehomekit/v1.1.0//protocol/bluetooth_2.3/lib/EFR32BG1B/GCC/bgapi.a(gecko_bgapi_util.c.obj)
                              ./main.o (gecko_bgapi_class_util_init)
/Applications/Simplicity Studio.app/Contents/Eclipse/developer/stacks/blehomekit/v1.1.0//protocol/bluetooth_2.3/lib/EFR32BG1B/GCC/bgapi.a(gecko_bgapi_dfu.c.obj)
                              ./main.o (gecko_bgapi_class_dfu_init)
/Applications/Simplicity Studio.app/Contents/Eclipse/developer/stacks/blehomekit/v1.1.0//protocol/bluetooth_2.3/lib/EFR32BG1B/GCC/bgapi.a(gecko_bgapi_gap.c.obj)
                              ./main.o (gecko_bgapi_class_le_gap_init)
/Applications/Simplicity Studio.app/Contents/Eclipse/developer/stacks/blehomekit/v1.1.0//protocol/bluetooth_2.3/lib/EFR32BG1B/GCC/bgapi.a(gecko_bgapi_gatt.c.obj)
                              ./main.o (gecko_bgapi_class_gatt_init)
/Applications/Simplicity Studio.app/Contents/Eclipse/developer/stacks/blehomekit/v1.1.0//protocol/bluetooth_2.3/lib/EFR32BG1B/GCC/bgapi.a(gecko_bgapi_gatt_server.c.obj)
                              ./main.o (gecko_bgapi_class_gatt_server_init)
/Applications/Simplicity Studio.app/Contents/Eclipse/developer/stacks/blehomekit/v1.1.0//protocol/bluetooth_2.3/lib/EFR32BG1B/GCC/bgapi.a(gecko_bgapi_flash.c.obj)
                              ./main.o (gecko_bgapi_class_flash_init)
/Applications/Simplicity Studio.app/Contents/Eclipse/developer/stacks/blehomekit/v1.1.0//protocol/bluetooth_2.3/lib/EFR32BG1B/GCC/bgapi.a(gecko_bgapi_sm.c.obj)
                              ./main.o (gecko_bgapi_class_sm_init)
/Applications/Simplicity Studio.app/Contents/Eclipse/developer/stacks/blehomekit/v1.1.0//protocol/bluetooth_2.3/lib/EFR32BG1B/GCC/bgapi.a(gecko_bgapi_system.c.obj)
                              ./main.o (gecko_bgapi_class_system_init)
/Applications/Simplicity Studio.app/Contents/Eclipse/developer/stacks/blehomekit/v1.1.0//protocol/bluetooth_2.3/lib/EFR32BG1B/GCC/bgapi.a(gecko_bgapi_endpoint.c.obj)
                              ./main.o (gecko_bgapi_class_endpoint_init)
/Applications/Simplicity Studio.app/Contents/Eclipse/developer/stacks/blehomekit/v1.1.0//protocol/bluetooth_2.3/lib/EFR32BG1B/GCC/bgapi.a(gecko_bgapi_le_connection.c.obj)
                              ./main.o (gecko_bgapi_class_le_connection_init)
/Applications/Simplicity Studio.app/Contents/Eclipse/developer/stacks/blehomekit/v1.1.0//protocol/bluetooth_2.3/lib/EFR32BG1B/GCC/bgapi.a(bgapi_hardware_lib.c.obj)
                              /Applications/Simplicity Studio.app/Contents/Eclipse/developer/stacks/blehomekit/v1.1.0//protocol/bluetooth_2.3/lib/EFR32BG1B/GCC/bgapi.a(gecko_bgapi_hardware.c.obj) (gecko_cmd_hardware_read_i2c)
/Applications/Simplicity Studio.app/Contents/Eclipse/developer/stacks/blehomekit/v1.1.0//protocol/bluetooth_2.3/lib/EFR32BG1B/GCC/bgapi.a(bgapi_hardware.c.obj)
                              /Applications/Simplicity Studio.app/Contents/Eclipse/developer/stacks/blehomekit/v1.1.0//protocol/bluetooth_2.3/lib/EFR32BG1B/GCC/bgapi.a(gecko_bgapi_hardware.c.obj) (lib_hardware_handler_init)
/Applications/Simplicity Studio.app/Contents/Eclipse/developer/stacks/blehomekit/v1.1.0//protocol/bluetooth_2.3/lib/EFR32BG1B/GCC/bgapi.a(bgapi_test_lib.c.obj)
                              /Applications/Simplicity Studio.app/Contents/Eclipse/developer/stacks/blehomekit/v1.1.0//protocol/bluetooth_2.3/lib/EFR32BG1B/GCC/bgapi.a(gecko_bgapi_test.c.obj) (lib_test_handler_init)
/Applications/Simplicity Studio.app/Contents/Eclipse/developer/stacks/blehomekit/v1.1.0//protocol/bluetooth_2.3/lib/EFR32BG1B/GCC/bgapi.a(bgapi_util.c.obj)
                              /Applications/Simplicity Studio.app/Contents/Eclipse/developer/stacks/blehomekit/v1.1.0//protocol/bluetooth_2.3/lib/EFR32BG1B/GCC/bgapi.a(gecko_bgapi_util.c.obj) (lib_util_handler_init)
/Applications/Simplicity Studio.app/Contents/Eclipse/developer/stacks/blehomekit/v1.1.0//protocol/bluetooth_2.3/lib/EFR32BG1B/GCC/bgapi.a(bgapi_dfu.c.obj)
                              /Applications/Simplicity Studio.app/Contents/Eclipse/developer/stacks/blehomekit/v1.1.0//protocol/bluetooth_2.3/lib/EFR32BG1B/GCC/bgapi.a(gecko_bgapi_dfu.c.obj) (lib_dfu_handler_init)
/Applications/Simplicity Studio.app/Contents/Eclipse/developer/stacks/blehomekit/v1.1.0//protocol/bluetooth_2.3/lib/EFR32BG1B/GCC/bgapi.a(bgapi_gap.c.obj)
[...]
Memory Configuration

Name             Origin             Length             Attributes
FLASH            0x0000000000000000 0x000000000003f000 xr
RAM              0x0000000020003000 0x0000000000004bfc xrw
*default*        0x0000000000000000 0xffffffffffffffff

Linker script and memory map

LOAD /Applications/Simplicity Studio.app/Contents/Eclipse/developer/toolchains/gnu_arm/4.9_2015q3/bin/../lib/gcc/arm-none-eabi/4.9.3/armv7e-m/softfp/crti.o
LOAD /Applications/Simplicity Studio.app/Contents/Eclipse/developer/toolchains/gnu_arm/4.9_2015q3/bin/../lib/gcc/arm-none-eabi/4.9.3/armv7e-m/softfp/crtbegin.o
LOAD /Applications/Simplicity Studio.app/Contents/Eclipse/developer/toolchains/gnu_arm/4.9_2015q3/bin/../lib/gcc/arm-none-eabi/4.9.3/../../../../arm-none-eabi/lib/armv7e-m/softfp/crt0.o
LOAD ./application_properties.o
LOAD ./ble-callback-stubs.o
LOAD ./ble-callbacks.o
LOAD ./em_timer.o
LOAD ./gatt_db.o
LOAD ./main.o
LOAD ./peripherals.o
LOAD ./bgapi/dmadrv.o
LOAD ./bgapi/em_adc.o
LOAD ./bgapi/em_ldma.o
LOAD ./bgapi/em_leuart.o
LOAD ./device/EFR32_B_1_1_B/gcc/startup_efr32bg1b.o
LOAD ./emlib/em_cmu.o
LOAD ./emlib/em_cryotimer.o
LOAD ./emlib/em_emu.o
LOAD ./emlib/em_gpio.o
LOAD ./emlib/em_i2c.o
LOAD ./emlib/em_letimer.o
LOAD ./emlib/em_msc.o
LOAD ./emlib/em_rtcc.o
LOAD ./emlib/em_system.o
LOAD ./emlib/em_usart.o
LOAD ./kit_flashpwr/BRD4302A/mx25flash_spi.o
LOAD ./src/InitDevice.o
LOAD /Applications/Simplicity Studio.app/Contents/Eclipse/developer/stacks/blehomekit/v1.1.0//protocol/bluetooth_2.3/lib/EFR32BG1B/EABI/stack.a
LOAD /Applications/Simplicity Studio.app/Contents/Eclipse/developer/stacks/blehomekit/v1.1.0//protocol/bluetooth_2.3/lib/EFR32BG1B/EABI/binstack.o
LOAD /Applications/Simplicity Studio.app/Contents/Eclipse/developer/stacks/blehomekit/v1.1.0//protocol/bluetooth_2.3/lib/EFR32BG1B/GCC/bgapi.a
LOAD /Applications/Simplicity Studio.app/Contents/Eclipse/developer/stacks/blehomekit/v1.1.0//protocol/bluetooth_2.3/lib/EFR32BG1B/EABI/binbootloader.o
LOAD /Applications/Simplicity Studio.app/Contents/Eclipse/developer/toolchains/gnu_arm/4.9_2015q3/bin/../lib/gcc/arm-none-eabi/4.9.3/../../../../arm-none-eabi/lib/armv7e-m/softfp/libm.a
START GROUP
LOAD /Applications/Simplicity Studio.app/Contents/Eclipse/developer/toolchains/gnu_arm/4.9_2015q3/bin/../lib/gcc/arm-none-eabi/4.9.3/armv7e-m/softfp/libgcc.a
LOAD /Applications/Simplicity Studio.app/Contents/Eclipse/developer/toolchains/gnu_arm/4.9_2015q3/bin/../lib/gcc/arm-none-eabi/4.9.3/../../../../arm-none-eabi/lib/armv7e-m/softfp/libc.a
LOAD /Applications/Simplicity Studio.app/Contents/Eclipse/developer/toolchains/gnu_arm/4.9_2015q3/bin/../lib/gcc/arm-none-eabi/4.9.3/../../../../arm-none-eabi/lib/armv7e-m/softfp/libnosys.a
END GROUP
START GROUP
LOAD /Applications/Simplicity Studio.app/Contents/Eclipse/developer/toolchains/gnu_arm/4.9_2015q3/bin/../lib/gcc/arm-none-eabi/4.9.3/armv7e-m/softfp/libgcc.a
LOAD /Applications/Simplicity Studio.app/Contents/Eclipse/developer/toolchains/gnu_arm/4.9_2015q3/bin/../lib/gcc/arm-none-eabi/4.9.3/../../../../arm-none-eabi/lib/armv7e-m/softfp/libg.a
LOAD /Applications/Simplicity Studio.app/Contents/Eclipse/developer/toolchains/gnu_arm/4.9_2015q3/bin/../lib/gcc/arm-none-eabi/4.9.3/../../../../arm-none-eabi/lib/armv7e-m/softfp/libc.a
END GROUP
LOAD /Applications/Simplicity Studio.app/Contents/Eclipse/developer/toolchains/gnu_arm/4.9_2015q3/bin/../lib/gcc/arm-none-eabi/4.9.3/armv7e-m/softfp/crtend.o
LOAD /Applications/Simplicity Studio.app/Contents/Eclipse/developer/toolchains/gnu_arm/4.9_2015q3/bin/../lib/gcc/arm-none-eabi/4.9.3/armv7e-m/softfp/crtn.o

.text_bootloader
                0x0000000000000000     0x4000
 *(.binbootloader*)
 .binbootloader
                0x0000000000000000      0x31c /Applications/Simplicity Studio.app/Contents/Eclipse/developer/stacks/blehomekit/v1.1.0//protocol/bluetooth_2.3/lib/EFR32BG1B/EABI/binbootloader.o
                0x0000000000004000                . = ALIGN (0x4000)
 *fill*         0x000000000000031c     0x3ce4 

.text_stack_bin
                0x0000000000004000    0x1d000
 *(.binstack*)
 .binstack      0x0000000000004000    0x1c9e4 /Applications/Simplicity Studio.app/Contents/Eclipse/developer/stacks/blehomekit/v1.1.0//protocol/bluetooth_2.3/lib/EFR32BG1B/EABI/binstack.o
                0x0000000000021000                . = ALIGN (0x800)
 *fill*         0x00000000000209e4      0x61c 
                0x0000000000021000                __text_start__ = .

.text_app       0x0000000000021000     0x6698
 *(.AAT)
 .AAT           0x0000000000021000       0x80 ./main.o
                0x0000000000021000                AppAddressTable
 *(.vectors)
 .vectors       0x0000000000021080       0xc8 ./device/EFR32_B_1_1_B/gcc/startup_efr32bg1b.o
                0x0000000000021080                __Vectors
                0x0000000000021148                __Vectors_End = .
                0x00000000000000c8                __Vectors_Size = (__Vectors_End - __Vectors)
                0x0000000000021148                __end__ = .
 *(.gecko_configuration)
 *(.xo_configuration)
 *(.gatt_header)
 .gatt_header   0x0000000000021148       0x30 ./gatt_db.o
                0x0000000000021148                bg_gattdb_data
 *(.gatt_data)
 .gatt_data     0x0000000000021178      0x3be ./gatt_db.o
                0x0000000000021178                bg_gattdb_data_adv_uuid128_map
                0x0000000000021188                bg_gattdb_data_adv_uuid16_map
                0x000000000002118c                bg_gattdb_data_attributes_dynamic_mapping_map
                0x00000000000211a0                bg_gattdb_data_attributes_map
                0x0000000000021320                bg_gattdb_data_attribute_field_0
                0x0000000000021324                bg_gattdb_data_attribute_field_1
                0x000000000002132c                bg_gattdb_data_attribute_field_2
                0x0000000000021334                bg_gattdb_data_attribute_field_4
                0x0000000000021338                bg_gattdb_data_attribute_field_5
                0x0000000000021340                bg_gattdb_data_attribute_field_6
                0x0000000000021348                bg_gattdb_data_attribute_field_7
                0x0000000000021350                bg_gattdb_data_attribute_field_8
                0x0000000000021354                bg_gattdb_data_attribute_field_9
                0x0000000000021358                bg_gattdb_data_attribute_field_10
                0x0000000000021360                bg_gattdb_data_attribute_field_11
                0x0000000000021370                bg_gattdb_data_attribute_field_12
                0x0000000000021378                bg_gattdb_data_attribute_field_13
                0x0000000000021384                bg_gattdb_data_attribute_field_14
                0x000000000002138c                bg_gattdb_data_attribute_field_15
                0x0000000000021394                bg_gattdb_data_attribute_field_16
                0x00000000000213a8                bg_gattdb_data_attribute_field_17
                0x00000000000213c0                bg_gattdb_data_attribute_field_18
                0x00000000000213c8                bg_gattdb_data_attribute_field_19
                0x00000000000213e0                bg_gattdb_data_attribute_field_20
                0x00000000000213e8                bg_gattdb_data_attribute_field_21
                0x0000000000021400                bg_gattdb_data_attribute_field_22
                0x0000000000021408                bg_gattdb_data_attribute_field_23
                0x0000000000021420                bg_gattdb_data_attribute_field_24
                0x0000000000021428                bg_gattdb_data_attribute_field_25
                0x0000000000021440                bg_gattdb_data_attribute_field_26
                0x0000000000021448                bg_gattdb_data_attribute_field_27
                0x0000000000021460                bg_gattdb_data_attribute_field_28
                0x0000000000021468                bg_gattdb_data_attribute_field_29
                0x000000000002147c                bg_gattdb_data_attribute_field_30
                0x0000000000021494                bg_gattdb_data_attribute_field_31
                0x000000000002149c                bg_gattdb_data_uuidtable_128_map
                0x000000000002151c                bg_gattdb_data_uuidtable_16_map
 *(.text*)
 *fill*         0x0000000000021536        0x2 
 .text          0x0000000000021538       0x5c /Applications/Simplicity Studio.app/Contents/Eclipse/developer/toolchains/gnu_arm/4.9_2015q3/bin/../lib/gcc/arm-none-eabi/4.9.3/armv7e-m/softfp/crtbegin.o
 .text          0x0000000000021594       0x74 /Applications/Simplicity Studio.app/Contents/Eclipse/developer/toolchains/gnu_arm/4.9_2015q3/bin/../lib/gcc/arm-none-eabi/4.9.3/../../../../arm-none-eabi/lib/armv7e-m/softfp/crt0.o
                0x0000000000021594                _mainCRTStartup
                0x0000000000021594                _start
 .text.TIMER_Init
                0x0000000000021608       0xb0 ./em_timer.o
                0x0000000000021608                TIMER_Init
 .text.TIMER_InitCC
                0x00000000000216b8       0x84 ./em_timer.o
                0x00000000000216b8                TIMER_InitCC
 .text.startup.main
                0x000000000002173c       0x58 ./main.o
                0x000000000002173c                main
 .text.InitGPIO
                0x0000000000021794       0xa4 ./peripherals.o
                0x0000000000021794                InitGPIO
 .text.InitPWM1
                0x0000000000021838       0xa0 ./peripherals.o
                0x0000000000021838                InitPWM1
 .text.UpdatePWM1
                0x00000000000218d8       0x18 ./peripherals.o
                0x00000000000218d8                UpdatePWM1
 .text.InitLEUART0
                0x00000000000218f0       0xa0 ./peripherals.o
                0x00000000000218f0                InitLEUART0
 .text.LEUART0_IRQHandler
                0x0000000000021990       0x18 ./peripherals.o
                0x0000000000021990                LEUART0_IRQHandler
 .text.LETIMER0_IRQHandler
                0x00000000000219a8       0x18 ./peripherals.o
                0x00000000000219a8                LETIMER0_IRQHandler
 .text.InitLETIMER0
                0x00000000000219c0       0x70 ./peripherals.o
                0x00000000000219c0                InitLETIMER0
 .text.StartTransfer
                0x0000000000021a30      0x1dc ./bgapi/dmadrv.o
 .text.DMADRV_AllocateChannel
                0x0000000000021c0c       0x60 ./bgapi/dmadrv.o
                0x0000000000021c0c                DMADRV_AllocateChannel
 .text.DMADRV_Init
                0x0000000000021c6c       0x60 ./bgapi/dmadrv.o
                0x0000000000021c6c                DMADRV_Init
 .text.DMADRV_MemoryPeripheral
                0x0000000000021ccc       0x34 ./bgapi/dmadrv.o
                0x0000000000021ccc                DMADRV_MemoryPeripheral
 .text.DMADRV_PeripheralMemory
                0x0000000000021d00       0x34 ./bgapi/dmadrv.o
                0x0000000000021d00                DMADRV_PeripheralMemory
 .text.DMADRV_StopTransfer
                0x0000000000021d34       0x44 ./bgapi/dmadrv.o
                0x0000000000021d34                DMADRV_StopTransfer
 .text.DMADRV_TransferRemainingCount
                0x0000000000021d78       0x50 ./bgapi/dmadrv.o
                0x0000000000021d78                DMADRV_TransferRemainingCount
 .text.LDMA_IRQHandler
                0x0000000000021dc8       0x7c ./bgapi/dmadrv.o
                0x0000000000021dc8                LDMA_IRQHandler
 .text.ADC_LoadDevinfoCal
                0x0000000000021e44       0xf4 ./bgapi/em_adc.o
 .text.ADC_InitSingle
                0x0000000000021f38       0xb4 ./bgapi/em_adc.o
                0x0000000000021f38                ADC_InitSingle
 .text.ADC_PrescaleCalc
                0x0000000000021fec       0x4c ./bgapi/em_adc.o
                0x0000000000021fec                ADC_PrescaleCalc
 .text.ADC_Init
                0x0000000000022038       0x68 ./bgapi/em_adc.o
                0x0000000000022038                ADC_Init
 .text.LDMA_Init
                0x00000000000220a0       0x58 ./bgapi/em_ldma.o
                0x00000000000220a0                LDMA_Init
 .text.LDMA_StartTransfer
                0x00000000000220f8       0xa8 ./bgapi/em_ldma.o
                0x00000000000220f8                LDMA_StartTransfer
 .text.LDMA_StopTransfer
                0x00000000000221a0       0x28 ./bgapi/em_ldma.o
                0x00000000000221a0                LDMA_StopTransfer
 .text.LDMA_TransferRemainingCount
                0x00000000000221c8       0x40 ./bgapi/em_ldma.o
                0x00000000000221c8                LDMA_TransferRemainingCount
 .text.LEUART_BaudrateSet
                0x0000000000022208       0x54 ./bgapi/em_leuart.o
                0x0000000000022208                LEUART_BaudrateSet
 .text.LEUART_Enable
                0x000000000002225c       0x1c ./bgapi/em_leuart.o
                0x000000000002225c                LEUART_Enable
 .text.LEUART_Init
                0x0000000000022278       0x4c ./bgapi/em_leuart.o
                0x0000000000022278                LEUART_Init
 .text.Default_Handler
                0x00000000000222c4        0x4 ./device/EFR32_B_1_1_B/gcc/startup_efr32bg1b.o
                0x00000000000222c4                IDAC0_IRQHandler
                0x00000000000222c4                USART0_TX_IRQHandler
                0x00000000000222c4                I2C0_IRQHandler
                0x00000000000222c4                HardFault_Handler
                0x00000000000222c4                SysTick_Handler
                0x00000000000222c4                USART1_RX_IRQHandler
                0x00000000000222c4                PendSV_Handler
                0x00000000000222c4                NMI_Handler
                0x00000000000222c4                SYNTH_IRQHandler
                0x00000000000222c4                WDOG0_IRQHandler
                0x00000000000222c4                USART1_TX_IRQHandler
                0x00000000000222c4                MSC_IRQHandler
                0x00000000000222c4                ADC0_IRQHandler
                0x00000000000222c4                UsageFault_Handler
                0x00000000000222c4                FPUEH_IRQHandler
                0x00000000000222c4                GPIO_EVEN_IRQHandler
                0x00000000000222c4                TIMER0_IRQHandler
                0x00000000000222c4                TIMER1_IRQHandler
                0x00000000000222c4                RFSENSE_IRQHandler
                0x00000000000222c4                BUFC_IRQHandler
                0x00000000000222c4                MODEM_IRQHandler
                0x00000000000222c4                Default_Handler
                0x00000000000222c4                RAC_SEQ_IRQHandler
                0x00000000000222c4                FRC_PRI_IRQHandler
                0x00000000000222c4                EMU_IRQHandler
                0x00000000000222c4                FRC_IRQHandler
                0x00000000000222c4                CRYOTIMER_IRQHandler
                0x00000000000222c4                PCNT0_IRQHandler
                0x00000000000222c4                AGC_IRQHandler
                0x00000000000222c4                ACMP0_IRQHandler
                0x00000000000222c4                USART0_RX_IRQHandler
                0x00000000000222c4                MemManage_Handler
                0x00000000000222c4                SVC_Handler
                0x00000000000222c4                RTCC_IRQHandler
                0x00000000000222c4                CRYPTO_IRQHandler
                0x00000000000222c4                CMU_IRQHandler
                0x00000000000222c4                RAC_RSM_IRQHandler
                0x00000000000222c4                GPIO_ODD_IRQHandler
                0x00000000000222c4                PROTIMER_IRQHandler
                0x00000000000222c4                BusFault_Handler
                0x00000000000222c4                DebugMon_Handler
 .text.Reset_Handler
                0x00000000000222c8       0x34 ./device/EFR32_B_1_1_B/gcc/startup_efr32bg1b.o
                0x00000000000222c8                Reset_Handler
 .text.flashWaitStateMax
                0x00000000000222fc       0x40 ./emlib/em_cmu.o
 .text.CMU_OscillatorTuningSet.part.2
                0x000000000002233c       0x44 ./emlib/em_cmu.o
 .text.CMU_ClockEnable
                0x0000000000022380       0x8c ./emlib/em_cmu.o
                0x0000000000022380                CMU_ClockEnable
 .text.CMU_ClockSelectGet
                0x000000000002240c       0xa4 ./emlib/em_cmu.o
                0x000000000002240c                CMU_ClockSelectGet
 .text.lfClkGet
                0x00000000000224b0       0x94 ./emlib/em_cmu.o
 .text.CMU_ClockFreqGet
                0x0000000000022544      0x128 ./emlib/em_cmu.o
                0x0000000000022544                CMU_ClockFreqGet
 .text.CMU_OscillatorTuningWait
                0x000000000002266c       0x60 ./emlib/em_cmu.o
                0x000000000002266c                CMU_OscillatorTuningWait
 .text.CMU_OscillatorEnable
                0x00000000000226cc      0x110 ./emlib/em_cmu.o
                0x00000000000226cc                CMU_OscillatorEnable
 .text.CMU_ClockSelectSet
                0x00000000000227dc      0x158 ./emlib/em_cmu.o
                0x00000000000227dc                CMU_ClockSelectSet
 .text.CMU_HFXOInit
                0x0000000000022934       0xec ./emlib/em_cmu.o
                0x0000000000022934                CMU_HFXOInit
 .text.CMU_LFXOInit
                0x0000000000022a20       0x40 ./emlib/em_cmu.o
                0x0000000000022a20                CMU_LFXOInit
 .text.currentLimitersUpdate
                0x0000000000022a60       0x74 ./emlib/em_emu.o
 .text.EMU_DCDCModeSet
                0x0000000000022ad4       0x4c ./emlib/em_emu.o
                0x0000000000022ad4                EMU_DCDCModeSet
 .text.EMU_DCDCOutputVoltageSet
                0x0000000000022b20      0x1cc ./emlib/em_emu.o
                0x0000000000022b20                EMU_DCDCOutputVoltageSet
 .text.EMU_DCDCOptimizeSlice
                0x0000000000022cec       0x94 ./emlib/em_emu.o
                0x0000000000022cec                EMU_DCDCOptimizeSlice
 .text.EMU_DCDCLnRcoBandSet
                0x0000000000022d80       0x24 ./emlib/em_emu.o
                0x0000000000022d80                EMU_DCDCLnRcoBandSet
 .text.EMU_DCDCInit
                0x0000000000022da4      0x18c ./emlib/em_emu.o
                0x0000000000022da4                EMU_DCDCInit
 .text.GPIO_PinModeSet
                0x0000000000022f30       0x8c ./emlib/em_gpio.o
                0x0000000000022f30                GPIO_PinModeSet
 .text.I2C_BusFreqSet.part.0
                0x0000000000022fbc       0x60 ./emlib/em_i2c.o
 .text.I2C_Init
                0x000000000002301c       0x3c ./emlib/em_i2c.o
                0x000000000002301c                I2C_Init
 .text.LETIMER_CompareSet
                0x0000000000023058       0x14 ./emlib/em_letimer.o
                0x0000000000023058                LETIMER_CompareSet
 .text.LETIMER_Enable
                0x000000000002306c       0x10 ./emlib/em_letimer.o
                0x000000000002306c                LETIMER_Enable
 .text.LETIMER_Init
                0x000000000002307c       0x60 ./emlib/em_letimer.o
                0x000000000002307c                LETIMER_Init
 .text.RTCC_Init
                0x00000000000230dc       0x48 ./emlib/em_rtcc.o
                0x00000000000230dc                RTCC_Init
 .text.SYSTEM_ChipRevisionGet
                0x0000000000023124       0x34 ./emlib/em_system.o
                0x0000000000023124                SYSTEM_ChipRevisionGet
 .text.USART_BaudrateAsyncSet
                0x0000000000023158       0x68 ./emlib/em_usart.o
                0x0000000000023158                USART_BaudrateAsyncSet
 .text.USART_BaudrateCalc
                0x00000000000231c0       0x7c ./emlib/em_usart.o
                0x00000000000231c0                USART_BaudrateCalc
 .text.USART_BaudrateGet
                0x000000000002323c       0x24 ./emlib/em_usart.o
                0x000000000002323c                USART_BaudrateGet
 .text.USART_Enable
                0x0000000000023260       0x10 ./emlib/em_usart.o
                0x0000000000023260                USART_Enable
 .text.USART_InitAsync
                0x0000000000023270       0xa4 ./emlib/em_usart.o
                0x0000000000023270                USART_InitAsync
 .text.EMU_enter_DefaultMode_from_RESET
                0x0000000000023314       0x54 ./src/InitDevice.o
                0x0000000000023314                EMU_enter_DefaultMode_from_RESET
 .text.CMU_enter_DefaultMode_from_RESET
                0x0000000000023368      0x114 ./src/InitDevice.o
                0x0000000000023368                CMU_enter_DefaultMode_from_RESET
 .text.RTCC_enter_DefaultMode_from_RESET
                0x000000000002347c       0x44 ./src/InitDevice.o
                0x000000000002347c                RTCC_enter_DefaultMode_from_RESET
 .text.PORTIO_enter_DefaultMode_from_RESET
                0x00000000000234c0       0x80 ./src/InitDevice.o
                0x00000000000234c0                PORTIO_enter_DefaultMode_from_RESET
 .text.enter_DefaultMode_from_RESET
                0x0000000000023540       0x9c ./src/InitDevice.o
                0x0000000000023540                enter_DefaultMode_from_RESET
 .text          0x00000000000235dc       0x60 /Applications/Simplicity Studio.app/Contents/Eclipse/developer/stacks/blehomekit/v1.1.0//protocol/bluetooth_2.3/lib/EFR32BG1B/GCC/bgapi.a(gecko_bgapi_hardware.c.obj)
                0x0000000000023624                gecko_bgapi_class_hardware_init
 .text          0x000000000002363c       0x60 /Applications/Simplicity Studio.app/Contents/Eclipse/developer/stacks/blehomekit/v1.1.0//protocol/bluetooth_2.3/lib/EFR32BG1B/GCC/bgapi.a(gecko_bgapi_test.c.obj)
                0x0000000000023684                gecko_bgapi_class_test_init
 .text          0x000000000002369c       0x60 /Applications/Simplicity Studio.app/Contents/Eclipse/developer/stacks/blehomekit/v1.1.0//protocol/bluetooth_2.3/lib/EFR32BG1B/GCC/bgapi.a(gecko_bgapi_util.c.obj)
                0x00000000000236e4                gecko_bgapi_class_util_init
 .text          0x00000000000236fc       0x60 /Applications/Simplicity Studio.app/Contents/Eclipse/developer/stacks/blehomekit/v1.1.0//protocol/bluetooth_2.3/lib/EFR32BG1B/GCC/bgapi.a(gecko_bgapi_dfu.c.obj)
                0x0000000000023744                gecko_bgapi_class_dfu_init
 .text          0x000000000002375c       0x60 /Applications/Simplicity Studio.app/Contents/Eclipse/developer/stacks/blehomekit/v1.1.0//protocol/bluetooth_2.3/lib/EFR32BG1B/GCC/bgapi.a(gecko_bgapi_gap.c.obj)
                0x00000000000237a4                gecko_bgapi_class_le_gap_init
 .text          0x00000000000237bc       0x60 /Applications/Simplicity Studio.app/Contents/Eclipse/developer/stacks/blehomekit/v1.1.0//protocol/bluetooth_2.3/lib/EFR32BG1B/GCC/bgapi.a(gecko_bgapi_gatt.c.obj)
                0x0000000000023804                gecko_bgapi_class_gatt_init
 .text          0x000000000002381c       0x60 /Applications/Simplicity Studio.app/Contents/Eclipse/developer/stacks/blehomekit/v1.1.0//protocol/bluetooth_2.3/lib/EFR32BG1B/GCC/bgapi.a(gecko_bgapi_gatt_server.c.obj)
                0x0000000000023864                gecko_bgapi_class_gatt_server_init
 .text          0x000000000002387c       0x60 /Applications/Simplicity Studio.app/Contents/Eclipse/developer/stacks/blehomekit/v1.1.0//protocol/bluetooth_2.3/lib/EFR32BG1B/GCC/bgapi.a(gecko_bgapi_flash.c.obj)
                0x00000000000238c4                gecko_bgapi_class_flash_init
 .text          0x00000000000238dc       0x60 /Applications/Simplicity Studio.app/Contents/Eclipse/developer/stacks/blehomekit/v1.1.0//protocol/bluetooth_2.3/lib/EFR32BG1B/GCC/bgapi.a(gecko_bgapi_sm.c.obj)
                0x0000000000023924                gecko_bgapi_class_sm_init
 .text          0x000000000002393c       0x60 /Applications/Simplicity Studio.app/Contents/Eclipse/developer/stacks/blehomekit/v1.1.0//protocol/bluetooth_2.3/lib/EFR32BG1B/GCC/bgapi.a(gecko_bgapi_system.c.obj)
                0x0000000000023984                gecko_bgapi_class_system_init
 .text          0x000000000002399c       0x60 /Applications/Simplicity Studio.app/Contents/Eclipse/developer/stacks/blehomekit/v1.1.0//protocol/bluetooth_2.3/lib/EFR32BG1B/GCC/bgapi.a(gecko_bgapi_endpoint.c.obj)
                0x00000000000239e4                gecko_bgapi_class_endpoint_init
 .text          0x00000000000239fc       0x60 /Applications/Simplicity Studio.app/Contents/Eclipse/developer/stacks/blehomekit/v1.1.0//protocol/bluetooth_2.3/lib/EFR32BG1B/GCC/bgapi.a(gecko_bgapi_le_connection.c.obj)
                0x0000000000023a44                gecko_bgapi_class_le_connection_init
 .text          0x0000000000023a5c      0x388 /Applications/Simplicity Studio.app/Contents/Eclipse/developer/stacks/blehomekit/v1.1.0//protocol/bluetooth_2.3/lib/EFR32BG1B/GCC/bgapi.a(bgapi_hardware_lib.c.obj)
                0x0000000000023a5c                gecko_cmd_hardware_read_i2c
                0x0000000000023ac4                gecko_cmd_hardware_write_i2c
                0x0000000000023b08                gecko_cmd_hardware_stop_i2c
                0x0000000000023b40                gecko_cmd_hardware_read_adc
                0x0000000000023b80                gecko_cmd_hardware_read_adc_channel
                0x0000000000023bb0                gecko_cmd_hardware_config_adc_reference
                0x0000000000023bdc                gecko_cmd_hardware_configure_gpio
                0x0000000000023c10                gecko_cmd_hardware_write_gpio
                0x0000000000023c74                gecko_cmd_hardware_read_gpio
                0x0000000000023cd4                gecko_cmd_hardware_set_uart_configuration
                0x0000000000023d4c                clock_outputs_init
                0x0000000000023d94                bgapi_hardware_init
 .text          0x0000000000023de4      0x1d0 /Applications/Simplicity Studio.app/Contents/Eclipse/developer/stacks/blehomekit/v1.1.0//protocol/bluetooth_2.3/lib/EFR32BG1B/GCC/bgapi.a(bgapi_hardware.c.obj)
                0x0000000000023de4                soft_timer_comparison
                0x0000000000023e78                bgapi_hardware_soft_timer_listener
                0x0000000000023eb8                lib_hardware_handler_init
                0x0000000000023ecc                gecko_cmd_hardware_set_soft_timer
                0x0000000000023f0c                gecko_cmd_hardware_set_lazy_soft_timer
                0x0000000000023f4c                gecko_cmd_hardware_get_time
                0x0000000000023f80                gecko_cmd_hardware_enable_dcdc
 .text          0x0000000000023fb4      0x200 /Applications/Simplicity Studio.app/Contents/Eclipse/developer/stacks/blehomekit/v1.1.0//protocol/bluetooth_2.3/lib/EFR32BG1B/GCC/bgapi.a(bgapi_test_lib.c.obj)
                0x0000000000023fb4                lib_test_handler_init
                0x0000000000023fb6                disable_interrupts
                0x0000000000023fda                gecko_cmd_test_dtm_tx
                0x000000000002400c                gecko_cmd_test_dtm_rx
                0x000000000002403c                gecko_cmd_test_dtm_end
                0x0000000000024068                gecko_cmd_test_debug_command
                0x0000000000024138                gecko_cmd_test_debug_counter
 .text          0x00000000000241b4      0x158 /Applications/Simplicity Studio.app/Contents/Eclipse/developer/stacks/blehomekit/v1.1.0//protocol/bluetooth_2.3/lib/EFR32BG1B/GCC/bgapi.a(bgapi_util.c.obj)
                0x00000000000241ec                lib_util_handler_init
                0x00000000000241ee                gecko_cmd_util_atoi
                0x0000000000024244                gecko_cmd_util_itoa
 .text          0x000000000002430c       0x8c /Applications/Simplicity Studio.app/Contents/Eclipse/developer/stacks/blehomekit/v1.1.0//protocol/bluetooth_2.3/lib/EFR32BG1B/GCC/bgapi.a(bgapi_dfu.c.obj)
                0x000000000002430c                lib_dfu_handler_init
                0x000000000002430e                gecko_cmd_dfu_reset
                0x0000000000024314                gecko_cmd_dfu_flash_set_address
                0x0000000000024340                gecko_cmd_dfu_flash_upload
                0x000000000002436c                gecko_cmd_dfu_flash_upload_finish
 .text          0x0000000000024398      0x308 /Applications/Simplicity Studio.app/Contents/Eclipse/developer/stacks/blehomekit/v1.1.0//protocol/bluetooth_2.3/lib/EFR32BG1B/GCC/bgapi.a(bgapi_gap.c.obj)
                0x0000000000024398                lib_le_gap_handler_init
                0x000000000002439a                gecko_cmd_le_gap_set_mode
                0x00000000000243e0                gecko_cmd_le_gap_bt5_set_mode
                0x0000000000024420                gecko_cmd_le_gap_set_adv_data
                0x0000000000024454                gecko_cmd_le_gap_bt5_set_adv_data
                0x0000000000024488                gecko_cmd_le_gap_set_adv_timeout
                0x00000000000244dc                gecko_cmd_le_gap_open
                0x0000000000024544                gecko_cmd_le_gap_discover
                0x0000000000024570                gecko_cmd_le_gap_end_procedure
                0x000000000002459c                gecko_cmd_le_gap_set_adv_parameters
                0x00000000000245d0                gecko_cmd_le_gap_bt5_set_adv_parameters
                0x000000000002460c                gecko_cmd_le_gap_set_scan_parameters
                0x000000000002463c                gecko_cmd_le_gap_set_conn_parameters
                0x0000000000024674                gecko_cmd_le_gap_set_phy
 .text          0x00000000000246a0      0x644 /Applications/Simplicity Studio.app/Contents/Eclipse/developer/stacks/blehomekit/v1.1.0//protocol/bluetooth_2.3/lib/EFR32BG1B/GCC/bgapi.a(bgapi_gatt_lib.c.obj)
                0x00000000000246a0                lib_gatt_handler_init
                0x00000000000246a2                lib_gatt_server_handler_init
                0x00000000000246a4                gecko_cmd_gatt_set_max_mtu
                0x00000000000246e0                gecko_cmd_gatt_discover_primary_services
                0x0000000000024710                gecko_cmd_gatt_discover_primary_services_by_uuid
                0x000000000002474c                gecko_cmd_gatt_find_included_services
                0x0000000000024780                gecko_cmd_gatt_discover_characteristics
                0x00000000000247b4                gecko_cmd_gatt_discover_characteristics_by_uuid
                0x00000000000247f4                gecko_cmd_gatt_read_characteristic_value
                0x000000000002482c                gecko_cmd_gatt_read_characteristic_value_from_offset
                0x0000000000024868                gecko_cmd_gatt_read_characteristic_value_by_uuid
                0x00000000000248a8                gecko_cmd_gatt_read_multiple_characteristic_values
                0x00000000000248dc                gecko_cmd_gatt_write_characteristic_value
                0x0000000000024914                gecko_cmd_gatt_write_characteristic_value_without_response
                0x0000000000024958                gecko_cmd_gatt_prepare_characteristic_value_write
                0x00000000000249a8                gecko_cmd_gatt_execute_characteristic_value_write
                0x00000000000249dc                gecko_cmd_gatt_set_characteristic_notification
                0x0000000000024a14                gecko_cmd_gatt_discover_descriptors
                0x0000000000024a48                gecko_cmd_gatt_read_descriptor_value
                0x0000000000024a7c                gecko_cmd_gatt_write_descriptor_value
                0x0000000000024ab4                gecko_cmd_gatt_server_read_attribute_value
                0x0000000000024afc                gecko_cmd_gatt_server_read_attribute_type
                0x0000000000024b40                gecko_cmd_gatt_server_find_attribute
                0x0000000000024b7c                gecko_cmd_gatt_server_write_attribute_value
                0x0000000000024bb0                gecko_cmd_gatt_server_send_user_read_response
                0x0000000000024c00                gecko_cmd_gatt_server_send_user_write_response
                0x0000000000024c38                gecko_cmd_gatt_server_send_characteristic_notification
                0x0000000000024c84                gecko_cmd_gatt_send_characteristic_confirmation
                0x0000000000024cb4                gecko_cmd_gatt_server_set_database
 .text          0x0000000000024ce4      0x17c /Applications/Simplicity Studio.app/Contents/Eclipse/developer/stacks/blehomekit/v1.1.0//protocol/bluetooth_2.3/lib/EFR32BG1B/GCC/bgapi.a(bgapi_ps.c.obj)
                0x0000000000024ce4                lib_flash_handler_init
                0x0000000000024ce6                gecko_cmd_flash_ps_dump
                0x0000000000024d7c                gecko_cmd_flash_ps_erase_all
                0x0000000000024dac                gecko_cmd_flash_ps_save
                0x0000000000024de8                gecko_cmd_flash_ps_load
                0x0000000000024e2c                gecko_cmd_flash_ps_erase
 .text          0x0000000000024e60      0x3cc /Applications/Simplicity Studio.app/Contents/Eclipse/developer/stacks/blehomekit/v1.1.0//protocol/bluetooth_2.3/lib/EFR32BG1B/GCC/bgapi.a(bgapi_sm.c.obj)
                0x0000000000024f28                lib_sm_handler_init
                0x0000000000024f3c                gecko_cmd_sm_list_all_bondings
                0x0000000000024f74                gecko_cmd_sm_increase_security
                0x0000000000024fa4                gecko_cmd_sm_set_bondable_mode
                0x0000000000024fd0                gecko_cmd_sm_delete_bonding
                0x0000000000025000                gecko_cmd_sm_delete_bondings
                0x0000000000025030                gecko_cmd_sm_configure
                0x0000000000025060                gecko_cmd_sm_enter_passkey
                0x0000000000025094                gecko_cmd_sm_set_passkey
                0x00000000000250c0                gecko_cmd_sm_passkey_confirm
                0x00000000000250f4                gecko_cmd_sm_set_oob_data
                0x0000000000025124                gecko_cmd_sm_set_sc_remote_oob_data
                0x0000000000025154                gecko_cmd_sm_use_sc_oob
                0x0000000000025194                gecko_cmd_sm_store_bonding_configuration
                0x00000000000251c8                gecko_cmd_sm_bonding_confirm
                0x00000000000251fc                gecko_cmd_sm_set_debug_mode
 .text          0x000000000002522c      0x114 /Applications/Simplicity Studio.app/Contents/Eclipse/developer/stacks/blehomekit/v1.1.0//protocol/bluetooth_2.3/lib/EFR32BG1B/GCC/bgapi.a(bgapi_system.c.obj)
                0x000000000002522c                lib_system_handler_init
                0x000000000002522e                gecko_cmd_system_get_bt_address
                0x0000000000025264                gecko_cmd_system_get_random_data
                0x00000000000252ac                gecko_cmd_system_halt
                0x00000000000252e0                gecko_cmd_system_set_tx_power
                0x0000000000025310                gecko_cmd_system_hello
                0x0000000000025338                gecko_cmd_system_reset
 .text          0x0000000000025340      0x1ac /Applications/Simplicity Studio.app/Contents/Eclipse/developer/stacks/blehomekit/v1.1.0//protocol/bluetooth_2.3/lib/EFR32BG1B/GCC/bgapi.a(bgapi_endpoint.c.obj)
                0x0000000000025340                lib_endpoint_handler_init
                0x0000000000025342                gecko_cmd_endpoint_send
                0x00000000000253ec                gecko_cmd_endpoint_set_streaming_destination
                0x0000000000025444                gecko_cmd_endpoint_close
                0x00000000000254a0                gecko_cmd_endpoint_set_flags
                0x00000000000254a2                gecko_cmd_endpoint_clr_flags
                0x00000000000254a4                gecko_cmd_endpoint_read_counters
 .text          0x00000000000254ec      0x104 /Applications/Simplicity Studio.app/Contents/Eclipse/developer/stacks/blehomekit/v1.1.0//protocol/bluetooth_2.3/lib/EFR32BG1B/GCC/bgapi.a(bgapi_le_connection.c.obj)
                0x00000000000254ec                lib_le_connection_handler_init
                0x00000000000254ee                gecko_cmd_le_connection_set_parameters
                0x000000000002553c                gecko_cmd_le_connection_get_rssi
                0x000000000002556c                gecko_cmd_le_connection_disable_slave_latency
                0x00000000000255b4                gecko_cmd_le_connection_set_phy
 .text          0x00000000000255f0      0x220 /Applications/Simplicity Studio.app/Contents/Eclipse/developer/stacks/blehomekit/v1.1.0//protocol/bluetooth_2.3/lib/EFR32BG1B/GCC/bgapi.a(uart_endpoint.c.obj)
                0x0000000000025650                uart_output_available
                0x0000000000025654                uart_transparent_input
                0x0000000000025692                uart_endpoint_func
                0x0000000000025746                uart_change_flags
                0x0000000000025754                init_uart_endpoints
 .text          0x0000000000025810      0x17c /Applications/Simplicity Studio.app/Contents/Eclipse/developer/stacks/blehomekit/v1.1.0//protocol/bluetooth_2.3/lib/EFR32BG1B/GCC/bgapi.a(bgapi_endpoint.c.obj)
                0x000000000002593c                init_bgapi_endpoints
 .text          0x000000000002598c       0xc8 /Applications/Simplicity Studio.app/Contents/Eclipse/developer/stacks/blehomekit/v1.1.0//protocol/bluetooth_2.3/lib/EFR32BG1B/GCC/bgapi.a(adc.c.obj)
                0x000000000002598c                adc_read_channel
                0x00000000000259bc                adc_read_port
                0x00000000000259cc                adc_config_reference
                0x0000000000025a00                adc_init
 .text          0x0000000000025a54      0x160 /Applications/Simplicity Studio.app/Contents/Eclipse/developer/stacks/blehomekit/v1.1.0//protocol/bluetooth_2.3/lib/EFR32BG1B/GCC/bgapi.a(gpio.c.obj)
                0x0000000000025acc                gpio_location_to_port
                0x0000000000025adc                gpio_location_to_pin_index
                0x0000000000025af0                gpios_init
 .text          0x0000000000025bb4      0x218 /Applications/Simplicity Studio.app/Contents/Eclipse/developer/stacks/blehomekit/v1.1.0//protocol/bluetooth_2.3/lib/EFR32BG1B/GCC/bgapi.a(i2c.c.obj)
                0x0000000000025bb4                i2c_init
                0x0000000000025c40                i2c_stop
                0x0000000000025c60                i2c_reset
                0x0000000000025c80                i2c_read
                0x0000000000025d2c                i2c_write
 .text          0x0000000000025dcc      0x160 /Applications/Simplicity Studio.app/Contents/Eclipse/developer/stacks/blehomekit/v1.1.0//protocol/bluetooth_2.3/lib/EFR32BG1B/GCC/bgapi.a(sleep_signal.c.obj)
                0x0000000000025dfc                sleep_signal_init
                0x0000000000025e5c                sleep_signal_update
                0x0000000000025ec8                host_wakeup_signal_init
                0x0000000000025f04                host_wakeup_signal_update
 .text          0x0000000000025f2c      0x89c /Applications/Simplicity Studio.app/Contents/Eclipse/developer/stacks/blehomekit/v1.1.0//protocol/bluetooth_2.3/lib/EFR32BG1B/GCC/bgapi.a(uart.c.obj)
                0x0000000000025f2c                LEUART0_IRQGeckoHandler
                0x0000000000025f2e                USART1_TX_IRQGeckoHandler
                0x0000000000026058                USART0_TX_IRQGeckoHandler
                0x0000000000026208                USART1_RX_IRQGeckoHandler
                0x0000000000026214                USART0_RX_IRQGeckoHandler
                0x0000000000026234                uart_update
                0x000000000002624c                uart_configure
                0x0000000000026320                uart_event_register
                0x0000000000026330                uarts_init
                0x00000000000266b4                uart_get_flags
                0x00000000000266c4                uart_write_bgbuf
                0x0000000000026704                uart_read_bgbuf
                0x000000000002678c                uart_sleep
 .text          0x00000000000267c8       0x30 /Applications/Simplicity Studio.app/Contents/Eclipse/developer/toolchains/gnu_arm/4.9_2015q3/bin/../lib/gcc/arm-none-eabi/4.9.3/armv7e-m/softfp/libgcc.a(_aeabi_uldivmod.o)
                0x00000000000267c8                __aeabi_uldivmod
 .text          0x00000000000267f8       0x60 /Applications/Simplicity Studio.app/Contents/Eclipse/developer/toolchains/gnu_arm/4.9_2015q3/bin/../lib/gcc/arm-none-eabi/4.9.3/armv7e-m/softfp/libgcc.a(bpabi.o)
                0x00000000000267f8                __gnu_ldivmod_helper
                0x0000000000026828                __gnu_uldivmod_helper
 .text          0x0000000000026858        0x4 /Applications/Simplicity Studio.app/Contents/Eclipse/developer/toolchains/gnu_arm/4.9_2015q3/bin/../lib/gcc/arm-none-eabi/4.9.3/armv7e-m/softfp/libgcc.a(_dvmd_tls.o)
                0x0000000000026858                __aeabi_ldiv0
                0x0000000000026858                __aeabi_idiv0
 .text          0x000000000002685c      0x29c /Applications/Simplicity Studio.app/Contents/Eclipse/developer/toolchains/gnu_arm/4.9_2015q3/bin/../lib/gcc/arm-none-eabi/4.9.3/armv7e-m/softfp/libgcc.a(_divdi3.o)
                0x000000000002685c                __divdi3
 .text          0x0000000000026af8      0x26c /Applications/Simplicity Studio.app/Contents/Eclipse/developer/toolchains/gnu_arm/4.9_2015q3/bin/../lib/gcc/arm-none-eabi/4.9.3/armv7e-m/softfp/libgcc.a(_udivdi3.o)
                0x0000000000026af8                __udivdi3
 .text.exit     0x0000000000026d64       0x20 /Applications/Simplicity Studio.app/Contents/Eclipse/developer/toolchains/gnu_arm/4.9_2015q3/bin/../lib/gcc/arm-none-eabi/4.9.3/../../../../arm-none-eabi/lib/armv7e-m/softfp/libc.a(lib_a-exit.o)
                0x0000000000026d64                exit
 .text.__libc_init_array
                0x0000000000026d84       0x50 /Applications/Simplicity Studio.app/Contents/Eclipse/developer/toolchains/gnu_arm/4.9_2015q3/bin/../lib/gcc/arm-none-eabi/4.9.3/../../../../arm-none-eabi/lib/armv7e-m/softfp/libc.a(lib_a-init.o)
                0x0000000000026d84                __libc_init_array
 .text.memset   0x0000000000026dd4       0x9c /Applications/Simplicity Studio.app/Contents/Eclipse/developer/toolchains/gnu_arm/4.9_2015q3/bin/../lib/gcc/arm-none-eabi/4.9.3/../../../../arm-none-eabi/lib/armv7e-m/softfp/libc.a(lib_a-memset.o)
                0x0000000000026dd4                memset
 .text.startup.register_fini
                0x0000000000026e70       0x14 /Applications/Simplicity Studio.app/Contents/Eclipse/developer/toolchains/gnu_arm/4.9_2015q3/bin/../lib/gcc/arm-none-eabi/4.9.3/../../../../arm-none-eabi/lib/armv7e-m/softfp/libc.a(lib_a-__call_atexit.o)
 .text.__call_exitprocs
                0x0000000000026e84       0xd4 /Applications/Simplicity Studio.app/Contents/Eclipse/developer/toolchains/gnu_arm/4.9_2015q3/bin/../lib/gcc/arm-none-eabi/4.9.3/../../../../arm-none-eabi/lib/armv7e-m/softfp/libc.a(lib_a-__call_atexit.o)
                0x0000000000026e84                __call_exitprocs
 .text.atexit   0x0000000000026f58        0xc /Applications/Simplicity Studio.app/Contents/Eclipse/developer/toolchains/gnu_arm/4.9_2015q3/bin/../lib/gcc/arm-none-eabi/4.9.3/../../../../arm-none-eabi/lib/armv7e-m/softfp/libc.a(lib_a-atexit.o)
                0x0000000000026f58                atexit
 .text.__libc_fini_array
                0x0000000000026f64       0x2c /Applications/Simplicity Studio.app/Contents/Eclipse/developer/toolchains/gnu_arm/4.9_2015q3/bin/../lib/gcc/arm-none-eabi/4.9.3/../../../../arm-none-eabi/lib/armv7e-m/softfp/libc.a(lib_a-fini.o)
                0x0000000000026f64                __libc_fini_array
 .text.__register_exitproc
                0x0000000000026f90       0xa4 /Applications/Simplicity Studio.app/Contents/Eclipse/developer/toolchains/gnu_arm/4.9_2015q3/bin/../lib/gcc/arm-none-eabi/4.9.3/../../../../arm-none-eabi/lib/armv7e-m/softfp/libc.a(lib_a-__atexit.o)
                0x0000000000026f90                __register_exitproc
 .text._exit    0x0000000000027034        0x4 /Applications/Simplicity Studio.app/Contents/Eclipse/developer/toolchains/gnu_arm/4.9_2015q3/bin/../lib/gcc/arm-none-eabi/4.9.3/../../../../arm-none-eabi/lib/armv7e-m/softfp/libnosys.a(_exit.o)
                0x0000000000027034                _exit
 *(.init)
 .init          0x0000000000027038        0x4 /Applications/Simplicity Studio.app/Contents/Eclipse/developer/toolchains/gnu_arm/4.9_2015q3/bin/../lib/gcc/arm-none-eabi/4.9.3/armv7e-m/softfp/crti.o
                0x0000000000027038                _init
 .init          0x000000000002703c        0x8 /Applications/Simplicity Studio.app/Contents/Eclipse/developer/toolchains/gnu_arm/4.9_2015q3/bin/../lib/gcc/arm-none-eabi/4.9.3/armv7e-m/softfp/crtn.o
 *(.fini)
 .fini          0x0000000000027044        0x4 /Applications/Simplicity Studio.app/Contents/Eclipse/developer/toolchains/gnu_arm/4.9_2015q3/bin/../lib/gcc/arm-none-eabi/4.9.3/armv7e-m/softfp/crti.o
                0x0000000000027044                _fini
 .fini          0x0000000000027048        0x8 /Applications/Simplicity Studio.app/Contents/Eclipse/developer/toolchains/gnu_arm/4.9_2015q3/bin/../lib/gcc/arm-none-eabi/4.9.3/armv7e-m/softfp/crtn.o
 *crtbegin.o(.ctors)
 *crtbegin?.o(.ctors)
 *(EXCLUDE_FILE(*crtend.o *crtend?.o) .ctors)
 *(SORT(.ctors.*))
 *(.ctors)
 *crtbegin.o(.dtors)
 *crtbegin?.o(.dtors)
 *(EXCLUDE_FILE(*crtend.o *crtend?.o) .dtors)
 *(SORT(.dtors.*))
 *(.dtors)
 *(.rodata*)
 .rodata.ptiInit
                0x0000000000027050       0x24 ./main.o
 .rodata.config
                0x0000000000027074       0xe8 ./main.o
 .rodata.str1.4
                0x000000000002715c        0x4 ./main.o
 .rodata        0x0000000000027160       0x18 ./peripherals.o
 .rodata        0x0000000000027178        0x4 ./bgapi/dmadrv.o
 .rodata.CSWTCH.45
                0x000000000002717c        0xc ./emlib/em_cmu.o
 .rodata.CSWTCH.46
                0x0000000000027188       0x10 ./emlib/em_cmu.o
 .rodata.CSWTCH.47
                0x0000000000027198       0x10 ./emlib/em_cmu.o
 .rodata.CSWTCH.48
                0x00000000000271a8       0x10 ./emlib/em_cmu.o
 .rodata.i2cNSum
                0x00000000000271b8        0x4 ./emlib/em_i2c.o
 .rodata        0x00000000000271bc       0x68 ./src/InitDevice.o
 .rodata        0x0000000000027224       0x78 /Applications/Simplicity Studio.app/Contents/Eclipse/developer/stacks/blehomekit/v1.1.0//protocol/bluetooth_2.3/lib/EFR32BG1B/GCC/bgapi.a(gecko_bgapi_hardware.c.obj)
 .rodata        0x000000000002729c       0x30 /Applications/Simplicity Studio.app/Contents/Eclipse/developer/stacks/blehomekit/v1.1.0//protocol/bluetooth_2.3/lib/EFR32BG1B/GCC/bgapi.a(gecko_bgapi_test.c.obj)
 .rodata        0x00000000000272cc       0x18 /Applications/Simplicity Studio.app/Contents/Eclipse/developer/stacks/blehomekit/v1.1.0//protocol/bluetooth_2.3/lib/EFR32BG1B/GCC/bgapi.a(gecko_bgapi_util.c.obj)
 .rodata        0x00000000000272e4       0x28 /Applications/Simplicity Studio.app/Contents/Eclipse/developer/stacks/blehomekit/v1.1.0//protocol/bluetooth_2.3/lib/EFR32BG1B/GCC/bgapi.a(gecko_bgapi_dfu.c.obj)
 .rodata        0x000000000002730c       0x70 /Applications/Simplicity Studio.app/Contents/Eclipse/developer/stacks/blehomekit/v1.1.0//protocol/bluetooth_2.3/lib/EFR32BG1B/GCC/bgapi.a(gecko_bgapi_gap.c.obj)
 .rodata        0x000000000002737c       0xa0 /Applications/Simplicity Studio.app/Contents/Eclipse/developer/stacks/blehomekit/v1.1.0//protocol/bluetooth_2.3/lib/EFR32BG1B/GCC/bgapi.a(gecko_bgapi_gatt.c.obj)
 .rodata        0x000000000002741c       0x48 /Applications/Simplicity Studio.app/Contents/Eclipse/developer/stacks/blehomekit/v1.1.0//protocol/bluetooth_2.3/lib/EFR32BG1B/GCC/bgapi.a(gecko_bgapi_gatt_server.c.obj)
 .rodata        0x0000000000027464       0x30 /Applications/Simplicity Studio.app/Contents/Eclipse/developer/stacks/blehomekit/v1.1.0//protocol/bluetooth_2.3/lib/EFR32BG1B/GCC/bgapi.a(gecko_bgapi_flash.c.obj)
 .rodata        0x0000000000027494       0x80 /Applications/Simplicity Studio.app/Contents/Eclipse/developer/stacks/blehomekit/v1.1.0//protocol/bluetooth_2.3/lib/EFR32BG1B/GCC/bgapi.a(gecko_bgapi_sm.c.obj)
 .rodata        0x0000000000027514       0x38 /Applications/Simplicity Studio.app/Contents/Eclipse/developer/stacks/blehomekit/v1.1.0//protocol/bluetooth_2.3/lib/EFR32BG1B/GCC/bgapi.a(gecko_bgapi_system.c.obj)
 .rodata        0x000000000002754c       0x38 /Applications/Simplicity Studio.app/Contents/Eclipse/developer/stacks/blehomekit/v1.1.0//protocol/bluetooth_2.3/lib/EFR32BG1B/GCC/bgapi.a(gecko_bgapi_endpoint.c.obj)
 .rodata        0x0000000000027584       0x28 /Applications/Simplicity Studio.app/Contents/Eclipse/developer/stacks/blehomekit/v1.1.0//protocol/bluetooth_2.3/lib/EFR32BG1B/GCC/bgapi.a(gecko_bgapi_le_connection.c.obj)
 .rodata        0x00000000000275ac       0x18 /Applications/Simplicity Studio.app/Contents/Eclipse/developer/stacks/blehomekit/v1.1.0//protocol/bluetooth_2.3/lib/EFR32BG1B/GCC/bgapi.a(bgapi_sm.c.obj)
 .rodata        0x00000000000275c4       0x18 /Applications/Simplicity Studio.app/Contents/Eclipse/developer/stacks/blehomekit/v1.1.0//protocol/bluetooth_2.3/lib/EFR32BG1B/GCC/bgapi.a(adc.c.obj)
 .rodata        0x00000000000275dc       0x40 /Applications/Simplicity Studio.app/Contents/Eclipse/developer/stacks/blehomekit/v1.1.0//protocol/bluetooth_2.3/lib/EFR32BG1B/GCC/bgapi.a(gpio.c.obj)
 .rodata        0x000000000002761c       0x10 /Applications/Simplicity Studio.app/Contents/Eclipse/developer/stacks/blehomekit/v1.1.0//protocol/bluetooth_2.3/lib/EFR32BG1B/GCC/bgapi.a(i2c.c.obj)
 .rodata        0x000000000002762c       0x60 /Applications/Simplicity Studio.app/Contents/Eclipse/developer/stacks/blehomekit/v1.1.0//protocol/bluetooth_2.3/lib/EFR32BG1B/GCC/bgapi.a(uart.c.obj)
 .rodata.str1.4
                0x000000000002768c        0x4 /Applications/Simplicity Studio.app/Contents/Eclipse/developer/toolchains/gnu_arm/4.9_2015q3/bin/../lib/gcc/arm-none-eabi/4.9.3/../../../../arm-none-eabi/lib/armv7e-m/softfp/libc.a(lib_a-impure.o)
                                          0x2 (size before relaxing)
 .rodata._global_impure_ptr
                0x0000000000027690        0x4 /Applications/Simplicity Studio.app/Contents/Eclipse/developer/toolchains/gnu_arm/4.9_2015q3/bin/../lib/gcc/arm-none-eabi/4.9.3/../../../../arm-none-eabi/lib/armv7e-m/softfp/libc.a(lib_a-impure.o)
                0x0000000000027690                _global_impure_ptr
 *(.eh_frame*)
 .eh_frame      0x0000000000027694        0x0 /Applications/Simplicity Studio.app/Contents/Eclipse/developer/toolchains/gnu_arm/4.9_2015q3/bin/../lib/gcc/arm-none-eabi/4.9.3/armv7e-m/softfp/crtbegin.o
 .eh_frame      0x0000000000027694        0x4 /Applications/Simplicity Studio.app/Contents/Eclipse/developer/toolchains/gnu_arm/4.9_2015q3/bin/../lib/gcc/arm-none-eabi/4.9.3/armv7e-m/softfp/crtend.o
                0x0000000000027698                . = ALIGN (0x4)

.glue_7         0x0000000000027698        0x0
 .glue_7        0x0000000000000000        0x0 linker stubs

.glue_7t        0x0000000000027698        0x0
 .glue_7t       0x0000000000000000        0x0 linker stubs

.vfp11_veneer   0x0000000000027698        0x0
 .vfp11_veneer  0x0000000000000000        0x0 linker stubs

.v4_bx          0x0000000000027698        0x0
 .v4_bx         0x0000000000000000        0x0 linker stubs

.iplt           0x0000000000027698        0x0
 .iplt          0x0000000000000000        0x0 /Applications/Simplicity Studio.app/Contents/Eclipse/developer/toolchains/gnu_arm/4.9_2015q3/bin/../lib/gcc/arm-none-eabi/4.9.3/armv7e-m/softfp/crtbegin.o

.igot.plt       0x0000000000027698        0x0
 .igot.plt      0x0000000000000000        0x0 /Applications/Simplicity Studio.app/Contents/Eclipse/developer/toolchains/gnu_arm/4.9_2015q3/bin/../lib/gcc/arm-none-eabi/4.9.3/armv7e-m/softfp/crtbegin.o

.text_app_ARM.extab
 *(.ARM.extab* .gnu.linkonce.armextab.*)
                0x0000000000027698                __exidx_start = .

.text_app_ARM.exidx
                0x0000000000027698        0x8
 *(.ARM.exidx* .gnu.linkonce.armexidx.*)
 .ARM.exidx     0x0000000000027698        0x8 /Applications/Simplicity Studio.app/Contents/Eclipse/developer/toolchains/gnu_arm/4.9_2015q3/bin/../lib/gcc/arm-none-eabi/4.9.3/../../../../arm-none-eabi/lib/armv7e-m/softfp/crt0.o
 .ARM.exidx     0x00000000000276a0        0x0 /Applications/Simplicity Studio.app/Contents/Eclipse/developer/toolchains/gnu_arm/4.9_2015q3/bin/../lib/gcc/arm-none-eabi/4.9.3/armv7e-m/softfp/libgcc.a(_divdi3.o)
                                          0x8 (size before relaxing)
 .ARM.exidx     0x00000000000276a0        0x0 /Applications/Simplicity Studio.app/Contents/Eclipse/developer/toolchains/gnu_arm/4.9_2015q3/bin/../lib/gcc/arm-none-eabi/4.9.3/armv7e-m/softfp/libgcc.a(_udivdi3.o)
                                          0x8 (size before relaxing)
                0x00000000000276a0                __exidx_end = .
                0x00000000000276a0                __etext = .

.rel.dyn        0x00000000000276a0        0x0
 .rel.iplt      0x0000000000000000        0x0 /Applications/Simplicity Studio.app/Contents/Eclipse/developer/toolchains/gnu_arm/4.9_2015q3/bin/../lib/gcc/arm-none-eabi/4.9.3/armv7e-m/softfp/crtbegin.o

.text_app_data  0x0000000020003000      0x480 load address 0x00000000000276a0
                0x0000000020003000                __data_start__ = .
 *(vtable)
 *(.data*)
 .data.bg_gattdb_data_attribute_field_6_data
                0x0000000020003000        0xd ./gatt_db.o
                0x0000000020003000                bg_gattdb_data_attribute_field_6_data
 *fill*         0x000000002000300d        0x3 
 .data.auxHfrcoFreq
                0x0000000020003010        0x4 ./emlib/em_cmu.o
 .data          0x0000000020003014        0x1 /Applications/Simplicity Studio.app/Contents/Eclipse/developer/stacks/blehomekit/v1.1.0//protocol/bluetooth_2.3/lib/EFR32BG1B/GCC/bgapi.a(bgapi_endpoint.c.obj)
 *fill*         0x0000000020003015        0x3 
 .data          0x0000000020003018       0x30 /Applications/Simplicity Studio.app/Contents/Eclipse/developer/stacks/blehomekit/v1.1.0//protocol/bluetooth_2.3/lib/EFR32BG1B/GCC/bgapi.a(adc.c.obj)
 .data.impure_data
                0x0000000020003048      0x428 /Applications/Simplicity Studio.app/Contents/Eclipse/developer/toolchains/gnu_arm/4.9_2015q3/bin/../lib/gcc/arm-none-eabi/4.9.3/../../../../arm-none-eabi/lib/armv7e-m/softfp/libc.a(lib_a-impure.o)
                0x0000000020003470                . = ALIGN (0x4)
 *(.ram)
                0x0000000020003470                . = ALIGN (0x4)
                0x0000000020003470                PROVIDE (__preinit_array_start, .)
 *(.preinit_array)
                0x0000000020003470                PROVIDE (__preinit_array_end, .)
                0x0000000020003470                . = ALIGN (0x4)
                0x0000000020003470                PROVIDE (__init_array_start, .)
 *(SORT(.init_array.*))
 .init_array.00000
                0x0000000020003470        0x4 /Applications/Simplicity Studio.app/Contents/Eclipse/developer/toolchains/gnu_arm/4.9_2015q3/bin/../lib/gcc/arm-none-eabi/4.9.3/../../../../arm-none-eabi/lib/armv7e-m/softfp/libc.a(lib_a-__call_atexit.o)
 *(.init_array)
 .init_array    0x0000000020003474        0x4 /Applications/Simplicity Studio.app/Contents/Eclipse/developer/toolchains/gnu_arm/4.9_2015q3/bin/../lib/gcc/arm-none-eabi/4.9.3/armv7e-m/softfp/crtbegin.o
                0x0000000020003478                PROVIDE (__init_array_end, .)
                0x0000000020003478                . = ALIGN (0x4)
                0x0000000020003478                PROVIDE (__fini_array_start, .)
 *(SORT(.fini_array.*))
 *(.fini_array)
 .fini_array    0x0000000020003478        0x4 /Applications/Simplicity Studio.app/Contents/Eclipse/developer/toolchains/gnu_arm/4.9_2015q3/bin/../lib/gcc/arm-none-eabi/4.9.3/armv7e-m/softfp/crtbegin.o
                0x000000002000347c                PROVIDE (__fini_array_end, .)
 *(.jcr*)
 .jcr           0x000000002000347c        0x0 /Applications/Simplicity Studio.app/Contents/Eclipse/developer/toolchains/gnu_arm/4.9_2015q3/bin/../lib/gcc/arm-none-eabi/4.9.3/armv7e-m/softfp/crtbegin.o
 .jcr           0x000000002000347c        0x4 /Applications/Simplicity Studio.app/Contents/Eclipse/developer/toolchains/gnu_arm/4.9_2015q3/bin/../lib/gcc/arm-none-eabi/4.9.3/armv7e-m/softfp/crtend.o
                0x0000000020003480                . = ALIGN (0x4)
                0x0000000020003480                __data_end__ = .

.bss            0x0000000020003480     0x1cd8 load address 0x0000000000027b20
                0x0000000020003480                . = ALIGN (0x4)
                0x0000000020003480                __bss_start__ = .
 *(.bss*)
 .bss           0x0000000020003480       0x1c /Applications/Simplicity Studio.app/Contents/Eclipse/developer/toolchains/gnu_arm/4.9_2015q3/bin/../lib/gcc/arm-none-eabi/4.9.3/armv7e-m/softfp/crtbegin.o
 .bss.bg_gattdb_data_attribute_field_2_data
                0x000000002000349c        0x4 ./gatt_db.o
                0x000000002000349c                bg_gattdb_data_attribute_field_2_data
 .bss.leuartif  0x00000000200034a0        0x4 ./peripherals.o
 .bss.desiredDutyCycle
                0x00000000200034a4        0x1 ./peripherals.o
 *fill*         0x00000000200034a5        0x3 
 .bss.SOFReceived
                0x00000000200034a8        0x4 ./peripherals.o
                0x00000000200034a8                SOFReceived
 .bss.chTable   0x00000000200034ac       0xa0 ./bgapi/dmadrv.o
 .bss.initialized
                0x000000002000354c        0x1 ./bgapi/dmadrv.o
 *fill*         0x000000002000354d        0x3 
 .bss.dmaXfer   0x0000000020003550      0x100 ./bgapi/dmadrv.o
 .bss.dcdcEm01LoadCurrent_mA
                0x0000000020003650        0x2 ./emlib/em_emu.o
 .bss.dcdcReverseCurrentControl
                0x0000000020003652        0x2 ./emlib/em_emu.o
 .bss.dcdcMaxCurrent_mA
                0x0000000020003654        0x2 ./emlib/em_emu.o
 *fill*         0x0000000020003656        0x2 
 .bss.errataFixDcdcHsState
                0x0000000020003658        0x4 ./emlib/em_emu.o
 .bss           0x000000002000365c      0x100 /Applications/Simplicity Studio.app/Contents/Eclipse/developer/stacks/blehomekit/v1.1.0//protocol/bluetooth_2.3/lib/EFR32BG1B/GCC/bgapi.a(bgapi_hardware_lib.c.obj)
 .bss           0x000000002000375c        0x4 /Applications/Simplicity Studio.app/Contents/Eclipse/developer/stacks/blehomekit/v1.1.0//protocol/bluetooth_2.3/lib/EFR32BG1B/GCC/bgapi.a(bgapi_hardware.c.obj)
 .bss           0x0000000020003760       0x10 /Applications/Simplicity Studio.app/Contents/Eclipse/developer/stacks/blehomekit/v1.1.0//protocol/bluetooth_2.3/lib/EFR32BG1B/GCC/bgapi.a(bgapi_util.c.obj)
 .bss           0x0000000020003770        0x2 /Applications/Simplicity Studio.app/Contents/Eclipse/developer/stacks/blehomekit/v1.1.0//protocol/bluetooth_2.3/lib/EFR32BG1B/GCC/bgapi.a(bgapi_gap.c.obj)
                0x0000000020003770                legacy_maxadv_events
 *fill*         0x0000000020003772        0x2 
 .bss           0x0000000020003774        0x4 /Applications/Simplicity Studio.app/Contents/Eclipse/developer/stacks/blehomekit/v1.1.0//protocol/bluetooth_2.3/lib/EFR32BG1B/GCC/bgapi.a(bgapi_sm.c.obj)
 .bss           0x0000000020003778        0xc /Applications/Simplicity Studio.app/Contents/Eclipse/developer/stacks/blehomekit/v1.1.0//protocol/bluetooth_2.3/lib/EFR32BG1B/GCC/bgapi.a(bgapi_endpoint.c.obj)
 .bss           0x0000000020003784        0x4 /Applications/Simplicity Studio.app/Contents/Eclipse/developer/stacks/blehomekit/v1.1.0//protocol/bluetooth_2.3/lib/EFR32BG1B/GCC/bgapi.a(adc.c.obj)
 .bss           0x0000000020003788        0x2 /Applications/Simplicity Studio.app/Contents/Eclipse/developer/stacks/blehomekit/v1.1.0//protocol/bluetooth_2.3/lib/EFR32BG1B/GCC/bgapi.a(i2c.c.obj)
 *fill*         0x000000002000378a        0x2 
 .bss           0x000000002000378c       0x2c /Applications/Simplicity Studio.app/Contents/Eclipse/developer/stacks/blehomekit/v1.1.0//protocol/bluetooth_2.3/lib/EFR32BG1B/GCC/bgapi.a(sleep_signal.c.obj)
                0x00000000200037a0                sleep_signal_mask
                0x00000000200037b4                host_wakeup_signal_mask
 .bss           0x00000000200037b8       0x70 /Applications/Simplicity Studio.app/Contents/Eclipse/developer/stacks/blehomekit/v1.1.0//protocol/bluetooth_2.3/lib/EFR32BG1B/GCC/bgapi.a(uart.c.obj)
 *(COMMON)
 COMMON         0x0000000020003828     0x18d4 ./main.o
                0x0000000020003828                localPWM
                0x000000002000382c                bluetooth_stack_heap
 COMMON         0x00000000200050fc       0x4c ./peripherals.o
                0x00000000200050fc                UARTObj
                0x0000000020005100                UserGPIOs
                0x0000000020005104                PWMObj
                0x0000000020005108                UARTbuffer
 COMMON         0x0000000020005148        0xc /Applications/Simplicity Studio.app/Contents/Eclipse/developer/stacks/blehomekit/v1.1.0//protocol/bluetooth_2.3/lib/EFR32BG1B/GCC/bgapi.a(uart_endpoint.c.obj)
                0x0000000020005148                uarts
 COMMON         0x0000000020005154        0x1 /Applications/Simplicity Studio.app/Contents/Eclipse/developer/stacks/blehomekit/v1.1.0//protocol/bluetooth_2.3/lib/EFR32BG1B/GCC/bgapi.a(gpio.c.obj)
                0x0000000020005154                gpio_events
                0x0000000020005158                . = ALIGN (0x4)
 *fill*         0x0000000020005155        0x3 
                0x0000000020005158                __bss_end__ = .

.heap           0x0000000020005158      0xc00
                0x0000000020005158                __HeapBase = .
                0x0000000020005158                __end__ = .
                0x0000000020005158                end = __end__
                0x0000000020005158                _end = __end__
 *(.heap*)
 .heap          0x0000000020005158      0xc00 ./device/EFR32_B_1_1_B/gcc/startup_efr32bg1b.o
                0x0000000020005d58                __HeapLimit = .

.stack_dummy    0x0000000020005d58      0x400
 *(.stack*)
 .stack         0x0000000020005d58      0x400 ./device/EFR32_B_1_1_B/gcc/startup_efr32bg1b.o
                0x0000000020007bfc                __StackTop = (ORIGIN (RAM) + 0x4bfc)
                0x00000000200077fc                __StackLimit = (__StackTop - SIZEOF (.stack_dummy))
                0x0000000020007bfc                PROVIDE (__stack, __StackTop)
                0x0000000000000001                ASSERT ((__StackLimit >= __HeapLimit), region RAM overflowed with stack)
OUTPUT(Locoroll-2.axf elf32-littlearm)

.ARM.attributes
                0x0000000000000000       0x2e
 .ARM.attributes
                0x0000000000000000       0x22 /Applications/Simplicity Studio.app/Contents/Eclipse/developer/toolchains/gnu_arm/4.9_2015q3/bin/../lib/gcc/arm-none-eabi/4.9.3/armv7e-m/softfp/crti.o
 .ARM.attributes
                0x0000000000000022       0x32 /Applications/Simplicity Studio.app/Contents/Eclipse/developer/toolchains/gnu_arm/4.9_2015q3/bin/../lib/gcc/arm-none-eabi/4.9.3/armv7e-m/softfp/crtbegin.o
 .ARM.attributes
                0x0000000000000054       0x20 /Applications/Simplicity Studio.app/Contents/Eclipse/developer/toolchains/gnu_arm/4.9_2015q3/bin/../lib/gcc/arm-none-eabi/4.9.3/../../../../arm-none-eabi/lib/armv7e-m/softfp/crt0.o
 .ARM.attributes
                0x0000000000000074       0x37 ./em_timer.o
 .ARM.attributes
                0x00000000000000ab       0x37 ./gatt_db.o
 .ARM.attributes
                0x00000000000000e2       0x37 ./main.o
 .ARM.attributes
                0x0000000000000119       0x37 ./peripherals.o
 .ARM.attributes
                0x0000000000000150       0x37 ./bgapi/dmadrv.o
 .ARM.attributes
                0x0000000000000187       0x37 ./bgapi/em_adc.o
 .ARM.attributes
                0x00000000000001be       0x37 ./bgapi/em_ldma.o
 .ARM.attributes
                0x00000000000001f5       0x37 ./bgapi/em_leuart.o
 .ARM.attributes
                0x000000000000022c       0x37 ./device/EFR32_B_1_1_B/gcc/startup_efr32bg1b.o
 .ARM.attributes
                0x0000000000000263       0x37 ./emlib/em_cmu.o
 .ARM.attributes
                0x000000000000029a       0x37 ./emlib/em_emu.o
 .ARM.attributes
                0x00000000000002d1       0x37 ./emlib/em_gpio.o
 .ARM.attributes
                0x0000000000000308       0x37 ./emlib/em_i2c.o
 .ARM.attributes
                0x000000000000033f       0x37 ./emlib/em_letimer.o
 .ARM.attributes
                0x0000000000000376       0x37 ./emlib/em_rtcc.o
 .ARM.attributes
                0x00000000000003ad       0x37 ./emlib/em_system.o
 .ARM.attributes
                0x00000000000003e4       0x37 ./emlib/em_usart.o
 .ARM.attributes
                0x000000000000041b       0x37 ./src/InitDevice.o
 .ARM.attributes
                0x0000000000000452       0x1c /Applications/Simplicity Studio.app/Contents/Eclipse/developer/stacks/blehomekit/v1.1.0//protocol/bluetooth_2.3/lib/EFR32BG1B/EABI/binstack.o
 .ARM.attributes
                0x000000000000046e       0x37 /Applications/Simplicity Studio.app/Contents/Eclipse/developer/stacks/blehomekit/v1.1.0//protocol/bluetooth_2.3/lib/EFR32BG1B/GCC/bgapi.a(gecko_bgapi_hardware.c.obj)
 .ARM.attributes
                0x00000000000004a5       0x37 /Applications/Simplicity Studio.app/Contents/Eclipse/developer/stacks/blehomekit/v1.1.0//protocol/bluetooth_2.3/lib/EFR32BG1B/GCC/bgapi.a(gecko_bgapi_test.c.obj)
 .ARM.attributes
                0x00000000000004dc       0x37 /Applications/Simplicity Studio.app/Contents/Eclipse/developer/stacks/blehomekit/v1.1.0//protocol/bluetooth_2.3/lib/EFR32BG1B/GCC/bgapi.a(gecko_bgapi_util.c.obj)
 .ARM.attributes
                0x0000000000000513       0x37 /Applications/Simplicity Studio.app/Contents/Eclipse/developer/stacks/blehomekit/v1.1.0//protocol/bluetooth_2.3/lib/EFR32BG1B/GCC/bgapi.a(gecko_bgapi_dfu.c.obj)
 .ARM.attributes
                0x000000000000054a       0x37 /Applications/Simplicity Studio.app/Contents/Eclipse/developer/stacks/blehomekit/v1.1.0//protocol/bluetooth_2.3/lib/EFR32BG1B/GCC/bgapi.a(gecko_bgapi_gap.c.obj)
 .ARM.attributes
                0x0000000000000581       0x37 /Applications/Simplicity Studio.app/Contents/Eclipse/developer/stacks/blehomekit/v1.1.0//protocol/bluetooth_2.3/lib/EFR32BG1B/GCC/bgapi.a(gecko_bgapi_gatt.c.obj)
 .ARM.attributes
                0x00000000000005b8       0x37 /Applications/Simplicity Studio.app/Contents/Eclipse/developer/stacks/blehomekit/v1.1.0//protocol/bluetooth_2.3/lib/EFR32BG1B/GCC/bgapi.a(gecko_bgapi_gatt_server.c.obj)
 .ARM.attributes
                0x00000000000005ef       0x37 /Applications/Simplicity Studio.app/Contents/Eclipse/developer/stacks/blehomekit/v1.1.0//protocol/bluetooth_2.3/lib/EFR32BG1B/GCC/bgapi.a(gecko_bgapi_flash.c.obj)
 .ARM.attributes
                0x0000000000000626       0x37 /Applications/Simplicity Studio.app/Contents/Eclipse/developer/stacks/blehomekit/v1.1.0//protocol/bluetooth_2.3/lib/EFR32BG1B/GCC/bgapi.a(gecko_bgapi_sm.c.obj)
 .ARM.attributes
                0x000000000000065d       0x37 /Applications/Simplicity Studio.app/Contents/Eclipse/developer/stacks/blehomekit/v1.1.0//protocol/bluetooth_2.3/lib/EFR32BG1B/GCC/bgapi.a(gecko_bgapi_system.c.obj)
 .ARM.attributes
                0x0000000000000694       0x37 /Applications/Simplicity Studio.app/Contents/Eclipse/developer/stacks/blehomekit/v1.1.0//protocol/bluetooth_2.3/lib/EFR32BG1B/GCC/bgapi.a(gecko_bgapi_endpoint.c.obj)
 .ARM.attributes
                0x00000000000006cb       0x37 /Applications/Simplicity Studio.app/Contents/Eclipse/developer/stacks/blehomekit/v1.1.0//protocol/bluetooth_2.3/lib/EFR32BG1B/GCC/bgapi.a(gecko_bgapi_le_connection.c.obj)
 .ARM.attributes
                0x0000000000000702       0x37 /Applications/Simplicity Studio.app/Contents/Eclipse/developer/stacks/blehomekit/v1.1.0//protocol/bluetooth_2.3/lib/EFR32BG1B/GCC/bgapi.a(bgapi_hardware_lib.c.obj)
 .ARM.attributes
                0x0000000000000739       0x37 /Applications/Simplicity Studio.app/Contents/Eclipse/developer/stacks/blehomekit/v1.1.0//protocol/bluetooth_2.3/lib/EFR32BG1B/GCC/bgapi.a(bgapi_hardware.c.obj)
 .ARM.attributes
                0x0000000000000770       0x37 /Applications/Simplicity Studio.app/Contents/Eclipse/developer/stacks/blehomekit/v1.1.0//protocol/bluetooth_2.3/lib/EFR32BG1B/GCC/bgapi.a(bgapi_test_lib.c.obj)
 .ARM.attributes
                0x00000000000007a7       0x37 /Applications/Simplicity Studio.app/Contents/Eclipse/developer/stacks/blehomekit/v1.1.0//protocol/bluetooth_2.3/lib/EFR32BG1B/GCC/bgapi.a(bgapi_util.c.obj)
 .ARM.attributes
                0x00000000000007de       0x37 /Applications/Simplicity Studio.app/Contents/Eclipse/developer/stacks/blehomekit/v1.1.0//protocol/bluetooth_2.3/lib/EFR32BG1B/GCC/bgapi.a(bgapi_dfu.c.obj)
 .ARM.attributes
                0x0000000000000815       0x37 /Applications/Simplicity Studio.app/Contents/Eclipse/developer/stacks/blehomekit/v1.1.0//protocol/bluetooth_2.3/lib/EFR32BG1B/GCC/bgapi.a(bgapi_gap.c.obj)
 .ARM.attributes
                0x000000000000084c       0x37 /Applications/Simplicity Studio.app/Contents/Eclipse/developer/stacks/blehomekit/v1.1.0//protocol/bluetooth_2.3/lib/EFR32BG1B/GCC/bgapi.a(bgapi_gatt_lib.c.obj)
 .ARM.attributes
                0x0000000000000883       0x37 /Applications/Simplicity Studio.app/Contents/Eclipse/developer/stacks/blehomekit/v1.1.0//protocol/bluetooth_2.3/lib/EFR32BG1B/GCC/bgapi.a(bgapi_ps.c.obj)
 .ARM.attributes
                0x00000000000008ba       0x37 /Applications/Simplicity Studio.app/Contents/Eclipse/developer/stacks/blehomekit/v1.1.0//protocol/bluetooth_2.3/lib/EFR32BG1B/GCC/bgapi.a(bgapi_sm.c.obj)
 .ARM.attributes
                0x00000000000008f1       0x37 /Applications/Simplicity Studio.app/Contents/Eclipse/developer/stacks/blehomekit/v1.1.0//protocol/bluetooth_2.3/lib/EFR32BG1B/GCC/bgapi.a(bgapi_system.c.obj)
 .ARM.attributes
                0x0000000000000928       0x37 /Applications/Simplicity Studio.app/Contents/Eclipse/developer/stacks/blehomekit/v1.1.0//protocol/bluetooth_2.3/lib/EFR32BG1B/GCC/bgapi.a(bgapi_endpoint.c.obj)
 .ARM.attributes
                0x000000000000095f       0x37 /Applications/Simplicity Studio.app/Contents/Eclipse/developer/stacks/blehomekit/v1.1.0//protocol/bluetooth_2.3/lib/EFR32BG1B/GCC/bgapi.a(bgapi_le_connection.c.obj)
 .ARM.attributes
                0x0000000000000996       0x37 /Applications/Simplicity Studio.app/Contents/Eclipse/developer/stacks/blehomekit/v1.1.0//protocol/bluetooth_2.3/lib/EFR32BG1B/GCC/bgapi.a(uart_endpoint.c.obj)
 .ARM.attributes
                0x00000000000009cd       0x37 /Applications/Simplicity Studio.app/Contents/Eclipse/developer/stacks/blehomekit/v1.1.0//protocol/bluetooth_2.3/lib/EFR32BG1B/GCC/bgapi.a(bgapi_endpoint.c.obj)
 .ARM.attributes
                0x0000000000000a04       0x37 /Applications/Simplicity Studio.app/Contents/Eclipse/developer/stacks/blehomekit/v1.1.0//protocol/bluetooth_2.3/lib/EFR32BG1B/GCC/bgapi.a(adc.c.obj)
 .ARM.attributes
                0x0000000000000a3b       0x37 /Applications/Simplicity Studio.app/Contents/Eclipse/developer/stacks/blehomekit/v1.1.0//protocol/bluetooth_2.3/lib/EFR32BG1B/GCC/bgapi.a(gpio.c.obj)
 .ARM.attributes
                0x0000000000000a72       0x37 /Applications/Simplicity Studio.app/Contents/Eclipse/developer/stacks/blehomekit/v1.1.0//protocol/bluetooth_2.3/lib/EFR32BG1B/GCC/bgapi.a(i2c.c.obj)
 .ARM.attributes
                0x0000000000000aa9       0x37 /Applications/Simplicity Studio.app/Contents/Eclipse/developer/stacks/blehomekit/v1.1.0//protocol/bluetooth_2.3/lib/EFR32BG1B/GCC/bgapi.a(sleep_signal.c.obj)
 .ARM.attributes
                0x0000000000000ae0       0x37 /Applications/Simplicity Studio.app/Contents/Eclipse/developer/stacks/blehomekit/v1.1.0//protocol/bluetooth_2.3/lib/EFR32BG1B/GCC/bgapi.a(uart.c.obj)
 .ARM.attributes
                0x0000000000000b17       0x1c /Applications/Simplicity Studio.app/Contents/Eclipse/developer/stacks/blehomekit/v1.1.0//protocol/bluetooth_2.3/lib/EFR32BG1B/EABI/binbootloader.o
 .ARM.attributes
                0x0000000000000b33       0x22 /Applications/Simplicity Studio.app/Contents/Eclipse/developer/toolchains/gnu_arm/4.9_2015q3/bin/../lib/gcc/arm-none-eabi/4.9.3/armv7e-m/softfp/libgcc.a(_aeabi_uldivmod.o)
 .ARM.attributes
                0x0000000000000b55       0x32 /Applications/Simplicity Studio.app/Contents/Eclipse/developer/toolchains/gnu_arm/4.9_2015q3/bin/../lib/gcc/arm-none-eabi/4.9.3/armv7e-m/softfp/libgcc.a(bpabi.o)
 .ARM.attributes
                0x0000000000000b87       0x22 /Applications/Simplicity Studio.app/Contents/Eclipse/developer/toolchains/gnu_arm/4.9_2015q3/bin/../lib/gcc/arm-none-eabi/4.9.3/armv7e-m/softfp/libgcc.a(_dvmd_tls.o)
 .ARM.attributes
                0x0000000000000ba9       0x32 /Applications/Simplicity Studio.app/Contents/Eclipse/developer/toolchains/gnu_arm/4.9_2015q3/bin/../lib/gcc/arm-none-eabi/4.9.3/armv7e-m/softfp/libgcc.a(_divdi3.o)
 .ARM.attributes
                0x0000000000000bdb       0x32 /Applications/Simplicity Studio.app/Contents/Eclipse/developer/toolchains/gnu_arm/4.9_2015q3/bin/../lib/gcc/arm-none-eabi/4.9.3/armv7e-m/softfp/libgcc.a(_udivdi3.o)
 .ARM.attributes
                0x0000000000000c0d       0x32 /Applications/Simplicity Studio.app/Contents/Eclipse/developer/toolchains/gnu_arm/4.9_2015q3/bin/../lib/gcc/arm-none-eabi/4.9.3/../../../../arm-none-eabi/lib/armv7e-m/softfp/libc.a(lib_a-exit.o)
 .ARM.attributes
                0x0000000000000c3f       0x32 /Applications/Simplicity Studio.app/Contents/Eclipse/developer/toolchains/gnu_arm/4.9_2015q3/bin/../lib/gcc/arm-none-eabi/4.9.3/../../../../arm-none-eabi/lib/armv7e-m/softfp/libc.a(lib_a-impure.o)
 .ARM.attributes
                0x0000000000000c71       0x32 /Applications/Simplicity Studio.app/Contents/Eclipse/developer/toolchains/gnu_arm/4.9_2015q3/bin/../lib/gcc/arm-none-eabi/4.9.3/../../../../arm-none-eabi/lib/armv7e-m/softfp/libc.a(lib_a-init.o)
 .ARM.attributes
                0x0000000000000ca3       0x32 /Applications/Simplicity Studio.app/Contents/Eclipse/developer/toolchains/gnu_arm/4.9_2015q3/bin/../lib/gcc/arm-none-eabi/4.9.3/../../../../arm-none-eabi/lib/armv7e-m/softfp/libc.a(lib_a-memset.o)
 .ARM.attributes
                0x0000000000000cd5       0x32 /Applications/Simplicity Studio.app/Contents/Eclipse/developer/toolchains/gnu_arm/4.9_2015q3/bin/../lib/gcc/arm-none-eabi/4.9.3/../../../../arm-none-eabi/lib/armv7e-m/softfp/libc.a(lib_a-__call_atexit.o)
 .ARM.attributes
                0x0000000000000d07       0x32 /Applications/Simplicity Studio.app/Contents/Eclipse/developer/toolchains/gnu_arm/4.9_2015q3/bin/../lib/gcc/arm-none-eabi/4.9.3/../../../../arm-none-eabi/lib/armv7e-m/softfp/libc.a(lib_a-atexit.o)
 .ARM.attributes
                0x0000000000000d39       0x32 /Applications/Simplicity Studio.app/Contents/Eclipse/developer/toolchains/gnu_arm/4.9_2015q3/bin/../lib/gcc/arm-none-eabi/4.9.3/../../../../arm-none-eabi/lib/armv7e-m/softfp/libc.a(lib_a-fini.o)
 .ARM.attributes
                0x0000000000000d6b       0x32 /Applications/Simplicity Studio.app/Contents/Eclipse/developer/toolchains/gnu_arm/4.9_2015q3/bin/../lib/gcc/arm-none-eabi/4.9.3/../../../../arm-none-eabi/lib/armv7e-m/softfp/libc.a(lib_a-__atexit.o)
 .ARM.attributes
                0x0000000000000d9d       0x32 /Applications/Simplicity Studio.app/Contents/Eclipse/developer/toolchains/gnu_arm/4.9_2015q3/bin/../lib/gcc/arm-none-eabi/4.9.3/../../../../arm-none-eabi/lib/armv7e-m/softfp/libnosys.a(_exit.o)
 .ARM.attributes
                0x0000000000000dcf       0x32 /Applications/Simplicity Studio.app/Contents/Eclipse/developer/toolchains/gnu_arm/4.9_2015q3/bin/../lib/gcc/arm-none-eabi/4.9.3/armv7e-m/softfp/crtend.o
 .ARM.attributes
                0x0000000000000e01       0x22 /Applications/Simplicity Studio.app/Contents/Eclipse/developer/toolchains/gnu_arm/4.9_2015q3/bin/../lib/gcc/arm-none-eabi/4.9.3/armv7e-m/softfp/crtn.o

.comment        0x0000000000000000       0xde
 .comment       0x0000000000000000       0x70 ./em_timer.o
                                         0x71 (size before relaxing)
 .comment       0x0000000000000000       0x71 ./gatt_db.o
 .comment       0x0000000000000000       0x71 ./main.o
 .comment       0x0000000000000000       0x71 ./peripherals.o
 .comment       0x0000000000000000       0x71 ./bgapi/dmadrv.o
 .comment       0x0000000000000000       0x71 ./bgapi/em_adc.o
 .comment       0x0000000000000000       0x71 ./bgapi/em_ldma.o
 .comment       0x0000000000000000       0x71 ./bgapi/em_leuart.o
 .comment       0x0000000000000000       0x71 ./device/EFR32_B_1_1_B/gcc/startup_efr32bg1b.o
 .comment       0x0000000000000000       0x71 ./emlib/em_cmu.o
 .comment       0x0000000000000000       0x71 ./emlib/em_emu.o
 .comment       0x0000000000000000       0x71 ./emlib/em_gpio.o
 .comment       0x0000000000000000       0x71 ./emlib/em_i2c.o
 .comment       0x0000000000000000       0x71 ./emlib/em_letimer.o
 .comment       0x0000000000000000       0x71 ./emlib/em_rtcc.o
 .comment       0x0000000000000000       0x71 ./emlib/em_system.o
 .comment       0x0000000000000000       0x71 ./emlib/em_usart.o
 .comment       0x0000000000000000       0x71 ./src/InitDevice.o
 .comment       0x0000000000000070       0x6e /Applications/Simplicity Studio.app/Contents/Eclipse/developer/stacks/blehomekit/v1.1.0//protocol/bluetooth_2.3/lib/EFR32BG1B/GCC/bgapi.a(gecko_bgapi_hardware.c.obj)
                                         0x6f (size before relaxing)
 .comment       0x0000000000000000       0x6f /Applications/Simplicity Studio.app/Contents/Eclipse/developer/stacks/blehomekit/v1.1.0//protocol/bluetooth_2.3/lib/EFR32BG1B/GCC/bgapi.a(gecko_bgapi_test.c.obj)
 .comment       0x0000000000000000       0x6f /Applications/Simplicity Studio.app/Contents/Eclipse/developer/stacks/blehomekit/v1.1.0//protocol/bluetooth_2.3/lib/EFR32BG1B/GCC/bgapi.a(gecko_bgapi_util.c.obj)
 .comment       0x0000000000000000       0x6f /Applications/Simplicity Studio.app/Contents/Eclipse/developer/stacks/blehomekit/v1.1.0//protocol/bluetooth_2.3/lib/EFR32BG1B/GCC/bgapi.a(gecko_bgapi_dfu.c.obj)
 .comment       0x0000000000000000       0x6f /Applications/Simplicity Studio.app/Contents/Eclipse/developer/stacks/blehomekit/v1.1.0//protocol/bluetooth_2.3/lib/EFR32BG1B/GCC/bgapi.a(gecko_bgapi_gap.c.obj)
 .comment       0x0000000000000000       0x6f /Applications/Simplicity Studio.app/Contents/Eclipse/developer/stacks/blehomekit/v1.1.0//protocol/bluetooth_2.3/lib/EFR32BG1B/GCC/bgapi.a(gecko_bgapi_gatt.c.obj)
 .comment       0x0000000000000000       0x6f /Applications/Simplicity Studio.app/Contents/Eclipse/developer/stacks/blehomekit/v1.1.0//protocol/bluetooth_2.3/lib/EFR32BG1B/GCC/bgapi.a(gecko_bgapi_gatt_server.c.obj)
 .comment       0x0000000000000000       0x6f /Applications/Simplicity Studio.app/Contents/Eclipse/developer/stacks/blehomekit/v1.1.0//protocol/bluetooth_2.3/lib/EFR32BG1B/GCC/bgapi.a(gecko_bgapi_flash.c.obj)
 .comment       0x0000000000000000       0x6f /Applications/Simplicity Studio.app/Contents/Eclipse/developer/stacks/blehomekit/v1.1.0//protocol/bluetooth_2.3/lib/EFR32BG1B/GCC/bgapi.a(gecko_bgapi_sm.c.obj)
 .comment       0x0000000000000000       0x6f /Applications/Simplicity Studio.app/Contents/Eclipse/developer/stacks/blehomekit/v1.1.0//protocol/bluetooth_2.3/lib/EFR32BG1B/GCC/bgapi.a(gecko_bgapi_system.c.obj)
 .comment       0x0000000000000000       0x6f /Applications/Simplicity Studio.app/Contents/Eclipse/developer/stacks/blehomekit/v1.1.0//protocol/bluetooth_2.3/lib/EFR32BG1B/GCC/bgapi.a(gecko_bgapi_endpoint.c.obj)
 .comment       0x0000000000000000       0x6f /Applications/Simplicity Studio.app/Contents/Eclipse/developer/stacks/blehomekit/v1.1.0//protocol/bluetooth_2.3/lib/EFR32BG1B/GCC/bgapi.a(gecko_bgapi_le_connection.c.obj)
 .comment       0x0000000000000000       0x6f /Applications/Simplicity Studio.app/Contents/Eclipse/developer/stacks/blehomekit/v1.1.0//protocol/bluetooth_2.3/lib/EFR32BG1B/GCC/bgapi.a(bgapi_hardware_lib.c.obj)
 .comment       0x0000000000000000       0x6f /Applications/Simplicity Studio.app/Contents/Eclipse/developer/stacks/blehomekit/v1.1.0//protocol/bluetooth_2.3/lib/EFR32BG1B/GCC/bgapi.a(bgapi_hardware.c.obj)
 .comment       0x0000000000000000       0x6f /Applications/Simplicity Studio.app/Contents/Eclipse/developer/stacks/blehomekit/v1.1.0//protocol/bluetooth_2.3/lib/EFR32BG1B/GCC/bgapi.a(bgapi_test_lib.c.obj)
 .comment       0x0000000000000000       0x6f /Applications/Simplicity Studio.app/Contents/Eclipse/developer/stacks/blehomekit/v1.1.0//protocol/bluetooth_2.3/lib/EFR32BG1B/GCC/bgapi.a(bgapi_util.c.obj)
 .comment       0x0000000000000000       0x6f /Applications/Simplicity Studio.app/Contents/Eclipse/developer/stacks/blehomekit/v1.1.0//protocol/bluetooth_2.3/lib/EFR32BG1B/GCC/bgapi.a(bgapi_dfu.c.obj)
 .comment       0x0000000000000000       0x6f /Applications/Simplicity Studio.app/Contents/Eclipse/developer/stacks/blehomekit/v1.1.0//protocol/bluetooth_2.3/lib/EFR32BG1B/GCC/bgapi.a(bgapi_gap.c.obj)
 .comment       0x0000000000000000       0x6f /Applications/Simplicity Studio.app/Contents/Eclipse/developer/stacks/blehomekit/v1.1.0//protocol/bluetooth_2.3/lib/EFR32BG1B/GCC/bgapi.a(bgapi_gatt_lib.c.obj)
 .comment       0x0000000000000000       0x6f /Applications/Simplicity Studio.app/Contents/Eclipse/developer/stacks/blehomekit/v1.1.0//protocol/bluetooth_2.3/lib/EFR32BG1B/GCC/bgapi.a(bgapi_ps.c.obj)
 .comment       0x0000000000000000       0x6f /Applications/Simplicity Studio.app/Contents/Eclipse/developer/stacks/blehomekit/v1.1.0//protocol/bluetooth_2.3/lib/EFR32BG1B/GCC/bgapi.a(bgapi_sm.c.obj)
 .comment       0x0000000000000000       0x6f /Applications/Simplicity Studio.app/Contents/Eclipse/developer/stacks/blehomekit/v1.1.0//protocol/bluetooth_2.3/lib/EFR32BG1B/GCC/bgapi.a(bgapi_system.c.obj)
 .comment       0x0000000000000000       0x6f /Applications/Simplicity Studio.app/Contents/Eclipse/developer/stacks/blehomekit/v1.1.0//protocol/bluetooth_2.3/lib/EFR32BG1B/GCC/bgapi.a(bgapi_endpoint.c.obj)
 .comment       0x0000000000000000       0x6f /Applications/Simplicity Studio.app/Contents/Eclipse/developer/stacks/blehomekit/v1.1.0//protocol/bluetooth_2.3/lib/EFR32BG1B/GCC/bgapi.a(bgapi_le_connection.c.obj)
 .comment       0x0000000000000000       0x6f /Applications/Simplicity Studio.app/Contents/Eclipse/developer/stacks/blehomekit/v1.1.0//protocol/bluetooth_2.3/lib/EFR32BG1B/GCC/bgapi.a(uart_endpoint.c.obj)
 .comment       0x0000000000000000       0x6f /Applications/Simplicity Studio.app/Contents/Eclipse/developer/stacks/blehomekit/v1.1.0//protocol/bluetooth_2.3/lib/EFR32BG1B/GCC/bgapi.a(bgapi_endpoint.c.obj)
 .comment       0x0000000000000000       0x6f /Applications/Simplicity Studio.app/Contents/Eclipse/developer/stacks/blehomekit/v1.1.0//protocol/bluetooth_2.3/lib/EFR32BG1B/GCC/bgapi.a(adc.c.obj)
 .comment       0x0000000000000000       0x6f /Applications/Simplicity Studio.app/Contents/Eclipse/developer/stacks/blehomekit/v1.1.0//protocol/bluetooth_2.3/lib/EFR32BG1B/GCC/bgapi.a(gpio.c.obj)
 .comment       0x0000000000000000       0x6f /Applications/Simplicity Studio.app/Contents/Eclipse/developer/stacks/blehomekit/v1.1.0//protocol/bluetooth_2.3/lib/EFR32BG1B/GCC/bgapi.a(i2c.c.obj)
 .comment       0x0000000000000000       0x6f /Applications/Simplicity Studio.app/Contents/Eclipse/developer/stacks/blehomekit/v1.1.0//protocol/bluetooth_2.3/lib/EFR32BG1B/GCC/bgapi.a(sleep_signal.c.obj)
 .comment       0x0000000000000000       0x6f /Applications/Simplicity Studio.app/Contents/Eclipse/developer/stacks/blehomekit/v1.1.0//protocol/bluetooth_2.3/lib/EFR32BG1B/GCC/bgapi.a(uart.c.obj)

.debug_info     0x0000000000000000    0x1bc15
 .debug_info    0x0000000000000000      0x98e ./em_timer.o
 .debug_info    0x000000000000098e      0x662 ./gatt_db.o
 .debug_info    0x0000000000000ff0     0x4a79 ./main.o
 .debug_info    0x0000000000005a69     0x5cff ./peripherals.o
 .debug_info    0x000000000000b768     0x1851 ./bgapi/dmadrv.o
 .debug_info    0x000000000000cfb9     0x1c90 ./bgapi/em_adc.o
 .debug_info    0x000000000000ec49     0x1289 ./bgapi/em_ldma.o
 .debug_info    0x000000000000fed2      0xa62 ./bgapi/em_leuart.o
 .debug_info    0x0000000000010934      0x1c0 ./device/EFR32_B_1_1_B/gcc/startup_efr32bg1b.o
 .debug_info    0x0000000000010af4     0x31e1 ./emlib/em_cmu.o
 .debug_info    0x0000000000013cd5     0x27a6 ./emlib/em_emu.o
 .debug_info    0x000000000001647b      0xebd ./emlib/em_gpio.o
 .debug_info    0x0000000000017338      0xb27 ./emlib/em_i2c.o
 .debug_info    0x0000000000017e5f      0x4fd ./emlib/em_letimer.o
 .debug_info    0x000000000001835c      0x6ec ./emlib/em_rtcc.o
 .debug_info    0x0000000000018a48      0x26d ./emlib/em_system.o
 .debug_info    0x0000000000018cb5     0x11c8 ./emlib/em_usart.o
 .debug_info    0x0000000000019e7d     0x1d98 ./src/InitDevice.o

.debug_abbrev   0x0000000000000000     0x3312
 .debug_abbrev  0x0000000000000000      0x1ca ./em_timer.o
 .debug_abbrev  0x00000000000001ca       0xce ./gatt_db.o
 .debug_abbrev  0x0000000000000298      0x289 ./main.o
 .debug_abbrev  0x0000000000000521      0x53e ./peripherals.o
 .debug_abbrev  0x0000000000000a5f      0x38f ./bgapi/dmadrv.o
 .debug_abbrev  0x0000000000000dee      0x313 ./bgapi/em_adc.o
 .debug_abbrev  0x0000000000001101      0x392 ./bgapi/em_ldma.o
 .debug_abbrev  0x0000000000001493      0x2e6 ./bgapi/em_leuart.o
 .debug_abbrev  0x0000000000001779      0x104 ./device/EFR32_B_1_1_B/gcc/startup_efr32bg1b.o
 .debug_abbrev  0x000000000000187d      0x478 ./emlib/em_cmu.o
 .debug_abbrev  0x0000000000001cf5      0x4a3 ./emlib/em_emu.o
 .debug_abbrev  0x0000000000002198      0x2d4 ./emlib/em_gpio.o
 .debug_abbrev  0x000000000000246c      0x395 ./emlib/em_i2c.o
 .debug_abbrev  0x0000000000002801      0x1bf ./emlib/em_letimer.o
 .debug_abbrev  0x00000000000029c0      0x1e2 ./emlib/em_rtcc.o
 .debug_abbrev  0x0000000000002ba2      0x109 ./emlib/em_system.o
 .debug_abbrev  0x0000000000002cab      0x370 ./emlib/em_usart.o
 .debug_abbrev  0x000000000000301b      0x2f7 ./src/InitDevice.o

.debug_loc      0x0000000000000000     0x8f23
 .debug_loc     0x0000000000000000      0x18c ./em_timer.o
 .debug_loc     0x000000000000018c       0x20 ./main.o
 .debug_loc     0x00000000000001ac      0x874 ./peripherals.o
 .debug_loc     0x0000000000000a20     0x10da ./bgapi/dmadrv.o
 .debug_loc     0x0000000000001afa      0xd59 ./bgapi/em_adc.o
 .debug_loc     0x0000000000002853      0x46d ./bgapi/em_ldma.o
 .debug_loc     0x0000000000002cc0      0x46f ./bgapi/em_leuart.o
 .debug_loc     0x000000000000312f       0x4b ./device/EFR32_B_1_1_B/gcc/startup_efr32bg1b.o
 .debug_loc     0x000000000000317a     0x27cc ./emlib/em_cmu.o
 .debug_loc     0x0000000000005946     0x185c ./emlib/em_emu.o
 .debug_loc     0x00000000000071a2      0x798 ./emlib/em_gpio.o
 .debug_loc     0x000000000000793a      0x859 ./emlib/em_i2c.o
 .debug_loc     0x0000000000008193      0x2ab ./emlib/em_letimer.o
 .debug_loc     0x000000000000843e       0xdc ./emlib/em_rtcc.o
 .debug_loc     0x000000000000851a       0x91 ./emlib/em_system.o
 .debug_loc     0x00000000000085ab      0x7b9 ./emlib/em_usart.o
 .debug_loc     0x0000000000008d64      0x1bf ./src/InitDevice.o

.debug_aranges  0x0000000000000000      0x868
 .debug_aranges
                0x0000000000000000       0x38 ./em_timer.o
 .debug_aranges
                0x0000000000000038       0x18 ./gatt_db.o
 .debug_aranges
                0x0000000000000050       0x20 ./main.o
 .debug_aranges
                0x0000000000000070      0x108 ./peripherals.o
 .debug_aranges
                0x0000000000000178       0xa0 ./bgapi/dmadrv.o
 .debug_aranges
                0x0000000000000218       0x70 ./bgapi/em_adc.o
 .debug_aranges
                0x0000000000000288       0x50 ./bgapi/em_ldma.o
 .debug_aranges
                0x00000000000002d8       0x80 ./bgapi/em_leuart.o
 .debug_aranges
                0x0000000000000358       0x28 ./device/EFR32_B_1_1_B/gcc/startup_efr32bg1b.o
 .debug_aranges
                0x0000000000000380      0x110 ./emlib/em_cmu.o
 .debug_aranges
                0x0000000000000490       0xf8 ./emlib/em_emu.o
 .debug_aranges
                0x0000000000000588       0x48 ./emlib/em_gpio.o
 .debug_aranges
                0x00000000000005d0       0x58 ./emlib/em_i2c.o
 .debug_aranges
                0x0000000000000628       0x50 ./emlib/em_letimer.o
 .debug_aranges
                0x0000000000000678       0x40 ./emlib/em_rtcc.o
 .debug_aranges
                0x00000000000006b8       0x28 ./emlib/em_system.o
 .debug_aranges
                0x00000000000006e0       0xb8 ./emlib/em_usart.o
 .debug_aranges
                0x0000000000000798       0xd0 ./src/InitDevice.o

.debug_ranges   0x0000000000000000     0x1880
 .debug_ranges  0x0000000000000000       0x60 ./em_timer.o
 .debug_ranges  0x0000000000000060       0x10 ./main.o
 .debug_ranges  0x0000000000000070      0x210 ./peripherals.o
 .debug_ranges  0x0000000000000280       0xa8 ./bgapi/dmadrv.o
 .debug_ranges  0x0000000000000328      0x128 ./bgapi/em_adc.o
 .debug_ranges  0x0000000000000450       0xf0 ./bgapi/em_ldma.o
 .debug_ranges  0x0000000000000540      0x120 ./bgapi/em_leuart.o
 .debug_ranges  0x0000000000000660       0x18 ./device/EFR32_B_1_1_B/gcc/startup_efr32bg1b.o
 .debug_ranges  0x0000000000000678      0x8b8 ./emlib/em_cmu.o
 .debug_ranges  0x0000000000000f30      0x3c8 ./emlib/em_emu.o
 .debug_ranges  0x00000000000012f8      0x180 ./emlib/em_gpio.o
 .debug_ranges  0x0000000000001478      0x100 ./emlib/em_i2c.o
 .debug_ranges  0x0000000000001578       0x40 ./emlib/em_letimer.o
 .debug_ranges  0x00000000000015b8       0x70 ./emlib/em_rtcc.o
 .debug_ranges  0x0000000000001628       0x18 ./emlib/em_system.o
 .debug_ranges  0x0000000000001640      0x148 ./emlib/em_usart.o
 .debug_ranges  0x0000000000001788       0xf8 ./src/InitDevice.o

.debug_line     0x0000000000000000     0x6870
 .debug_line    0x0000000000000000      0x4a8 ./em_timer.o
 .debug_line    0x00000000000004a8      0x1d8 ./gatt_db.o
 .debug_line    0x0000000000000680      0x4e4 ./main.o
 .debug_line    0x0000000000000b64      0x916 ./peripherals.o
 .debug_line    0x000000000000147a      0x709 ./bgapi/dmadrv.o
 .debug_line    0x0000000000001b83      0x5e9 ./bgapi/em_adc.o
 .debug_line    0x000000000000216c      0x4f3 ./bgapi/em_ldma.o
 .debug_line    0x000000000000265f      0x52e ./bgapi/em_leuart.o
 .debug_line    0x0000000000002b8d      0x1fd ./device/EFR32_B_1_1_B/gcc/startup_efr32bg1b.o
 .debug_line    0x0000000000002d8a      0xd7a ./emlib/em_cmu.o
 .debug_line    0x0000000000003b04      0xa55 ./emlib/em_emu.o
 .debug_line    0x0000000000004559      0x4e4 ./emlib/em_gpio.o
 .debug_line    0x0000000000004a3d      0x5aa ./emlib/em_i2c.o
 .debug_line    0x0000000000004fe7      0x422 ./emlib/em_letimer.o
 .debug_line    0x0000000000005409      0x45a ./emlib/em_rtcc.o
 .debug_line    0x0000000000005863      0x37b ./emlib/em_system.o
 .debug_line    0x0000000000005bde      0x683 ./emlib/em_usart.o
 .debug_line    0x0000000000006261      0x60f ./src/InitDevice.o

.debug_str      0x0000000000000000     0xec8a
 .debug_str     0x0000000000000000      0x932 ./em_timer.o
                                        0x9e2 (size before relaxing)
 .debug_str     0x0000000000000932      0x762 ./gatt_db.o
                                        0x8fe (size before relaxing)
 .debug_str     0x0000000000001094     0x61c0 ./main.o
                                       0x676d (size before relaxing)
 .debug_str     0x0000000000007254      0xc84 ./peripherals.o
                                       0x5daa (size before relaxing)
 .debug_str     0x0000000000007ed8      0xf2e ./bgapi/dmadrv.o
                                       0x117b (size before relaxing)
 .debug_str     0x0000000000008e06     0x25f5 ./bgapi/em_adc.o
                                       0x2a8b (size before relaxing)
 .debug_str     0x000000000000b3fb      0x110 ./bgapi/em_ldma.o
                                        0xad1 (size before relaxing)
 .debug_str     0x000000000000b50b      0x16d ./bgapi/em_leuart.o
                                        0x737 (size before relaxing)
 .debug_str     0x000000000000b678      0x104 ./device/EFR32_B_1_1_B/gcc/startup_efr32bg1b.o
                                        0x2b9 (size before relaxing)
 .debug_str     0x000000000000b77c      0xcca ./emlib/em_cmu.o
                                       0x13e2 (size before relaxing)
 .debug_str     0x000000000000c446      0xe36 ./emlib/em_emu.o
                                       0x1858 (size before relaxing)
 .debug_str     0x000000000000d27c      0x1e9 ./emlib/em_gpio.o
                                        0x83f (size before relaxing)
 .debug_str     0x000000000000d465      0x373 ./emlib/em_i2c.o
                                        0x807 (size before relaxing)
 .debug_str     0x000000000000d7d8       0xcc ./emlib/em_letimer.o
                                        0x462 (size before relaxing)
 .debug_str     0x000000000000d8a4      0x5d5 ./emlib/em_rtcc.o
                                        0x807 (size before relaxing)
 .debug_str     0x000000000000de79       0xfe ./emlib/em_system.o
                                        0x30c (size before relaxing)
 .debug_str     0x000000000000df77      0x974 ./emlib/em_usart.o
                                        0xe68 (size before relaxing)
 .debug_str     0x000000000000e8eb      0x39f ./src/InitDevice.o
                                       0x185b (size before relaxing)

.debug_frame    0x0000000000000000     0x184c
 .debug_frame   0x0000000000000000       0xb0 ./em_timer.o
 .debug_frame   0x00000000000000b0       0x28 ./main.o