Archive member included because of file (symbol)

/Applications/Simplicity Studio.app/Contents/Eclipse/developer/sdks/gecko_sdk_suite/v1.0//protocol/bluetooth_2.3/lib/EFR32BG1B/GCC/bgapi.a(gecko_bgapi_hardware.c.obj)
                              ./main.o (gecko_bgapi_class_hardware_init)
/Applications/Simplicity Studio.app/Contents/Eclipse/developer/sdks/gecko_sdk_suite/v1.0//protocol/bluetooth_2.3/lib/EFR32BG1B/GCC/bgapi.a(gecko_bgapi_test.c.obj)
                              ./main.o (gecko_bgapi_class_test_init)
/Applications/Simplicity Studio.app/Contents/Eclipse/developer/sdks/gecko_sdk_suite/v1.0//protocol/bluetooth_2.3/lib/EFR32BG1B/GCC/bgapi.a(gecko_bgapi_util.c.obj)
                              ./main.o (gecko_bgapi_class_util_init)
/Applications/Simplicity Studio.app/Contents/Eclipse/developer/sdks/gecko_sdk_suite/v1.0//protocol/bluetooth_2.3/lib/EFR32BG1B/GCC/bgapi.a(gecko_bgapi_dfu.c.obj)
                              ./main.o (gecko_bgapi_class_dfu_init)
/Applications/Simplicity Studio.app/Contents/Eclipse/developer/sdks/gecko_sdk_suite/v1.0//protocol/bluetooth_2.3/lib/EFR32BG1B/GCC/bgapi.a(gecko_bgapi_gap.c.obj)
                              ./main.o (gecko_bgapi_class_le_gap_init)
/Applications/Simplicity Studio.app/Contents/Eclipse/developer/sdks/gecko_sdk_suite/v1.0//protocol/bluetooth_2.3/lib/EFR32BG1B/GCC/bgapi.a(gecko_bgapi_gatt.c.obj)
                              ./main.o (gecko_bgapi_class_gatt_init)
/Applications/Simplicity Studio.app/Contents/Eclipse/developer/sdks/gecko_sdk_suite/v1.0//protocol/bluetooth_2.3/lib/EFR32BG1B/GCC/bgapi.a(gecko_bgapi_gatt_server.c.obj)
                              ./main.o (gecko_bgapi_class_gatt_server_init)
/Applications/Simplicity Studio.app/Contents/Eclipse/developer/sdks/gecko_sdk_suite/v1.0//protocol/bluetooth_2.3/lib/EFR32BG1B/GCC/bgapi.a(gecko_bgapi_flash.c.obj)
                              ./main.o (gecko_bgapi_class_flash_init)
/Applications/Simplicity Studio.app/Contents/Eclipse/developer/sdks/gecko_sdk_suite/v1.0//protocol/bluetooth_2.3/lib/EFR32BG1B/GCC/bgapi.a(gecko_bgapi_sm.c.obj)
                              ./main.o (gecko_bgapi_class_sm_init)
/Applications/Simplicity Studio.app/Contents/Eclipse/developer/sdks/gecko_sdk_suite/v1.0//protocol/bluetooth_2.3/lib/EFR32BG1B/GCC/bgapi.a(gecko_bgapi_system.c.obj)
                              ./main.o (gecko_bgapi_class_system_init)
/Applications/Simplicity Studio.app/Contents/Eclipse/developer/sdks/gecko_sdk_suite/v1.0//protocol/bluetooth_2.3/lib/EFR32BG1B/GCC/bgapi.a(gecko_bgapi_endpoint.c.obj)
                              ./main.o (gecko_bgapi_class_endpoint_init)
/Applications/Simplicity Studio.app/Contents/Eclipse/developer/sdks/gecko_sdk_suite/v1.0//protocol/bluetooth_2.3/lib/EFR32BG1B/GCC/bgapi.a(gecko_bgapi_le_connection.c.obj)
                              ./main.o (gecko_bgapi_class_le_connection_init)
/Applications/Simplicity Studio.app/Contents/Eclipse/developer/sdks/gecko_sdk_suite/v1.0//protocol/bluetooth_2.3/lib/EFR32BG1B/GCC/bgapi.a(bgapi_hardware_lib.c.obj)
                              /Applications/Simplicity Studio.app/Contents/Eclipse/developer/sdks/gecko_sdk_suite/v1.0//protocol/bluetooth_2.3/lib/EFR32BG1B/GCC/bgapi.a(gecko_bgapi_hardware.c.obj) (gecko_cmd_hardware_read_i2c)
/Applications/Simplicity Studio.app/Contents/Eclipse/developer/sdks/gecko_sdk_suite/v1.0//protocol/bluetooth_2.3/lib/EFR32BG1B/GCC/bgapi.a(bgapi_hardware.c.obj)
                              /Applications/Simplicity Studio.app/Contents/Eclipse/developer/sdks/gecko_sdk_suite/v1.0//protocol/bluetooth_2.3/lib/EFR32BG1B/GCC/bgapi.a(gecko_bgapi_hardware.c.obj) (lib_hardware_handler_init)
/Applications/Simplicity Studio.app/Contents/Eclipse/developer/sdks/gecko_sdk_suite/v1.0//protocol/bluetooth_2.3/lib/EFR32BG1B/GCC/bgapi.a(bgapi_test_lib.c.obj)
                              /Applications/Simplicity Studio.app/Contents/Eclipse/developer/sdks/gecko_sdk_suite/v1.0//protocol/bluetooth_2.3/lib/EFR32BG1B/GCC/bgapi.a(gecko_bgapi_test.c.obj) (lib_test_handler_init)
/Applications/Simplicity Studio.app/Contents/Eclipse/developer/sdks/gecko_sdk_suite/v1.0//protocol/bluetooth_2.3/lib/EFR32BG1B/GCC/bgapi.a(bgapi_util.c.obj)
                              /Applications/Simplicity Studio.app/Contents/Eclipse/developer/sdks/gecko_sdk_suite/v1.0//protocol/bluetooth_2.3/lib/EFR32BG1B/GCC/bgapi.a(gecko_bgapi_util.c.obj) (lib_util_handler_init)
/Applications/Simplicity Studio.app/Contents/Eclipse/developer/sdks/gecko_sdk_suite/v1.0//protocol/bluetooth_2.3/lib/EFR32BG1B/GCC/bgapi.a(bgapi_dfu.c.obj)
                              /Applications/Simplicity Studio.app/Contents/Eclipse/developer/sdks/gecko_sdk_suite/v1.0//protocol/bluetooth_2.3/lib/EFR32BG1B/GCC/bgapi.a(gecko_bgapi_dfu.c.obj) (lib_dfu_handler_init)
/Applications/Simplicity Studio.app/Contents/Eclipse/developer/sdks/gecko_sdk_suite/v1.0//protocol/bluetooth_2.3/lib/EFR32BG1B/GCC/bgapi.a(bgapi_gap.c.obj)
[...]
Memory Configuration

Name             Origin             Length             Attributes
FLASH            0x0000000000000000 0x000000000003f000 xr
RAM              0x0000000020003000 0x0000000000004bfc xrw
*default*        0x0000000000000000 0xffffffffffffffff

Linker script and memory map

LOAD /Applications/Simplicity Studio.app/Contents/Eclipse/developer/toolchains/gnu_arm/4.9_2015q3/bin/../lib/gcc/arm-none-eabi/4.9.3/armv7e-m/softfp/crti.o
LOAD /Applications/Simplicity Studio.app/Contents/Eclipse/developer/toolchains/gnu_arm/4.9_2015q3/bin/../lib/gcc/arm-none-eabi/4.9.3/armv7e-m/softfp/crtbegin.o
LOAD /Applications/Simplicity Studio.app/Contents/Eclipse/developer/toolchains/gnu_arm/4.9_2015q3/bin/../lib/gcc/arm-none-eabi/4.9.3/../../../../arm-none-eabi/lib/armv7e-m/softfp/crt0.o
LOAD ./application_properties.o
LOAD ./ble-callback-stubs.o
LOAD ./ble-callbacks.o
LOAD ./em_timer.o
LOAD ./gatt_db.o
LOAD ./main.o
LOAD ./peripherals.o
LOAD ./bgapi/dmadrv.o
LOAD ./bgapi/em_adc.o
LOAD ./bgapi/em_ldma.o
LOAD ./bgapi/em_leuart.o
LOAD ./device/EFR32_B_1_1_B/gcc/startup_efr32bg1b.o
LOAD ./emlib/em_cmu.o
LOAD ./emlib/em_cryotimer.o
LOAD ./emlib/em_emu.o
LOAD ./emlib/em_gpio.o
LOAD ./emlib/em_i2c.o
LOAD ./emlib/em_msc.o
LOAD ./emlib/em_rtcc.o
LOAD ./emlib/em_system.o
LOAD ./emlib/em_usart.o
LOAD ./kit_flashpwr/BRD4302A/mx25flash_spi.o
LOAD ./src/InitDevice.o
LOAD /Applications/Simplicity Studio.app/Contents/Eclipse/developer/sdks/gecko_sdk_suite/v1.0//protocol/bluetooth_2.3/lib/EFR32BG1B/EABI/stack.a
LOAD /Applications/Simplicity Studio.app/Contents/Eclipse/developer/sdks/gecko_sdk_suite/v1.0//protocol/bluetooth_2.3/lib/EFR32BG1B/EABI/binstack.o
LOAD /Applications/Simplicity Studio.app/Contents/Eclipse/developer/sdks/gecko_sdk_suite/v1.0//protocol/bluetooth_2.3/lib/EFR32BG1B/GCC/bgapi.a
LOAD /Applications/Simplicity Studio.app/Contents/Eclipse/developer/sdks/gecko_sdk_suite/v1.0//protocol/bluetooth_2.3/lib/EFR32BG1B/EABI/binbootloader.o
LOAD /Applications/Simplicity Studio.app/Contents/Eclipse/developer/toolchains/gnu_arm/4.9_2015q3/bin/../lib/gcc/arm-none-eabi/4.9.3/../../../../arm-none-eabi/lib/armv7e-m/softfp/libm.a
START GROUP
LOAD /Applications/Simplicity Studio.app/Contents/Eclipse/developer/toolchains/gnu_arm/4.9_2015q3/bin/../lib/gcc/arm-none-eabi/4.9.3/armv7e-m/softfp/libgcc.a
LOAD /Applications/Simplicity Studio.app/Contents/Eclipse/developer/toolchains/gnu_arm/4.9_2015q3/bin/../lib/gcc/arm-none-eabi/4.9.3/../../../../arm-none-eabi/lib/armv7e-m/softfp/libc.a
LOAD /Applications/Simplicity Studio.app/Contents/Eclipse/developer/toolchains/gnu_arm/4.9_2015q3/bin/../lib/gcc/arm-none-eabi/4.9.3/../../../../arm-none-eabi/lib/armv7e-m/softfp/libnosys.a
END GROUP
START GROUP
LOAD /Applications/Simplicity Studio.app/Contents/Eclipse/developer/toolchains/gnu_arm/4.9_2015q3/bin/../lib/gcc/arm-none-eabi/4.9.3/armv7e-m/softfp/libgcc.a
LOAD /Applications/Simplicity Studio.app/Contents/Eclipse/developer/toolchains/gnu_arm/4.9_2015q3/bin/../lib/gcc/arm-none-eabi/4.9.3/../../../../arm-none-eabi/lib/armv7e-m/softfp/libg.a
LOAD /Applications/Simplicity Studio.app/Contents/Eclipse/developer/toolchains/gnu_arm/4.9_2015q3/bin/../lib/gcc/arm-none-eabi/4.9.3/../../../../arm-none-eabi/lib/armv7e-m/softfp/libc.a
END GROUP
LOAD /Applications/Simplicity Studio.app/Contents/Eclipse/developer/toolchains/gnu_arm/4.9_2015q3/bin/../lib/gcc/arm-none-eabi/4.9.3/armv7e-m/softfp/crtend.o
LOAD /Applications/Simplicity Studio.app/Contents/Eclipse/developer/toolchains/gnu_arm/4.9_2015q3/bin/../lib/gcc/arm-none-eabi/4.9.3/armv7e-m/softfp/crtn.o

.text_bootloader
                0x0000000000000000     0x4000
 *(.binbootloader*)
 .binbootloader
                0x0000000000000000      0x31c /Applications/Simplicity Studio.app/Contents/Eclipse/developer/sdks/gecko_sdk_suite/v1.0//protocol/bluetooth_2.3/lib/EFR32BG1B/EABI/binbootloader.o
                0x0000000000004000                . = ALIGN (0x4000)
 *fill*         0x000000000000031c     0x3ce4 

.text_stack_bin
                0x0000000000004000    0x1d000
 *(.binstack*)
 .binstack      0x0000000000004000    0x1c9e4 /Applications/Simplicity Studio.app/Contents/Eclipse/developer/sdks/gecko_sdk_suite/v1.0//protocol/bluetooth_2.3/lib/EFR32BG1B/EABI/binstack.o
                0x0000000000021000                . = ALIGN (0x800)
 *fill*         0x00000000000209e4      0x61c 
                0x0000000000021000                __text_start__ = .

.text_app       0x0000000000021000     0x68e0
 *(.AAT)
 .AAT           0x0000000000021000       0x80 ./main.o
                0x0000000000021000                AppAddressTable
 *(.vectors)
 .vectors       0x0000000000021080       0xc8 ./device/EFR32_B_1_1_B/gcc/startup_efr32bg1b.o
                0x0000000000021080                __Vectors
                0x0000000000021148                __Vectors_End = .
                0x00000000000000c8                __Vectors_Size = (__Vectors_End - __Vectors)
                0x0000000000021148                __end__ = .
 *(.gecko_configuration)
 *(.xo_configuration)
 *(.gatt_header)
 .gatt_header   0x0000000000021148       0x30 ./gatt_db.o
                0x0000000000021148                bg_gattdb_data
 *(.gatt_data)
 .gatt_data     0x0000000000021178      0x38a ./gatt_db.o
                0x0000000000021178                bg_gattdb_data_adv_uuid128_map
                0x0000000000021188                bg_gattdb_data_adv_uuid16_map
                0x000000000002118c                bg_gattdb_data_attributes_dynamic_mapping_map
                0x000000000002119c                bg_gattdb_data_attributes_map
                0x000000000002131c                bg_gattdb_data_attribute_field_0
                0x0000000000021320                bg_gattdb_data_attribute_field_1
                0x0000000000021328                bg_gattdb_data_attribute_field_2
                0x0000000000021330                bg_gattdb_data_attribute_field_4
                0x0000000000021334                bg_gattdb_data_attribute_field_5
                0x000000000002133c                bg_gattdb_data_attribute_field_6
                0x0000000000021344                bg_gattdb_data_attribute_field_7
                0x000000000002134c                bg_gattdb_data_attribute_field_8
                0x0000000000021350                bg_gattdb_data_attribute_field_9
                0x0000000000021354                bg_gattdb_data_attribute_field_10
                0x000000000002135c                bg_gattdb_data_attribute_field_11
                0x000000000002136c                bg_gattdb_data_attribute_field_12
                0x0000000000021374                bg_gattdb_data_attribute_field_13
                0x0000000000021380                bg_gattdb_data_attribute_field_14
                0x0000000000021388                bg_gattdb_data_attribute_field_15
                0x0000000000021390                bg_gattdb_data_attribute_field_16
                0x00000000000213a4                bg_gattdb_data_attribute_field_17
                0x00000000000213bc                bg_gattdb_data_attribute_field_18
                0x00000000000213c4                bg_gattdb_data_attribute_field_20
                0x00000000000213dc                bg_gattdb_data_attribute_field_21
                0x00000000000213e4                bg_gattdb_data_attribute_field_23
                0x00000000000213fc                bg_gattdb_data_attribute_field_24
                0x0000000000021404                bg_gattdb_data_attribute_field_25
                0x000000000002141c                bg_gattdb_data_attribute_field_26
                0x0000000000021424                bg_gattdb_data_attribute_field_27
                0x000000000002143c                bg_gattdb_data_attribute_field_28
                0x0000000000021444                bg_gattdb_data_attribute_field_29
                0x0000000000021458                bg_gattdb_data_attribute_field_30
                0x0000000000021470                bg_gattdb_data_attribute_field_31
                0x0000000000021478                bg_gattdb_data_uuidtable_128_map
                0x00000000000214e8                bg_gattdb_data_uuidtable_16_map
 *(.text*)
 *fill*         0x0000000000021502        0x2 
 .text          0x0000000000021504       0x5c /Applications/Simplicity Studio.app/Contents/Eclipse/developer/toolchains/gnu_arm/4.9_2015q3/bin/../lib/gcc/arm-none-eabi/4.9.3/armv7e-m/softfp/crtbegin.o
 .text          0x0000000000021560       0x74 /Applications/Simplicity Studio.app/Contents/Eclipse/developer/toolchains/gnu_arm/4.9_2015q3/bin/../lib/gcc/arm-none-eabi/4.9.3/../../../../arm-none-eabi/lib/armv7e-m/softfp/crt0.o
                0x0000000000021560                _mainCRTStartup
                0x0000000000021560                _start
 .text.TIMER_Init
                0x00000000000215d4       0xb0 ./em_timer.o
                0x00000000000215d4                TIMER_Init
 .text.TIMER_InitCC
                0x0000000000021684       0x84 ./em_timer.o
                0x0000000000021684                TIMER_InitCC
 .text.startup.main
                0x0000000000021708      0x1ec ./main.o
                0x0000000000021708                main
 .text.InitGPIO
                0x00000000000218f4       0xa4 ./peripherals.o
                0x00000000000218f4                InitGPIO
 .text.GPIOHandler
                0x0000000000021998       0x90 ./peripherals.o
                0x0000000000021998                GPIOHandler
 .text.InitPWM1
                0x0000000000021a28       0xa0 ./peripherals.o
                0x0000000000021a28                InitPWM1
 .text.UpdatePWM1
                0x0000000000021ac8       0x18 ./peripherals.o
                0x0000000000021ac8                UpdatePWM1
 .text.ChangePWMoutput
                0x0000000000021ae0       0x44 ./peripherals.o
                0x0000000000021ae0                ChangePWMoutput
 .text.PWMHandler
                0x0000000000021b24       0x24 ./peripherals.o
                0x0000000000021b24                PWMHandler
 .text.InitLEUART0
                0x0000000000021b48       0xa0 ./peripherals.o
                0x0000000000021b48                InitLEUART0
 .text.LEUART0_IRQHandler
                0x0000000000021be8       0x18 ./peripherals.o
                0x0000000000021be8                LEUART0_IRQHandler
 .text.UART_TXHandler
                0x0000000000021c00       0x38 ./peripherals.o
                0x0000000000021c00                UART_TXHandler
 .text.UART_RXHandler
                0x0000000000021c38       0x80 ./peripherals.o
                0x0000000000021c38                UART_RXHandler
 .text.StartTransfer
                0x0000000000021cb8      0x1dc ./bgapi/dmadrv.o
 .text.DMADRV_AllocateChannel
                0x0000000000021e94       0x60 ./bgapi/dmadrv.o
                0x0000000000021e94                DMADRV_AllocateChannel
 .text.DMADRV_Init
                0x0000000000021ef4       0x60 ./bgapi/dmadrv.o
                0x0000000000021ef4                DMADRV_Init
 .text.DMADRV_MemoryPeripheral
                0x0000000000021f54       0x34 ./bgapi/dmadrv.o
                0x0000000000021f54                DMADRV_MemoryPeripheral
 .text.DMADRV_PeripheralMemory
                0x0000000000021f88       0x34 ./bgapi/dmadrv.o
                0x0000000000021f88                DMADRV_PeripheralMemory
 .text.DMADRV_StopTransfer
                0x0000000000021fbc       0x44 ./bgapi/dmadrv.o
                0x0000000000021fbc                DMADRV_StopTransfer
 .text.DMADRV_TransferRemainingCount
                0x0000000000022000       0x50 ./bgapi/dmadrv.o
                0x0000000000022000                DMADRV_TransferRemainingCount
 .text.LDMA_IRQHandler
                0x0000000000022050       0x7c ./bgapi/dmadrv.o
                0x0000000000022050                LDMA_IRQHandler
 .text.ADC_LoadDevinfoCal
                0x00000000000220cc       0xf4 ./bgapi/em_adc.o
 .text.ADC_InitSingle
                0x00000000000221c0       0xb4 ./bgapi/em_adc.o
                0x00000000000221c0                ADC_InitSingle
 .text.ADC_PrescaleCalc
                0x0000000000022274       0x4c ./bgapi/em_adc.o
                0x0000000000022274                ADC_PrescaleCalc
 .text.ADC_Init
                0x00000000000222c0       0x68 ./bgapi/em_adc.o
                0x00000000000222c0                ADC_Init
 .text.LDMA_Init
                0x0000000000022328       0x58 ./bgapi/em_ldma.o
                0x0000000000022328                LDMA_Init
 .text.LDMA_StartTransfer
                0x0000000000022380       0xa8 ./bgapi/em_ldma.o
                0x0000000000022380                LDMA_StartTransfer
 .text.LDMA_StopTransfer
                0x0000000000022428       0x28 ./bgapi/em_ldma.o
                0x0000000000022428                LDMA_StopTransfer
 .text.LDMA_TransferRemainingCount
                0x0000000000022450       0x40 ./bgapi/em_ldma.o
                0x0000000000022450                LDMA_TransferRemainingCount
 .text.LEUART_BaudrateSet
                0x0000000000022490       0x54 ./bgapi/em_leuart.o
                0x0000000000022490                LEUART_BaudrateSet
 .text.LEUART_Enable
                0x00000000000224e4       0x1c ./bgapi/em_leuart.o
                0x00000000000224e4                LEUART_Enable
 .text.LEUART_Init
                0x0000000000022500       0x4c ./bgapi/em_leuart.o
                0x0000000000022500                LEUART_Init
 .text.LEUART_Tx
                0x000000000002254c       0x18 ./bgapi/em_leuart.o
                0x000000000002254c                LEUART_Tx
 .text.Default_Handler
                0x0000000000022564        0x4 ./device/EFR32_B_1_1_B/gcc/startup_efr32bg1b.o
                0x0000000000022564                IDAC0_IRQHandler
                0x0000000000022564                USART0_TX_IRQHandler
                0x0000000000022564                I2C0_IRQHandler
                0x0000000000022564                HardFault_Handler
                0x0000000000022564                SysTick_Handler
                0x0000000000022564                USART1_RX_IRQHandler
                0x0000000000022564                PendSV_Handler
                0x0000000000022564                NMI_Handler
                0x0000000000022564                SYNTH_IRQHandler
                0x0000000000022564                WDOG0_IRQHandler
                0x0000000000022564                USART1_TX_IRQHandler
                0x0000000000022564                MSC_IRQHandler
                0x0000000000022564                ADC0_IRQHandler
                0x0000000000022564                UsageFault_Handler
                0x0000000000022564                FPUEH_IRQHandler
                0x0000000000022564                GPIO_EVEN_IRQHandler
                0x0000000000022564                TIMER0_IRQHandler
                0x0000000000022564                LETIMER0_IRQHandler
                0x0000000000022564                TIMER1_IRQHandler
                0x0000000000022564                RFSENSE_IRQHandler
                0x0000000000022564                BUFC_IRQHandler
                0x0000000000022564                MODEM_IRQHandler
                0x0000000000022564                Default_Handler
                0x0000000000022564                RAC_SEQ_IRQHandler
                0x0000000000022564                FRC_PRI_IRQHandler
                0x0000000000022564                EMU_IRQHandler
                0x0000000000022564                FRC_IRQHandler
                0x0000000000022564                CRYOTIMER_IRQHandler
                0x0000000000022564                PCNT0_IRQHandler
                0x0000000000022564                AGC_IRQHandler
                0x0000000000022564                ACMP0_IRQHandler
                0x0000000000022564                USART0_RX_IRQHandler
                0x0000000000022564                MemManage_Handler
                0x0000000000022564                SVC_Handler
                0x0000000000022564                RTCC_IRQHandler
                0x0000000000022564                CRYPTO_IRQHandler
                0x0000000000022564                CMU_IRQHandler
                0x0000000000022564                RAC_RSM_IRQHandler
                0x0000000000022564                GPIO_ODD_IRQHandler
                0x0000000000022564                PROTIMER_IRQHandler
                0x0000000000022564                BusFault_Handler
                0x0000000000022564                DebugMon_Handler
 .text.Reset_Handler
                0x0000000000022568       0x34 ./device/EFR32_B_1_1_B/gcc/startup_efr32bg1b.o
                0x0000000000022568                Reset_Handler
 .text.flashWaitStateMax
                0x000000000002259c       0x40 ./emlib/em_cmu.o
 .text.CMU_OscillatorTuningSet.part.2
                0x00000000000225dc       0x44 ./emlib/em_cmu.o
 .text.CMU_ClockEnable
                0x0000000000022620       0x8c ./emlib/em_cmu.o
                0x0000000000022620                CMU_ClockEnable
 .text.CMU_ClockSelectGet
                0x00000000000226ac       0xa4 ./emlib/em_cmu.o
                0x00000000000226ac                CMU_ClockSelectGet
 .text.lfClkGet
                0x0000000000022750       0x94 ./emlib/em_cmu.o
 .text.CMU_ClockFreqGet
                0x00000000000227e4      0x128 ./emlib/em_cmu.o
                0x00000000000227e4                CMU_ClockFreqGet
 .text.CMU_OscillatorTuningWait
                0x000000000002290c       0x60 ./emlib/em_cmu.o
                0x000000000002290c                CMU_OscillatorTuningWait
 .text.CMU_OscillatorEnable
                0x000000000002296c      0x110 ./emlib/em_cmu.o
                0x000000000002296c                CMU_OscillatorEnable
 .text.CMU_ClockSelectSet
                0x0000000000022a7c      0x158 ./emlib/em_cmu.o
                0x0000000000022a7c                CMU_ClockSelectSet
 .text.CMU_HFXOInit
                0x0000000000022bd4       0xec ./emlib/em_cmu.o
                0x0000000000022bd4                CMU_HFXOInit
 .text.CMU_LFXOInit
                0x0000000000022cc0       0x40 ./emlib/em_cmu.o
                0x0000000000022cc0                CMU_LFXOInit
 .text.currentLimitersUpdate
                0x0000000000022d00       0x74 ./emlib/em_emu.o
 .text.EMU_DCDCModeSet
                0x0000000000022d74       0x4c ./emlib/em_emu.o
                0x0000000000022d74                EMU_DCDCModeSet
 .text.EMU_DCDCOutputVoltageSet
                0x0000000000022dc0      0x1cc ./emlib/em_emu.o
                0x0000000000022dc0                EMU_DCDCOutputVoltageSet
 .text.EMU_DCDCOptimizeSlice
                0x0000000000022f8c       0x94 ./emlib/em_emu.o
                0x0000000000022f8c                EMU_DCDCOptimizeSlice
 .text.EMU_DCDCLnRcoBandSet
                0x0000000000023020       0x24 ./emlib/em_emu.o
                0x0000000000023020                EMU_DCDCLnRcoBandSet
 .text.EMU_DCDCInit
                0x0000000000023044      0x18c ./emlib/em_emu.o
                0x0000000000023044                EMU_DCDCInit
 .text.GPIO_PinModeSet
                0x00000000000231d0       0x8c ./emlib/em_gpio.o
                0x00000000000231d0                GPIO_PinModeSet
 .text.I2C_BusFreqSet.part.0
                0x000000000002325c       0x60 ./emlib/em_i2c.o
 .text.I2C_Init
                0x00000000000232bc       0x3c ./emlib/em_i2c.o
                0x00000000000232bc                I2C_Init
 .text.RTCC_Init
                0x00000000000232f8       0x48 ./emlib/em_rtcc.o
                0x00000000000232f8                RTCC_Init
 .text.SYSTEM_ChipRevisionGet
                0x0000000000023340       0x34 ./emlib/em_system.o
                0x0000000000023340                SYSTEM_ChipRevisionGet
 .text.USART_BaudrateAsyncSet
                0x0000000000023374       0x68 ./emlib/em_usart.o
                0x0000000000023374                USART_BaudrateAsyncSet
 .text.USART_BaudrateCalc
                0x00000000000233dc       0x7c ./emlib/em_usart.o
                0x00000000000233dc                USART_BaudrateCalc
 .text.USART_BaudrateGet
                0x0000000000023458       0x24 ./emlib/em_usart.o
                0x0000000000023458                USART_BaudrateGet
 .text.USART_Enable
                0x000000000002347c       0x10 ./emlib/em_usart.o
                0x000000000002347c                USART_Enable
 .text.USART_InitAsync
                0x000000000002348c       0xa4 ./emlib/em_usart.o
                0x000000000002348c                USART_InitAsync
 .text.EMU_enter_DefaultMode_from_RESET
                0x0000000000023530       0x54 ./src/InitDevice.o
                0x0000000000023530                EMU_enter_DefaultMode_from_RESET
 .text.CMU_enter_DefaultMode_from_RESET
                0x0000000000023584      0x114 ./src/InitDevice.o
                0x0000000000023584                CMU_enter_DefaultMode_from_RESET
 .text.RTCC_enter_DefaultMode_from_RESET
                0x0000000000023698       0x44 ./src/InitDevice.o
                0x0000000000023698                RTCC_enter_DefaultMode_from_RESET
 .text.PORTIO_enter_DefaultMode_from_RESET
                0x00000000000236dc       0x80 ./src/InitDevice.o
                0x00000000000236dc                PORTIO_enter_DefaultMode_from_RESET
 .text.enter_DefaultMode_from_RESET
                0x000000000002375c       0x9c ./src/InitDevice.o
                0x000000000002375c                enter_DefaultMode_from_RESET
 .text          0x00000000000237f8       0x60 /Applications/Simplicity Studio.app/Contents/Eclipse/developer/sdks/gecko_sdk_suite/v1.0//protocol/bluetooth_2.3/lib/EFR32BG1B/GCC/bgapi.a(gecko_bgapi_hardware.c.obj)
                0x0000000000023840                gecko_bgapi_class_hardware_init
 .text          0x0000000000023858       0x60 /Applications/Simplicity Studio.app/Contents/Eclipse/developer/sdks/gecko_sdk_suite/v1.0//protocol/bluetooth_2.3/lib/EFR32BG1B/GCC/bgapi.a(gecko_bgapi_test.c.obj)
                0x00000000000238a0                gecko_bgapi_class_test_init
 .text          0x00000000000238b8       0x60 /Applications/Simplicity Studio.app/Contents/Eclipse/developer/sdks/gecko_sdk_suite/v1.0//protocol/bluetooth_2.3/lib/EFR32BG1B/GCC/bgapi.a(gecko_bgapi_util.c.obj)
                0x0000000000023900                gecko_bgapi_class_util_init
 .text          0x0000000000023918       0x60 /Applications/Simplicity Studio.app/Contents/Eclipse/developer/sdks/gecko_sdk_suite/v1.0//protocol/bluetooth_2.3/lib/EFR32BG1B/GCC/bgapi.a(gecko_bgapi_dfu.c.obj)
                0x0000000000023960                gecko_bgapi_class_dfu_init
 .text          0x0000000000023978       0x60 /Applications/Simplicity Studio.app/Contents/Eclipse/developer/sdks/gecko_sdk_suite/v1.0//protocol/bluetooth_2.3/lib/EFR32BG1B/GCC/bgapi.a(gecko_bgapi_gap.c.obj)
                0x00000000000239c0                gecko_bgapi_class_le_gap_init
 .text          0x00000000000239d8       0x60 /Applications/Simplicity Studio.app/Contents/Eclipse/developer/sdks/gecko_sdk_suite/v1.0//protocol/bluetooth_2.3/lib/EFR32BG1B/GCC/bgapi.a(gecko_bgapi_gatt.c.obj)
                0x0000000000023a20                gecko_bgapi_class_gatt_init
 .text          0x0000000000023a38       0x60 /Applications/Simplicity Studio.app/Contents/Eclipse/developer/sdks/gecko_sdk_suite/v1.0//protocol/bluetooth_2.3/lib/EFR32BG1B/GCC/bgapi.a(gecko_bgapi_gatt_server.c.obj)
                0x0000000000023a80                gecko_bgapi_class_gatt_server_init
 .text          0x0000000000023a98       0x60 /Applications/Simplicity Studio.app/Contents/Eclipse/developer/sdks/gecko_sdk_suite/v1.0//protocol/bluetooth_2.3/lib/EFR32BG1B/GCC/bgapi.a(gecko_bgapi_flash.c.obj)
                0x0000000000023ae0                gecko_bgapi_class_flash_init
 .text          0x0000000000023af8       0x60 /Applications/Simplicity Studio.app/Contents/Eclipse/developer/sdks/gecko_sdk_suite/v1.0//protocol/bluetooth_2.3/lib/EFR32BG1B/GCC/bgapi.a(gecko_bgapi_sm.c.obj)
                0x0000000000023b40                gecko_bgapi_class_sm_init
 .text          0x0000000000023b58       0x60 /Applications/Simplicity Studio.app/Contents/Eclipse/developer/sdks/gecko_sdk_suite/v1.0//protocol/bluetooth_2.3/lib/EFR32BG1B/GCC/bgapi.a(gecko_bgapi_system.c.obj)
                0x0000000000023ba0                gecko_bgapi_class_system_init
 .text          0x0000000000023bb8       0x60 /Applications/Simplicity Studio.app/Contents/Eclipse/developer/sdks/gecko_sdk_suite/v1.0//protocol/bluetooth_2.3/lib/EFR32BG1B/GCC/bgapi.a(gecko_bgapi_endpoint.c.obj)
                0x0000000000023c00                gecko_bgapi_class_endpoint_init
 .text          0x0000000000023c18       0x60 /Applications/Simplicity Studio.app/Contents/Eclipse/developer/sdks/gecko_sdk_suite/v1.0//protocol/bluetooth_2.3/lib/EFR32BG1B/GCC/bgapi.a(gecko_bgapi_le_connection.c.obj)
                0x0000000000023c60                gecko_bgapi_class_le_connection_init
 .text          0x0000000000023c78      0x388 /Applications/Simplicity Studio.app/Contents/Eclipse/developer/sdks/gecko_sdk_suite/v1.0//protocol/bluetooth_2.3/lib/EFR32BG1B/GCC/bgapi.a(bgapi_hardware_lib.c.obj)
                0x0000000000023c78                gecko_cmd_hardware_read_i2c
                0x0000000000023ce0                gecko_cmd_hardware_write_i2c
                0x0000000000023d24                gecko_cmd_hardware_stop_i2c
                0x0000000000023d5c                gecko_cmd_hardware_read_adc
                0x0000000000023d9c                gecko_cmd_hardware_read_adc_channel
                0x0000000000023dcc                gecko_cmd_hardware_config_adc_reference
                0x0000000000023df8                gecko_cmd_hardware_configure_gpio
                0x0000000000023e2c                gecko_cmd_hardware_write_gpio
                0x0000000000023e90                gecko_cmd_hardware_read_gpio
                0x0000000000023ef0                gecko_cmd_hardware_set_uart_configuration
                0x0000000000023f68                clock_outputs_init
                0x0000000000023fb0                bgapi_hardware_init
 .text          0x0000000000024000      0x1d0 /Applications/Simplicity Studio.app/Contents/Eclipse/developer/sdks/gecko_sdk_suite/v1.0//protocol/bluetooth_2.3/lib/EFR32BG1B/GCC/bgapi.a(bgapi_hardware.c.obj)
                0x0000000000024000                soft_timer_comparison
                0x0000000000024094                bgapi_hardware_soft_timer_listener
                0x00000000000240d4                lib_hardware_handler_init
                0x00000000000240e8                gecko_cmd_hardware_set_soft_timer
                0x0000000000024128                gecko_cmd_hardware_set_lazy_soft_timer
                0x0000000000024168                gecko_cmd_hardware_get_time
                0x000000000002419c                gecko_cmd_hardware_enable_dcdc
 .text          0x00000000000241d0      0x200 /Applications/Simplicity Studio.app/Contents/Eclipse/developer/sdks/gecko_sdk_suite/v1.0//protocol/bluetooth_2.3/lib/EFR32BG1B/GCC/bgapi.a(bgapi_test_lib.c.obj)
                0x00000000000241d0                lib_test_handler_init
                0x00000000000241d2                disable_interrupts
                0x00000000000241f6                gecko_cmd_test_dtm_tx
                0x0000000000024228                gecko_cmd_test_dtm_rx
                0x0000000000024258                gecko_cmd_test_dtm_end
                0x0000000000024284                gecko_cmd_test_debug_command
                0x0000000000024354                gecko_cmd_test_debug_counter
 .text          0x00000000000243d0      0x158 /Applications/Simplicity Studio.app/Contents/Eclipse/developer/sdks/gecko_sdk_suite/v1.0//protocol/bluetooth_2.3/lib/EFR32BG1B/GCC/bgapi.a(bgapi_util.c.obj)
                0x0000000000024408                lib_util_handler_init
                0x000000000002440a                gecko_cmd_util_atoi
                0x0000000000024460                gecko_cmd_util_itoa
 .text          0x0000000000024528       0x8c /Applications/Simplicity Studio.app/Contents/Eclipse/developer/sdks/gecko_sdk_suite/v1.0//protocol/bluetooth_2.3/lib/EFR32BG1B/GCC/bgapi.a(bgapi_dfu.c.obj)
                0x0000000000024528                lib_dfu_handler_init
                0x000000000002452a                gecko_cmd_dfu_reset
                0x0000000000024530                gecko_cmd_dfu_flash_set_address
                0x000000000002455c                gecko_cmd_dfu_flash_upload
                0x0000000000024588                gecko_cmd_dfu_flash_upload_finish
 .text          0x00000000000245b4      0x308 /Applications/Simplicity Studio.app/Contents/Eclipse/developer/sdks/gecko_sdk_suite/v1.0//protocol/bluetooth_2.3/lib/EFR32BG1B/GCC/bgapi.a(bgapi_gap.c.obj)
                0x00000000000245b4                lib_le_gap_handler_init
                0x00000000000245b6                gecko_cmd_le_gap_set_mode
                0x00000000000245fc                gecko_cmd_le_gap_bt5_set_mode
                0x000000000002463c                gecko_cmd_le_gap_set_adv_data
                0x0000000000024670                gecko_cmd_le_gap_bt5_set_adv_data
                0x00000000000246a4                gecko_cmd_le_gap_set_adv_timeout
                0x00000000000246f8                gecko_cmd_le_gap_open
                0x0000000000024760                gecko_cmd_le_gap_discover
                0x000000000002478c                gecko_cmd_le_gap_end_procedure
                0x00000000000247b8                gecko_cmd_le_gap_set_adv_parameters
                0x00000000000247ec                gecko_cmd_le_gap_bt5_set_adv_parameters
                0x0000000000024828                gecko_cmd_le_gap_set_scan_parameters
                0x0000000000024858                gecko_cmd_le_gap_set_conn_parameters
                0x0000000000024890                gecko_cmd_le_gap_set_phy
 .text          0x00000000000248bc      0x644 /Applications/Simplicity Studio.app/Contents/Eclipse/developer/sdks/gecko_sdk_suite/v1.0//protocol/bluetooth_2.3/lib/EFR32BG1B/GCC/bgapi.a(bgapi_gatt_lib.c.obj)
                0x00000000000248bc                lib_gatt_handler_init
                0x00000000000248be                lib_gatt_server_handler_init
                0x00000000000248c0                gecko_cmd_gatt_set_max_mtu
                0x00000000000248fc                gecko_cmd_gatt_discover_primary_services
                0x000000000002492c                gecko_cmd_gatt_discover_primary_services_by_uuid
                0x0000000000024968                gecko_cmd_gatt_find_included_services
                0x000000000002499c                gecko_cmd_gatt_discover_characteristics
                0x00000000000249d0                gecko_cmd_gatt_discover_characteristics_by_uuid
                0x0000000000024a10                gecko_cmd_gatt_read_characteristic_value
                0x0000000000024a48                gecko_cmd_gatt_read_characteristic_value_from_offset
                0x0000000000024a84                gecko_cmd_gatt_read_characteristic_value_by_uuid
                0x0000000000024ac4                gecko_cmd_gatt_read_multiple_characteristic_values
                0x0000000000024af8                gecko_cmd_gatt_write_characteristic_value
                0x0000000000024b30                gecko_cmd_gatt_write_characteristic_value_without_response
                0x0000000000024b74                gecko_cmd_gatt_prepare_characteristic_value_write
                0x0000000000024bc4                gecko_cmd_gatt_execute_characteristic_value_write
                0x0000000000024bf8                gecko_cmd_gatt_set_characteristic_notification
                0x0000000000024c30                gecko_cmd_gatt_discover_descriptors
                0x0000000000024c64                gecko_cmd_gatt_read_descriptor_value
                0x0000000000024c98                gecko_cmd_gatt_write_descriptor_value
                0x0000000000024cd0                gecko_cmd_gatt_server_read_attribute_value
                0x0000000000024d18                gecko_cmd_gatt_server_read_attribute_type
                0x0000000000024d5c                gecko_cmd_gatt_server_find_attribute
                0x0000000000024d98                gecko_cmd_gatt_server_write_attribute_value
                0x0000000000024dcc                gecko_cmd_gatt_server_send_user_read_response
                0x0000000000024e1c                gecko_cmd_gatt_server_send_user_write_response
                0x0000000000024e54                gecko_cmd_gatt_server_send_characteristic_notification
                0x0000000000024ea0                gecko_cmd_gatt_send_characteristic_confirmation
                0x0000000000024ed0                gecko_cmd_gatt_server_set_database
 .text          0x0000000000024f00      0x17c /Applications/Simplicity Studio.app/Contents/Eclipse/developer/sdks/gecko_sdk_suite/v1.0//protocol/bluetooth_2.3/lib/EFR32BG1B/GCC/bgapi.a(bgapi_ps.c.obj)
                0x0000000000024f00                lib_flash_handler_init
                0x0000000000024f02                gecko_cmd_flash_ps_dump
                0x0000000000024f98                gecko_cmd_flash_ps_erase_all
                0x0000000000024fc8                gecko_cmd_flash_ps_save
                0x0000000000025004                gecko_cmd_flash_ps_load
                0x0000000000025048                gecko_cmd_flash_ps_erase
 .text          0x000000000002507c      0x3cc /Applications/Simplicity Studio.app/Contents/Eclipse/developer/sdks/gecko_sdk_suite/v1.0//protocol/bluetooth_2.3/lib/EFR32BG1B/GCC/bgapi.a(bgapi_sm.c.obj)
                0x0000000000025144                lib_sm_handler_init
                0x0000000000025158                gecko_cmd_sm_list_all_bondings
                0x0000000000025190                gecko_cmd_sm_increase_security
                0x00000000000251c0                gecko_cmd_sm_set_bondable_mode
                0x00000000000251ec                gecko_cmd_sm_delete_bonding
                0x000000000002521c                gecko_cmd_sm_delete_bondings
                0x000000000002524c                gecko_cmd_sm_configure
                0x000000000002527c                gecko_cmd_sm_enter_passkey
                0x00000000000252b0                gecko_cmd_sm_set_passkey
                0x00000000000252dc                gecko_cmd_sm_passkey_confirm
                0x0000000000025310                gecko_cmd_sm_set_oob_data
                0x0000000000025340                gecko_cmd_sm_set_sc_remote_oob_data
                0x0000000000025370                gecko_cmd_sm_use_sc_oob
                0x00000000000253b0                gecko_cmd_sm_store_bonding_configuration
                0x00000000000253e4                gecko_cmd_sm_bonding_confirm
                0x0000000000025418                gecko_cmd_sm_set_debug_mode
 .text          0x0000000000025448      0x114 /Applications/Simplicity Studio.app/Contents/Eclipse/developer/sdks/gecko_sdk_suite/v1.0//protocol/bluetooth_2.3/lib/EFR32BG1B/GCC/bgapi.a(bgapi_system.c.obj)
                0x0000000000025448                lib_system_handler_init
                0x000000000002544a                gecko_cmd_system_get_bt_address
                0x0000000000025480                gecko_cmd_system_get_random_data
                0x00000000000254c8                gecko_cmd_system_halt
                0x00000000000254fc                gecko_cmd_system_set_tx_power
                0x000000000002552c                gecko_cmd_system_hello
                0x0000000000025554                gecko_cmd_system_reset
 .text          0x000000000002555c      0x1ac /Applications/Simplicity Studio.app/Contents/Eclipse/developer/sdks/gecko_sdk_suite/v1.0//protocol/bluetooth_2.3/lib/EFR32BG1B/GCC/bgapi.a(bgapi_endpoint.c.obj)
                0x000000000002555c                lib_endpoint_handler_init
                0x000000000002555e                gecko_cmd_endpoint_send
                0x0000000000025608                gecko_cmd_endpoint_set_streaming_destination
                0x0000000000025660                gecko_cmd_endpoint_close
                0x00000000000256bc                gecko_cmd_endpoint_set_flags
                0x00000000000256be                gecko_cmd_endpoint_clr_flags
                0x00000000000256c0                gecko_cmd_endpoint_read_counters
 .text          0x0000000000025708      0x104 /Applications/Simplicity Studio.app/Contents/Eclipse/developer/sdks/gecko_sdk_suite/v1.0//protocol/bluetooth_2.3/lib/EFR32BG1B/GCC/bgapi.a(bgapi_le_connection.c.obj)
                0x0000000000025708                lib_le_connection_handler_init
                0x000000000002570a                gecko_cmd_le_connection_set_parameters
                0x0000000000025758                gecko_cmd_le_connection_get_rssi
                0x0000000000025788                gecko_cmd_le_connection_disable_slave_latency
                0x00000000000257d0                gecko_cmd_le_connection_set_phy
 .text          0x000000000002580c      0x220 /Applications/Simplicity Studio.app/Contents/Eclipse/developer/sdks/gecko_sdk_suite/v1.0//protocol/bluetooth_2.3/lib/EFR32BG1B/GCC/bgapi.a(uart_endpoint.c.obj)
                0x000000000002586c                uart_output_available
                0x0000000000025870                uart_transparent_input
                0x00000000000258ae                uart_endpoint_func
                0x0000000000025962                uart_change_flags
                0x0000000000025970                init_uart_endpoints
 .text          0x0000000000025a2c      0x17c /Applications/Simplicity Studio.app/Contents/Eclipse/developer/sdks/gecko_sdk_suite/v1.0//protocol/bluetooth_2.3/lib/EFR32BG1B/GCC/bgapi.a(bgapi_endpoint.c.obj)
                0x0000000000025b58                init_bgapi_endpoints
 .text          0x0000000000025ba8       0xc8 /Applications/Simplicity Studio.app/Contents/Eclipse/developer/sdks/gecko_sdk_suite/v1.0//protocol/bluetooth_2.3/lib/EFR32BG1B/GCC/bgapi.a(adc.c.obj)
                0x0000000000025ba8                adc_read_channel
                0x0000000000025bd8                adc_read_port
                0x0000000000025be8                adc_config_reference
                0x0000000000025c1c                adc_init
 .text          0x0000000000025c70      0x160 /Applications/Simplicity Studio.app/Contents/Eclipse/developer/sdks/gecko_sdk_suite/v1.0//protocol/bluetooth_2.3/lib/EFR32BG1B/GCC/bgapi.a(gpio.c.obj)
                0x0000000000025ce8                gpio_location_to_port
                0x0000000000025cf8                gpio_location_to_pin_index
                0x0000000000025d0c                gpios_init
 .text          0x0000000000025dd0      0x218 /Applications/Simplicity Studio.app/Contents/Eclipse/developer/sdks/gecko_sdk_suite/v1.0//protocol/bluetooth_2.3/lib/EFR32BG1B/GCC/bgapi.a(i2c.c.obj)
                0x0000000000025dd0                i2c_init
                0x0000000000025e5c                i2c_stop
                0x0000000000025e7c                i2c_reset
                0x0000000000025e9c                i2c_read
                0x0000000000025f48                i2c_write
 .text          0x0000000000025fe8      0x160 /Applications/Simplicity Studio.app/Contents/Eclipse/developer/sdks/gecko_sdk_suite/v1.0//protocol/bluetooth_2.3/lib/EFR32BG1B/GCC/bgapi.a(sleep_signal.c.obj)
                0x0000000000026018                sleep_signal_init
                0x0000000000026078                sleep_signal_update
                0x00000000000260e4                host_wakeup_signal_init
                0x0000000000026120                host_wakeup_signal_update
 .text          0x0000000000026148      0x89c /Applications/Simplicity Studio.app/Contents/Eclipse/developer/sdks/gecko_sdk_suite/v1.0//protocol/bluetooth_2.3/lib/EFR32BG1B/GCC/bgapi.a(uart.c.obj)
                0x0000000000026148                LEUART0_IRQGeckoHandler
                0x000000000002614a                USART1_TX_IRQGeckoHandler
                0x0000000000026274                USART0_TX_IRQGeckoHandler
                0x0000000000026424                USART1_RX_IRQGeckoHandler
                0x0000000000026430                USART0_RX_IRQGeckoHandler
                0x0000000000026450                uart_update
                0x0000000000026468                uart_configure
                0x000000000002653c                uart_event_register
                0x000000000002654c                uarts_init
                0x00000000000268d0                uart_get_flags
                0x00000000000268e0                uart_write_bgbuf
                0x0000000000026920                uart_read_bgbuf
                0x00000000000269a8                uart_sleep
 .text          0x00000000000269e4       0x30 /Applications/Simplicity Studio.app/Contents/Eclipse/developer/toolchains/gnu_arm/4.9_2015q3/bin/../lib/gcc/arm-none-eabi/4.9.3/armv7e-m/softfp/libgcc.a(_aeabi_uldivmod.o)
                0x00000000000269e4                __aeabi_uldivmod
 .text          0x0000000000026a14       0x60 /Applications/Simplicity Studio.app/Contents/Eclipse/developer/toolchains/gnu_arm/4.9_2015q3/bin/../lib/gcc/arm-none-eabi/4.9.3/armv7e-m/softfp/libgcc.a(bpabi.o)
                0x0000000000026a14                __gnu_ldivmod_helper
                0x0000000000026a44                __gnu_uldivmod_helper
 .text          0x0000000000026a74        0x4 /Applications/Simplicity Studio.app/Contents/Eclipse/developer/toolchains/gnu_arm/4.9_2015q3/bin/../lib/gcc/arm-none-eabi/4.9.3/armv7e-m/softfp/libgcc.a(_dvmd_tls.o)
                0x0000000000026a74                __aeabi_ldiv0
                0x0000000000026a74                __aeabi_idiv0
 .text          0x0000000000026a78      0x29c /Applications/Simplicity Studio.app/Contents/Eclipse/developer/toolchains/gnu_arm/4.9_2015q3/bin/../lib/gcc/arm-none-eabi/4.9.3/armv7e-m/softfp/libgcc.a(_divdi3.o)
                0x0000000000026a78                __divdi3
 .text          0x0000000000026d14      0x26c /Applications/Simplicity Studio.app/Contents/Eclipse/developer/toolchains/gnu_arm/4.9_2015q3/bin/../lib/gcc/arm-none-eabi/4.9.3/armv7e-m/softfp/libgcc.a(_udivdi3.o)
                0x0000000000026d14                __udivdi3
 .text.exit     0x0000000000026f80       0x20 /Applications/Simplicity Studio.app/Contents/Eclipse/developer/toolchains/gnu_arm/4.9_2015q3/bin/../lib/gcc/arm-none-eabi/4.9.3/../../../../arm-none-eabi/lib/armv7e-m/softfp/libc.a(lib_a-exit.o)
                0x0000000000026f80                exit
 .text.__libc_init_array
                0x0000000000026fa0       0x50 /Applications/Simplicity Studio.app/Contents/Eclipse/developer/toolchains/gnu_arm/4.9_2015q3/bin/../lib/gcc/arm-none-eabi/4.9.3/../../../../arm-none-eabi/lib/armv7e-m/softfp/libc.a(lib_a-init.o)
                0x0000000000026fa0                __libc_init_array
 .text.memset   0x0000000000026ff0       0x9c /Applications/Simplicity Studio.app/Contents/Eclipse/developer/toolchains/gnu_arm/4.9_2015q3/bin/../lib/gcc/arm-none-eabi/4.9.3/../../../../arm-none-eabi/lib/armv7e-m/softfp/libc.a(lib_a-memset.o)
                0x0000000000026ff0                memset
 .text.startup.register_fini
                0x000000000002708c       0x14 /Applications/Simplicity Studio.app/Contents/Eclipse/developer/toolchains/gnu_arm/4.9_2015q3/bin/../lib/gcc/arm-none-eabi/4.9.3/../../../../arm-none-eabi/lib/armv7e-m/softfp/libc.a(lib_a-__call_atexit.o)
 .text.__call_exitprocs
                0x00000000000270a0       0xd4 /Applications/Simplicity Studio.app/Contents/Eclipse/developer/toolchains/gnu_arm/4.9_2015q3/bin/../lib/gcc/arm-none-eabi/4.9.3/../../../../arm-none-eabi/lib/armv7e-m/softfp/libc.a(lib_a-__call_atexit.o)
                0x00000000000270a0                __call_exitprocs
 .text.atexit   0x0000000000027174        0xc /Applications/Simplicity Studio.app/Contents/Eclipse/developer/toolchains/gnu_arm/4.9_2015q3/bin/../lib/gcc/arm-none-eabi/4.9.3/../../../../arm-none-eabi/lib/armv7e-m/softfp/libc.a(lib_a-atexit.o)
                0x0000000000027174                atexit
 .text.__libc_fini_array
                0x0000000000027180       0x2c /Applications/Simplicity Studio.app/Contents/Eclipse/developer/toolchains/gnu_arm/4.9_2015q3/bin/../lib/gcc/arm-none-eabi/4.9.3/../../../../arm-none-eabi/lib/armv7e-m/softfp/libc.a(lib_a-fini.o)
                0x0000000000027180                __libc_fini_array
 .text.__register_exitproc
                0x00000000000271ac       0xa4 /Applications/Simplicity Studio.app/Contents/Eclipse/developer/toolchains/gnu_arm/4.9_2015q3/bin/../lib/gcc/arm-none-eabi/4.9.3/../../../../arm-none-eabi/lib/armv7e-m/softfp/libc.a(lib_a-__atexit.o)
                0x00000000000271ac                __register_exitproc
 .text._exit    0x0000000000027250        0x4 /Applications/Simplicity Studio.app/Contents/Eclipse/developer/toolchains/gnu_arm/4.9_2015q3/bin/../lib/gcc/arm-none-eabi/4.9.3/../../../../arm-none-eabi/lib/armv7e-m/softfp/libnosys.a(_exit.o)
                0x0000000000027250                _exit
 *(.init)
 .init          0x0000000000027254        0x4 /Applications/Simplicity Studio.app/Contents/Eclipse/developer/toolchains/gnu_arm/4.9_2015q3/bin/../lib/gcc/arm-none-eabi/4.9.3/armv7e-m/softfp/crti.o
                0x0000000000027254                _init
 .init          0x0000000000027258        0x8 /Applications/Simplicity Studio.app/Contents/Eclipse/developer/toolchains/gnu_arm/4.9_2015q3/bin/../lib/gcc/arm-none-eabi/4.9.3/armv7e-m/softfp/crtn.o
 *(.fini)
 .fini          0x0000000000027260        0x4 /Applications/Simplicity Studio.app/Contents/Eclipse/developer/toolchains/gnu_arm/4.9_2015q3/bin/../lib/gcc/arm-none-eabi/4.9.3/armv7e-m/softfp/crti.o
                0x0000000000027260                _fini
 .fini          0x0000000000027264        0x8 /Applications/Simplicity Studio.app/Contents/Eclipse/developer/toolchains/gnu_arm/4.9_2015q3/bin/../lib/gcc/arm-none-eabi/4.9.3/armv7e-m/softfp/crtn.o
 *crtbegin.o(.ctors)
 *crtbegin?.o(.ctors)
 *(EXCLUDE_FILE(*crtend.o *crtend?.o) .ctors)
 *(SORT(.ctors.*))
 *(.ctors)
 *crtbegin.o(.dtors)
 *crtbegin?.o(.dtors)
 *(EXCLUDE_FILE(*crtend.o *crtend?.o) .dtors)
 *(SORT(.dtors.*))
 *(.dtors)
 *(.rodata*)
 .rodata.ptiInit
                0x000000000002726c       0x24 ./main.o
 .rodata.config
                0x0000000000027290       0xe8 ./main.o
 .rodata.str1.4
                0x0000000000027378       0x30 ./main.o
 .rodata        0x00000000000273a8       0x18 ./peripherals.o
 .rodata        0x00000000000273c0        0x4 ./bgapi/dmadrv.o
 .rodata.CSWTCH.45
                0x00000000000273c4        0xc ./emlib/em_cmu.o
 .rodata.CSWTCH.46
                0x00000000000273d0       0x10 ./emlib/em_cmu.o
 .rodata.CSWTCH.47
                0x00000000000273e0       0x10 ./emlib/em_cmu.o
 .rodata.CSWTCH.48
                0x00000000000273f0       0x10 ./emlib/em_cmu.o
 .rodata.i2cNSum
                0x0000000000027400        0x4 ./emlib/em_i2c.o
 .rodata        0x0000000000027404       0x68 ./src/InitDevice.o
 .rodata        0x000000000002746c       0x78 /Applications/Simplicity Studio.app/Contents/Eclipse/developer/sdks/gecko_sdk_suite/v1.0//protocol/bluetooth_2.3/lib/EFR32BG1B/GCC/bgapi.a(gecko_bgapi_hardware.c.obj)
 .rodata        0x00000000000274e4       0x30 /Applications/Simplicity Studio.app/Contents/Eclipse/developer/sdks/gecko_sdk_suite/v1.0//protocol/bluetooth_2.3/lib/EFR32BG1B/GCC/bgapi.a(gecko_bgapi_test.c.obj)
 .rodata        0x0000000000027514       0x18 /Applications/Simplicity Studio.app/Contents/Eclipse/developer/sdks/gecko_sdk_suite/v1.0//protocol/bluetooth_2.3/lib/EFR32BG1B/GCC/bgapi.a(gecko_bgapi_util.c.obj)
 .rodata        0x000000000002752c       0x28 /Applications/Simplicity Studio.app/Contents/Eclipse/developer/sdks/gecko_sdk_suite/v1.0//protocol/bluetooth_2.3/lib/EFR32BG1B/GCC/bgapi.a(gecko_bgapi_dfu.c.obj)
 .rodata        0x0000000000027554       0x70 /Applications/Simplicity Studio.app/Contents/Eclipse/developer/sdks/gecko_sdk_suite/v1.0//protocol/bluetooth_2.3/lib/EFR32BG1B/GCC/bgapi.a(gecko_bgapi_gap.c.obj)
 .rodata        0x00000000000275c4       0xa0 /Applications/Simplicity Studio.app/Contents/Eclipse/developer/sdks/gecko_sdk_suite/v1.0//protocol/bluetooth_2.3/lib/EFR32BG1B/GCC/bgapi.a(gecko_bgapi_gatt.c.obj)
 .rodata        0x0000000000027664       0x48 /Applications/Simplicity Studio.app/Contents/Eclipse/developer/sdks/gecko_sdk_suite/v1.0//protocol/bluetooth_2.3/lib/EFR32BG1B/GCC/bgapi.a(gecko_bgapi_gatt_server.c.obj)
 .rodata        0x00000000000276ac       0x30 /Applications/Simplicity Studio.app/Contents/Eclipse/developer/sdks/gecko_sdk_suite/v1.0//protocol/bluetooth_2.3/lib/EFR32BG1B/GCC/bgapi.a(gecko_bgapi_flash.c.obj)
 .rodata        0x00000000000276dc       0x80 /Applications/Simplicity Studio.app/Contents/Eclipse/developer/sdks/gecko_sdk_suite/v1.0//protocol/bluetooth_2.3/lib/EFR32BG1B/GCC/bgapi.a(gecko_bgapi_sm.c.obj)
 .rodata        0x000000000002775c       0x38 /Applications/Simplicity Studio.app/Contents/Eclipse/developer/sdks/gecko_sdk_suite/v1.0//protocol/bluetooth_2.3/lib/EFR32BG1B/GCC/bgapi.a(gecko_bgapi_system.c.obj)
 .rodata        0x0000000000027794       0x38 /Applications/Simplicity Studio.app/Contents/Eclipse/developer/sdks/gecko_sdk_suite/v1.0//protocol/bluetooth_2.3/lib/EFR32BG1B/GCC/bgapi.a(gecko_bgapi_endpoint.c.obj)
 .rodata        0x00000000000277cc       0x28 /Applications/Simplicity Studio.app/Contents/Eclipse/developer/sdks/gecko_sdk_suite/v1.0//protocol/bluetooth_2.3/lib/EFR32BG1B/GCC/bgapi.a(gecko_bgapi_le_connection.c.obj)
 .rodata        0x00000000000277f4       0x18 /Applications/Simplicity Studio.app/Contents/Eclipse/developer/sdks/gecko_sdk_suite/v1.0//protocol/bluetooth_2.3/lib/EFR32BG1B/GCC/bgapi.a(bgapi_sm.c.obj)
 .rodata        0x000000000002780c       0x18 /Applications/Simplicity Studio.app/Contents/Eclipse/developer/sdks/gecko_sdk_suite/v1.0//protocol/bluetooth_2.3/lib/EFR32BG1B/GCC/bgapi.a(adc.c.obj)
 .rodata        0x0000000000027824       0x40 /Applications/Simplicity Studio.app/Contents/Eclipse/developer/sdks/gecko_sdk_suite/v1.0//protocol/bluetooth_2.3/lib/EFR32BG1B/GCC/bgapi.a(gpio.c.obj)
 .rodata        0x0000000000027864       0x10 /Applications/Simplicity Studio.app/Contents/Eclipse/developer/sdks/gecko_sdk_suite/v1.0//protocol/bluetooth_2.3/lib/EFR32BG1B/GCC/bgapi.a(i2c.c.obj)
 .rodata        0x0000000000027874       0x60 /Applications/Simplicity Studio.app/Contents/Eclipse/developer/sdks/gecko_sdk_suite/v1.0//protocol/bluetooth_2.3/lib/EFR32BG1B/GCC/bgapi.a(uart.c.obj)
 .rodata.str1.4
                0x00000000000278d4        0x4 /Applications/Simplicity Studio.app/Contents/Eclipse/developer/toolchains/gnu_arm/4.9_2015q3/bin/../lib/gcc/arm-none-eabi/4.9.3/../../../../arm-none-eabi/lib/armv7e-m/softfp/libc.a(lib_a-impure.o)
                                          0x2 (size before relaxing)
 .rodata._global_impure_ptr
                0x00000000000278d8        0x4 /Applications/Simplicity Studio.app/Contents/Eclipse/developer/toolchains/gnu_arm/4.9_2015q3/bin/../lib/gcc/arm-none-eabi/4.9.3/../../../../arm-none-eabi/lib/armv7e-m/softfp/libc.a(lib_a-impure.o)
                0x00000000000278d8                _global_impure_ptr
 *(.eh_frame*)
 .eh_frame      0x00000000000278dc        0x0 /Applications/Simplicity Studio.app/Contents/Eclipse/developer/toolchains/gnu_arm/4.9_2015q3/bin/../lib/gcc/arm-none-eabi/4.9.3/armv7e-m/softfp/crtbegin.o
 .eh_frame      0x00000000000278dc        0x4 /Applications/Simplicity Studio.app/Contents/Eclipse/developer/toolchains/gnu_arm/4.9_2015q3/bin/../lib/gcc/arm-none-eabi/4.9.3/armv7e-m/softfp/crtend.o
                0x00000000000278e0                . = ALIGN (0x4)

.glue_7         0x00000000000278e0        0x0
 .glue_7        0x0000000000000000        0x0 linker stubs

.glue_7t        0x00000000000278e0        0x0
 .glue_7t       0x0000000000000000        0x0 linker stubs

.vfp11_veneer   0x00000000000278e0        0x0
 .vfp11_veneer  0x0000000000000000        0x0 linker stubs

.v4_bx          0x00000000000278e0        0x0
 .v4_bx         0x0000000000000000        0x0 linker stubs

.iplt           0x00000000000278e0        0x0
 .iplt          0x0000000000000000        0x0 /Applications/Simplicity Studio.app/Contents/Eclipse/developer/toolchains/gnu_arm/4.9_2015q3/bin/../lib/gcc/arm-none-eabi/4.9.3/armv7e-m/softfp/crtbegin.o

.igot.plt       0x00000000000278e0        0x0
 .igot.plt      0x0000000000000000        0x0 /Applications/Simplicity Studio.app/Contents/Eclipse/developer/toolchains/gnu_arm/4.9_2015q3/bin/../lib/gcc/arm-none-eabi/4.9.3/armv7e-m/softfp/crtbegin.o

.text_app_ARM.extab
 *(.ARM.extab* .gnu.linkonce.armextab.*)
                0x00000000000278e0                __exidx_start = .

.text_app_ARM.exidx
                0x00000000000278e0        0x8
 *(.ARM.exidx* .gnu.linkonce.armexidx.*)
 .ARM.exidx     0x00000000000278e0        0x8 /Applications/Simplicity Studio.app/Contents/Eclipse/developer/toolchains/gnu_arm/4.9_2015q3/bin/../lib/gcc/arm-none-eabi/4.9.3/../../../../arm-none-eabi/lib/armv7e-m/softfp/crt0.o
 .ARM.exidx     0x00000000000278e8        0x0 /Applications/Simplicity Studio.app/Contents/Eclipse/developer/toolchains/gnu_arm/4.9_2015q3/bin/../lib/gcc/arm-none-eabi/4.9.3/armv7e-m/softfp/libgcc.a(_divdi3.o)
                                          0x8 (size before relaxing)
 .ARM.exidx     0x00000000000278e8        0x0 /Applications/Simplicity Studio.app/Contents/Eclipse/developer/toolchains/gnu_arm/4.9_2015q3/bin/../lib/gcc/arm-none-eabi/4.9.3/armv7e-m/softfp/libgcc.a(_udivdi3.o)
                                          0x8 (size before relaxing)
                0x00000000000278e8                __exidx_end = .
                0x00000000000278e8                __etext = .

.rel.dyn        0x00000000000278e8        0x0
 .rel.iplt      0x0000000000000000        0x0 /Applications/Simplicity Studio.app/Contents/Eclipse/developer/toolchains/gnu_arm/4.9_2015q3/bin/../lib/gcc/arm-none-eabi/4.9.3/armv7e-m/softfp/crtbegin.o

.text_app_data  0x0000000020003000      0x480 load address 0x00000000000278e8
                0x0000000020003000                __data_start__ = .
 *(vtable)
 *(.data*)
 .data.bg_gattdb_data_attribute_field_6_data
                0x0000000020003000        0xd ./gatt_db.o
                0x0000000020003000                bg_gattdb_data_attribute_field_6_data
 *fill*         0x000000002000300d        0x3 
 .data.auxHfrcoFreq
                0x0000000020003010        0x4 ./emlib/em_cmu.o
 .data          0x0000000020003014        0x1 /Applications/Simplicity Studio.app/Contents/Eclipse/developer/sdks/gecko_sdk_suite/v1.0//protocol/bluetooth_2.3/lib/EFR32BG1B/GCC/bgapi.a(bgapi_endpoint.c.obj)
 *fill*         0x0000000020003015        0x3 
 .data          0x0000000020003018       0x30 /Applications/Simplicity Studio.app/Contents/Eclipse/developer/sdks/gecko_sdk_suite/v1.0//protocol/bluetooth_2.3/lib/EFR32BG1B/GCC/bgapi.a(adc.c.obj)
 .data.impure_data
                0x0000000020003048      0x428 /Applications/Simplicity Studio.app/Contents/Eclipse/developer/toolchains/gnu_arm/4.9_2015q3/bin/../lib/gcc/arm-none-eabi/4.9.3/../../../../arm-none-eabi/lib/armv7e-m/softfp/libc.a(lib_a-impure.o)
                0x0000000020003470                . = ALIGN (0x4)
 *(.ram)
                0x0000000020003470                . = ALIGN (0x4)
                0x0000000020003470                PROVIDE (__preinit_array_start, .)
 *(.preinit_array)
                0x0000000020003470                PROVIDE (__preinit_array_end, .)
                0x0000000020003470                . = ALIGN (0x4)
                0x0000000020003470                PROVIDE (__init_array_start, .)
 *(SORT(.init_array.*))
 .init_array.00000
                0x0000000020003470        0x4 /Applications/Simplicity Studio.app/Contents/Eclipse/developer/toolchains/gnu_arm/4.9_2015q3/bin/../lib/gcc/arm-none-eabi/4.9.3/../../../../arm-none-eabi/lib/armv7e-m/softfp/libc.a(lib_a-__call_atexit.o)
 *(.init_array)
 .init_array    0x0000000020003474        0x4 /Applications/Simplicity Studio.app/Contents/Eclipse/developer/toolchains/gnu_arm/4.9_2015q3/bin/../lib/gcc/arm-none-eabi/4.9.3/armv7e-m/softfp/crtbegin.o
                0x0000000020003478                PROVIDE (__init_array_end, .)
                0x0000000020003478                . = ALIGN (0x4)
                0x0000000020003478                PROVIDE (__fini_array_start, .)
 *(SORT(.fini_array.*))
 *(.fini_array)
 .fini_array    0x0000000020003478        0x4 /Applications/Simplicity Studio.app/Contents/Eclipse/developer/toolchains/gnu_arm/4.9_2015q3/bin/../lib/gcc/arm-none-eabi/4.9.3/armv7e-m/softfp/crtbegin.o
                0x000000002000347c                PROVIDE (__fini_array_end, .)
 *(.jcr*)
 .jcr           0x000000002000347c        0x0 /Applications/Simplicity Studio.app/Contents/Eclipse/developer/toolchains/gnu_arm/4.9_2015q3/bin/../lib/gcc/arm-none-eabi/4.9.3/armv7e-m/softfp/crtbegin.o
 .jcr           0x000000002000347c        0x4 /Applications/Simplicity Studio.app/Contents/Eclipse/developer/toolchains/gnu_arm/4.9_2015q3/bin/../lib/gcc/arm-none-eabi/4.9.3/armv7e-m/softfp/crtend.o
                0x0000000020003480                . = ALIGN (0x4)
                0x0000000020003480                __data_end__ = .

.bss            0x0000000020003480     0x1ce8 load address 0x0000000000027d68
                0x0000000020003480                . = ALIGN (0x4)
                0x0000000020003480                __bss_start__ = .
 *(.bss*)
 .bss           0x0000000020003480       0x1c /Applications/Simplicity Studio.app/Contents/Eclipse/developer/toolchains/gnu_arm/4.9_2015q3/bin/../lib/gcc/arm-none-eabi/4.9.3/armv7e-m/softfp/crtbegin.o
 .bss.bg_gattdb_data_attribute_field_26_data
                0x000000002000349c        0x1 ./gatt_db.o
                0x000000002000349c                bg_gattdb_data_attribute_field_26_data
 *fill*         0x000000002000349d        0x3 
 .bss.bg_gattdb_data_attribute_field_2_data
                0x00000000200034a0        0x4 ./gatt_db.o
                0x00000000200034a0                bg_gattdb_data_attribute_field_2_data
 .bss.bg_gattdb_data_attribute_field_18_data
                0x00000000200034a4        0x1 ./gatt_db.o
                0x00000000200034a4                bg_gattdb_data_attribute_field_18_data
 *fill*         0x00000000200034a5        0x3 
 .bss.bg_gattdb_data_attribute_field_21_data
                0x00000000200034a8        0x1 ./gatt_db.o
                0x00000000200034a8                bg_gattdb_data_attribute_field_21_data
 *fill*         0x00000000200034a9        0x3 
 .bss.bg_gattdb_data_attribute_field_24_data
                0x00000000200034ac        0x1 ./gatt_db.o
                0x00000000200034ac                bg_gattdb_data_attribute_field_24_data
 .bss.boot_to_dfu
                0x00000000200034ad        0x1 ./main.o
                0x00000000200034ad                boot_to_dfu
 .bss.UARTbufferctr
                0x00000000200034ae        0x1 ./peripherals.o
 *fill*         0x00000000200034af        0x1 
 .bss.leuartif  0x00000000200034b0        0x4 ./peripherals.o
 .bss.desiredDutyCycle
                0x00000000200034b4        0x4 ./peripherals.o
 .bss.SOFReceived
                0x00000000200034b8        0x4 ./peripherals.o
                0x00000000200034b8                SOFReceived
 .bss.chTable   0x00000000200034bc       0xa0 ./bgapi/dmadrv.o
 .bss.initialized
                0x000000002000355c        0x1 ./bgapi/dmadrv.o
 *fill*         0x000000002000355d        0x3 
 .bss.dmaXfer   0x0000000020003560      0x100 ./bgapi/dmadrv.o
 .bss.dcdcEm01LoadCurrent_mA
                0x0000000020003660        0x2 ./emlib/em_emu.o
 .bss.dcdcReverseCurrentControl
                0x0000000020003662        0x2 ./emlib/em_emu.o
 .bss.dcdcMaxCurrent_mA
                0x0000000020003664        0x2 ./emlib/em_emu.o
 *fill*         0x0000000020003666        0x2 
 .bss.errataFixDcdcHsState
                0x0000000020003668        0x4 ./emlib/em_emu.o
 .bss           0x000000002000366c      0x100 /Applications/Simplicity Studio.app/Contents/Eclipse/developer/sdks/gecko_sdk_suite/v1.0//protocol/bluetooth_2.3/lib/EFR32BG1B/GCC/bgapi.a(bgapi_hardware_lib.c.obj)
 .bss           0x000000002000376c        0x4 /Applications/Simplicity Studio.app/Contents/Eclipse/developer/sdks/gecko_sdk_suite/v1.0//protocol/bluetooth_2.3/lib/EFR32BG1B/GCC/bgapi.a(bgapi_hardware.c.obj)
 .bss           0x0000000020003770       0x10 /Applications/Simplicity Studio.app/Contents/Eclipse/developer/sdks/gecko_sdk_suite/v1.0//protocol/bluetooth_2.3/lib/EFR32BG1B/GCC/bgapi.a(bgapi_util.c.obj)
 .bss           0x0000000020003780        0x2 /Applications/Simplicity Studio.app/Contents/Eclipse/developer/sdks/gecko_sdk_suite/v1.0//protocol/bluetooth_2.3/lib/EFR32BG1B/GCC/bgapi.a(bgapi_gap.c.obj)
                0x0000000020003780                legacy_maxadv_events
 *fill*         0x0000000020003782        0x2 
 .bss           0x0000000020003784        0x4 /Applications/Simplicity Studio.app/Contents/Eclipse/developer/sdks/gecko_sdk_suite/v1.0//protocol/bluetooth_2.3/lib/EFR32BG1B/GCC/bgapi.a(bgapi_sm.c.obj)
 .bss           0x0000000020003788        0xc /Applications/Simplicity Studio.app/Contents/Eclipse/developer/sdks/gecko_sdk_suite/v1.0//protocol/bluetooth_2.3/lib/EFR32BG1B/GCC/bgapi.a(bgapi_endpoint.c.obj)
 .bss           0x0000000020003794        0x4 /Applications/Simplicity Studio.app/Contents/Eclipse/developer/sdks/gecko_sdk_suite/v1.0//protocol/bluetooth_2.3/lib/EFR32BG1B/GCC/bgapi.a(adc.c.obj)
 .bss           0x0000000020003798        0x2 /Applications/Simplicity Studio.app/Contents/Eclipse/developer/sdks/gecko_sdk_suite/v1.0//protocol/bluetooth_2.3/lib/EFR32BG1B/GCC/bgapi.a(i2c.c.obj)
 *fill*         0x000000002000379a        0x2 
 .bss           0x000000002000379c       0x2c /Applications/Simplicity Studio.app/Contents/Eclipse/developer/sdks/gecko_sdk_suite/v1.0//protocol/bluetooth_2.3/lib/EFR32BG1B/GCC/bgapi.a(sleep_signal.c.obj)
                0x00000000200037b0                sleep_signal_mask
                0x00000000200037c4                host_wakeup_signal_mask
 .bss           0x00000000200037c8       0x70 /Applications/Simplicity Studio.app/Contents/Eclipse/developer/sdks/gecko_sdk_suite/v1.0//protocol/bluetooth_2.3/lib/EFR32BG1B/GCC/bgapi.a(uart.c.obj)
 *(COMMON)
 COMMON         0x0000000020003838     0x18d4 ./main.o
                0x0000000020003838                localPWM
                0x000000002000383c                bluetooth_stack_heap
 COMMON         0x000000002000510c       0x4c ./peripherals.o
                0x000000002000510c                UARTObj
                0x0000000020005110                UserGPIOs
                0x0000000020005114                PWMObj
                0x0000000020005118                UARTbuffer
 COMMON         0x0000000020005158        0xc /Applications/Simplicity Studio.app/Contents/Eclipse/developer/sdks/gecko_sdk_suite/v1.0//protocol/bluetooth_2.3/lib/EFR32BG1B/GCC/bgapi.a(uart_endpoint.c.obj)
                0x0000000020005158                uarts
 COMMON         0x0000000020005164        0x1 /Applications/Simplicity Studio.app/Contents/Eclipse/developer/sdks/gecko_sdk_suite/v1.0//protocol/bluetooth_2.3/lib/EFR32BG1B/GCC/bgapi.a(gpio.c.obj)
                0x0000000020005164                gpio_events
                0x0000000020005168                . = ALIGN (0x4)
 *fill*         0x0000000020005165        0x3 
                0x0000000020005168                __bss_end__ = .

.heap           0x0000000020005168      0xc00
                0x0000000020005168                __HeapBase = .
                0x0000000020005168                __end__ = .
                0x0000000020005168                end = __end__
                0x0000000020005168                _end = __end__
 *(.heap*)
 .heap          0x0000000020005168      0xc00 ./device/EFR32_B_1_1_B/gcc/startup_efr32bg1b.o
                0x0000000020005d68                __HeapLimit = .

.stack_dummy    0x0000000020005d68      0x400
 *(.stack*)
 .stack         0x0000000020005d68      0x400 ./device/EFR32_B_1_1_B/gcc/startup_efr32bg1b.o
                0x0000000020007bfc                __StackTop = (ORIGIN (RAM) + 0x4bfc)
                0x00000000200077fc                __StackLimit = (__StackTop - SIZEOF (.stack_dummy))
                0x0000000020007bfc                PROVIDE (__stack, __StackTop)
                0x0000000000000001                ASSERT ((__StackLimit >= __HeapLimit), region RAM overflowed with stack)
OUTPUT(Locoroll-2.axf elf32-littlearm)

.ARM.attributes
                0x0000000000000000       0x2e
 .ARM.attributes
                0x0000000000000000       0x22 /Applications/Simplicity Studio.app/Contents/Eclipse/developer/toolchains/gnu_arm/4.9_2015q3/bin/../lib/gcc/arm-none-eabi/4.9.3/armv7e-m/softfp/crti.o
 .ARM.attributes
                0x0000000000000022       0x32 /Applications/Simplicity Studio.app/Contents/Eclipse/developer/toolchains/gnu_arm/4.9_2015q3/bin/../lib/gcc/arm-none-eabi/4.9.3/armv7e-m/softfp/crtbegin.o
 .ARM.attributes
                0x0000000000000054       0x20 /Applications/Simplicity Studio.app/Contents/Eclipse/developer/toolchains/gnu_arm/4.9_2015q3/bin/../lib/gcc/arm-none-eabi/4.9.3/../../../../arm-none-eabi/lib/armv7e-m/softfp/crt0.o
 .ARM.attributes
                0x0000000000000074       0x37 ./em_timer.o
 .ARM.attributes
                0x00000000000000ab       0x37 ./gatt_db.o
 .ARM.attributes
                0x00000000000000e2       0x37 ./main.o
 .ARM.attributes
                0x0000000000000119       0x37 ./peripherals.o
 .ARM.attributes
                0x0000000000000150       0x37 ./bgapi/dmadrv.o
 .ARM.attributes
                0x0000000000000187       0x37 ./bgapi/em_adc.o
 .ARM.attributes
                0x00000000000001be       0x37 ./bgapi/em_ldma.o
 .ARM.attributes
                0x00000000000001f5       0x37 ./bgapi/em_leuart.o
 .ARM.attributes
                0x000000000000022c       0x37 ./device/EFR32_B_1_1_B/gcc/startup_efr32bg1b.o
 .ARM.attributes
                0x0000000000000263       0x37 ./emlib/em_cmu.o
 .ARM.attributes
                0x000000000000029a       0x37 ./emlib/em_emu.o
 .ARM.attributes
                0x00000000000002d1       0x37 ./emlib/em_gpio.o
 .ARM.attributes
                0x0000000000000308       0x37 ./emlib/em_i2c.o
 .ARM.attributes
                0x000000000000033f       0x37 ./emlib/em_rtcc.o
 .ARM.attributes
                0x0000000000000376       0x37 ./emlib/em_system.o
 .ARM.attributes
                0x00000000000003ad       0x37 ./emlib/em_usart.o
 .ARM.attributes
                0x00000000000003e4       0x37 ./src/InitDevice.o
 .ARM.attributes
                0x000000000000041b       0x1c /Applications/Simplicity Studio.app/Contents/Eclipse/developer/sdks/gecko_sdk_suite/v1.0//protocol/bluetooth_2.3/lib/EFR32BG1B/EABI/binstack.o
 .ARM.attributes
                0x0000000000000437       0x37 /Applications/Simplicity Studio.app/Contents/Eclipse/developer/sdks/gecko_sdk_suite/v1.0//protocol/bluetooth_2.3/lib/EFR32BG1B/GCC/bgapi.a(gecko_bgapi_hardware.c.obj)
 .ARM.attributes
                0x000000000000046e       0x37 /Applications/Simplicity Studio.app/Contents/Eclipse/developer/sdks/gecko_sdk_suite/v1.0//protocol/bluetooth_2.3/lib/EFR32BG1B/GCC/bgapi.a(gecko_bgapi_test.c.obj)
 .ARM.attributes
                0x00000000000004a5       0x37 /Applications/Simplicity Studio.app/Contents/Eclipse/developer/sdks/gecko_sdk_suite/v1.0//protocol/bluetooth_2.3/lib/EFR32BG1B/GCC/bgapi.a(gecko_bgapi_util.c.obj)
 .ARM.attributes
                0x00000000000004dc       0x37 /Applications/Simplicity Studio.app/Contents/Eclipse/developer/sdks/gecko_sdk_suite/v1.0//protocol/bluetooth_2.3/lib/EFR32BG1B/GCC/bgapi.a(gecko_bgapi_dfu.c.obj)
 .ARM.attributes
                0x0000000000000513       0x37 /Applications/Simplicity Studio.app/Contents/Eclipse/developer/sdks/gecko_sdk_suite/v1.0//protocol/bluetooth_2.3/lib/EFR32BG1B/GCC/bgapi.a(gecko_bgapi_gap.c.obj)
 .ARM.attributes
                0x000000000000054a       0x37 /Applications/Simplicity Studio.app/Contents/Eclipse/developer/sdks/gecko_sdk_suite/v1.0//protocol/bluetooth_2.3/lib/EFR32BG1B/GCC/bgapi.a(gecko_bgapi_gatt.c.obj)
 .ARM.attributes
                0x0000000000000581       0x37 /Applications/Simplicity Studio.app/Contents/Eclipse/developer/sdks/gecko_sdk_suite/v1.0//protocol/bluetooth_2.3/lib/EFR32BG1B/GCC/bgapi.a(gecko_bgapi_gatt_server.c.obj)
 .ARM.attributes
                0x00000000000005b8       0x37 /Applications/Simplicity Studio.app/Contents/Eclipse/developer/sdks/gecko_sdk_suite/v1.0//protocol/bluetooth_2.3/lib/EFR32BG1B/GCC/bgapi.a(gecko_bgapi_flash.c.obj)
 .ARM.attributes
                0x00000000000005ef       0x37 /Applications/Simplicity Studio.app/Contents/Eclipse/developer/sdks/gecko_sdk_suite/v1.0//protocol/bluetooth_2.3/lib/EFR32BG1B/GCC/bgapi.a(gecko_bgapi_sm.c.obj)
 .ARM.attributes
                0x0000000000000626       0x37 /Applications/Simplicity Studio.app/Contents/Eclipse/developer/sdks/gecko_sdk_suite/v1.0//protocol/bluetooth_2.3/lib/EFR32BG1B/GCC/bgapi.a(gecko_bgapi_system.c.obj)
 .ARM.attributes
                0x000000000000065d       0x37 /Applications/Simplicity Studio.app/Contents/Eclipse/developer/sdks/gecko_sdk_suite/v1.0//protocol/bluetooth_2.3/lib/EFR32BG1B/GCC/bgapi.a(gecko_bgapi_endpoint.c.obj)
 .ARM.attributes
                0x0000000000000694       0x37 /Applications/Simplicity Studio.app/Contents/Eclipse/developer/sdks/gecko_sdk_suite/v1.0//protocol/bluetooth_2.3/lib/EFR32BG1B/GCC/bgapi.a(gecko_bgapi_le_connection.c.obj)
 .ARM.attributes
                0x00000000000006cb       0x37 /Applications/Simplicity Studio.app/Contents/Eclipse/developer/sdks/gecko_sdk_suite/v1.0//protocol/bluetooth_2.3/lib/EFR32BG1B/GCC/bgapi.a(bgapi_hardware_lib.c.obj)
 .ARM.attributes
                0x0000000000000702       0x37 /Applications/Simplicity Studio.app/Contents/Eclipse/developer/sdks/gecko_sdk_suite/v1.0//protocol/bluetooth_2.3/lib/EFR32BG1B/GCC/bgapi.a(bgapi_hardware.c.obj)
 .ARM.attributes
                0x0000000000000739       0x37 /Applications/Simplicity Studio.app/Contents/Eclipse/developer/sdks/gecko_sdk_suite/v1.0//protocol/bluetooth_2.3/lib/EFR32BG1B/GCC/bgapi.a(bgapi_test_lib.c.obj)
 .ARM.attributes
                0x0000000000000770       0x37 /Applications/Simplicity Studio.app/Contents/Eclipse/developer/sdks/gecko_sdk_suite/v1.0//protocol/bluetooth_2.3/lib/EFR32BG1B/GCC/bgapi.a(bgapi_util.c.obj)
 .ARM.attributes
                0x00000000000007a7       0x37 /Applications/Simplicity Studio.app/Contents/Eclipse/developer/sdks/gecko_sdk_suite/v1.0//protocol/bluetooth_2.3/lib/EFR32BG1B/GCC/bgapi.a(bgapi_dfu.c.obj)
 .ARM.attributes
                0x00000000000007de       0x37 /Applications/Simplicity Studio.app/Contents/Eclipse/developer/sdks/gecko_sdk_suite/v1.0//protocol/bluetooth_2.3/lib/EFR32BG1B/GCC/bgapi.a(bgapi_gap.c.obj)
 .ARM.attributes
                0x0000000000000815       0x37 /Applications/Simplicity Studio.app/Contents/Eclipse/developer/sdks/gecko_sdk_suite/v1.0//protocol/bluetooth_2.3/lib/EFR32BG1B/GCC/bgapi.a(bgapi_gatt_lib.c.obj)
 .ARM.attributes
                0x000000000000084c       0x37 /Applications/Simplicity Studio.app/Contents/Eclipse/developer/sdks/gecko_sdk_suite/v1.0//protocol/bluetooth_2.3/lib/EFR32BG1B/GCC/bgapi.a(bgapi_ps.c.obj)
 .ARM.attributes
                0x0000000000000883       0x37 /Applications/Simplicity Studio.app/Contents/Eclipse/developer/sdks/gecko_sdk_suite/v1.0//protocol/bluetooth_2.3/lib/EFR32BG1B/GCC/bgapi.a(bgapi_sm.c.obj)
 .ARM.attributes
                0x00000000000008ba       0x37 /Applications/Simplicity Studio.app/Contents/Eclipse/developer/sdks/gecko_sdk_suite/v1.0//protocol/bluetooth_2.3/lib/EFR32BG1B/GCC/bgapi.a(bgapi_system.c.obj)
 .ARM.attributes
                0x00000000000008f1       0x37 /Applications/Simplicity Studio.app/Contents/Eclipse/developer/sdks/gecko_sdk_suite/v1.0//protocol/bluetooth_2.3/lib/EFR32BG1B/GCC/bgapi.a(bgapi_endpoint.c.obj)
 .ARM.attributes
                0x0000000000000928       0x37 /Applications/Simplicity Studio.app/Contents/Eclipse/developer/sdks/gecko_sdk_suite/v1.0//protocol/bluetooth_2.3/lib/EFR32BG1B/GCC/bgapi.a(bgapi_le_connection.c.obj)
 .ARM.attributes
                0x000000000000095f       0x37 /Applications/Simplicity Studio.app/Contents/Eclipse/developer/sdks/gecko_sdk_suite/v1.0//protocol/bluetooth_2.3/lib/EFR32BG1B/GCC/bgapi.a(uart_endpoint.c.obj)
 .ARM.attributes
                0x0000000000000996       0x37 /Applications/Simplicity Studio.app/Contents/Eclipse/developer/sdks/gecko_sdk_suite/v1.0//protocol/bluetooth_2.3/lib/EFR32BG1B/GCC/bgapi.a(bgapi_endpoint.c.obj)
 .ARM.attributes
                0x00000000000009cd       0x37 /Applications/Simplicity Studio.app/Contents/Eclipse/developer/sdks/gecko_sdk_suite/v1.0//protocol/bluetooth_2.3/lib/EFR32BG1B/GCC/bgapi.a(adc.c.obj)
 .ARM.attributes
                0x0000000000000a04       0x37 /Applications/Simplicity Studio.app/Contents/Eclipse/developer/sdks/gecko_sdk_suite/v1.0//protocol/bluetooth_2.3/lib/EFR32BG1B/GCC/bgapi.a(gpio.c.obj)
 .ARM.attributes
                0x0000000000000a3b       0x37 /Applications/Simplicity Studio.app/Contents/Eclipse/developer/sdks/gecko_sdk_suite/v1.0//protocol/bluetooth_2.3/lib/EFR32BG1B/GCC/bgapi.a(i2c.c.obj)
 .ARM.attributes
                0x0000000000000a72       0x37 /Applications/Simplicity Studio.app/Contents/Eclipse/developer/sdks/gecko_sdk_suite/v1.0//protocol/bluetooth_2.3/lib/EFR32BG1B/GCC/bgapi.a(sleep_signal.c.obj)
 .ARM.attributes
                0x0000000000000aa9       0x37 /Applications/Simplicity Studio.app/Contents/Eclipse/developer/sdks/gecko_sdk_suite/v1.0//protocol/bluetooth_2.3/lib/EFR32BG1B/GCC/bgapi.a(uart.c.obj)
 .ARM.attributes
                0x0000000000000ae0       0x1c /Applications/Simplicity Studio.app/Contents/Eclipse/developer/sdks/gecko_sdk_suite/v1.0//protocol/bluetooth_2.3/lib/EFR32BG1B/EABI/binbootloader.o
 .ARM.attributes
                0x0000000000000afc       0x22 /Applications/Simplicity Studio.app/Contents/Eclipse/developer/toolchains/gnu_arm/4.9_2015q3/bin/../lib/gcc/arm-none-eabi/4.9.3/armv7e-m/softfp/libgcc.a(_aeabi_uldivmod.o)
 .ARM.attributes
                0x0000000000000b1e       0x32 /Applications/Simplicity Studio.app/Contents/Eclipse/developer/toolchains/gnu_arm/4.9_2015q3/bin/../lib/gcc/arm-none-eabi/4.9.3/armv7e-m/softfp/libgcc.a(bpabi.o)
 .ARM.attributes
                0x0000000000000b50       0x22 /Applications/Simplicity Studio.app/Contents/Eclipse/developer/toolchains/gnu_arm/4.9_2015q3/bin/../lib/gcc/arm-none-eabi/4.9.3/armv7e-m/softfp/libgcc.a(_dvmd_tls.o)
 .ARM.attributes
                0x0000000000000b72       0x32 /Applications/Simplicity Studio.app/Contents/Eclipse/developer/toolchains/gnu_arm/4.9_2015q3/bin/../lib/gcc/arm-none-eabi/4.9.3/armv7e-m/softfp/libgcc.a(_divdi3.o)
 .ARM.attributes
                0x0000000000000ba4       0x32 /Applications/Simplicity Studio.app/Contents/Eclipse/developer/toolchains/gnu_arm/4.9_2015q3/bin/../lib/gcc/arm-none-eabi/4.9.3/armv7e-m/softfp/libgcc.a(_udivdi3.o)
 .ARM.attributes
                0x0000000000000bd6       0x32 /Applications/Simplicity Studio.app/Contents/Eclipse/developer/toolchains/gnu_arm/4.9_2015q3/bin/../lib/gcc/arm-none-eabi/4.9.3/../../../../arm-none-eabi/lib/armv7e-m/softfp/libc.a(lib_a-exit.o)
 .ARM.attributes
                0x0000000000000c08       0x32 /Applications/Simplicity Studio.app/Contents/Eclipse/developer/toolchains/gnu_arm/4.9_2015q3/bin/../lib/gcc/arm-none-eabi/4.9.3/../../../../arm-none-eabi/lib/armv7e-m/softfp/libc.a(lib_a-impure.o)
 .ARM.attributes
                0x0000000000000c3a       0x32 /Applications/Simplicity Studio.app/Contents/Eclipse/developer/toolchains/gnu_arm/4.9_2015q3/bin/../lib/gcc/arm-none-eabi/4.9.3/../../../../arm-none-eabi/lib/armv7e-m/softfp/libc.a(lib_a-init.o)
 .ARM.attributes
                0x0000000000000c6c       0x32 /Applications/Simplicity Studio.app/Contents/Eclipse/developer/toolchains/gnu_arm/4.9_2015q3/bin/../lib/gcc/arm-none-eabi/4.9.3/../../../../arm-none-eabi/lib/armv7e-m/softfp/libc.a(lib_a-memset.o)
 .ARM.attributes
                0x0000000000000c9e       0x32 /Applications/Simplicity Studio.app/Contents/Eclipse/developer/toolchains/gnu_arm/4.9_2015q3/bin/../lib/gcc/arm-none-eabi/4.9.3/../../../../arm-none-eabi/lib/armv7e-m/softfp/libc.a(lib_a-__call_atexit.o)
 .ARM.attributes
                0x0000000000000cd0       0x32 /Applications/Simplicity Studio.app/Contents/Eclipse/developer/toolchains/gnu_arm/4.9_2015q3/bin/../lib/gcc/arm-none-eabi/4.9.3/../../../../arm-none-eabi/lib/armv7e-m/softfp/libc.a(lib_a-atexit.o)
 .ARM.attributes
                0x0000000000000d02       0x32 /Applications/Simplicity Studio.app/Contents/Eclipse/developer/toolchains/gnu_arm/4.9_2015q3/bin/../lib/gcc/arm-none-eabi/4.9.3/../../../../arm-none-eabi/lib/armv7e-m/softfp/libc.a(lib_a-fini.o)
 .ARM.attributes
                0x0000000000000d34       0x32 /Applications/Simplicity Studio.app/Contents/Eclipse/developer/toolchains/gnu_arm/4.9_2015q3/bin/../lib/gcc/arm-none-eabi/4.9.3/../../../../arm-none-eabi/lib/armv7e-m/softfp/libc.a(lib_a-__atexit.o)
 .ARM.attributes
                0x0000000000000d66       0x32 /Applications/Simplicity Studio.app/Contents/Eclipse/developer/toolchains/gnu_arm/4.9_2015q3/bin/../lib/gcc/arm-none-eabi/4.9.3/../../../../arm-none-eabi/lib/armv7e-m/softfp/libnosys.a(_exit.o)
 .ARM.attributes
                0x0000000000000d98       0x32 /Applications/Simplicity Studio.app/Contents/Eclipse/developer/toolchains/gnu_arm/4.9_2015q3/bin/../lib/gcc/arm-none-eabi/4.9.3/armv7e-m/softfp/crtend.o
 .ARM.attributes
                0x0000000000000dca       0x22 /Applications/Simplicity Studio.app/Contents/Eclipse/developer/toolchains/gnu_arm/4.9_2015q3/bin/../lib/gcc/arm-none-eabi/4.9.3/armv7e-m/softfp/crtn.o

.comment        0x0000000000000000       0xde
 .comment       0x0000000000000000       0x70 ./em_timer.o
                                         0x71 (size before relaxing)
 .comment       0x0000000000000000       0x71 ./gatt_db.o
 .comment       0x0000000000000000       0x71 ./main.o
 .comment       0x0000000000000000       0x71 ./peripherals.o
 .comment       0x0000000000000000       0x71 ./bgapi/dmadrv.o
 .comment       0x0000000000000000       0x71 ./bgapi/em_adc.o
 .comment       0x0000000000000000       0x71 ./bgapi/em_ldma.o
 .comment       0x0000000000000000       0x71 ./bgapi/em_leuart.o
 .comment       0x0000000000000000       0x71 ./device/EFR32_B_1_1_B/gcc/startup_efr32bg1b.o
 .comment       0x0000000000000000       0x71 ./emlib/em_cmu.o
 .comment       0x0000000000000000       0x71 ./emlib/em_emu.o
 .comment       0x0000000000000000       0x71 ./emlib/em_gpio.o
 .comment       0x0000000000000000       0x71 ./emlib/em_i2c.o
 .comment       0x0000000000000000       0x71 ./emlib/em_rtcc.o
 .comment       0x0000000000000000       0x71 ./emlib/em_system.o
 .comment       0x0000000000000000       0x71 ./emlib/em_usart.o
 .comment       0x0000000000000000       0x71 ./src/InitDevice.o
 .comment       0x0000000000000070       0x6e /Applications/Simplicity Studio.app/Contents/Eclipse/developer/sdks/gecko_sdk_suite/v1.0//protocol/bluetooth_2.3/lib/EFR32BG1B/GCC/bgapi.a(gecko_bgapi_hardware.c.obj)
                                         0x6f (size before relaxing)
 .comment       0x0000000000000000       0x6f /Applications/Simplicity Studio.app/Contents/Eclipse/developer/sdks/gecko_sdk_suite/v1.0//protocol/bluetooth_2.3/lib/EFR32BG1B/GCC/bgapi.a(gecko_bgapi_test.c.obj)
 .comment       0x0000000000000000       0x6f /Applications/Simplicity Studio.app/Contents/Eclipse/developer/sdks/gecko_sdk_suite/v1.0//protocol/bluetooth_2.3/lib/EFR32BG1B/GCC/bgapi.a(gecko_bgapi_util.c.obj)
 .comment       0x0000000000000000       0x6f /Applications/Simplicity Studio.app/Contents/Eclipse/developer/sdks/gecko_sdk_suite/v1.0//protocol/bluetooth_2.3/lib/EFR32BG1B/GCC/bgapi.a(gecko_bgapi_dfu.c.obj)
 .comment       0x0000000000000000       0x6f /Applications/Simplicity Studio.app/Contents/Eclipse/developer/sdks/gecko_sdk_suite/v1.0//protocol/bluetooth_2.3/lib/EFR32BG1B/GCC/bgapi.a(gecko_bgapi_gap.c.obj)
 .comment       0x0000000000000000       0x6f /Applications/Simplicity Studio.app/Contents/Eclipse/developer/sdks/gecko_sdk_suite/v1.0//protocol/bluetooth_2.3/lib/EFR32BG1B/GCC/bgapi.a(gecko_bgapi_gatt.c.obj)
 .comment       0x0000000000000000       0x6f /Applications/Simplicity Studio.app/Contents/Eclipse/developer/sdks/gecko_sdk_suite/v1.0//protocol/bluetooth_2.3/lib/EFR32BG1B/GCC/bgapi.a(gecko_bgapi_gatt_server.c.obj)
 .comment       0x0000000000000000       0x6f /Applications/Simplicity Studio.app/Contents/Eclipse/developer/sdks/gecko_sdk_suite/v1.0//protocol/bluetooth_2.3/lib/EFR32BG1B/GCC/bgapi.a(gecko_bgapi_flash.c.obj)
 .comment       0x0000000000000000       0x6f /Applications/Simplicity Studio.app/Contents/Eclipse/developer/sdks/gecko_sdk_suite/v1.0//protocol/bluetooth_2.3/lib/EFR32BG1B/GCC/bgapi.a(gecko_bgapi_sm.c.obj)
 .comment       0x0000000000000000       0x6f /Applications/Simplicity Studio.app/Contents/Eclipse/developer/sdks/gecko_sdk_suite/v1.0//protocol/bluetooth_2.3/lib/EFR32BG1B/GCC/bgapi.a(gecko_bgapi_system.c.obj)
 .comment       0x0000000000000000       0x6f /Applications/Simplicity Studio.app/Contents/Eclipse/developer/sdks/gecko_sdk_suite/v1.0//protocol/bluetooth_2.3/lib/EFR32BG1B/GCC/bgapi.a(gecko_bgapi_endpoint.c.obj)
 .comment       0x0000000000000000       0x6f /Applications/Simplicity Studio.app/Contents/Eclipse/developer/sdks/gecko_sdk_suite/v1.0//protocol/bluetooth_2.3/lib/EFR32BG1B/GCC/bgapi.a(gecko_bgapi_le_connection.c.obj)
 .comment       0x0000000000000000       0x6f /Applications/Simplicity Studio.app/Contents/Eclipse/developer/sdks/gecko_sdk_suite/v1.0//protocol/bluetooth_2.3/lib/EFR32BG1B/GCC/bgapi.a(bgapi_hardware_lib.c.obj)
 .comment       0x0000000000000000       0x6f /Applications/Simplicity Studio.app/Contents/Eclipse/developer/sdks/gecko_sdk_suite/v1.0//protocol/bluetooth_2.3/lib/EFR32BG1B/GCC/bgapi.a(bgapi_hardware.c.obj)
 .comment       0x0000000000000000       0x6f /Applications/Simplicity Studio.app/Contents/Eclipse/developer/sdks/gecko_sdk_suite/v1.0//protocol/bluetooth_2.3/lib/EFR32BG1B/GCC/bgapi.a(bgapi_test_lib.c.obj)
 .comment       0x0000000000000000       0x6f /Applications/Simplicity Studio.app/Contents/Eclipse/developer/sdks/gecko_sdk_suite/v1.0//protocol/bluetooth_2.3/lib/EFR32BG1B/GCC/bgapi.a(bgapi_util.c.obj)
 .comment       0x0000000000000000       0x6f /Applications/Simplicity Studio.app/Contents/Eclipse/developer/sdks/gecko_sdk_suite/v1.0//protocol/bluetooth_2.3/lib/EFR32BG1B/GCC/bgapi.a(bgapi_dfu.c.obj)
 .comment       0x0000000000000000       0x6f /Applications/Simplicity Studio.app/Contents/Eclipse/developer/sdks/gecko_sdk_suite/v1.0//protocol/bluetooth_2.3/lib/EFR32BG1B/GCC/bgapi.a(bgapi_gap.c.obj)
 .comment       0x0000000000000000       0x6f /Applications/Simplicity Studio.app/Contents/Eclipse/developer/sdks/gecko_sdk_suite/v1.0//protocol/bluetooth_2.3/lib/EFR32BG1B/GCC/bgapi.a(bgapi_gatt_lib.c.obj)
 .comment       0x0000000000000000       0x6f /Applications/Simplicity Studio.app/Contents/Eclipse/developer/sdks/gecko_sdk_suite/v1.0//protocol/bluetooth_2.3/lib/EFR32BG1B/GCC/bgapi.a(bgapi_ps.c.obj)
 .comment       0x0000000000000000       0x6f /Applications/Simplicity Studio.app/Contents/Eclipse/developer/sdks/gecko_sdk_suite/v1.0//protocol/bluetooth_2.3/lib/EFR32BG1B/GCC/bgapi.a(bgapi_sm.c.obj)
 .comment       0x0000000000000000       0x6f /Applications/Simplicity Studio.app/Contents/Eclipse/developer/sdks/gecko_sdk_suite/v1.0//protocol/bluetooth_2.3/lib/EFR32BG1B/GCC/bgapi.a(bgapi_system.c.obj)
 .comment       0x0000000000000000       0x6f /Applications/Simplicity Studio.app/Contents/Eclipse/developer/sdks/gecko_sdk_suite/v1.0//protocol/bluetooth_2.3/lib/EFR32BG1B/GCC/bgapi.a(bgapi_endpoint.c.obj)
 .comment       0x0000000000000000       0x6f /Applications/Simplicity Studio.app/Contents/Eclipse/developer/sdks/gecko_sdk_suite/v1.0//protocol/bluetooth_2.3/lib/EFR32BG1B/GCC/bgapi.a(bgapi_le_connection.c.obj)
 .comment       0x0000000000000000       0x6f /Applications/Simplicity Studio.app/Contents/Eclipse/developer/sdks/gecko_sdk_suite/v1.0//protocol/bluetooth_2.3/lib/EFR32BG1B/GCC/bgapi.a(uart_endpoint.c.obj)
 .comment       0x0000000000000000       0x6f /Applications/Simplicity Studio.app/Contents/Eclipse/developer/sdks/gecko_sdk_suite/v1.0//protocol/bluetooth_2.3/lib/EFR32BG1B/GCC/bgapi.a(bgapi_endpoint.c.obj)
 .comment       0x0000000000000000       0x6f /Applications/Simplicity Studio.app/Contents/Eclipse/developer/sdks/gecko_sdk_suite/v1.0//protocol/bluetooth_2.3/lib/EFR32BG1B/GCC/bgapi.a(adc.c.obj)
 .comment       0x0000000000000000       0x6f /Applications/Simplicity Studio.app/Contents/Eclipse/developer/sdks/gecko_sdk_suite/v1.0//protocol/bluetooth_2.3/lib/EFR32BG1B/GCC/bgapi.a(gpio.c.obj)
 .comment       0x0000000000000000       0x6f /Applications/Simplicity Studio.app/Contents/Eclipse/developer/sdks/gecko_sdk_suite/v1.0//protocol/bluetooth_2.3/lib/EFR32BG1B/GCC/bgapi.a(i2c.c.obj)
 .comment       0x0000000000000000       0x6f /Applications/Simplicity Studio.app/Contents/Eclipse/developer/sdks/gecko_sdk_suite/v1.0//protocol/bluetooth_2.3/lib/EFR32BG1B/GCC/bgapi.a(sleep_signal.c.obj)
 .comment       0x0000000000000000       0x6f /Applications/Simplicity Studio.app/Contents/Eclipse/developer/sdks/gecko_sdk_suite/v1.0//protocol/bluetooth_2.3/lib/EFR32BG1B/GCC/bgapi.a(uart.c.obj)

.debug_info     0x0000000000000000    0x1b1a9
 .debug_info    0x0000000000000000      0x98e ./em_timer.o
 .debug_info    0x000000000000098e      0x683 ./gatt_db.o
 .debug_info    0x0000000000001011     0x4e1b ./main.o
 .debug_info    0x0000000000005e2c     0x53cd ./peripherals.o
 .debug_info    0x000000000000b1f9     0x1851 ./bgapi/dmadrv.o
 .debug_info    0x000000000000ca4a     0x1c90 ./bgapi/em_adc.o
 .debug_info    0x000000000000e6da     0x1289 ./bgapi/em_ldma.o
 .debug_info    0x000000000000f963      0xa62 ./bgapi/em_leuart.o
 .debug_info    0x00000000000103c5      0x1c0 ./device/EFR32_B_1_1_B/gcc/startup_efr32bg1b.o
 .debug_info    0x0000000000010585     0x31e1 ./emlib/em_cmu.o
 .debug_info    0x0000000000013766     0x27a6 ./emlib/em_emu.o
 .debug_info    0x0000000000015f0c      0xebd ./emlib/em_gpio.o
 .debug_info    0x0000000000016dc9      0xb27 ./emlib/em_i2c.o
 .debug_info    0x00000000000178f0      0x6ec ./emlib/em_rtcc.o
 .debug_info    0x0000000000017fdc      0x26d ./emlib/em_system.o
 .debug_info    0x0000000000018249     0x11c8 ./emlib/em_usart.o
 .debug_info    0x0000000000019411     0x1d98 ./src/InitDevice.o

.debug_abbrev   0x0000000000000000     0x3153
 .debug_abbrev  0x0000000000000000      0x1ca ./em_timer.o
 .debug_abbrev  0x00000000000001ca       0xce ./gatt_db.o
 .debug_abbrev  0x0000000000000298      0x315 ./main.o
 .debug_abbrev  0x00000000000005ad      0x4b2 ./peripherals.o
 .debug_abbrev  0x0000000000000a5f      0x38f ./bgapi/dmadrv.o
 .debug_abbrev  0x0000000000000dee      0x313 ./bgapi/em_adc.o
 .debug_abbrev  0x0000000000001101      0x392 ./bgapi/em_ldma.o
 .debug_abbrev  0x0000000000001493      0x2e6 ./bgapi/em_leuart.o
 .debug_abbrev  0x0000000000001779      0x104 ./device/EFR32_B_1_1_B/gcc/startup_efr32bg1b.o
 .debug_abbrev  0x000000000000187d      0x478 ./emlib/em_cmu.o
 .debug_abbrev  0x0000000000001cf5      0x4a3 ./emlib/em_emu.o
 .debug_abbrev  0x0000000000002198      0x2d4 ./emlib/em_gpio.o
 .debug_abbrev  0x000000000000246c      0x395 ./emlib/em_i2c.o
 .debug_abbrev  0x0000000000002801      0x1e2 ./emlib/em_rtcc.o
 .debug_abbrev  0x00000000000029e3      0x109 ./emlib/em_system.o
 .debug_abbrev  0x0000000000002aec      0x370 ./emlib/em_usart.o
 .debug_abbrev  0x0000000000002e5c      0x2f7 ./src/InitDevice.o

.debug_loc      0x0000000000000000     0x8b2e
 .debug_loc     0x0000000000000000      0x18c ./em_timer.o
 .debug_loc     0x000000000000018c      0x199 ./main.o
 .debug_loc     0x0000000000000325      0x5b1 ./peripherals.o
 .debug_loc     0x00000000000008d6     0x10da ./bgapi/dmadrv.o
 .debug_loc     0x00000000000019b0      0xd59 ./bgapi/em_adc.o
 .debug_loc     0x0000000000002709      0x46d ./bgapi/em_ldma.o
 .debug_loc     0x0000000000002b76      0x46f ./bgapi/em_leuart.o
 .debug_loc     0x0000000000002fe5       0x4b ./device/EFR32_B_1_1_B/gcc/startup_efr32bg1b.o
 .debug_loc     0x0000000000003030     0x27cc ./emlib/em_cmu.o
 .debug_loc     0x00000000000057fc     0x185c ./emlib/em_emu.o
 .debug_loc     0x0000000000007058      0x798 ./emlib/em_gpio.o
 .debug_loc     0x00000000000077f0      0x859 ./emlib/em_i2c.o
 .debug_loc     0x0000000000008049       0xdc ./emlib/em_rtcc.o
 .debug_loc     0x0000000000008125       0x91 ./emlib/em_system.o
 .debug_loc     0x00000000000081b6      0x7b9 ./emlib/em_usart.o
 .debug_loc     0x000000000000896f      0x1bf ./src/InitDevice.o

.debug_aranges  0x0000000000000000      0x790
 .debug_aranges
                0x0000000000000000       0x38 ./em_timer.o
 .debug_aranges
                0x0000000000000038       0x18 ./gatt_db.o
 .debug_aranges
                0x0000000000000050       0x20 ./main.o
 .debug_aranges
                0x0000000000000070       0x80 ./peripherals.o
 .debug_aranges
                0x00000000000000f0       0xa0 ./bgapi/dmadrv.o
 .debug_aranges
                0x0000000000000190       0x70 ./bgapi/em_adc.o
 .debug_aranges
                0x0000000000000200       0x50 ./bgapi/em_ldma.o
 .debug_aranges
                0x0000000000000250       0x80 ./bgapi/em_leuart.o
 .debug_aranges
                0x00000000000002d0       0x28 ./device/EFR32_B_1_1_B/gcc/startup_efr32bg1b.o
 .debug_aranges
                0x00000000000002f8      0x110 ./emlib/em_cmu.o
 .debug_aranges
                0x0000000000000408       0xf8 ./emlib/em_emu.o
 .debug_aranges
                0x0000000000000500       0x48 ./emlib/em_gpio.o
 .debug_aranges
                0x0000000000000548       0x58 ./emlib/em_i2c.o
 .debug_aranges
                0x00000000000005a0       0x40 ./emlib/em_rtcc.o
 .debug_aranges
                0x00000000000005e0       0x28 ./emlib/em_system.o
 .debug_aranges
                0x0000000000000608       0xb8 ./emlib/em_usart.o
 .debug_aranges
                0x00000000000006c0       0xd0 ./src/InitDevice.o

.debug_ranges   0x0000000000000000     0x1818
 .debug_ranges  0x0000000000000000       0x60 ./em_timer.o
 .debug_ranges  0x0000000000000060       0xb0 ./main.o
 .debug_ranges  0x0000000000000110      0x148 ./peripherals.o
 .debug_ranges  0x0000000000000258       0xa8 ./bgapi/dmadrv.o
 .debug_ranges  0x0000000000000300      0x128 ./bgapi/em_adc.o
 .debug_ranges  0x0000000000000428       0xf0 ./bgapi/em_ldma.o
 .debug_ranges  0x0000000000000518      0x120 ./bgapi/em_leuart.o
 .debug_ranges  0x0000000000000638       0x18 ./device/EFR32_B_1_1_B/gcc/startup_efr32bg1b.o
 .debug_ranges  0x0000000000000650      0x8b8 ./emlib/em_cmu.o
 .debug_ranges  0x0000000000000f08      0x3c8 ./emlib/em_emu.o
 .debug_ranges  0x00000000000012d0      0x180 ./emlib/em_gpio.o
 .debug_ranges  0x0000000000001450      0x100 ./emlib/em_i2c.o
 .debug_ranges  0x0000000000001550       0x70 ./emlib/em_rtcc.o
 .debug_ranges  0x00000000000015c0       0x18 ./emlib/em_system.o
 .debug_ranges  0x00000000000015d8      0x148 ./emlib/em_usart.o
 .debug_ranges  0x0000000000001720       0xf8 ./src/InitDevice.o

.debug_line     0x0000000000000000     0x636d
 .debug_line    0x0000000000000000      0x4ac ./em_timer.o
 .debug_line    0x00000000000004ac      0x1d9 ./gatt_db.o
 .debug_line    0x0000000000000685      0x598 ./main.o
 .debug_line    0x0000000000000c1d      0x74a ./peripherals.o
 .debug_line    0x0000000000001367      0x70f ./bgapi/dmadrv.o
 .debug_line    0x0000000000001a76      0x5ed ./bgapi/em_adc.o
 .debug_line    0x0000000000002063      0x4f7 ./bgapi/em_ldma.o
 .debug_line    0x000000000000255a      0x532 ./bgapi/em_leuart.o
 .debug_line    0x0000000000002a8c      0x1fe ./device/EFR32_B_1_1_B/gcc/startup_efr32bg1b.o
 .debug_line    0x0000000000002c8a      0xd7e ./emlib/em_cmu.o
 .debug_line    0x0000000000003a08      0xa59 ./emlib/em_emu.o
 .debug_line    0x0000000000004461      0x4e8 ./emlib/em_gpio.o
 .debug_line    0x0000000000004949      0x5ae ./emlib/em_i2c.o
 .debug_line    0x0000000000004ef7      0x45e ./emlib/em_rtcc.o
 .debug_line    0x0000000000005355      0x37f ./emlib/em_system.o
 .debug_line    0x00000000000056d4      0x687 ./emlib/em_usart.o
 .debug_line    0x0000000000005d5b      0x612 ./src/InitDevice.o

.debug_str      0x0000000000000000     0xea74
 .debug_str     0x0000000000000000      0x96b ./em_timer.o
                                        0x9e3 (size before relaxing)
 .debug_str     0x000000000000096b      0x7ba ./gatt_db.o
                                        0x956 (size before relaxing)
 .debug_str     0x0000000000001125     0x6258 ./main.o
                                       0x68b8 (size before relaxing)
 .debug_str     0x000000000000737d      0x7d4 ./peripherals.o
                                       0x58e9 (size before relaxing)
 .debug_str     0x0000000000007b51      0xf2f ./bgapi/dmadrv.o
                                       0x117c (size before relaxing)
 .debug_str     0x0000000000008a80     0x2625 ./bgapi/em_adc.o
                                       0x2a8c (size before relaxing)
 .debug_str     0x000000000000b0a5      0x313 ./bgapi/em_ldma.o
                                        0xad2 (size before relaxing)
 .debug_str     0x000000000000b3b8      0x16e ./bgapi/em_leuart.o
                                        0x738 (size before relaxing)
 .debug_str     0x000000000000b526      0x105 ./device/EFR32_B_1_1_B/gcc/startup_efr32bg1b.o
                                        0x2ba (size before relaxing)
 .debug_str     0x000000000000b62b      0xccb ./emlib/em_cmu.o
                                       0x13e3 (size before relaxing)
 .debug_str     0x000000000000c2f6      0xe37 ./emlib/em_emu.o
                                       0x1859 (size before relaxing)
 .debug_str     0x000000000000d12d      0x1ea ./emlib/em_gpio.o
                                        0x840 (size before relaxing)
 .debug_str     0x000000000000d317      0x374 ./emlib/em_i2c.o
                                        0x808 (size before relaxing)
 .debug_str     0x000000000000d68b      0x5d6 ./emlib/em_rtcc.o
                                        0x808 (size before relaxing)
 .debug_str     0x000000000000dc61       0xff ./emlib/em_system.o