Archive member included because of file (symbol)

/Applications/Simplicity Studio.app/Contents/Eclipse/developer/stacks/blehomekit/v1.1.0//protocol/bluetooth_2.3/lib/EFR32BG1B/GCC/bgapi.a(gecko_bgapi_hardware.c.obj)
                              ./main.o (gecko_bgapi_class_hardware_init)
/Applications/Simplicity Studio.app/Contents/Eclipse/developer/stacks/blehomekit/v1.1.0//protocol/bluetooth_2.3/lib/EFR32BG1B/GCC/bgapi.a(gecko_bgapi_test.c.obj)
                              ./main.o (gecko_bgapi_class_test_init)
/Applications/Simplicity Studio.app/Contents/Eclipse/developer/stacks/blehomekit/v1.1.0//protocol/bluetooth_2.3/lib/EFR32BG1B/GCC/bgapi.a(gecko_bgapi_util.c.obj)
                              ./main.o (gecko_bgapi_class_util_init)
/Applications/Simplicity Studio.app/Contents/Eclipse/developer/stacks/blehomekit/v1.1.0//protocol/bluetooth_2.3/lib/EFR32BG1B/GCC/bgapi.a(gecko_bgapi_dfu.c.obj)
                              ./main.o (gecko_bgapi_class_dfu_init)
/Applications/Simplicity Studio.app/Contents/Eclipse/developer/stacks/blehomekit/v1.1.0//protocol/bluetooth_2.3/lib/EFR32BG1B/GCC/bgapi.a(gecko_bgapi_gap.c.obj)
                              ./main.o (gecko_bgapi_class_le_gap_init)
/Applications/Simplicity Studio.app/Contents/Eclipse/developer/stacks/blehomekit/v1.1.0//protocol/bluetooth_2.3/lib/EFR32BG1B/GCC/bgapi.a(gecko_bgapi_gatt.c.obj)
                              ./main.o (gecko_bgapi_class_gatt_init)
/Applications/Simplicity Studio.app/Contents/Eclipse/developer/stacks/blehomekit/v1.1.0//protocol/bluetooth_2.3/lib/EFR32BG1B/GCC/bgapi.a(gecko_bgapi_gatt_server.c.obj)
                              ./main.o (gecko_bgapi_class_gatt_server_init)
/Applications/Simplicity Studio.app/Contents/Eclipse/developer/stacks/blehomekit/v1.1.0//protocol/bluetooth_2.3/lib/EFR32BG1B/GCC/bgapi.a(gecko_bgapi_flash.c.obj)
                              ./main.o (gecko_bgapi_class_flash_init)
/Applications/Simplicity Studio.app/Contents/Eclipse/developer/stacks/blehomekit/v1.1.0//protocol/bluetooth_2.3/lib/EFR32BG1B/GCC/bgapi.a(gecko_bgapi_sm.c.obj)
                              ./main.o (gecko_bgapi_class_sm_init)
/Applications/Simplicity Studio.app/Contents/Eclipse/developer/stacks/blehomekit/v1.1.0//protocol/bluetooth_2.3/lib/EFR32BG1B/GCC/bgapi.a(gecko_bgapi_system.c.obj)
                              ./main.o (gecko_bgapi_class_system_init)
/Applications/Simplicity Studio.app/Contents/Eclipse/developer/stacks/blehomekit/v1.1.0//protocol/bluetooth_2.3/lib/EFR32BG1B/GCC/bgapi.a(gecko_bgapi_endpoint.c.obj)
                              ./main.o (gecko_bgapi_class_endpoint_init)
/Applications/Simplicity Studio.app/Contents/Eclipse/developer/stacks/blehomekit/v1.1.0//protocol/bluetooth_2.3/lib/EFR32BG1B/GCC/bgapi.a(gecko_bgapi_le_connection.c.obj)
                              ./main.o (gecko_bgapi_class_le_connection_init)
/Applications/Simplicity Studio.app/Contents/Eclipse/developer/stacks/blehomekit/v1.1.0//protocol/bluetooth_2.3/lib/EFR32BG1B/GCC/bgapi.a(bgapi_hardware_lib.c.obj)
                              /Applications/Simplicity Studio.app/Contents/Eclipse/developer/stacks/blehomekit/v1.1.0//protocol/bluetooth_2.3/lib/EFR32BG1B/GCC/bgapi.a(gecko_bgapi_hardware.c.obj) (gecko_cmd_hardware_read_i2c)
/Applications/Simplicity Studio.app/Contents/Eclipse/developer/stacks/blehomekit/v1.1.0//protocol/bluetooth_2.3/lib/EFR32BG1B/GCC/bgapi.a(bgapi_hardware.c.obj)
                              /Applications/Simplicity Studio.app/Contents/Eclipse/developer/stacks/blehomekit/v1.1.0//protocol/bluetooth_2.3/lib/EFR32BG1B/GCC/bgapi.a(gecko_bgapi_hardware.c.obj) (lib_hardware_handler_init)
/Applications/Simplicity Studio.app/Contents/Eclipse/developer/stacks/blehomekit/v1.1.0//protocol/bluetooth_2.3/lib/EFR32BG1B/GCC/bgapi.a(bgapi_test_lib.c.obj)
                              /Applications/Simplicity Studio.app/Contents/Eclipse/developer/stacks/blehomekit/v1.1.0//protocol/bluetooth_2.3/lib/EFR32BG1B/GCC/bgapi.a(gecko_bgapi_test.c.obj) (lib_test_handler_init)
/Applications/Simplicity Studio.app/Contents/Eclipse/developer/stacks/blehomekit/v1.1.0//protocol/bluetooth_2.3/lib/EFR32BG1B/GCC/bgapi.a(bgapi_util.c.obj)
                              /Applications/Simplicity Studio.app/Contents/Eclipse/developer/stacks/blehomekit/v1.1.0//protocol/bluetooth_2.3/lib/EFR32BG1B/GCC/bgapi.a(gecko_bgapi_util.c.obj) (lib_util_handler_init)
/Applications/Simplicity Studio.app/Contents/Eclipse/developer/stacks/blehomekit/v1.1.0//protocol/bluetooth_2.3/lib/EFR32BG1B/GCC/bgapi.a(bgapi_dfu.c.obj)
                              /Applications/Simplicity Studio.app/Contents/Eclipse/developer/stacks/blehomekit/v1.1.0//protocol/bluetooth_2.3/lib/EFR32BG1B/GCC/bgapi.a(gecko_bgapi_dfu.c.obj) (lib_dfu_handler_init)
/Applications/Simplicity Studio.app/Contents/Eclipse/developer/stacks/blehomekit/v1.1.0//protocol/bluetooth_2.3/lib/EFR32BG1B/GCC/bgapi.a(bgapi_gap.c.obj)
[...]
Memory Configuration

Name             Origin             Length             Attributes
FLASH            0x0000000000000000 0x000000000003f000 xr
RAM              0x0000000020003000 0x0000000000004bfc xrw
*default*        0x0000000000000000 0xffffffffffffffff

Linker script and memory map

LOAD /Applications/Simplicity Studio.app/Contents/Eclipse/developer/toolchains/gnu_arm/4.9_2015q3/bin/../lib/gcc/arm-none-eabi/4.9.3/armv7e-m/softfp/crti.o
LOAD /Applications/Simplicity Studio.app/Contents/Eclipse/developer/toolchains/gnu_arm/4.9_2015q3/bin/../lib/gcc/arm-none-eabi/4.9.3/armv7e-m/softfp/crtbegin.o
LOAD /Applications/Simplicity Studio.app/Contents/Eclipse/developer/toolchains/gnu_arm/4.9_2015q3/bin/../lib/gcc/arm-none-eabi/4.9.3/../../../../arm-none-eabi/lib/armv7e-m/softfp/crt0.o
LOAD ./application_properties.o
LOAD ./ble-callback-stubs.o
LOAD ./ble-callbacks.o
LOAD ./em_timer.o
LOAD ./gatt_db.o
LOAD ./main.o
LOAD ./peripherals.o
LOAD ./bgapi/dmadrv.o
LOAD ./bgapi/em_adc.o
LOAD ./bgapi/em_ldma.o
LOAD ./bgapi/em_leuart.o
LOAD ./device/EFR32_B_1_1_B/gcc/startup_efr32bg1b.o
LOAD ./emlib/em_cmu.o
LOAD ./emlib/em_cryotimer.o
LOAD ./emlib/em_emu.o
LOAD ./emlib/em_gpio.o
LOAD ./emlib/em_i2c.o
LOAD ./emlib/em_letimer.o
LOAD ./emlib/em_msc.o
LOAD ./emlib/em_rtcc.o
LOAD ./emlib/em_system.o
LOAD ./emlib/em_usart.o
LOAD ./kit_flashpwr/BRD4302A/mx25flash_spi.o
LOAD ./src/InitDevice.o
LOAD /Applications/Simplicity Studio.app/Contents/Eclipse/developer/stacks/blehomekit/v1.1.0//protocol/bluetooth_2.3/lib/EFR32BG1B/EABI/stack.a
LOAD /Applications/Simplicity Studio.app/Contents/Eclipse/developer/stacks/blehomekit/v1.1.0//protocol/bluetooth_2.3/lib/EFR32BG1B/EABI/binstack.o
LOAD /Applications/Simplicity Studio.app/Contents/Eclipse/developer/stacks/blehomekit/v1.1.0//protocol/bluetooth_2.3/lib/EFR32BG1B/GCC/bgapi.a
LOAD /Applications/Simplicity Studio.app/Contents/Eclipse/developer/stacks/blehomekit/v1.1.0//protocol/bluetooth_2.3/lib/EFR32BG1B/EABI/binbootloader.o
LOAD /Applications/Simplicity Studio.app/Contents/Eclipse/developer/toolchains/gnu_arm/4.9_2015q3/bin/../lib/gcc/arm-none-eabi/4.9.3/../../../../arm-none-eabi/lib/armv7e-m/softfp/libm.a
START GROUP
LOAD /Applications/Simplicity Studio.app/Contents/Eclipse/developer/toolchains/gnu_arm/4.9_2015q3/bin/../lib/gcc/arm-none-eabi/4.9.3/armv7e-m/softfp/libgcc.a
LOAD /Applications/Simplicity Studio.app/Contents/Eclipse/developer/toolchains/gnu_arm/4.9_2015q3/bin/../lib/gcc/arm-none-eabi/4.9.3/../../../../arm-none-eabi/lib/armv7e-m/softfp/libc.a
LOAD /Applications/Simplicity Studio.app/Contents/Eclipse/developer/toolchains/gnu_arm/4.9_2015q3/bin/../lib/gcc/arm-none-eabi/4.9.3/../../../../arm-none-eabi/lib/armv7e-m/softfp/libnosys.a
END GROUP
START GROUP
LOAD /Applications/Simplicity Studio.app/Contents/Eclipse/developer/toolchains/gnu_arm/4.9_2015q3/bin/../lib/gcc/arm-none-eabi/4.9.3/armv7e-m/softfp/libgcc.a
LOAD /Applications/Simplicity Studio.app/Contents/Eclipse/developer/toolchains/gnu_arm/4.9_2015q3/bin/../lib/gcc/arm-none-eabi/4.9.3/../../../../arm-none-eabi/lib/armv7e-m/softfp/libg.a
LOAD /Applications/Simplicity Studio.app/Contents/Eclipse/developer/toolchains/gnu_arm/4.9_2015q3/bin/../lib/gcc/arm-none-eabi/4.9.3/../../../../arm-none-eabi/lib/armv7e-m/softfp/libc.a
END GROUP
LOAD /Applications/Simplicity Studio.app/Contents/Eclipse/developer/toolchains/gnu_arm/4.9_2015q3/bin/../lib/gcc/arm-none-eabi/4.9.3/armv7e-m/softfp/crtend.o
LOAD /Applications/Simplicity Studio.app/Contents/Eclipse/developer/toolchains/gnu_arm/4.9_2015q3/bin/../lib/gcc/arm-none-eabi/4.9.3/armv7e-m/softfp/crtn.o

.text_bootloader
                0x0000000000000000     0x4000
 *(.binbootloader*)
 .binbootloader
                0x0000000000000000      0x31c /Applications/Simplicity Studio.app/Contents/Eclipse/developer/stacks/blehomekit/v1.1.0//protocol/bluetooth_2.3/lib/EFR32BG1B/EABI/binbootloader.o
                0x0000000000004000                . = ALIGN (0x4000)
 *fill*         0x000000000000031c     0x3ce4 

.text_stack_bin
                0x0000000000004000    0x1d000
 *(.binstack*)
 .binstack      0x0000000000004000    0x1c9e4 /Applications/Simplicity Studio.app/Contents/Eclipse/developer/stacks/blehomekit/v1.1.0//protocol/bluetooth_2.3/lib/EFR32BG1B/EABI/binstack.o
                0x0000000000021000                . = ALIGN (0x800)
 *fill*         0x00000000000209e4      0x61c 
                0x0000000000021000                __text_start__ = .

.text_app       0x0000000000021000     0x9038
 *(.AAT)
 .AAT           0x0000000000021000       0x80 ./main.o
                0x0000000000021000                AppAddressTable
 *(.vectors)
 .vectors       0x0000000000021080       0xc8 ./device/EFR32_B_1_1_B/gcc/startup_efr32bg1b.o
                0x0000000000021080                __Vectors
                0x0000000000021148                __Vectors_End = .
                0x00000000000000c8                __Vectors_Size = (__Vectors_End - __Vectors)
                0x0000000000021148                __end__ = .
 *(.gecko_configuration)
 *(.xo_configuration)
 *(.gatt_header)
 .gatt_header   0x0000000000021148       0x30 ./gatt_db.o
                0x0000000000021148                bg_gattdb_data
 *(.gatt_data)
 .gatt_data     0x0000000000021178      0x3c0 ./gatt_db.o
                0x0000000000021178                bg_gattdb_data_uuidtable_16_map
                0x0000000000021194                bg_gattdb_data_uuidtable_128_map
                0x0000000000021214                bg_gattdb_data_attribute_field_31
                0x000000000002121c                bg_gattdb_data_attribute_field_30
                0x0000000000021234                bg_gattdb_data_attribute_field_29
                0x0000000000021248                bg_gattdb_data_attribute_field_28
                0x0000000000021250                bg_gattdb_data_attribute_field_27
                0x0000000000021268                bg_gattdb_data_attribute_field_26
                0x0000000000021270                bg_gattdb_data_attribute_field_25
                0x0000000000021288                bg_gattdb_data_attribute_field_24
                0x0000000000021290                bg_gattdb_data_attribute_field_23
                0x00000000000212a8                bg_gattdb_data_attribute_field_22
                0x00000000000212b0                bg_gattdb_data_attribute_field_21
                0x00000000000212c8                bg_gattdb_data_attribute_field_20
                0x00000000000212d0                bg_gattdb_data_attribute_field_19
                0x00000000000212e8                bg_gattdb_data_attribute_field_18
                0x00000000000212f0                bg_gattdb_data_attribute_field_17
                0x0000000000021308                bg_gattdb_data_attribute_field_16
                0x000000000002131c                bg_gattdb_data_attribute_field_15
                0x0000000000021324                bg_gattdb_data_attribute_field_14
                0x000000000002132c                bg_gattdb_data_attribute_field_13
                0x0000000000021338                bg_gattdb_data_attribute_field_12
                0x0000000000021340                bg_gattdb_data_attribute_field_11
                0x0000000000021350                bg_gattdb_data_attribute_field_10
                0x0000000000021358                bg_gattdb_data_attribute_field_9
                0x000000000002135c                bg_gattdb_data_attribute_field_8
                0x0000000000021360                bg_gattdb_data_attribute_field_7
                0x0000000000021368                bg_gattdb_data_attribute_field_6
                0x0000000000021370                bg_gattdb_data_attribute_field_5
                0x0000000000021378                bg_gattdb_data_attribute_field_4
                0x000000000002137c                bg_gattdb_data_attribute_field_2
                0x0000000000021384                bg_gattdb_data_attribute_field_1
                0x000000000002138c                bg_gattdb_data_attribute_field_0
                0x0000000000021390                bg_gattdb_data_attributes_map
                0x0000000000021510                bg_gattdb_data_attributes_dynamic_mapping_map
                0x0000000000021524                bg_gattdb_data_adv_uuid16_map
                0x0000000000021528                bg_gattdb_data_adv_uuid128_map
 *(.text*)
 .text          0x0000000000021538       0x5c /Applications/Simplicity Studio.app/Contents/Eclipse/developer/toolchains/gnu_arm/4.9_2015q3/bin/../lib/gcc/arm-none-eabi/4.9.3/armv7e-m/softfp/crtbegin.o
 .text          0x0000000000021594       0x74 /Applications/Simplicity Studio.app/Contents/Eclipse/developer/toolchains/gnu_arm/4.9_2015q3/bin/../lib/gcc/arm-none-eabi/4.9.3/../../../../arm-none-eabi/lib/armv7e-m/softfp/crt0.o
                0x0000000000021594                _mainCRTStartup
                0x0000000000021594                _start
 .text.TIMER_Valid
                0x0000000000021608       0x38 ./em_timer.o
 .text.TIMER_Init
                0x0000000000021640       0xdc ./em_timer.o
                0x0000000000021640                TIMER_Init
 .text.TIMER_InitCC
                0x000000000002171c       0x9c ./em_timer.o
                0x000000000002171c                TIMER_InitCC
 .text.gecko_init
                0x00000000000217b8       0x44 ./main.o
 .text.gecko_cmd_system_reset
                0x00000000000217fc       0x40 ./main.o
 .text.gecko_cmd_system_set_tx_power
                0x000000000002183c       0x48 ./main.o
 .text.gecko_cmd_le_gap_set_mode
                0x0000000000021884       0x58 ./main.o
 .text.gecko_cmd_le_gap_set_adv_parameters
                0x00000000000218dc       0x60 ./main.o
 .text.gecko_cmd_gatt_server_send_user_read_response
                0x000000000002193c       0xac ./main.o
 .text.gecko_cmd_gatt_server_send_user_write_response
                0x00000000000219e8       0x64 ./main.o
 .text.gecko_cmd_endpoint_close
                0x0000000000021a4c       0x48 ./main.o
 .text.gecko_cmd_hardware_set_soft_timer
                0x0000000000021a94       0x60 ./main.o
 .text.GPIO_PinOutToggle
                0x0000000000021af4       0x58 ./main.o
 .text.main     0x0000000000021b4c      0x2ec ./main.o
                0x0000000000021b4c                main
 .text.NVIC_EnableIRQ
                0x0000000000021e38       0x2c ./peripherals.o
 .text.NVIC_ClearPendingIRQ
                0x0000000000021e64       0x30 ./peripherals.o
 .text.TIMER_Valid
                0x0000000000021e94       0x38 ./peripherals.o
 .text.TIMER_MaxCount
                0x0000000000021ecc       0x18 ./peripherals.o
 .text.TIMER_CompareSet
                0x0000000000021ee4       0x28 ./peripherals.o
 .text.TIMER_Enable
                0x0000000000021f0c       0x2c ./peripherals.o
 .text.TIMER_TopSet
                0x0000000000021f38       0x1c ./peripherals.o
 .text.BUS_RegBitWrite
                0x0000000000021f54       0x2c ./peripherals.o
 .text.BUS_RegBitRead
                0x0000000000021f80       0x2c ./peripherals.o
 .text.GPIO_PinInGet
                0x0000000000021fac       0x54 ./peripherals.o
 .text.GPIO_PinOutClear
                0x0000000000022000       0x50 ./peripherals.o
 .text.GPIO_PinOutGet
                0x0000000000022050       0x54 ./peripherals.o
 .text.GPIO_PinOutSet
                0x00000000000220a4       0x50 ./peripherals.o
 .text.LEUART_IntClear
                0x00000000000220f4       0x1c ./peripherals.o
 .text.LEUART_IntGet
                0x0000000000022110       0x18 ./peripherals.o
 .text.LETIMER_IntClear
                0x0000000000022128       0x1c ./peripherals.o
 .text.LETIMER_IntEnable
                0x0000000000022144       0x20 ./peripherals.o
 .text.InitGPIO
                0x0000000000022164       0xac ./peripherals.o
                0x0000000000022164                InitGPIO
 .text.SetLED0  0x0000000000022210       0x1c ./peripherals.o
                0x0000000000022210                SetLED0
 .text.ClearLED0
                0x000000000002222c       0x1c ./peripherals.o
                0x000000000002222c                ClearLED0
 .text.GetLED0  0x0000000000022248       0x1c ./peripherals.o
                0x0000000000022248                GetLED0
 .text.SetLED1  0x0000000000022264       0x1c ./peripherals.o
                0x0000000000022264                SetLED1
 .text.ClearLED1
                0x0000000000022280       0x1c ./peripherals.o
                0x0000000000022280                ClearLED1
 .text.GetLED1  0x000000000002229c       0x1c ./peripherals.o
                0x000000000002229c                GetLED1
 .text.GetPB0   0x00000000000222b8       0x1c ./peripherals.o
                0x00000000000222b8                GetPB0
 .text.GetPB1   0x00000000000222d4       0x1c ./peripherals.o
                0x00000000000222d4                GetPB1
 .text.GPIOHandler
                0x00000000000222f0       0xc8 ./peripherals.o
                0x00000000000222f0                GPIOHandler
 .text.InitPWM1
                0x00000000000223b8      0x14c ./peripherals.o
                0x00000000000223b8                InitPWM1
 .text.UpdatePWM1
                0x0000000000022504       0x2c ./peripherals.o
                0x0000000000022504                UpdatePWM1
 .text.ChangePWMoutput
                0x0000000000022530       0x84 ./peripherals.o
                0x0000000000022530                ChangePWMoutput
 .text.PWMHandler
                0x00000000000225b4       0x34 ./peripherals.o
                0x00000000000225b4                PWMHandler
 .text.GetPWM1  0x00000000000225e8       0x18 ./peripherals.o
                0x00000000000225e8                GetPWM1
 .text.InitLEUART0
                0x0000000000022600       0xac ./peripherals.o
                0x0000000000022600                InitLEUART0
 .text.LEUART0_IRQHandler
                0x00000000000226ac       0x48 ./peripherals.o
                0x00000000000226ac                LEUART0_IRQHandler
 .text.UART_Tx  0x00000000000226f4       0x4c ./peripherals.o
                0x00000000000226f4                UART_Tx
 .text.UART_TxOut
                0x0000000000022740       0x3c ./peripherals.o
                0x0000000000022740                UART_TxOut
 .text.ClearSOFReceived
                0x000000000002277c       0x18 ./peripherals.o
                0x000000000002277c                ClearSOFReceived
 .text.UART_TXHandler
                0x0000000000022794       0x3c ./peripherals.o
                0x0000000000022794                UART_TXHandler
 .text.UART_RXHandler
                0x00000000000227d0       0xa4 ./peripherals.o
                0x00000000000227d0                UART_RXHandler
 .text.LED0onUARTmessage
                0x0000000000022874       0x24 ./peripherals.o
                0x0000000000022874                LED0onUARTmessage
 .text.LED0offUARTmessage
                0x0000000000022898       0x28 ./peripherals.o
                0x0000000000022898                LED0offUARTmessage
 .text.LED1onUARTmessage
                0x00000000000228c0       0x24 ./peripherals.o
                0x00000000000228c0                LED1onUARTmessage
 .text.LED1offUARTmessage
                0x00000000000228e4       0x28 ./peripherals.o
                0x00000000000228e4                LED1offUARTmessage
 .text.LETIMER0_IRQHandler
                0x000000000002290c       0x20 ./peripherals.o
                0x000000000002290c                LETIMER0_IRQHandler
 .text.InitLETIMER0
                0x000000000002292c       0x70 ./peripherals.o
                0x000000000002292c                InitLETIMER0
 .text.DMADRV_AllocateChannel
                0x000000000002299c       0xb4 ./bgapi/dmadrv.o
                0x000000000002299c                DMADRV_AllocateChannel
 .text.DMADRV_Init
                0x0000000000022a50       0x84 ./bgapi/dmadrv.o
                0x0000000000022a50                DMADRV_Init
 .text.DMADRV_MemoryPeripheral
                0x0000000000022ad4       0x44 ./bgapi/dmadrv.o
                0x0000000000022ad4                DMADRV_MemoryPeripheral
 .text.DMADRV_PeripheralMemory
                0x0000000000022b18       0x44 ./bgapi/dmadrv.o
                0x0000000000022b18                DMADRV_PeripheralMemory
 .text.DMADRV_StopTransfer
                0x0000000000022b5c       0x6c ./bgapi/dmadrv.o
                0x0000000000022b5c                DMADRV_StopTransfer
 .text.DMADRV_TransferRemainingCount
                0x0000000000022bc8       0x7c ./bgapi/dmadrv.o
                0x0000000000022bc8                DMADRV_TransferRemainingCount
 .text.LDMA_IRQHandler
                0x0000000000022c44       0xe0 ./bgapi/dmadrv.o
                0x0000000000022c44                LDMA_IRQHandler
 .text.StartTransfer
                0x0000000000022d24      0x250 ./bgapi/dmadrv.o
 .text.ADC_IntClear
                0x0000000000022f74       0x1c ./bgapi/em_adc.o
 .text.BUS_RegBitWrite
                0x0000000000022f90       0x2c ./bgapi/em_adc.o
 .text.BUS_RegMaskedSet
                0x0000000000022fbc       0x24 ./bgapi/em_adc.o
 .text.BUS_RegMaskedClear
                0x0000000000022fe0       0x24 ./bgapi/em_adc.o
 .text.BUS_RegMaskedWrite
                0x0000000000023004       0x24 ./bgapi/em_adc.o
 .text.ADC_LoadDevinfoCal
                0x0000000000023028      0x190 ./bgapi/em_adc.o
 .text.ADC_Init
                0x00000000000231b8       0x90 ./bgapi/em_adc.o
                0x00000000000231b8                ADC_Init
 .text.ADC_InitSingle
                0x0000000000023248      0x150 ./bgapi/em_adc.o
                0x0000000000023248                ADC_InitSingle
 .text.ADC_PrescaleCalc
                0x0000000000023398       0x64 ./bgapi/em_adc.o
                0x0000000000023398                ADC_PrescaleCalc
 .text.NVIC_EnableIRQ
                0x00000000000233fc       0x2c ./bgapi/em_ldma.o
 .text.NVIC_ClearPendingIRQ
                0x0000000000023428       0x30 ./bgapi/em_ldma.o
 .text.NVIC_SetPriority
                0x0000000000023458       0x4c ./bgapi/em_ldma.o
 .text.BUS_RegMaskedClear
                0x00000000000234a4       0x24 ./bgapi/em_ldma.o
 .text.LDMA_Init
                0x00000000000234c8       0x70 ./bgapi/em_ldma.o
                0x00000000000234c8                LDMA_Init
 .text.LDMA_StartTransfer
                0x0000000000023538      0x150 ./bgapi/em_ldma.o
                0x0000000000023538                LDMA_StartTransfer
 .text.LDMA_StopTransfer
                0x0000000000023688       0x44 ./bgapi/em_ldma.o
                0x0000000000023688                LDMA_StopTransfer
 .text.LDMA_TransferRemainingCount
                0x00000000000236cc       0x80 ./bgapi/em_ldma.o
                0x00000000000236cc                LDMA_TransferRemainingCount
 .text.LEUART_Sync
                0x000000000002374c       0x30 ./bgapi/em_leuart.o
 .text.LEUART_BaudrateSet
                0x000000000002377c       0x6c ./bgapi/em_leuart.o
                0x000000000002377c                LEUART_BaudrateSet
 .text.LEUART_Enable
                0x00000000000237e8       0x3c ./bgapi/em_leuart.o
                0x00000000000237e8                LEUART_Enable
 .text.LEUART_FreezeEnable
                0x0000000000023824       0x34 ./bgapi/em_leuart.o
                0x0000000000023824                LEUART_FreezeEnable
 .text.LEUART_Init
                0x0000000000023858       0x68 ./bgapi/em_leuart.o
                0x0000000000023858                LEUART_Init
 .text.LEUART_Tx
                0x00000000000238c0       0x30 ./bgapi/em_leuart.o
                0x00000000000238c0                LEUART_Tx
 .text.Reset_Handler
                0x00000000000238f0       0x38 ./device/EFR32_B_1_1_B/gcc/startup_efr32bg1b.o
                0x00000000000238f0                Reset_Handler
 .text.Default_Handler
                0x0000000000023928        0x8 ./device/EFR32_B_1_1_B/gcc/startup_efr32bg1b.o
                0x0000000000023928                IDAC0_IRQHandler
                0x0000000000023928                USART0_TX_IRQHandler
                0x0000000000023928                I2C0_IRQHandler
                0x0000000000023928                HardFault_Handler
                0x0000000000023928                SysTick_Handler
                0x0000000000023928                USART1_RX_IRQHandler
                0x0000000000023928                PendSV_Handler
                0x0000000000023928                NMI_Handler
                0x0000000000023928                SYNTH_IRQHandler
                0x0000000000023928                WDOG0_IRQHandler
                0x0000000000023928                USART1_TX_IRQHandler
                0x0000000000023928                MSC_IRQHandler
                0x0000000000023928                ADC0_IRQHandler
                0x0000000000023928                UsageFault_Handler
                0x0000000000023928                FPUEH_IRQHandler
                0x0000000000023928                GPIO_EVEN_IRQHandler
                0x0000000000023928                TIMER0_IRQHandler
                0x0000000000023928                TIMER1_IRQHandler
                0x0000000000023928                RFSENSE_IRQHandler
                0x0000000000023928                BUFC_IRQHandler
                0x0000000000023928                MODEM_IRQHandler
                0x0000000000023928                Default_Handler
                0x0000000000023928                RAC_SEQ_IRQHandler
                0x0000000000023928                FRC_PRI_IRQHandler
                0x0000000000023928                EMU_IRQHandler
                0x0000000000023928                FRC_IRQHandler
                0x0000000000023928                CRYOTIMER_IRQHandler
                0x0000000000023928                PCNT0_IRQHandler
                0x0000000000023928                AGC_IRQHandler
                0x0000000000023928                ACMP0_IRQHandler
                0x0000000000023928                USART0_RX_IRQHandler
                0x0000000000023928                MemManage_Handler
                0x0000000000023928                SVC_Handler
                0x0000000000023928                RTCC_IRQHandler
                0x0000000000023928                CRYPTO_IRQHandler
                0x0000000000023928                CMU_IRQHandler
                0x0000000000023928                RAC_RSM_IRQHandler
                0x0000000000023928                GPIO_ODD_IRQHandler
                0x0000000000023928                PROTIMER_IRQHandler
                0x0000000000023928                BusFault_Handler
                0x0000000000023928                DebugMon_Handler
 .text.BUS_RegBitWrite
                0x0000000000023930       0x2c ./emlib/em_cmu.o
 .text.BUS_RegBitRead
                0x000000000002395c       0x2c ./emlib/em_cmu.o
 .text.BUS_RegMaskedSet
                0x0000000000023988       0x24 ./emlib/em_cmu.o
 .text.BUS_RegMaskedClear
                0x00000000000239ac       0x24 ./emlib/em_cmu.o
 .text.BUS_RegMaskedWrite
                0x00000000000239d0       0x24 ./emlib/em_cmu.o
 .text.BUS_RegMaskedRead
                0x00000000000239f4       0x20 ./emlib/em_cmu.o
 .text.CMU_Log2ToDiv
                0x0000000000023a14       0x1c ./emlib/em_cmu.o
 .text.setHfLeConfig
                0x0000000000023a30       0x3c ./emlib/em_cmu.o
 .text.getHfLeConfig
                0x0000000000023a6c       0x2c ./emlib/em_cmu.o
 .text.auxClkGet
                0x0000000000023a98       0x20 ./emlib/em_cmu.o
 .text.dbgClkGet
                0x0000000000023ab8       0x3c ./emlib/em_cmu.o
 .text.flashWaitStateControl
                0x0000000000023af4       0x78 ./emlib/em_cmu.o
 .text.flashWaitStateMax
                0x0000000000023b6c       0x14 ./emlib/em_cmu.o
 .text.getRegIshUpperVal
                0x0000000000023b80       0x38 ./emlib/em_cmu.o
 .text.lfClkGet
                0x0000000000023bb8       0xe8 ./emlib/em_cmu.o
 .text.syncReg  0x0000000000023ca0       0x38 ./emlib/em_cmu.o
 .text.CMU_ClockEnable
                0x0000000000023cd8       0xcc ./emlib/em_cmu.o
                0x0000000000023cd8                CMU_ClockEnable
 .text.CMU_ClockFreqGet
                0x0000000000023da4      0x188 ./emlib/em_cmu.o
                0x0000000000023da4                CMU_ClockFreqGet
 .text.CMU_ClockSelectGet
                0x0000000000023f2c      0x14c ./emlib/em_cmu.o
                0x0000000000023f2c                CMU_ClockSelectGet
 .text.CMU_ClockSelectSet
                0x0000000000024078      0x1c4 ./emlib/em_cmu.o
                0x0000000000024078                CMU_ClockSelectSet
 .text.CMU_HFXOInit
                0x000000000002423c      0x110 ./emlib/em_cmu.o
                0x000000000002423c                CMU_HFXOInit
 .text.CMU_LFXOInit
                0x000000000002434c       0x50 ./emlib/em_cmu.o
                0x000000000002434c                CMU_LFXOInit
 .text.CMU_OscillatorEnable
                0x000000000002439c      0x180 ./emlib/em_cmu.o
                0x000000000002439c                CMU_OscillatorEnable
 .text.CMU_OscillatorTuningGet
                0x000000000002451c       0x74 ./emlib/em_cmu.o
                0x000000000002451c                CMU_OscillatorTuningGet
 .text.CMU_OscillatorTuningSet
                0x0000000000024590       0xfc ./emlib/em_cmu.o
                0x0000000000024590                CMU_OscillatorTuningSet
 .text.CMU_OscillatorTuningWait
                0x000000000002468c       0x8c ./emlib/em_cmu.o
                0x000000000002468c                CMU_OscillatorTuningWait
 .text.CMU_OscillatorTuningOptimize
                0x0000000000024718       0x4c ./emlib/em_cmu.o
                0x0000000000024718                CMU_OscillatorTuningOptimize
 .text.BUS_RegBitWrite
                0x0000000000024764       0x2c ./emlib/em_emu.o
 .text.BUS_RegBitRead
                0x0000000000024790       0x2c ./emlib/em_emu.o
 .text.SYSTEM_GetDevinfoRev
                0x00000000000247bc       0x18 ./emlib/em_emu.o
 .text.dcdcConstCalibrationLoad
                0x00000000000247d4       0xc4 ./emlib/em_emu.o
 .text.dcdcValidatedConfigSet
                0x0000000000024898       0xb0 ./emlib/em_emu.o
 .text.currentLimitersUpdate
                0x0000000000024948       0xec ./emlib/em_emu.o
 .text.userCurrentLimitsSet
                0x0000000000024a34       0x2c ./emlib/em_emu.o
 .text.compCtrlSet
                0x0000000000024a60       0x3c ./emlib/em_emu.o
 .text.lpCmpHystCalibrationLoad
                0x0000000000024a9c       0xcc ./emlib/em_emu.o
 .text.lpGetDevinfoVrefLowHigh
                0x0000000000024b68      0x15c ./emlib/em_emu.o
 .text.EMU_DCDCModeSet
                0x0000000000024cc4       0x84 ./emlib/em_emu.o
                0x0000000000024cc4                EMU_DCDCModeSet
 .text.EMU_DCDCInit
                0x0000000000024d48      0x114 ./emlib/em_emu.o
                0x0000000000024d48                EMU_DCDCInit
 .text.EMU_DCDCOutputVoltageSet
                0x0000000000024e5c      0x20c ./emlib/em_emu.o
                0x0000000000024e5c                EMU_DCDCOutputVoltageSet
 .text.EMU_DCDCOptimizeSlice
                0x0000000000025068       0xd8 ./emlib/em_emu.o
                0x0000000000025068                EMU_DCDCOptimizeSlice
 .text.EMU_DCDCLnRcoBandSet
                0x0000000000025140       0x54 ./emlib/em_emu.o
                0x0000000000025140                EMU_DCDCLnRcoBandSet
 .text.BUS_RegBitWrite
                0x0000000000025194       0x2c ./emlib/em_gpio.o
 .text.GPIO_PinOutClear
                0x00000000000251c0       0x50 ./emlib/em_gpio.o
 .text.GPIO_PinOutSet
                0x0000000000025210       0x50 ./emlib/em_gpio.o
 .text.GPIO_PinModeSet
                0x0000000000025260      0x108 ./emlib/em_gpio.o
                0x0000000000025260                GPIO_PinModeSet
 .text.BUS_RegBitWrite
                0x0000000000025368       0x2c ./emlib/em_i2c.o
 .text.BUS_RegMaskedSet
                0x0000000000025394       0x24 ./emlib/em_i2c.o
 .text.BUS_RegMaskedClear
                0x00000000000253b8       0x24 ./emlib/em_i2c.o
 .text.BUS_RegMaskedWrite
                0x00000000000253dc       0x24 ./emlib/em_i2c.o
 .text.I2C_BusFreqSet
                0x0000000000025400       0xfc ./emlib/em_i2c.o
                0x0000000000025400                I2C_BusFreqSet
 .text.I2C_Init
                0x00000000000254fc       0x5c ./emlib/em_i2c.o
                0x00000000000254fc                I2C_Init
 .text.LETIMER_Enable
                0x0000000000025558       0x2c ./emlib/em_letimer.o
                0x0000000000025558                LETIMER_Enable
 .text.LETIMER_Init
                0x0000000000025584       0xcc ./emlib/em_letimer.o
                0x0000000000025584                LETIMER_Init
 .text.RTCC_Init
                0x0000000000025650       0x60 ./emlib/em_rtcc.o
                0x0000000000025650                RTCC_Init
 .text.SYSTEM_ChipRevisionGet
                0x00000000000256b0       0x74 ./emlib/em_system.o
                0x00000000000256b0                SYSTEM_ChipRevisionGet
 .text.USART_BaudrateAsyncSet
                0x0000000000025724       0xb0 ./emlib/em_usart.o
                0x0000000000025724                USART_BaudrateAsyncSet
 .text.USART_BaudrateCalc
                0x00000000000257d4      0x11c ./emlib/em_usart.o
                0x00000000000257d4                USART_BaudrateCalc
 .text.USART_BaudrateGet
                0x00000000000258f0       0x50 ./emlib/em_usart.o
                0x00000000000258f0                USART_BaudrateGet
 .text.USART_Enable
                0x0000000000025940       0x4c ./emlib/em_usart.o
                0x0000000000025940                USART_Enable
 .text.USART_InitAsync
                0x000000000002598c       0xbc ./emlib/em_usart.o
                0x000000000002598c                USART_InitAsync
 .text.USART_Reset
                0x0000000000025a48       0x94 ./emlib/em_usart.o
                0x0000000000025a48                USART_Reset
 .text.SYSTEM_GetProdRev
                0x0000000000025adc       0x1c ./src/InitDevice.o
 .text.CHIP_Init
                0x0000000000025af8       0xa8 ./src/InitDevice.o
 .text.enter_DefaultMode_from_RESET
                0x0000000000025ba0       0x2c ./src/InitDevice.o
                0x0000000000025ba0                enter_DefaultMode_from_RESET
 .text.EMU_enter_DefaultMode_from_RESET
                0x0000000000025bcc       0x4c ./src/InitDevice.o
                0x0000000000025bcc                EMU_enter_DefaultMode_from_RESET
 .text.LFXO_enter_DefaultMode_from_RESET
                0x0000000000025c18        0xc ./src/InitDevice.o
                0x0000000000025c18                LFXO_enter_DefaultMode_from_RESET
 .text.CMU_enter_DefaultMode_from_RESET
                0x0000000000025c24      0x12c ./src/InitDevice.o
                0x0000000000025c24                CMU_enter_DefaultMode_from_RESET
 .text.RTCC_enter_DefaultMode_from_RESET
                0x0000000000025d50       0x4c ./src/InitDevice.o
                0x0000000000025d50                RTCC_enter_DefaultMode_from_RESET
 .text.GPCRC_enter_DefaultMode_from_RESET
                0x0000000000025d9c        0xc ./src/InitDevice.o
                0x0000000000025d9c                GPCRC_enter_DefaultMode_from_RESET
 .text.LDMA_enter_DefaultMode_from_RESET
                0x0000000000025da8        0xc ./src/InitDevice.o
                0x0000000000025da8                LDMA_enter_DefaultMode_from_RESET
 .text.PRS_enter_DefaultMode_from_RESET
                0x0000000000025db4       0x20 ./src/InitDevice.o
                0x0000000000025db4                PRS_enter_DefaultMode_from_RESET
 .text.PORTIO_enter_DefaultMode_from_RESET
                0x0000000000025dd4       0x80 ./src/InitDevice.o
                0x0000000000025dd4                PORTIO_enter_DefaultMode_from_RESET
 .text          0x0000000000025e54       0x60 /Applications/Simplicity Studio.app/Contents/Eclipse/developer/stacks/blehomekit/v1.1.0//protocol/bluetooth_2.3/lib/EFR32BG1B/GCC/bgapi.a(gecko_bgapi_hardware.c.obj)
                0x0000000000025e9c                gecko_bgapi_class_hardware_init
 .text          0x0000000000025eb4       0x60 /Applications/Simplicity Studio.app/Contents/Eclipse/developer/stacks/blehomekit/v1.1.0//protocol/bluetooth_2.3/lib/EFR32BG1B/GCC/bgapi.a(gecko_bgapi_test.c.obj)
                0x0000000000025efc                gecko_bgapi_class_test_init
 .text          0x0000000000025f14       0x60 /Applications/Simplicity Studio.app/Contents/Eclipse/developer/stacks/blehomekit/v1.1.0//protocol/bluetooth_2.3/lib/EFR32BG1B/GCC/bgapi.a(gecko_bgapi_util.c.obj)
                0x0000000000025f5c                gecko_bgapi_class_util_init
 .text          0x0000000000025f74       0x60 /Applications/Simplicity Studio.app/Contents/Eclipse/developer/stacks/blehomekit/v1.1.0//protocol/bluetooth_2.3/lib/EFR32BG1B/GCC/bgapi.a(gecko_bgapi_dfu.c.obj)
                0x0000000000025fbc                gecko_bgapi_class_dfu_init
 .text          0x0000000000025fd4       0x60 /Applications/Simplicity Studio.app/Contents/Eclipse/developer/stacks/blehomekit/v1.1.0//protocol/bluetooth_2.3/lib/EFR32BG1B/GCC/bgapi.a(gecko_bgapi_gap.c.obj)
                0x000000000002601c                gecko_bgapi_class_le_gap_init
 .text          0x0000000000026034       0x60 /Applications/Simplicity Studio.app/Contents/Eclipse/developer/stacks/blehomekit/v1.1.0//protocol/bluetooth_2.3/lib/EFR32BG1B/GCC/bgapi.a(gecko_bgapi_gatt.c.obj)
                0x000000000002607c                gecko_bgapi_class_gatt_init
 .text          0x0000000000026094       0x60 /Applications/Simplicity Studio.app/Contents/Eclipse/developer/stacks/blehomekit/v1.1.0//protocol/bluetooth_2.3/lib/EFR32BG1B/GCC/bgapi.a(gecko_bgapi_gatt_server.c.obj)
                0x00000000000260dc                gecko_bgapi_class_gatt_server_init
 .text          0x00000000000260f4       0x60 /Applications/Simplicity Studio.app/Contents/Eclipse/developer/stacks/blehomekit/v1.1.0//protocol/bluetooth_2.3/lib/EFR32BG1B/GCC/bgapi.a(gecko_bgapi_flash.c.obj)
                0x000000000002613c                gecko_bgapi_class_flash_init
 .text          0x0000000000026154       0x60 /Applications/Simplicity Studio.app/Contents/Eclipse/developer/stacks/blehomekit/v1.1.0//protocol/bluetooth_2.3/lib/EFR32BG1B/GCC/bgapi.a(gecko_bgapi_sm.c.obj)
                0x000000000002619c                gecko_bgapi_class_sm_init
 .text          0x00000000000261b4       0x60 /Applications/Simplicity Studio.app/Contents/Eclipse/developer/stacks/blehomekit/v1.1.0//protocol/bluetooth_2.3/lib/EFR32BG1B/GCC/bgapi.a(gecko_bgapi_system.c.obj)
                0x00000000000261fc                gecko_bgapi_class_system_init
 .text          0x0000000000026214       0x60 /Applications/Simplicity Studio.app/Contents/Eclipse/developer/stacks/blehomekit/v1.1.0//protocol/bluetooth_2.3/lib/EFR32BG1B/GCC/bgapi.a(gecko_bgapi_endpoint.c.obj)
                0x000000000002625c                gecko_bgapi_class_endpoint_init
 .text          0x0000000000026274       0x60 /Applications/Simplicity Studio.app/Contents/Eclipse/developer/stacks/blehomekit/v1.1.0//protocol/bluetooth_2.3/lib/EFR32BG1B/GCC/bgapi.a(gecko_bgapi_le_connection.c.obj)
                0x00000000000262bc                gecko_bgapi_class_le_connection_init
 .text          0x00000000000262d4      0x388 /Applications/Simplicity Studio.app/Contents/Eclipse/developer/stacks/blehomekit/v1.1.0//protocol/bluetooth_2.3/lib/EFR32BG1B/GCC/bgapi.a(bgapi_hardware_lib.c.obj)
                0x00000000000262d4                gecko_cmd_hardware_read_i2c
                0x000000000002633c                gecko_cmd_hardware_write_i2c
                0x0000000000026380                gecko_cmd_hardware_stop_i2c
                0x00000000000263b8                gecko_cmd_hardware_read_adc
                0x00000000000263f8                gecko_cmd_hardware_read_adc_channel
                0x0000000000026428                gecko_cmd_hardware_config_adc_reference
                0x0000000000026454                gecko_cmd_hardware_configure_gpio
                0x0000000000026488                gecko_cmd_hardware_write_gpio
                0x00000000000264ec                gecko_cmd_hardware_read_gpio
                0x000000000002654c                gecko_cmd_hardware_set_uart_configuration
                0x00000000000265c4                clock_outputs_init
                0x000000000002660c                bgapi_hardware_init
 .text          0x000000000002665c      0x1d0 /Applications/Simplicity Studio.app/Contents/Eclipse/developer/stacks/blehomekit/v1.1.0//protocol/bluetooth_2.3/lib/EFR32BG1B/GCC/bgapi.a(bgapi_hardware.c.obj)
                0x000000000002665c                soft_timer_comparison
                0x00000000000266f0                bgapi_hardware_soft_timer_listener
                0x0000000000026730                lib_hardware_handler_init
                0x0000000000026744                gecko_cmd_hardware_set_soft_timer
                0x0000000000026784                gecko_cmd_hardware_set_lazy_soft_timer
                0x00000000000267c4                gecko_cmd_hardware_get_time
                0x00000000000267f8                gecko_cmd_hardware_enable_dcdc
 .text          0x000000000002682c      0x200 /Applications/Simplicity Studio.app/Contents/Eclipse/developer/stacks/blehomekit/v1.1.0//protocol/bluetooth_2.3/lib/EFR32BG1B/GCC/bgapi.a(bgapi_test_lib.c.obj)
                0x000000000002682c                lib_test_handler_init
                0x000000000002682e                disable_interrupts
                0x0000000000026852                gecko_cmd_test_dtm_tx
                0x0000000000026884                gecko_cmd_test_dtm_rx
                0x00000000000268b4                gecko_cmd_test_dtm_end
                0x00000000000268e0                gecko_cmd_test_debug_command
                0x00000000000269b0                gecko_cmd_test_debug_counter
 .text          0x0000000000026a2c      0x158 /Applications/Simplicity Studio.app/Contents/Eclipse/developer/stacks/blehomekit/v1.1.0//protocol/bluetooth_2.3/lib/EFR32BG1B/GCC/bgapi.a(bgapi_util.c.obj)
                0x0000000000026a64                lib_util_handler_init
                0x0000000000026a66                gecko_cmd_util_atoi
                0x0000000000026abc                gecko_cmd_util_itoa
 .text          0x0000000000026b84       0x8c /Applications/Simplicity Studio.app/Contents/Eclipse/developer/stacks/blehomekit/v1.1.0//protocol/bluetooth_2.3/lib/EFR32BG1B/GCC/bgapi.a(bgapi_dfu.c.obj)
                0x0000000000026b84                lib_dfu_handler_init
                0x0000000000026b86                gecko_cmd_dfu_reset
                0x0000000000026b8c                gecko_cmd_dfu_flash_set_address
                0x0000000000026bb8                gecko_cmd_dfu_flash_upload
                0x0000000000026be4                gecko_cmd_dfu_flash_upload_finish
 .text          0x0000000000026c10      0x308 /Applications/Simplicity Studio.app/Contents/Eclipse/developer/stacks/blehomekit/v1.1.0//protocol/bluetooth_2.3/lib/EFR32BG1B/GCC/bgapi.a(bgapi_gap.c.obj)
                0x0000000000026c10                lib_le_gap_handler_init
                0x0000000000026c12                gecko_cmd_le_gap_set_mode
                0x0000000000026c58                gecko_cmd_le_gap_bt5_set_mode
                0x0000000000026c98                gecko_cmd_le_gap_set_adv_data
                0x0000000000026ccc                gecko_cmd_le_gap_bt5_set_adv_data
                0x0000000000026d00                gecko_cmd_le_gap_set_adv_timeout
                0x0000000000026d54                gecko_cmd_le_gap_open
                0x0000000000026dbc                gecko_cmd_le_gap_discover
                0x0000000000026de8                gecko_cmd_le_gap_end_procedure
                0x0000000000026e14                gecko_cmd_le_gap_set_adv_parameters
                0x0000000000026e48                gecko_cmd_le_gap_bt5_set_adv_parameters
                0x0000000000026e84                gecko_cmd_le_gap_set_scan_parameters
                0x0000000000026eb4                gecko_cmd_le_gap_set_conn_parameters
                0x0000000000026eec                gecko_cmd_le_gap_set_phy
 .text          0x0000000000026f18      0x644 /Applications/Simplicity Studio.app/Contents/Eclipse/developer/stacks/blehomekit/v1.1.0//protocol/bluetooth_2.3/lib/EFR32BG1B/GCC/bgapi.a(bgapi_gatt_lib.c.obj)
                0x0000000000026f18                lib_gatt_handler_init
                0x0000000000026f1a                lib_gatt_server_handler_init
                0x0000000000026f1c                gecko_cmd_gatt_set_max_mtu
                0x0000000000026f58                gecko_cmd_gatt_discover_primary_services
                0x0000000000026f88                gecko_cmd_gatt_discover_primary_services_by_uuid
                0x0000000000026fc4                gecko_cmd_gatt_find_included_services
                0x0000000000026ff8                gecko_cmd_gatt_discover_characteristics
                0x000000000002702c                gecko_cmd_gatt_discover_characteristics_by_uuid
                0x000000000002706c                gecko_cmd_gatt_read_characteristic_value
                0x00000000000270a4                gecko_cmd_gatt_read_characteristic_value_from_offset
                0x00000000000270e0                gecko_cmd_gatt_read_characteristic_value_by_uuid
                0x0000000000027120                gecko_cmd_gatt_read_multiple_characteristic_values
                0x0000000000027154                gecko_cmd_gatt_write_characteristic_value
                0x000000000002718c                gecko_cmd_gatt_write_characteristic_value_without_response
                0x00000000000271d0                gecko_cmd_gatt_prepare_characteristic_value_write
                0x0000000000027220                gecko_cmd_gatt_execute_characteristic_value_write
                0x0000000000027254                gecko_cmd_gatt_set_characteristic_notification
                0x000000000002728c                gecko_cmd_gatt_discover_descriptors
                0x00000000000272c0                gecko_cmd_gatt_read_descriptor_value
                0x00000000000272f4                gecko_cmd_gatt_write_descriptor_value
                0x000000000002732c                gecko_cmd_gatt_server_read_attribute_value
                0x0000000000027374                gecko_cmd_gatt_server_read_attribute_type
                0x00000000000273b8                gecko_cmd_gatt_server_find_attribute
                0x00000000000273f4                gecko_cmd_gatt_server_write_attribute_value
                0x0000000000027428                gecko_cmd_gatt_server_send_user_read_response
                0x0000000000027478                gecko_cmd_gatt_server_send_user_write_response
                0x00000000000274b0                gecko_cmd_gatt_server_send_characteristic_notification
                0x00000000000274fc                gecko_cmd_gatt_send_characteristic_confirmation
                0x000000000002752c                gecko_cmd_gatt_server_set_database
 .text          0x000000000002755c      0x17c /Applications/Simplicity Studio.app/Contents/Eclipse/developer/stacks/blehomekit/v1.1.0//protocol/bluetooth_2.3/lib/EFR32BG1B/GCC/bgapi.a(bgapi_ps.c.obj)
                0x000000000002755c                lib_flash_handler_init
                0x000000000002755e                gecko_cmd_flash_ps_dump
                0x00000000000275f4                gecko_cmd_flash_ps_erase_all
                0x0000000000027624                gecko_cmd_flash_ps_save
                0x0000000000027660                gecko_cmd_flash_ps_load
                0x00000000000276a4                gecko_cmd_flash_ps_erase
 .text          0x00000000000276d8      0x3cc /Applications/Simplicity Studio.app/Contents/Eclipse/developer/stacks/blehomekit/v1.1.0//protocol/bluetooth_2.3/lib/EFR32BG1B/GCC/bgapi.a(bgapi_sm.c.obj)
                0x00000000000277a0                lib_sm_handler_init
                0x00000000000277b4                gecko_cmd_sm_list_all_bondings
                0x00000000000277ec                gecko_cmd_sm_increase_security
                0x000000000002781c                gecko_cmd_sm_set_bondable_mode
                0x0000000000027848                gecko_cmd_sm_delete_bonding
                0x0000000000027878                gecko_cmd_sm_delete_bondings
                0x00000000000278a8                gecko_cmd_sm_configure
                0x00000000000278d8                gecko_cmd_sm_enter_passkey
                0x000000000002790c                gecko_cmd_sm_set_passkey
                0x0000000000027938                gecko_cmd_sm_passkey_confirm
                0x000000000002796c                gecko_cmd_sm_set_oob_data
                0x000000000002799c                gecko_cmd_sm_set_sc_remote_oob_data
                0x00000000000279cc                gecko_cmd_sm_use_sc_oob
                0x0000000000027a0c                gecko_cmd_sm_store_bonding_configuration
                0x0000000000027a40                gecko_cmd_sm_bonding_confirm
                0x0000000000027a74                gecko_cmd_sm_set_debug_mode
 .text          0x0000000000027aa4      0x114 /Applications/Simplicity Studio.app/Contents/Eclipse/developer/stacks/blehomekit/v1.1.0//protocol/bluetooth_2.3/lib/EFR32BG1B/GCC/bgapi.a(bgapi_system.c.obj)
                0x0000000000027aa4                lib_system_handler_init
                0x0000000000027aa6                gecko_cmd_system_get_bt_address
                0x0000000000027adc                gecko_cmd_system_get_random_data
                0x0000000000027b24                gecko_cmd_system_halt
                0x0000000000027b58                gecko_cmd_system_set_tx_power
                0x0000000000027b88                gecko_cmd_system_hello
                0x0000000000027bb0                gecko_cmd_system_reset
 .text          0x0000000000027bb8      0x1ac /Applications/Simplicity Studio.app/Contents/Eclipse/developer/stacks/blehomekit/v1.1.0//protocol/bluetooth_2.3/lib/EFR32BG1B/GCC/bgapi.a(bgapi_endpoint.c.obj)
                0x0000000000027bb8                lib_endpoint_handler_init
                0x0000000000027bba                gecko_cmd_endpoint_send
                0x0000000000027c64                gecko_cmd_endpoint_set_streaming_destination
                0x0000000000027cbc                gecko_cmd_endpoint_close
                0x0000000000027d18                gecko_cmd_endpoint_set_flags
                0x0000000000027d1a                gecko_cmd_endpoint_clr_flags
                0x0000000000027d1c                gecko_cmd_endpoint_read_counters
 .text          0x0000000000027d64      0x104 /Applications/Simplicity Studio.app/Contents/Eclipse/developer/stacks/blehomekit/v1.1.0//protocol/bluetooth_2.3/lib/EFR32BG1B/GCC/bgapi.a(bgapi_le_connection.c.obj)
                0x0000000000027d64                lib_le_connection_handler_init
                0x0000000000027d66                gecko_cmd_le_connection_set_parameters
                0x0000000000027db4                gecko_cmd_le_connection_get_rssi
                0x0000000000027de4                gecko_cmd_le_connection_disable_slave_latency
                0x0000000000027e2c                gecko_cmd_le_connection_set_phy
 .text          0x0000000000027e68      0x220 /Applications/Simplicity Studio.app/Contents/Eclipse/developer/stacks/blehomekit/v1.1.0//protocol/bluetooth_2.3/lib/EFR32BG1B/GCC/bgapi.a(uart_endpoint.c.obj)
                0x0000000000027ec8                uart_output_available
                0x0000000000027ecc                uart_transparent_input
                0x0000000000027f0a                uart_endpoint_func
                0x0000000000027fbe                uart_change_flags
                0x0000000000027fcc                init_uart_endpoints
 .text          0x0000000000028088      0x17c /Applications/Simplicity Studio.app/Contents/Eclipse/developer/stacks/blehomekit/v1.1.0//protocol/bluetooth_2.3/lib/EFR32BG1B/GCC/bgapi.a(bgapi_endpoint.c.obj)
                0x00000000000281b4                init_bgapi_endpoints
 .text          0x0000000000028204       0xc8 /Applications/Simplicity Studio.app/Contents/Eclipse/developer/stacks/blehomekit/v1.1.0//protocol/bluetooth_2.3/lib/EFR32BG1B/GCC/bgapi.a(adc.c.obj)
                0x0000000000028204                adc_read_channel
                0x0000000000028234                adc_read_port
                0x0000000000028244                adc_config_reference
                0x0000000000028278                adc_init
 .text          0x00000000000282cc      0x160 /Applications/Simplicity Studio.app/Contents/Eclipse/developer/stacks/blehomekit/v1.1.0//protocol/bluetooth_2.3/lib/EFR32BG1B/GCC/bgapi.a(gpio.c.obj)
                0x0000000000028344                gpio_location_to_port
                0x0000000000028354                gpio_location_to_pin_index
                0x0000000000028368                gpios_init
 .text          0x000000000002842c      0x218 /Applications/Simplicity Studio.app/Contents/Eclipse/developer/stacks/blehomekit/v1.1.0//protocol/bluetooth_2.3/lib/EFR32BG1B/GCC/bgapi.a(i2c.c.obj)
                0x000000000002842c                i2c_init
                0x00000000000284b8                i2c_stop
                0x00000000000284d8                i2c_reset
                0x00000000000284f8                i2c_read
                0x00000000000285a4                i2c_write
 .text          0x0000000000028644      0x160 /Applications/Simplicity Studio.app/Contents/Eclipse/developer/stacks/blehomekit/v1.1.0//protocol/bluetooth_2.3/lib/EFR32BG1B/GCC/bgapi.a(sleep_signal.c.obj)
                0x0000000000028674                sleep_signal_init
                0x00000000000286d4                sleep_signal_update
                0x0000000000028740                host_wakeup_signal_init
                0x000000000002877c                host_wakeup_signal_update
 .text          0x00000000000287a4      0x89c /Applications/Simplicity Studio.app/Contents/Eclipse/developer/stacks/blehomekit/v1.1.0//protocol/bluetooth_2.3/lib/EFR32BG1B/GCC/bgapi.a(uart.c.obj)
                0x00000000000287a4                LEUART0_IRQGeckoHandler
                0x00000000000287a6                USART1_TX_IRQGeckoHandler
                0x00000000000288d0                USART0_TX_IRQGeckoHandler
                0x0000000000028a80                USART1_RX_IRQGeckoHandler
                0x0000000000028a8c                USART0_RX_IRQGeckoHandler
                0x0000000000028aac                uart_update
                0x0000000000028ac4                uart_configure
                0x0000000000028b98                uart_event_register
                0x0000000000028ba8                uarts_init
                0x0000000000028f2c                uart_get_flags
                0x0000000000028f3c                uart_write_bgbuf
                0x0000000000028f7c                uart_read_bgbuf
                0x0000000000029004                uart_sleep
 .text          0x0000000000029040       0x30 /Applications/Simplicity Studio.app/Contents/Eclipse/developer/toolchains/gnu_arm/4.9_2015q3/bin/../lib/gcc/arm-none-eabi/4.9.3/armv7e-m/softfp/libgcc.a(_aeabi_uldivmod.o)
                0x0000000000029040                __aeabi_uldivmod
 .text          0x0000000000029070       0x60 /Applications/Simplicity Studio.app/Contents/Eclipse/developer/toolchains/gnu_arm/4.9_2015q3/bin/../lib/gcc/arm-none-eabi/4.9.3/armv7e-m/softfp/libgcc.a(bpabi.o)
                0x0000000000029070                __gnu_ldivmod_helper
                0x00000000000290a0                __gnu_uldivmod_helper
 .text          0x00000000000290d0        0x4 /Applications/Simplicity Studio.app/Contents/Eclipse/developer/toolchains/gnu_arm/4.9_2015q3/bin/../lib/gcc/arm-none-eabi/4.9.3/armv7e-m/softfp/libgcc.a(_dvmd_tls.o)
                0x00000000000290d0                __aeabi_ldiv0
                0x00000000000290d0                __aeabi_idiv0
 .text          0x00000000000290d4      0x29c /Applications/Simplicity Studio.app/Contents/Eclipse/developer/toolchains/gnu_arm/4.9_2015q3/bin/../lib/gcc/arm-none-eabi/4.9.3/armv7e-m/softfp/libgcc.a(_divdi3.o)
                0x00000000000290d4                __divdi3
 .text          0x0000000000029370      0x26c /Applications/Simplicity Studio.app/Contents/Eclipse/developer/toolchains/gnu_arm/4.9_2015q3/bin/../lib/gcc/arm-none-eabi/4.9.3/armv7e-m/softfp/libgcc.a(_udivdi3.o)
                0x0000000000029370                __udivdi3
 .text.exit     0x00000000000295dc       0x20 /Applications/Simplicity Studio.app/Contents/Eclipse/developer/toolchains/gnu_arm/4.9_2015q3/bin/../lib/gcc/arm-none-eabi/4.9.3/../../../../arm-none-eabi/lib/armv7e-m/softfp/libc.a(lib_a-exit.o)
                0x00000000000295dc                exit
 .text.__libc_init_array
                0x00000000000295fc       0x50 /Applications/Simplicity Studio.app/Contents/Eclipse/developer/toolchains/gnu_arm/4.9_2015q3/bin/../lib/gcc/arm-none-eabi/4.9.3/../../../../arm-none-eabi/lib/armv7e-m/softfp/libc.a(lib_a-init.o)
                0x00000000000295fc                __libc_init_array
 .text          0x000000000002964c      0x134 /Applications/Simplicity Studio.app/Contents/Eclipse/developer/toolchains/gnu_arm/4.9_2015q3/bin/../lib/gcc/arm-none-eabi/4.9.3/../../../../arm-none-eabi/lib/armv7e-m/softfp/libc.a(lib_a-memcpy.o)
                0x000000000002964c                memcpy
 .text.memset   0x0000000000029780       0x9c /Applications/Simplicity Studio.app/Contents/Eclipse/developer/toolchains/gnu_arm/4.9_2015q3/bin/../lib/gcc/arm-none-eabi/4.9.3/../../../../arm-none-eabi/lib/armv7e-m/softfp/libc.a(lib_a-memset.o)
                0x0000000000029780                memset
 .text.startup.register_fini
                0x000000000002981c       0x14 /Applications/Simplicity Studio.app/Contents/Eclipse/developer/toolchains/gnu_arm/4.9_2015q3/bin/../lib/gcc/arm-none-eabi/4.9.3/../../../../arm-none-eabi/lib/armv7e-m/softfp/libc.a(lib_a-__call_atexit.o)
 .text.__call_exitprocs
                0x0000000000029830       0xd4 /Applications/Simplicity Studio.app/Contents/Eclipse/developer/toolchains/gnu_arm/4.9_2015q3/bin/../lib/gcc/arm-none-eabi/4.9.3/../../../../arm-none-eabi/lib/armv7e-m/softfp/libc.a(lib_a-__call_atexit.o)
                0x0000000000029830                __call_exitprocs
 .text.atexit   0x0000000000029904        0xc /Applications/Simplicity Studio.app/Contents/Eclipse/developer/toolchains/gnu_arm/4.9_2015q3/bin/../lib/gcc/arm-none-eabi/4.9.3/../../../../arm-none-eabi/lib/armv7e-m/softfp/libc.a(lib_a-atexit.o)
                0x0000000000029904                atexit
 .text.__libc_fini_array
                0x0000000000029910       0x2c /Applications/Simplicity Studio.app/Contents/Eclipse/developer/toolchains/gnu_arm/4.9_2015q3/bin/../lib/gcc/arm-none-eabi/4.9.3/../../../../arm-none-eabi/lib/armv7e-m/softfp/libc.a(lib_a-fini.o)
                0x0000000000029910                __libc_fini_array
 .text.__register_exitproc
                0x000000000002993c       0xa4 /Applications/Simplicity Studio.app/Contents/Eclipse/developer/toolchains/gnu_arm/4.9_2015q3/bin/../lib/gcc/arm-none-eabi/4.9.3/../../../../arm-none-eabi/lib/armv7e-m/softfp/libc.a(lib_a-__atexit.o)
                0x000000000002993c                __register_exitproc
 .text._exit    0x00000000000299e0        0x4 /Applications/Simplicity Studio.app/Contents/Eclipse/developer/toolchains/gnu_arm/4.9_2015q3/bin/../lib/gcc/arm-none-eabi/4.9.3/../../../../arm-none-eabi/lib/armv7e-m/softfp/libnosys.a(_exit.o)
                0x00000000000299e0                _exit
 *(.init)
 .init          0x00000000000299e4        0x4 /Applications/Simplicity Studio.app/Contents/Eclipse/developer/toolchains/gnu_arm/4.9_2015q3/bin/../lib/gcc/arm-none-eabi/4.9.3/armv7e-m/softfp/crti.o
                0x00000000000299e4                _init
 .init          0x00000000000299e8        0x8 /Applications/Simplicity Studio.app/Contents/Eclipse/developer/toolchains/gnu_arm/4.9_2015q3/bin/../lib/gcc/arm-none-eabi/4.9.3/armv7e-m/softfp/crtn.o
 *(.fini)
 .fini          0x00000000000299f0        0x4 /Applications/Simplicity Studio.app/Contents/Eclipse/developer/toolchains/gnu_arm/4.9_2015q3/bin/../lib/gcc/arm-none-eabi/4.9.3/armv7e-m/softfp/crti.o
                0x00000000000299f0                _fini
 .fini          0x00000000000299f4        0x8 /Applications/Simplicity Studio.app/Contents/Eclipse/developer/toolchains/gnu_arm/4.9_2015q3/bin/../lib/gcc/arm-none-eabi/4.9.3/armv7e-m/softfp/crtn.o
 *crtbegin.o(.ctors)
 *crtbegin?.o(.ctors)
 *(EXCLUDE_FILE(*crtend.o *crtend?.o) .ctors)
 *(SORT(.ctors.*))
 *(.ctors)
 *crtbegin.o(.dtors)
 *crtbegin?.o(.dtors)
 *(EXCLUDE_FILE(*crtend.o *crtend?.o) .dtors)
 *(SORT(.dtors.*))
 *(.dtors)
 *(.rodata*)
 .rodata.ptiInit
                0x00000000000299fc       0x24 ./main.o
 .rodata        0x0000000000029a20        0x4 ./main.o
 .rodata.config
                0x0000000000029a24       0xe8 ./main.o
 .rodata        0x0000000000029b0c       0x47 ./peripherals.o
 *fill*         0x0000000000029b53        0x1 
 .rodata        0x0000000000029b54        0x4 ./bgapi/dmadrv.o
 .rodata.i2cNSum
                0x0000000000029b58        0x4 ./emlib/em_i2c.o
 .rodata        0x0000000000029b5c       0x68 ./src/InitDevice.o
 .rodata        0x0000000000029bc4       0x78 /Applications/Simplicity Studio.app/Contents/Eclipse/developer/stacks/blehomekit/v1.1.0//protocol/bluetooth_2.3/lib/EFR32BG1B/GCC/bgapi.a(gecko_bgapi_hardware.c.obj)
 .rodata        0x0000000000029c3c       0x30 /Applications/Simplicity Studio.app/Contents/Eclipse/developer/stacks/blehomekit/v1.1.0//protocol/bluetooth_2.3/lib/EFR32BG1B/GCC/bgapi.a(gecko_bgapi_test.c.obj)
 .rodata        0x0000000000029c6c       0x18 /Applications/Simplicity Studio.app/Contents/Eclipse/developer/stacks/blehomekit/v1.1.0//protocol/bluetooth_2.3/lib/EFR32BG1B/GCC/bgapi.a(gecko_bgapi_util.c.obj)
 .rodata        0x0000000000029c84       0x28 /Applications/Simplicity Studio.app/Contents/Eclipse/developer/stacks/blehomekit/v1.1.0//protocol/bluetooth_2.3/lib/EFR32BG1B/GCC/bgapi.a(gecko_bgapi_dfu.c.obj)
 .rodata        0x0000000000029cac       0x70 /Applications/Simplicity Studio.app/Contents/Eclipse/developer/stacks/blehomekit/v1.1.0//protocol/bluetooth_2.3/lib/EFR32BG1B/GCC/bgapi.a(gecko_bgapi_gap.c.obj)
 .rodata        0x0000000000029d1c       0xa0 /Applications/Simplicity Studio.app/Contents/Eclipse/developer/stacks/blehomekit/v1.1.0//protocol/bluetooth_2.3/lib/EFR32BG1B/GCC/bgapi.a(gecko_bgapi_gatt.c.obj)
 .rodata        0x0000000000029dbc       0x48 /Applications/Simplicity Studio.app/Contents/Eclipse/developer/stacks/blehomekit/v1.1.0//protocol/bluetooth_2.3/lib/EFR32BG1B/GCC/bgapi.a(gecko_bgapi_gatt_server.c.obj)
 .rodata        0x0000000000029e04       0x30 /Applications/Simplicity Studio.app/Contents/Eclipse/developer/stacks/blehomekit/v1.1.0//protocol/bluetooth_2.3/lib/EFR32BG1B/GCC/bgapi.a(gecko_bgapi_flash.c.obj)
 .rodata        0x0000000000029e34       0x80 /Applications/Simplicity Studio.app/Contents/Eclipse/developer/stacks/blehomekit/v1.1.0//protocol/bluetooth_2.3/lib/EFR32BG1B/GCC/bgapi.a(gecko_bgapi_sm.c.obj)
 .rodata        0x0000000000029eb4       0x38 /Applications/Simplicity Studio.app/Contents/Eclipse/developer/stacks/blehomekit/v1.1.0//protocol/bluetooth_2.3/lib/EFR32BG1B/GCC/bgapi.a(gecko_bgapi_system.c.obj)
 .rodata        0x0000000000029eec       0x38 /Applications/Simplicity Studio.app/Contents/Eclipse/developer/stacks/blehomekit/v1.1.0//protocol/bluetooth_2.3/lib/EFR32BG1B/GCC/bgapi.a(gecko_bgapi_endpoint.c.obj)
 .rodata        0x0000000000029f24       0x28 /Applications/Simplicity Studio.app/Contents/Eclipse/developer/stacks/blehomekit/v1.1.0//protocol/bluetooth_2.3/lib/EFR32BG1B/GCC/bgapi.a(gecko_bgapi_le_connection.c.obj)
 .rodata        0x0000000000029f4c       0x18 /Applications/Simplicity Studio.app/Contents/Eclipse/developer/stacks/blehomekit/v1.1.0//protocol/bluetooth_2.3/lib/EFR32BG1B/GCC/bgapi.a(bgapi_sm.c.obj)
 .rodata        0x0000000000029f64       0x18 /Applications/Simplicity Studio.app/Contents/Eclipse/developer/stacks/blehomekit/v1.1.0//protocol/bluetooth_2.3/lib/EFR32BG1B/GCC/bgapi.a(adc.c.obj)
 .rodata        0x0000000000029f7c       0x40 /Applications/Simplicity Studio.app/Contents/Eclipse/developer/stacks/blehomekit/v1.1.0//protocol/bluetooth_2.3/lib/EFR32BG1B/GCC/bgapi.a(gpio.c.obj)
 .rodata        0x0000000000029fbc       0x10 /Applications/Simplicity Studio.app/Contents/Eclipse/developer/stacks/blehomekit/v1.1.0//protocol/bluetooth_2.3/lib/EFR32BG1B/GCC/bgapi.a(i2c.c.obj)
 .rodata        0x0000000000029fcc       0x60 /Applications/Simplicity Studio.app/Contents/Eclipse/developer/stacks/blehomekit/v1.1.0//protocol/bluetooth_2.3/lib/EFR32BG1B/GCC/bgapi.a(uart.c.obj)
 .rodata.str1.4
                0x000000000002a02c        0x4 /Applications/Simplicity Studio.app/Contents/Eclipse/developer/toolchains/gnu_arm/4.9_2015q3/bin/../lib/gcc/arm-none-eabi/4.9.3/../../../../arm-none-eabi/lib/armv7e-m/softfp/libc.a(lib_a-impure.o)
                                          0x2 (size before relaxing)
 .rodata._global_impure_ptr
                0x000000000002a030        0x4 /Applications/Simplicity Studio.app/Contents/Eclipse/developer/toolchains/gnu_arm/4.9_2015q3/bin/../lib/gcc/arm-none-eabi/4.9.3/../../../../arm-none-eabi/lib/armv7e-m/softfp/libc.a(lib_a-impure.o)
                0x000000000002a030                _global_impure_ptr
 *(.eh_frame*)
 .eh_frame      0x000000000002a034        0x0 /Applications/Simplicity Studio.app/Contents/Eclipse/developer/toolchains/gnu_arm/4.9_2015q3/bin/../lib/gcc/arm-none-eabi/4.9.3/armv7e-m/softfp/crtbegin.o
 .eh_frame      0x000000000002a034        0x4 /Applications/Simplicity Studio.app/Contents/Eclipse/developer/toolchains/gnu_arm/4.9_2015q3/bin/../lib/gcc/arm-none-eabi/4.9.3/armv7e-m/softfp/crtend.o
                0x000000000002a038                . = ALIGN (0x4)

.glue_7         0x000000000002a038        0x0
 .glue_7        0x0000000000000000        0x0 linker stubs

.glue_7t        0x000000000002a038        0x0
 .glue_7t       0x0000000000000000        0x0 linker stubs

.vfp11_veneer   0x000000000002a038        0x0
 .vfp11_veneer  0x0000000000000000        0x0 linker stubs

.v4_bx          0x000000000002a038        0x0
 .v4_bx         0x0000000000000000        0x0 linker stubs

.iplt           0x000000000002a038        0x0
 .iplt          0x0000000000000000        0x0 /Applications/Simplicity Studio.app/Contents/Eclipse/developer/toolchains/gnu_arm/4.9_2015q3/bin/../lib/gcc/arm-none-eabi/4.9.3/armv7e-m/softfp/crtbegin.o

.igot.plt       0x000000000002a038        0x0
 .igot.plt      0x0000000000000000        0x0 /Applications/Simplicity Studio.app/Contents/Eclipse/developer/toolchains/gnu_arm/4.9_2015q3/bin/../lib/gcc/arm-none-eabi/4.9.3/armv7e-m/softfp/crtbegin.o

.text_app_ARM.extab
 *(.ARM.extab* .gnu.linkonce.armextab.*)
                0x000000000002a038                __exidx_start = .

.text_app_ARM.exidx
                0x000000000002a038        0x8
 *(.ARM.exidx* .gnu.linkonce.armexidx.*)
 .ARM.exidx     0x000000000002a038        0x8 /Applications/Simplicity Studio.app/Contents/Eclipse/developer/toolchains/gnu_arm/4.9_2015q3/bin/../lib/gcc/arm-none-eabi/4.9.3/../../../../arm-none-eabi/lib/armv7e-m/softfp/crt0.o
 .ARM.exidx     0x000000000002a040        0x0 /Applications/Simplicity Studio.app/Contents/Eclipse/developer/toolchains/gnu_arm/4.9_2015q3/bin/../lib/gcc/arm-none-eabi/4.9.3/armv7e-m/softfp/libgcc.a(_divdi3.o)
                                          0x8 (size before relaxing)
 .ARM.exidx     0x000000000002a040        0x0 /Applications/Simplicity Studio.app/Contents/Eclipse/developer/toolchains/gnu_arm/4.9_2015q3/bin/../lib/gcc/arm-none-eabi/4.9.3/armv7e-m/softfp/libgcc.a(_udivdi3.o)
                                          0x8 (size before relaxing)
                0x000000000002a040                __exidx_end = .
                0x000000000002a040                __etext = .

.rel.dyn        0x000000000002a040        0x0
 .rel.iplt      0x0000000000000000        0x0 /Applications/Simplicity Studio.app/Contents/Eclipse/developer/toolchains/gnu_arm/4.9_2015q3/bin/../lib/gcc/arm-none-eabi/4.9.3/armv7e-m/softfp/crtbegin.o

.text_app_data  0x0000000020003000      0x480 load address 0x000000000002a040
                0x0000000020003000                __data_start__ = .
 *(vtable)
 *(.data*)
 .data.bg_gattdb_data_attribute_field_6_data
                0x0000000020003000        0xd ./gatt_db.o
                0x0000000020003000                bg_gattdb_data_attribute_field_6_data
 *fill*         0x000000002000300d        0x3 
 .data.auxHfrcoFreq
                0x0000000020003010        0x4 ./emlib/em_cmu.o
 .data          0x0000000020003014        0x1 /Applications/Simplicity Studio.app/Contents/Eclipse/developer/stacks/blehomekit/v1.1.0//protocol/bluetooth_2.3/lib/EFR32BG1B/GCC/bgapi.a(bgapi_endpoint.c.obj)
 *fill*         0x0000000020003015        0x3 
 .data          0x0000000020003018       0x30 /Applications/Simplicity Studio.app/Contents/Eclipse/developer/stacks/blehomekit/v1.1.0//protocol/bluetooth_2.3/lib/EFR32BG1B/GCC/bgapi.a(adc.c.obj)
 .data.impure_data
                0x0000000020003048      0x428 /Applications/Simplicity Studio.app/Contents/Eclipse/developer/toolchains/gnu_arm/4.9_2015q3/bin/../lib/gcc/arm-none-eabi/4.9.3/../../../../arm-none-eabi/lib/armv7e-m/softfp/libc.a(lib_a-impure.o)
                0x0000000020003470                . = ALIGN (0x4)
 *(.ram)
                0x0000000020003470                . = ALIGN (0x4)
                0x0000000020003470                PROVIDE (__preinit_array_start, .)
 *(.preinit_array)
                0x0000000020003470                PROVIDE (__preinit_array_end, .)
                0x0000000020003470                . = ALIGN (0x4)
                0x0000000020003470                PROVIDE (__init_array_start, .)
 *(SORT(.init_array.*))
 .init_array.00000
                0x0000000020003470        0x4 /Applications/Simplicity Studio.app/Contents/Eclipse/developer/toolchains/gnu_arm/4.9_2015q3/bin/../lib/gcc/arm-none-eabi/4.9.3/../../../../arm-none-eabi/lib/armv7e-m/softfp/libc.a(lib_a-__call_atexit.o)
 *(.init_array)
 .init_array    0x0000000020003474        0x4 /Applications/Simplicity Studio.app/Contents/Eclipse/developer/toolchains/gnu_arm/4.9_2015q3/bin/../lib/gcc/arm-none-eabi/4.9.3/armv7e-m/softfp/crtbegin.o
                0x0000000020003478                PROVIDE (__init_array_end, .)
                0x0000000020003478                . = ALIGN (0x4)
                0x0000000020003478                PROVIDE (__fini_array_start, .)
 *(SORT(.fini_array.*))
 *(.fini_array)
 .fini_array    0x0000000020003478        0x4 /Applications/Simplicity Studio.app/Contents/Eclipse/developer/toolchains/gnu_arm/4.9_2015q3/bin/../lib/gcc/arm-none-eabi/4.9.3/armv7e-m/softfp/crtbegin.o
                0x000000002000347c                PROVIDE (__fini_array_end, .)
 *(.jcr*)
 .jcr           0x000000002000347c        0x0 /Applications/Simplicity Studio.app/Contents/Eclipse/developer/toolchains/gnu_arm/4.9_2015q3/bin/../lib/gcc/arm-none-eabi/4.9.3/armv7e-m/softfp/crtbegin.o
 .jcr           0x000000002000347c        0x4 /Applications/Simplicity Studio.app/Contents/Eclipse/developer/toolchains/gnu_arm/4.9_2015q3/bin/../lib/gcc/arm-none-eabi/4.9.3/armv7e-m/softfp/crtend.o
                0x0000000020003480                . = ALIGN (0x4)
                0x0000000020003480                __data_end__ = .

.bss            0x0000000020003480     0x1cdc load address 0x000000000002a4c0
                0x0000000020003480                . = ALIGN (0x4)
                0x0000000020003480                __bss_start__ = .
 *(.bss*)
 .bss           0x0000000020003480       0x1c /Applications/Simplicity Studio.app/Contents/Eclipse/developer/toolchains/gnu_arm/4.9_2015q3/bin/../lib/gcc/arm-none-eabi/4.9.3/armv7e-m/softfp/crtbegin.o
 .bss.bg_gattdb_data_attribute_field_2_data
                0x000000002000349c        0x4 ./gatt_db.o
                0x000000002000349c                bg_gattdb_data_attribute_field_2_data
 .bss.boot_to_dfu
                0x00000000200034a0        0x1 ./main.o
                0x00000000200034a0                boot_to_dfu
 .bss.desiredDutyCycle
                0x00000000200034a1        0x1 ./peripherals.o
 *fill*         0x00000000200034a2        0x2 
 .bss.leuartif  0x00000000200034a4        0x4 ./peripherals.o
 .bss.UARTbufferctr
                0x00000000200034a8        0x1 ./peripherals.o
 *fill*         0x00000000200034a9        0x3 
 .bss.SOFReceived
                0x00000000200034ac        0x4 ./peripherals.o
                0x00000000200034ac                SOFReceived
 .bss.initialized
                0x00000000200034b0        0x1 ./bgapi/dmadrv.o
 *fill*         0x00000000200034b1        0x3 
 .bss.chTable   0x00000000200034b4       0xa0 ./bgapi/dmadrv.o
 .bss.dmaXfer   0x0000000020003554      0x100 ./bgapi/dmadrv.o
 .bss.errataFixDcdcHsState
                0x0000000020003654        0x4 ./emlib/em_emu.o
 .bss.dcdcMaxCurrent_mA
                0x0000000020003658        0x2 ./emlib/em_emu.o
 .bss.dcdcEm01LoadCurrent_mA
                0x000000002000365a        0x2 ./emlib/em_emu.o
 .bss.dcdcReverseCurrentControl
                0x000000002000365c        0x2 ./emlib/em_emu.o
 .bss           0x000000002000365e      0x100 /Applications/Simplicity Studio.app/Contents/Eclipse/developer/stacks/blehomekit/v1.1.0//protocol/bluetooth_2.3/lib/EFR32BG1B/GCC/bgapi.a(bgapi_hardware_lib.c.obj)
 *fill*         0x000000002000375e        0x2 
 .bss           0x0000000020003760        0x4 /Applications/Simplicity Studio.app/Contents/Eclipse/developer/stacks/blehomekit/v1.1.0//protocol/bluetooth_2.3/lib/EFR32BG1B/GCC/bgapi.a(bgapi_hardware.c.obj)
 .bss           0x0000000020003764       0x10 /Applications/Simplicity Studio.app/Contents/Eclipse/developer/stacks/blehomekit/v1.1.0//protocol/bluetooth_2.3/lib/EFR32BG1B/GCC/bgapi.a(bgapi_util.c.obj)
 .bss           0x0000000020003774        0x2 /Applications/Simplicity Studio.app/Contents/Eclipse/developer/stacks/blehomekit/v1.1.0//protocol/bluetooth_2.3/lib/EFR32BG1B/GCC/bgapi.a(bgapi_gap.c.obj)
                0x0000000020003774                legacy_maxadv_events
 *fill*         0x0000000020003776        0x2 
 .bss           0x0000000020003778        0x4 /Applications/Simplicity Studio.app/Contents/Eclipse/developer/stacks/blehomekit/v1.1.0//protocol/bluetooth_2.3/lib/EFR32BG1B/GCC/bgapi.a(bgapi_sm.c.obj)
 .bss           0x000000002000377c        0xc /Applications/Simplicity Studio.app/Contents/Eclipse/developer/stacks/blehomekit/v1.1.0//protocol/bluetooth_2.3/lib/EFR32BG1B/GCC/bgapi.a(bgapi_endpoint.c.obj)
 .bss           0x0000000020003788        0x4 /Applications/Simplicity Studio.app/Contents/Eclipse/developer/stacks/blehomekit/v1.1.0//protocol/bluetooth_2.3/lib/EFR32BG1B/GCC/bgapi.a(adc.c.obj)
 .bss           0x000000002000378c        0x2 /Applications/Simplicity Studio.app/Contents/Eclipse/developer/stacks/blehomekit/v1.1.0//protocol/bluetooth_2.3/lib/EFR32BG1B/GCC/bgapi.a(i2c.c.obj)
 *fill*         0x000000002000378e        0x2 
 .bss           0x0000000020003790       0x2c /Applications/Simplicity Studio.app/Contents/Eclipse/developer/stacks/blehomekit/v1.1.0//protocol/bluetooth_2.3/lib/EFR32BG1B/GCC/bgapi.a(sleep_signal.c.obj)
                0x00000000200037a4                sleep_signal_mask
                0x00000000200037b8                host_wakeup_signal_mask
 .bss           0x00000000200037bc       0x70 /Applications/Simplicity Studio.app/Contents/Eclipse/developer/stacks/blehomekit/v1.1.0//protocol/bluetooth_2.3/lib/EFR32BG1B/GCC/bgapi.a(uart.c.obj)
 *(COMMON)
 COMMON         0x000000002000382c     0x18d4 ./main.o
                0x000000002000382c                localPWM
                0x0000000020003830                bluetooth_stack_heap
 COMMON         0x0000000020005100       0x4c ./peripherals.o
                0x0000000020005100                UARTObj
                0x0000000020005104                UserGPIOs
                0x0000000020005108                PWMObj
                0x000000002000510c                UARTbuffer
 COMMON         0x000000002000514c        0xc /Applications/Simplicity Studio.app/Contents/Eclipse/developer/stacks/blehomekit/v1.1.0//protocol/bluetooth_2.3/lib/EFR32BG1B/GCC/bgapi.a(uart_endpoint.c.obj)
                0x000000002000514c                uarts
 COMMON         0x0000000020005158        0x1 /Applications/Simplicity Studio.app/Contents/Eclipse/developer/stacks/blehomekit/v1.1.0//protocol/bluetooth_2.3/lib/EFR32BG1B/GCC/bgapi.a(gpio.c.obj)
                0x0000000020005158                gpio_events
                0x000000002000515c                . = ALIGN (0x4)
 *fill*         0x0000000020005159        0x3 
                0x000000002000515c                __bss_end__ = .

.heap           0x0000000020005160      0xc00
                0x0000000020005160                __HeapBase = .
                0x0000000020005160                __end__ = .
                0x0000000020005160                end = __end__
                0x0000000020005160                _end = __end__
 *(.heap*)
 .heap          0x0000000020005160      0xc00 ./device/EFR32_B_1_1_B/gcc/startup_efr32bg1b.o
                0x0000000020005d60                __HeapLimit = .

.stack_dummy    0x0000000020005d60      0x400
 *(.stack*)
 .stack         0x0000000020005d60      0x400 ./device/EFR32_B_1_1_B/gcc/startup_efr32bg1b.o
                0x0000000020007bfc                __StackTop = (ORIGIN (RAM) + 0x4bfc)
                0x00000000200077fc                __StackLimit = (__StackTop - SIZEOF (.stack_dummy))
                0x0000000020007bfc                PROVIDE (__stack, __StackTop)
                0x0000000000000001                ASSERT ((__StackLimit >= __HeapLimit), region RAM overflowed with stack)
OUTPUT(Locoroll-2.axf elf32-littlearm)

.ARM.attributes
                0x0000000000000000       0x2e
 .ARM.attributes
                0x0000000000000000       0x22 /Applications/Simplicity Studio.app/Contents/Eclipse/developer/toolchains/gnu_arm/4.9_2015q3/bin/../lib/gcc/arm-none-eabi/4.9.3/armv7e-m/softfp/crti.o
 .ARM.attributes
                0x0000000000000022       0x32 /Applications/Simplicity Studio.app/Contents/Eclipse/developer/toolchains/gnu_arm/4.9_2015q3/bin/../lib/gcc/arm-none-eabi/4.9.3/armv7e-m/softfp/crtbegin.o
 .ARM.attributes
                0x0000000000000054       0x20 /Applications/Simplicity Studio.app/Contents/Eclipse/developer/toolchains/gnu_arm/4.9_2015q3/bin/../lib/gcc/arm-none-eabi/4.9.3/../../../../arm-none-eabi/lib/armv7e-m/softfp/crt0.o
 .ARM.attributes
                0x0000000000000074       0x37 ./em_timer.o
 .ARM.attributes
                0x00000000000000ab       0x37 ./gatt_db.o
 .ARM.attributes
                0x00000000000000e2       0x37 ./main.o
 .ARM.attributes
                0x0000000000000119       0x37 ./peripherals.o
 .ARM.attributes
                0x0000000000000150       0x37 ./bgapi/dmadrv.o
 .ARM.attributes
                0x0000000000000187       0x37 ./bgapi/em_adc.o
 .ARM.attributes
                0x00000000000001be       0x37 ./bgapi/em_ldma.o
 .ARM.attributes
                0x00000000000001f5       0x37 ./bgapi/em_leuart.o
 .ARM.attributes
                0x000000000000022c       0x37 ./device/EFR32_B_1_1_B/gcc/startup_efr32bg1b.o
 .ARM.attributes
                0x0000000000000263       0x37 ./emlib/em_cmu.o
 .ARM.attributes
                0x000000000000029a       0x37 ./emlib/em_emu.o
 .ARM.attributes
                0x00000000000002d1       0x37 ./emlib/em_gpio.o
 .ARM.attributes
                0x0000000000000308       0x37 ./emlib/em_i2c.o
 .ARM.attributes
                0x000000000000033f       0x37 ./emlib/em_letimer.o
 .ARM.attributes
                0x0000000000000376       0x37 ./emlib/em_rtcc.o
 .ARM.attributes
                0x00000000000003ad       0x37 ./emlib/em_system.o
 .ARM.attributes
                0x00000000000003e4       0x37 ./emlib/em_usart.o
 .ARM.attributes
                0x000000000000041b       0x37 ./src/InitDevice.o
 .ARM.attributes
                0x0000000000000452       0x1c /Applications/Simplicity Studio.app/Contents/Eclipse/developer/stacks/blehomekit/v1.1.0//protocol/bluetooth_2.3/lib/EFR32BG1B/EABI/binstack.o
 .ARM.attributes
                0x000000000000046e       0x37 /Applications/Simplicity Studio.app/Contents/Eclipse/developer/stacks/blehomekit/v1.1.0//protocol/bluetooth_2.3/lib/EFR32BG1B/GCC/bgapi.a(gecko_bgapi_hardware.c.obj)
 .ARM.attributes
                0x00000000000004a5       0x37 /Applications/Simplicity Studio.app/Contents/Eclipse/developer/stacks/blehomekit/v1.1.0//protocol/bluetooth_2.3/lib/EFR32BG1B/GCC/bgapi.a(gecko_bgapi_test.c.obj)
 .ARM.attributes
                0x00000000000004dc       0x37 /Applications/Simplicity Studio.app/Contents/Eclipse/developer/stacks/blehomekit/v1.1.0//protocol/bluetooth_2.3/lib/EFR32BG1B/GCC/bgapi.a(gecko_bgapi_util.c.obj)
 .ARM.attributes
                0x0000000000000513       0x37 /Applications/Simplicity Studio.app/Contents/Eclipse/developer/stacks/blehomekit/v1.1.0//protocol/bluetooth_2.3/lib/EFR32BG1B/GCC/bgapi.a(gecko_bgapi_dfu.c.obj)
 .ARM.attributes
                0x000000000000054a       0x37 /Applications/Simplicity Studio.app/Contents/Eclipse/developer/stacks/blehomekit/v1.1.0//protocol/bluetooth_2.3/lib/EFR32BG1B/GCC/bgapi.a(gecko_bgapi_gap.c.obj)
 .ARM.attributes
                0x0000000000000581       0x37 /Applications/Simplicity Studio.app/Contents/Eclipse/developer/stacks/blehomekit/v1.1.0//protocol/bluetooth_2.3/lib/EFR32BG1B/GCC/bgapi.a(gecko_bgapi_gatt.c.obj)
 .ARM.attributes
                0x00000000000005b8       0x37 /Applications/Simplicity Studio.app/Contents/Eclipse/developer/stacks/blehomekit/v1.1.0//protocol/bluetooth_2.3/lib/EFR32BG1B/GCC/bgapi.a(gecko_bgapi_gatt_server.c.obj)
 .ARM.attributes
                0x00000000000005ef       0x37 /Applications/Simplicity Studio.app/Contents/Eclipse/developer/stacks/blehomekit/v1.1.0//protocol/bluetooth_2.3/lib/EFR32BG1B/GCC/bgapi.a(gecko_bgapi_flash.c.obj)
 .ARM.attributes
                0x0000000000000626       0x37 /Applications/Simplicity Studio.app/Contents/Eclipse/developer/stacks/blehomekit/v1.1.0//protocol/bluetooth_2.3/lib/EFR32BG1B/GCC/bgapi.a(gecko_bgapi_sm.c.obj)
 .ARM.attributes
                0x000000000000065d       0x37 /Applications/Simplicity Studio.app/Contents/Eclipse/developer/stacks/blehomekit/v1.1.0//protocol/bluetooth_2.3/lib/EFR32BG1B/GCC/bgapi.a(gecko_bgapi_system.c.obj)
 .ARM.attributes
                0x0000000000000694       0x37 /Applications/Simplicity Studio.app/Contents/Eclipse/developer/stacks/blehomekit/v1.1.0//protocol/bluetooth_2.3/lib/EFR32BG1B/GCC/bgapi.a(gecko_bgapi_endpoint.c.obj)
 .ARM.attributes
                0x00000000000006cb       0x37 /Applications/Simplicity Studio.app/Contents/Eclipse/developer/stacks/blehomekit/v1.1.0//protocol/bluetooth_2.3/lib/EFR32BG1B/GCC/bgapi.a(gecko_bgapi_le_connection.c.obj)
 .ARM.attributes
                0x0000000000000702       0x37 /Applications/Simplicity Studio.app/Contents/Eclipse/developer/stacks/blehomekit/v1.1.0//protocol/bluetooth_2.3/lib/EFR32BG1B/GCC/bgapi.a(bgapi_hardware_lib.c.obj)
 .ARM.attributes
                0x0000000000000739       0x37 /Applications/Simplicity Studio.app/Contents/Eclipse/developer/stacks/blehomekit/v1.1.0//protocol/bluetooth_2.3/lib/EFR32BG1B/GCC/bgapi.a(bgapi_hardware.c.obj)
 .ARM.attributes
                0x0000000000000770       0x37 /Applications/Simplicity Studio.app/Contents/Eclipse/developer/stacks/blehomekit/v1.1.0//protocol/bluetooth_2.3/lib/EFR32BG1B/GCC/bgapi.a(bgapi_test_lib.c.obj)
 .ARM.attributes
                0x00000000000007a7       0x37 /Applications/Simplicity Studio.app/Contents/Eclipse/developer/stacks/blehomekit/v1.1.0//protocol/bluetooth_2.3/lib/EFR32BG1B/GCC/bgapi.a(bgapi_util.c.obj)
 .ARM.attributes
                0x00000000000007de       0x37 /Applications/Simplicity Studio.app/Contents/Eclipse/developer/stacks/blehomekit/v1.1.0//protocol/bluetooth_2.3/lib/EFR32BG1B/GCC/bgapi.a(bgapi_dfu.c.obj)
 .ARM.attributes
                0x0000000000000815       0x37 /Applications/Simplicity Studio.app/Contents/Eclipse/developer/stacks/blehomekit/v1.1.0//protocol/bluetooth_2.3/lib/EFR32BG1B/GCC/bgapi.a(bgapi_gap.c.obj)
 .ARM.attributes
                0x000000000000084c       0x37 /Applications/Simplicity Studio.app/Contents/Eclipse/developer/stacks/blehomekit/v1.1.0//protocol/bluetooth_2.3/lib/EFR32BG1B/GCC/bgapi.a(bgapi_gatt_lib.c.obj)
 .ARM.attributes
                0x0000000000000883       0x37 /Applications/Simplicity Studio.app/Contents/Eclipse/developer/stacks/blehomekit/v1.1.0//protocol/bluetooth_2.3/lib/EFR32BG1B/GCC/bgapi.a(bgapi_ps.c.obj)
 .ARM.attributes
                0x00000000000008ba       0x37 /Applications/Simplicity Studio.app/Contents/Eclipse/developer/stacks/blehomekit/v1.1.0//protocol/bluetooth_2.3/lib/EFR32BG1B/GCC/bgapi.a(bgapi_sm.c.obj)
 .ARM.attributes
                0x00000000000008f1       0x37 /Applications/Simplicity Studio.app/Contents/Eclipse/developer/stacks/blehomekit/v1.1.0//protocol/bluetooth_2.3/lib/EFR32BG1B/GCC/bgapi.a(bgapi_system.c.obj)
 .ARM.attributes
                0x0000000000000928       0x37 /Applications/Simplicity Studio.app/Contents/Eclipse/developer/stacks/blehomekit/v1.1.0//protocol/bluetooth_2.3/lib/EFR32BG1B/GCC/bgapi.a(bgapi_endpoint.c.obj)
 .ARM.attributes
                0x000000000000095f       0x37 /Applications/Simplicity Studio.app/Contents/Eclipse/developer/stacks/blehomekit/v1.1.0//protocol/bluetooth_2.3/lib/EFR32BG1B/GCC/bgapi.a(bgapi_le_connection.c.obj)
 .ARM.attributes
                0x0000000000000996       0x37 /Applications/Simplicity Studio.app/Contents/Eclipse/developer/stacks/blehomekit/v1.1.0//protocol/bluetooth_2.3/lib/EFR32BG1B/GCC/bgapi.a(uart_endpoint.c.obj)
 .ARM.attributes
                0x00000000000009cd       0x37 /Applications/Simplicity Studio.app/Contents/Eclipse/developer/stacks/blehomekit/v1.1.0//protocol/bluetooth_2.3/lib/EFR32BG1B/GCC/bgapi.a(bgapi_endpoint.c.obj)
 .ARM.attributes
                0x0000000000000a04       0x37 /Applications/Simplicity Studio.app/Contents/Eclipse/developer/stacks/blehomekit/v1.1.0//protocol/bluetooth_2.3/lib/EFR32BG1B/GCC/bgapi.a(adc.c.obj)
 .ARM.attributes
                0x0000000000000a3b       0x37 /Applications/Simplicity Studio.app/Contents/Eclipse/developer/stacks/blehomekit/v1.1.0//protocol/bluetooth_2.3/lib/EFR32BG1B/GCC/bgapi.a(gpio.c.obj)
 .ARM.attributes
                0x0000000000000a72       0x37 /Applications/Simplicity Studio.app/Contents/Eclipse/developer/stacks/blehomekit/v1.1.0//protocol/bluetooth_2.3/lib/EFR32BG1B/GCC/bgapi.a(i2c.c.obj)
 .ARM.attributes
                0x0000000000000aa9       0x37 /Applications/Simplicity Studio.app/Contents/Eclipse/developer/stacks/blehomekit/v1.1.0//protocol/bluetooth_2.3/lib/EFR32BG1B/GCC/bgapi.a(sleep_signal.c.obj)
 .ARM.attributes
                0x0000000000000ae0       0x37 /Applications/Simplicity Studio.app/Contents/Eclipse/developer/stacks/blehomekit/v1.1.0//protocol/bluetooth_2.3/lib/EFR32BG1B/GCC/bgapi.a(uart.c.obj)
 .ARM.attributes
                0x0000000000000b17       0x1c /Applications/Simplicity Studio.app/Contents/Eclipse/developer/stacks/blehomekit/v1.1.0//protocol/bluetooth_2.3/lib/EFR32BG1B/EABI/binbootloader.o
 .ARM.attributes
                0x0000000000000b33       0x22 /Applications/Simplicity Studio.app/Contents/Eclipse/developer/toolchains/gnu_arm/4.9_2015q3/bin/../lib/gcc/arm-none-eabi/4.9.3/armv7e-m/softfp/libgcc.a(_aeabi_uldivmod.o)
 .ARM.attributes
                0x0000000000000b55       0x32 /Applications/Simplicity Studio.app/Contents/Eclipse/developer/toolchains/gnu_arm/4.9_2015q3/bin/../lib/gcc/arm-none-eabi/4.9.3/armv7e-m/softfp/libgcc.a(bpabi.o)
 .ARM.attributes
                0x0000000000000b87       0x22 /Applications/Simplicity Studio.app/Contents/Eclipse/developer/toolchains/gnu_arm/4.9_2015q3/bin/../lib/gcc/arm-none-eabi/4.9.3/armv7e-m/softfp/libgcc.a(_dvmd_tls.o)
 .ARM.attributes
                0x0000000000000ba9       0x32 /Applications/Simplicity Studio.app/Contents/Eclipse/developer/toolchains/gnu_arm/4.9_2015q3/bin/../lib/gcc/arm-none-eabi/4.9.3/armv7e-m/softfp/libgcc.a(_divdi3.o)
 .ARM.attributes
                0x0000000000000bdb       0x32 /Applications/Simplicity Studio.app/Contents/Eclipse/developer/toolchains/gnu_arm/4.9_2015q3/bin/../lib/gcc/arm-none-eabi/4.9.3/armv7e-m/softfp/libgcc.a(_udivdi3.o)
 .ARM.attributes
                0x0000000000000c0d       0x32 /Applications/Simplicity Studio.app/Contents/Eclipse/developer/toolchains/gnu_arm/4.9_2015q3/bin/../lib/gcc/arm-none-eabi/4.9.3/../../../../arm-none-eabi/lib/armv7e-m/softfp/libc.a(lib_a-exit.o)
 .ARM.attributes
                0x0000000000000c3f       0x32 /Applications/Simplicity Studio.app/Contents/Eclipse/developer/toolchains/gnu_arm/4.9_2015q3/bin/../lib/gcc/arm-none-eabi/4.9.3/../../../../arm-none-eabi/lib/armv7e-m/softfp/libc.a(lib_a-impure.o)
 .ARM.attributes
                0x0000000000000c71       0x32 /Applications/Simplicity Studio.app/Contents/Eclipse/developer/toolchains/gnu_arm/4.9_2015q3/bin/../lib/gcc/arm-none-eabi/4.9.3/../../../../arm-none-eabi/lib/armv7e-m/softfp/libc.a(lib_a-init.o)
 .ARM.attributes
                0x0000000000000ca3       0x20 /Applications/Simplicity Studio.app/Contents/Eclipse/developer/toolchains/gnu_arm/4.9_2015q3/bin/../lib/gcc/arm-none-eabi/4.9.3/../../../../arm-none-eabi/lib/armv7e-m/softfp/libc.a(lib_a-memcpy.o)
 .ARM.attributes
                0x0000000000000cc3       0x32 /Applications/Simplicity Studio.app/Contents/Eclipse/developer/toolchains/gnu_arm/4.9_2015q3/bin/../lib/gcc/arm-none-eabi/4.9.3/../../../../arm-none-eabi/lib/armv7e-m/softfp/libc.a(lib_a-memset.o)
 .ARM.attributes
                0x0000000000000cf5       0x32 /Applications/Simplicity Studio.app/Contents/Eclipse/developer/toolchains/gnu_arm/4.9_2015q3/bin/../lib/gcc/arm-none-eabi/4.9.3/../../../../arm-none-eabi/lib/armv7e-m/softfp/libc.a(lib_a-__call_atexit.o)
 .ARM.attributes
                0x0000000000000d27       0x32 /Applications/Simplicity Studio.app/Contents/Eclipse/developer/toolchains/gnu_arm/4.9_2015q3/bin/../lib/gcc/arm-none-eabi/4.9.3/../../../../arm-none-eabi/lib/armv7e-m/softfp/libc.a(lib_a-atexit.o)
 .ARM.attributes
                0x0000000000000d59       0x32 /Applications/Simplicity Studio.app/Contents/Eclipse/developer/toolchains/gnu_arm/4.9_2015q3/bin/../lib/gcc/arm-none-eabi/4.9.3/../../../../arm-none-eabi/lib/armv7e-m/softfp/libc.a(lib_a-fini.o)
 .ARM.attributes
                0x0000000000000d8b       0x32 /Applications/Simplicity Studio.app/Contents/Eclipse/developer/toolchains/gnu_arm/4.9_2015q3/bin/../lib/gcc/arm-none-eabi/4.9.3/../../../../arm-none-eabi/lib/armv7e-m/softfp/libc.a(lib_a-__atexit.o)
 .ARM.attributes
                0x0000000000000dbd       0x32 /Applications/Simplicity Studio.app/Contents/Eclipse/developer/toolchains/gnu_arm/4.9_2015q3/bin/../lib/gcc/arm-none-eabi/4.9.3/../../../../arm-none-eabi/lib/armv7e-m/softfp/libnosys.a(_exit.o)
 .ARM.attributes
                0x0000000000000def       0x32 /Applications/Simplicity Studio.app/Contents/Eclipse/developer/toolchains/gnu_arm/4.9_2015q3/bin/../lib/gcc/arm-none-eabi/4.9.3/armv7e-m/softfp/crtend.o
 .ARM.attributes
                0x0000000000000e21       0x22 /Applications/Simplicity Studio.app/Contents/Eclipse/developer/toolchains/gnu_arm/4.9_2015q3/bin/../lib/gcc/arm-none-eabi/4.9.3/armv7e-m/softfp/crtn.o

.comment        0x0000000000000000       0xde
 .comment       0x0000000000000000       0x70 ./em_timer.o
                                         0x71 (size before relaxing)
 .comment       0x0000000000000000       0x71 ./gatt_db.o
 .comment       0x0000000000000000       0x71 ./main.o
 .comment       0x0000000000000000       0x71 ./peripherals.o
 .comment       0x0000000000000000       0x71 ./bgapi/dmadrv.o
 .comment       0x0000000000000000       0x71 ./bgapi/em_adc.o
 .comment       0x0000000000000000       0x71 ./bgapi/em_ldma.o
 .comment       0x0000000000000000       0x71 ./bgapi/em_leuart.o
 .comment       0x0000000000000000       0x71 ./device/EFR32_B_1_1_B/gcc/startup_efr32bg1b.o
 .comment       0x0000000000000000       0x71 ./emlib/em_cmu.o
 .comment       0x0000000000000000       0x71 ./emlib/em_emu.o
 .comment       0x0000000000000000       0x71 ./emlib/em_gpio.o
 .comment       0x0000000000000000       0x71 ./emlib/em_i2c.o
 .comment       0x0000000000000000       0x71 ./emlib/em_letimer.o
 .comment       0x0000000000000000       0x71 ./emlib/em_rtcc.o
 .comment       0x0000000000000000       0x71 ./emlib/em_system.o
 .comment       0x0000000000000000       0x71 ./emlib/em_usart.o
 .comment       0x0000000000000000       0x71 ./src/InitDevice.o
 .comment       0x0000000000000070       0x6e /Applications/Simplicity Studio.app/Contents/Eclipse/developer/stacks/blehomekit/v1.1.0//protocol/bluetooth_2.3/lib/EFR32BG1B/GCC/bgapi.a(gecko_bgapi_hardware.c.obj)
                                         0x6f (size before relaxing)
 .comment       0x0000000000000000       0x6f /Applications/Simplicity Studio.app/Contents/Eclipse/developer/stacks/blehomekit/v1.1.0//protocol/bluetooth_2.3/lib/EFR32BG1B/GCC/bgapi.a(gecko_bgapi_test.c.obj)
 .comment       0x0000000000000000       0x6f /Applications/Simplicity Studio.app/Contents/Eclipse/developer/stacks/blehomekit/v1.1.0//protocol/bluetooth_2.3/lib/EFR32BG1B/GCC/bgapi.a(gecko_bgapi_util.c.obj)
 .comment       0x0000000000000000       0x6f /Applications/Simplicity Studio.app/Contents/Eclipse/developer/stacks/blehomekit/v1.1.0//protocol/bluetooth_2.3/lib/EFR32BG1B/GCC/bgapi.a(gecko_bgapi_dfu.c.obj)
 .comment       0x0000000000000000       0x6f /Applications/Simplicity Studio.app/Contents/Eclipse/developer/stacks/blehomekit/v1.1.0//protocol/bluetooth_2.3/lib/EFR32BG1B/GCC/bgapi.a(gecko_bgapi_gap.c.obj)
 .comment       0x0000000000000000       0x6f /Applications/Simplicity Studio.app/Contents/Eclipse/developer/stacks/blehomekit/v1.1.0//protocol/bluetooth_2.3/lib/EFR32BG1B/GCC/bgapi.a(gecko_bgapi_gatt.c.obj)
 .comment       0x0000000000000000       0x6f /Applications/Simplicity Studio.app/Contents/Eclipse/developer/stacks/blehomekit/v1.1.0//protocol/bluetooth_2.3/lib/EFR32BG1B/GCC/bgapi.a(gecko_bgapi_gatt_server.c.obj)
 .comment       0x0000000000000000       0x6f /Applications/Simplicity Studio.app/Contents/Eclipse/developer/stacks/blehomekit/v1.1.0//protocol/bluetooth_2.3/lib/EFR32BG1B/GCC/bgapi.a(gecko_bgapi_flash.c.obj)
 .comment       0x0000000000000000       0x6f /Applications/Simplicity Studio.app/Contents/Eclipse/developer/stacks/blehomekit/v1.1.0//protocol/bluetooth_2.3/lib/EFR32BG1B/GCC/bgapi.a(gecko_bgapi_sm.c.obj)
 .comment       0x0000000000000000       0x6f /Applications/Simplicity Studio.app/Contents/Eclipse/developer/stacks/blehomekit/v1.1.0//protocol/bluetooth_2.3/lib/EFR32BG1B/GCC/bgapi.a(gecko_bgapi_system.c.obj)
 .comment       0x0000000000000000       0x6f /Applications/Simplicity Studio.app/Contents/Eclipse/developer/stacks/blehomekit/v1.1.0//protocol/bluetooth_2.3/lib/EFR32BG1B/GCC/bgapi.a(gecko_bgapi_endpoint.c.obj)
 .comment       0x0000000000000000       0x6f /Applications/Simplicity Studio.app/Contents/Eclipse/developer/stacks/blehomekit/v1.1.0//protocol/bluetooth_2.3/lib/EFR32BG1B/GCC/bgapi.a(gecko_bgapi_le_connection.c.obj)
 .comment       0x0000000000000000       0x6f /Applications/Simplicity Studio.app/Contents/Eclipse/developer/stacks/blehomekit/v1.1.0//protocol/bluetooth_2.3/lib/EFR32BG1B/GCC/bgapi.a(bgapi_hardware_lib.c.obj)
 .comment       0x0000000000000000       0x6f /Applications/Simplicity Studio.app/Contents/Eclipse/developer/stacks/blehomekit/v1.1.0//protocol/bluetooth_2.3/lib/EFR32BG1B/GCC/bgapi.a(bgapi_hardware.c.obj)
 .comment       0x0000000000000000       0x6f /Applications/Simplicity Studio.app/Contents/Eclipse/developer/stacks/blehomekit/v1.1.0//protocol/bluetooth_2.3/lib/EFR32BG1B/GCC/bgapi.a(bgapi_test_lib.c.obj)
 .comment       0x0000000000000000       0x6f /Applications/Simplicity Studio.app/Contents/Eclipse/developer/stacks/blehomekit/v1.1.0//protocol/bluetooth_2.3/lib/EFR32BG1B/GCC/bgapi.a(bgapi_util.c.obj)
 .comment       0x0000000000000000       0x6f /Applications/Simplicity Studio.app/Contents/Eclipse/developer/stacks/blehomekit/v1.1.0//protocol/bluetooth_2.3/lib/EFR32BG1B/GCC/bgapi.a(bgapi_dfu.c.obj)
 .comment       0x0000000000000000       0x6f /Applications/Simplicity Studio.app/Contents/Eclipse/developer/stacks/blehomekit/v1.1.0//protocol/bluetooth_2.3/lib/EFR32BG1B/GCC/bgapi.a(bgapi_gap.c.obj)
 .comment       0x0000000000000000       0x6f /Applications/Simplicity Studio.app/Contents/Eclipse/developer/stacks/blehomekit/v1.1.0//protocol/bluetooth_2.3/lib/EFR32BG1B/GCC/bgapi.a(bgapi_gatt_lib.c.obj)
 .comment       0x0000000000000000       0x6f /Applications/Simplicity Studio.app/Contents/Eclipse/developer/stacks/blehomekit/v1.1.0//protocol/bluetooth_2.3/lib/EFR32BG1B/GCC/bgapi.a(bgapi_ps.c.obj)
 .comment       0x0000000000000000       0x6f /Applications/Simplicity Studio.app/Contents/Eclipse/developer/stacks/blehomekit/v1.1.0//protocol/bluetooth_2.3/lib/EFR32BG1B/GCC/bgapi.a(bgapi_sm.c.obj)
 .comment       0x0000000000000000       0x6f /Applications/Simplicity Studio.app/Contents/Eclipse/developer/stacks/blehomekit/v1.1.0//protocol/bluetooth_2.3/lib/EFR32BG1B/GCC/bgapi.a(bgapi_system.c.obj)
 .comment       0x0000000000000000       0x6f /Applications/Simplicity Studio.app/Contents/Eclipse/developer/stacks/blehomekit/v1.1.0//protocol/bluetooth_2.3/lib/EFR32BG1B/GCC/bgapi.a(bgapi_endpoint.c.obj)
 .comment       0x0000000000000000       0x6f /Applications/Simplicity Studio.app/Contents/Eclipse/developer/stacks/blehomekit/v1.1.0//protocol/bluetooth_2.3/lib/EFR32BG1B/GCC/bgapi.a(bgapi_le_connection.c.obj)
 .comment       0x0000000000000000       0x6f /Applications/Simplicity Studio.app/Contents/Eclipse/developer/stacks/blehomekit/v1.1.0//protocol/bluetooth_2.3/lib/EFR32BG1B/GCC/bgapi.a(uart_endpoint.c.obj)
 .comment       0x0000000000000000       0x6f /Applications/Simplicity Studio.app/Contents/Eclipse/developer/stacks/blehomekit/v1.1.0//protocol/bluetooth_2.3/lib/EFR32BG1B/GCC/bgapi.a(bgapi_endpoint.c.obj)