Archive member included because of file (symbol)

/Applications/Simplicity Studio.app/Contents/Eclipse/developer/sdks/gecko_sdk_suite/v1.0//protocol/bluetooth_2.3/lib/EFR32BG1B/GCC/bgapi.a(gecko_bgapi_hardware.c.obj)
                              ./main.o (gecko_bgapi_class_hardware_init)
/Applications/Simplicity Studio.app/Contents/Eclipse/developer/sdks/gecko_sdk_suite/v1.0//protocol/bluetooth_2.3/lib/EFR32BG1B/GCC/bgapi.a(gecko_bgapi_test.c.obj)
                              ./main.o (gecko_bgapi_class_test_init)
/Applications/Simplicity Studio.app/Contents/Eclipse/developer/sdks/gecko_sdk_suite/v1.0//protocol/bluetooth_2.3/lib/EFR32BG1B/GCC/bgapi.a(gecko_bgapi_util.c.obj)
                              ./main.o (gecko_bgapi_class_util_init)
/Applications/Simplicity Studio.app/Contents/Eclipse/developer/sdks/gecko_sdk_suite/v1.0//protocol/bluetooth_2.3/lib/EFR32BG1B/GCC/bgapi.a(gecko_bgapi_dfu.c.obj)
                              ./main.o (gecko_bgapi_class_dfu_init)
/Applications/Simplicity Studio.app/Contents/Eclipse/developer/sdks/gecko_sdk_suite/v1.0//protocol/bluetooth_2.3/lib/EFR32BG1B/GCC/bgapi.a(gecko_bgapi_gap.c.obj)
                              ./main.o (gecko_bgapi_class_le_gap_init)
/Applications/Simplicity Studio.app/Contents/Eclipse/developer/sdks/gecko_sdk_suite/v1.0//protocol/bluetooth_2.3/lib/EFR32BG1B/GCC/bgapi.a(gecko_bgapi_gatt.c.obj)
                              ./main.o (gecko_bgapi_class_gatt_init)
/Applications/Simplicity Studio.app/Contents/Eclipse/developer/sdks/gecko_sdk_suite/v1.0//protocol/bluetooth_2.3/lib/EFR32BG1B/GCC/bgapi.a(gecko_bgapi_gatt_server.c.obj)
                              ./main.o (gecko_bgapi_class_gatt_server_init)
/Applications/Simplicity Studio.app/Contents/Eclipse/developer/sdks/gecko_sdk_suite/v1.0//protocol/bluetooth_2.3/lib/EFR32BG1B/GCC/bgapi.a(gecko_bgapi_flash.c.obj)
                              ./main.o (gecko_bgapi_class_flash_init)
/Applications/Simplicity Studio.app/Contents/Eclipse/developer/sdks/gecko_sdk_suite/v1.0//protocol/bluetooth_2.3/lib/EFR32BG1B/GCC/bgapi.a(gecko_bgapi_sm.c.obj)
                              ./main.o (gecko_bgapi_class_sm_init)
/Applications/Simplicity Studio.app/Contents/Eclipse/developer/sdks/gecko_sdk_suite/v1.0//protocol/bluetooth_2.3/lib/EFR32BG1B/GCC/bgapi.a(gecko_bgapi_system.c.obj)
                              ./main.o (gecko_bgapi_class_system_init)
/Applications/Simplicity Studio.app/Contents/Eclipse/developer/sdks/gecko_sdk_suite/v1.0//protocol/bluetooth_2.3/lib/EFR32BG1B/GCC/bgapi.a(gecko_bgapi_endpoint.c.obj)
                              ./main.o (gecko_bgapi_class_endpoint_init)
/Applications/Simplicity Studio.app/Contents/Eclipse/developer/sdks/gecko_sdk_suite/v1.0//protocol/bluetooth_2.3/lib/EFR32BG1B/GCC/bgapi.a(gecko_bgapi_le_connection.c.obj)
                              ./main.o (gecko_bgapi_class_le_connection_init)
/Applications/Simplicity Studio.app/Contents/Eclipse/developer/sdks/gecko_sdk_suite/v1.0//protocol/bluetooth_2.3/lib/EFR32BG1B/GCC/bgapi.a(bgapi_hardware_lib.c.obj)
                              /Applications/Simplicity Studio.app/Contents/Eclipse/developer/sdks/gecko_sdk_suite/v1.0//protocol/bluetooth_2.3/lib/EFR32BG1B/GCC/bgapi.a(gecko_bgapi_hardware.c.obj) (gecko_cmd_hardware_read_i2c)
/Applications/Simplicity Studio.app/Contents/Eclipse/developer/sdks/gecko_sdk_suite/v1.0//protocol/bluetooth_2.3/lib/EFR32BG1B/GCC/bgapi.a(bgapi_hardware.c.obj)
                              /Applications/Simplicity Studio.app/Contents/Eclipse/developer/sdks/gecko_sdk_suite/v1.0//protocol/bluetooth_2.3/lib/EFR32BG1B/GCC/bgapi.a(gecko_bgapi_hardware.c.obj) (lib_hardware_handler_init)
/Applications/Simplicity Studio.app/Contents/Eclipse/developer/sdks/gecko_sdk_suite/v1.0//protocol/bluetooth_2.3/lib/EFR32BG1B/GCC/bgapi.a(bgapi_test_lib.c.obj)
                              /Applications/Simplicity Studio.app/Contents/Eclipse/developer/sdks/gecko_sdk_suite/v1.0//protocol/bluetooth_2.3/lib/EFR32BG1B/GCC/bgapi.a(gecko_bgapi_test.c.obj) (lib_test_handler_init)
/Applications/Simplicity Studio.app/Contents/Eclipse/developer/sdks/gecko_sdk_suite/v1.0//protocol/bluetooth_2.3/lib/EFR32BG1B/GCC/bgapi.a(bgapi_util.c.obj)
                              /Applications/Simplicity Studio.app/Contents/Eclipse/developer/sdks/gecko_sdk_suite/v1.0//protocol/bluetooth_2.3/lib/EFR32BG1B/GCC/bgapi.a(gecko_bgapi_util.c.obj) (lib_util_handler_init)
/Applications/Simplicity Studio.app/Contents/Eclipse/developer/sdks/gecko_sdk_suite/v1.0//protocol/bluetooth_2.3/lib/EFR32BG1B/GCC/bgapi.a(bgapi_dfu.c.obj)
                              /Applications/Simplicity Studio.app/Contents/Eclipse/developer/sdks/gecko_sdk_suite/v1.0//protocol/bluetooth_2.3/lib/EFR32BG1B/GCC/bgapi.a(gecko_bgapi_dfu.c.obj) (lib_dfu_handler_init)
/Applications/Simplicity Studio.app/Contents/Eclipse/developer/sdks/gecko_sdk_suite/v1.0//protocol/bluetooth_2.3/lib/EFR32BG1B/GCC/bgapi.a(bgapi_gap.c.obj)
[...]
Memory Configuration

Name             Origin             Length             Attributes
FLASH            0x0000000000000000 0x000000000003f000 xr
RAM              0x0000000020003000 0x0000000000004bfc xrw
*default*        0x0000000000000000 0xffffffffffffffff

Linker script and memory map

LOAD /Applications/Simplicity Studio.app/Contents/Eclipse/developer/toolchains/gnu_arm/4.9_2015q3/bin/../lib/gcc/arm-none-eabi/4.9.3/armv7e-m/softfp/crti.o
LOAD /Applications/Simplicity Studio.app/Contents/Eclipse/developer/toolchains/gnu_arm/4.9_2015q3/bin/../lib/gcc/arm-none-eabi/4.9.3/armv7e-m/softfp/crtbegin.o
LOAD /Applications/Simplicity Studio.app/Contents/Eclipse/developer/toolchains/gnu_arm/4.9_2015q3/bin/../lib/gcc/arm-none-eabi/4.9.3/../../../../arm-none-eabi/lib/armv7e-m/softfp/crt0.o
LOAD ./application_properties.o
LOAD ./ble-callback-stubs.o
LOAD ./ble-callbacks.o
LOAD ./em_timer.o
LOAD ./gatt_db.o
LOAD ./main.o
LOAD ./peripherals.o
LOAD ./bgapi/dmadrv.o
LOAD ./bgapi/em_adc.o
LOAD ./bgapi/em_ldma.o
LOAD ./bgapi/em_leuart.o
LOAD ./device/EFR32_B_1_1_B/gcc/startup_efr32bg1b.o
LOAD ./emlib/em_cmu.o
LOAD ./emlib/em_cryotimer.o
LOAD ./emlib/em_emu.o
LOAD ./emlib/em_gpio.o
LOAD ./emlib/em_i2c.o
LOAD ./emlib/em_msc.o
LOAD ./emlib/em_rtcc.o
LOAD ./emlib/em_system.o
LOAD ./emlib/em_usart.o
LOAD ./kit_flashpwr/BRD4302A/mx25flash_spi.o
LOAD ./src/InitDevice.o
LOAD /Applications/Simplicity Studio.app/Contents/Eclipse/developer/sdks/gecko_sdk_suite/v1.0//protocol/bluetooth_2.3/lib/EFR32BG1B/EABI/stack.a
LOAD /Applications/Simplicity Studio.app/Contents/Eclipse/developer/sdks/gecko_sdk_suite/v1.0//protocol/bluetooth_2.3/lib/EFR32BG1B/EABI/binstack.o
LOAD /Applications/Simplicity Studio.app/Contents/Eclipse/developer/sdks/gecko_sdk_suite/v1.0//protocol/bluetooth_2.3/lib/EFR32BG1B/GCC/bgapi.a
LOAD /Applications/Simplicity Studio.app/Contents/Eclipse/developer/sdks/gecko_sdk_suite/v1.0//protocol/bluetooth_2.3/lib/EFR32BG1B/EABI/binbootloader.o
LOAD /Applications/Simplicity Studio.app/Contents/Eclipse/developer/toolchains/gnu_arm/4.9_2015q3/bin/../lib/gcc/arm-none-eabi/4.9.3/../../../../arm-none-eabi/lib/armv7e-m/softfp/libm.a
START GROUP
LOAD /Applications/Simplicity Studio.app/Contents/Eclipse/developer/toolchains/gnu_arm/4.9_2015q3/bin/../lib/gcc/arm-none-eabi/4.9.3/armv7e-m/softfp/libgcc.a
LOAD /Applications/Simplicity Studio.app/Contents/Eclipse/developer/toolchains/gnu_arm/4.9_2015q3/bin/../lib/gcc/arm-none-eabi/4.9.3/../../../../arm-none-eabi/lib/armv7e-m/softfp/libc.a
LOAD /Applications/Simplicity Studio.app/Contents/Eclipse/developer/toolchains/gnu_arm/4.9_2015q3/bin/../lib/gcc/arm-none-eabi/4.9.3/../../../../arm-none-eabi/lib/armv7e-m/softfp/libnosys.a
END GROUP
START GROUP
LOAD /Applications/Simplicity Studio.app/Contents/Eclipse/developer/toolchains/gnu_arm/4.9_2015q3/bin/../lib/gcc/arm-none-eabi/4.9.3/armv7e-m/softfp/libgcc.a
LOAD /Applications/Simplicity Studio.app/Contents/Eclipse/developer/toolchains/gnu_arm/4.9_2015q3/bin/../lib/gcc/arm-none-eabi/4.9.3/../../../../arm-none-eabi/lib/armv7e-m/softfp/libg.a
LOAD /Applications/Simplicity Studio.app/Contents/Eclipse/developer/toolchains/gnu_arm/4.9_2015q3/bin/../lib/gcc/arm-none-eabi/4.9.3/../../../../arm-none-eabi/lib/armv7e-m/softfp/libc.a
END GROUP
LOAD /Applications/Simplicity Studio.app/Contents/Eclipse/developer/toolchains/gnu_arm/4.9_2015q3/bin/../lib/gcc/arm-none-eabi/4.9.3/armv7e-m/softfp/crtend.o
LOAD /Applications/Simplicity Studio.app/Contents/Eclipse/developer/toolchains/gnu_arm/4.9_2015q3/bin/../lib/gcc/arm-none-eabi/4.9.3/armv7e-m/softfp/crtn.o

.text_bootloader
                0x0000000000000000     0x4000
 *(.binbootloader*)
 .binbootloader
                0x0000000000000000      0x31c /Applications/Simplicity Studio.app/Contents/Eclipse/developer/sdks/gecko_sdk_suite/v1.0//protocol/bluetooth_2.3/lib/EFR32BG1B/EABI/binbootloader.o
                0x0000000000004000                . = ALIGN (0x4000)
 *fill*         0x000000000000031c     0x3ce4 

.text_stack_bin
                0x0000000000004000    0x1d000
 *(.binstack*)
 .binstack      0x0000000000004000    0x1c9e4 /Applications/Simplicity Studio.app/Contents/Eclipse/developer/sdks/gecko_sdk_suite/v1.0//protocol/bluetooth_2.3/lib/EFR32BG1B/EABI/binstack.o
                0x0000000000021000                . = ALIGN (0x800)
 *fill*         0x00000000000209e4      0x61c 
                0x0000000000021000                __text_start__ = .

.text_app       0x0000000000021000     0x69b0
 *(.AAT)
 .AAT           0x0000000000021000       0x80 ./main.o
                0x0000000000021000                AppAddressTable
 *(.vectors)
 .vectors       0x0000000000021080       0xc8 ./device/EFR32_B_1_1_B/gcc/startup_efr32bg1b.o
                0x0000000000021080                __Vectors
                0x0000000000021148                __Vectors_End = .
                0x00000000000000c8                __Vectors_Size = (__Vectors_End - __Vectors)
                0x0000000000021148                __end__ = .
 *(.gecko_configuration)
 *(.xo_configuration)
 *(.gatt_header)
 .gatt_header   0x0000000000021148       0x30 ./gatt_db.o
                0x0000000000021148                bg_gattdb_data
 *(.gatt_data)
 .gatt_data     0x0000000000021178      0x38a ./gatt_db.o
                0x0000000000021178                bg_gattdb_data_adv_uuid128_map
                0x0000000000021188                bg_gattdb_data_adv_uuid16_map
                0x000000000002118c                bg_gattdb_data_attributes_dynamic_mapping_map
                0x000000000002119c                bg_gattdb_data_attributes_map
                0x000000000002131c                bg_gattdb_data_attribute_field_0
                0x0000000000021320                bg_gattdb_data_attribute_field_1
                0x0000000000021328                bg_gattdb_data_attribute_field_2
                0x0000000000021330                bg_gattdb_data_attribute_field_4
                0x0000000000021334                bg_gattdb_data_attribute_field_5
                0x000000000002133c                bg_gattdb_data_attribute_field_6
                0x0000000000021344                bg_gattdb_data_attribute_field_7
                0x000000000002134c                bg_gattdb_data_attribute_field_8
                0x0000000000021350                bg_gattdb_data_attribute_field_9
                0x0000000000021354                bg_gattdb_data_attribute_field_10
                0x000000000002135c                bg_gattdb_data_attribute_field_11
                0x000000000002136c                bg_gattdb_data_attribute_field_12
                0x0000000000021374                bg_gattdb_data_attribute_field_13
                0x0000000000021380                bg_gattdb_data_attribute_field_14
                0x0000000000021388                bg_gattdb_data_attribute_field_15
                0x0000000000021390                bg_gattdb_data_attribute_field_16
                0x00000000000213a4                bg_gattdb_data_attribute_field_17
                0x00000000000213bc                bg_gattdb_data_attribute_field_18
                0x00000000000213c4                bg_gattdb_data_attribute_field_20
                0x00000000000213dc                bg_gattdb_data_attribute_field_21
                0x00000000000213e4                bg_gattdb_data_attribute_field_23
                0x00000000000213fc                bg_gattdb_data_attribute_field_24
                0x0000000000021404                bg_gattdb_data_attribute_field_25
                0x000000000002141c                bg_gattdb_data_attribute_field_26
                0x0000000000021424                bg_gattdb_data_attribute_field_27
                0x000000000002143c                bg_gattdb_data_attribute_field_28
                0x0000000000021444                bg_gattdb_data_attribute_field_29
                0x0000000000021458                bg_gattdb_data_attribute_field_30
                0x0000000000021470                bg_gattdb_data_attribute_field_31
                0x0000000000021478                bg_gattdb_data_uuidtable_128_map
                0x00000000000214e8                bg_gattdb_data_uuidtable_16_map
 *(.text*)
 *fill*         0x0000000000021502        0x2 
 .text          0x0000000000021504       0x5c /Applications/Simplicity Studio.app/Contents/Eclipse/developer/toolchains/gnu_arm/4.9_2015q3/bin/../lib/gcc/arm-none-eabi/4.9.3/armv7e-m/softfp/crtbegin.o
 .text          0x0000000000021560       0x74 /Applications/Simplicity Studio.app/Contents/Eclipse/developer/toolchains/gnu_arm/4.9_2015q3/bin/../lib/gcc/arm-none-eabi/4.9.3/../../../../arm-none-eabi/lib/armv7e-m/softfp/crt0.o
                0x0000000000021560                _mainCRTStartup
                0x0000000000021560                _start
 .text.TIMER_Init
                0x00000000000215d4       0xb0 ./em_timer.o
                0x00000000000215d4                TIMER_Init
 .text.TIMER_InitCC
                0x0000000000021684       0x84 ./em_timer.o
                0x0000000000021684                TIMER_InitCC
 .text.startup.main
                0x0000000000021708      0x268 ./main.o
                0x0000000000021708                main
 .text.InitGPIO
                0x0000000000021970       0xa4 ./peripherals.o
                0x0000000000021970                InitGPIO
 .text.SetLED0  0x0000000000021a14       0x10 ./peripherals.o
                0x0000000000021a14                SetLED0
 .text.ClearLED0
                0x0000000000021a24       0x10 ./peripherals.o
                0x0000000000021a24                ClearLED0
 .text.SetLED1  0x0000000000021a34       0x10 ./peripherals.o
                0x0000000000021a34                SetLED1
 .text.ClearLED1
                0x0000000000021a44       0x10 ./peripherals.o
                0x0000000000021a44                ClearLED1
 .text.GPIOHandler
                0x0000000000021a54       0x90 ./peripherals.o
                0x0000000000021a54                GPIOHandler
 .text.InitPWM1
                0x0000000000021ae4       0xa0 ./peripherals.o
                0x0000000000021ae4                InitPWM1
 .text.UpdatePWM1
                0x0000000000021b84       0x18 ./peripherals.o
                0x0000000000021b84                UpdatePWM1
 .text.ChangePWMoutput
                0x0000000000021b9c       0x44 ./peripherals.o
                0x0000000000021b9c                ChangePWMoutput
 .text.PWMHandler
                0x0000000000021be0       0x24 ./peripherals.o
                0x0000000000021be0                PWMHandler
 .text.InitLEUART0
                0x0000000000021c04       0xa0 ./peripherals.o
                0x0000000000021c04                InitLEUART0
 .text.UART_Tx  0x0000000000021ca4       0x2c ./peripherals.o
                0x0000000000021ca4                UART_Tx
 .text.LEUART0_IRQHandler
                0x0000000000021cd0       0x18 ./peripherals.o
                0x0000000000021cd0                LEUART0_IRQHandler
 .text.UART_TXHandler
                0x0000000000021ce8       0x38 ./peripherals.o
                0x0000000000021ce8                UART_TXHandler
 .text.UART_RXHandler
                0x0000000000021d20       0x80 ./peripherals.o
                0x0000000000021d20                UART_RXHandler
 .text.StartTransfer
                0x0000000000021da0      0x1dc ./bgapi/dmadrv.o
 .text.DMADRV_AllocateChannel
                0x0000000000021f7c       0x60 ./bgapi/dmadrv.o
                0x0000000000021f7c                DMADRV_AllocateChannel
 .text.DMADRV_Init
                0x0000000000021fdc       0x60 ./bgapi/dmadrv.o
                0x0000000000021fdc                DMADRV_Init
 .text.DMADRV_MemoryPeripheral
                0x000000000002203c       0x34 ./bgapi/dmadrv.o
                0x000000000002203c                DMADRV_MemoryPeripheral
 .text.DMADRV_PeripheralMemory
                0x0000000000022070       0x34 ./bgapi/dmadrv.o
                0x0000000000022070                DMADRV_PeripheralMemory
 .text.DMADRV_StopTransfer
                0x00000000000220a4       0x44 ./bgapi/dmadrv.o
                0x00000000000220a4                DMADRV_StopTransfer
 .text.DMADRV_TransferRemainingCount
                0x00000000000220e8       0x50 ./bgapi/dmadrv.o
                0x00000000000220e8                DMADRV_TransferRemainingCount
 .text.LDMA_IRQHandler
                0x0000000000022138       0x7c ./bgapi/dmadrv.o
                0x0000000000022138                LDMA_IRQHandler
 .text.ADC_LoadDevinfoCal
                0x00000000000221b4       0xf4 ./bgapi/em_adc.o
 .text.ADC_InitSingle
                0x00000000000222a8       0xb4 ./bgapi/em_adc.o
                0x00000000000222a8                ADC_InitSingle
 .text.ADC_PrescaleCalc
                0x000000000002235c       0x4c ./bgapi/em_adc.o
                0x000000000002235c                ADC_PrescaleCalc
 .text.ADC_Init
                0x00000000000223a8       0x68 ./bgapi/em_adc.o
                0x00000000000223a8                ADC_Init
 .text.LDMA_Init
                0x0000000000022410       0x58 ./bgapi/em_ldma.o
                0x0000000000022410                LDMA_Init
 .text.LDMA_StartTransfer
                0x0000000000022468       0xa8 ./bgapi/em_ldma.o
                0x0000000000022468                LDMA_StartTransfer
 .text.LDMA_StopTransfer
                0x0000000000022510       0x28 ./bgapi/em_ldma.o
                0x0000000000022510                LDMA_StopTransfer
 .text.LDMA_TransferRemainingCount
                0x0000000000022538       0x40 ./bgapi/em_ldma.o
                0x0000000000022538                LDMA_TransferRemainingCount
 .text.LEUART_BaudrateSet
                0x0000000000022578       0x54 ./bgapi/em_leuart.o
                0x0000000000022578                LEUART_BaudrateSet
 .text.LEUART_Enable
                0x00000000000225cc       0x1c ./bgapi/em_leuart.o
                0x00000000000225cc                LEUART_Enable
 .text.LEUART_Init
                0x00000000000225e8       0x4c ./bgapi/em_leuart.o
                0x00000000000225e8                LEUART_Init
 .text.LEUART_Tx
                0x0000000000022634       0x18 ./bgapi/em_leuart.o
                0x0000000000022634                LEUART_Tx
 .text.Default_Handler
                0x000000000002264c        0x4 ./device/EFR32_B_1_1_B/gcc/startup_efr32bg1b.o
                0x000000000002264c                IDAC0_IRQHandler
                0x000000000002264c                USART0_TX_IRQHandler
                0x000000000002264c                I2C0_IRQHandler
                0x000000000002264c                HardFault_Handler
                0x000000000002264c                SysTick_Handler
                0x000000000002264c                USART1_RX_IRQHandler
                0x000000000002264c                PendSV_Handler
                0x000000000002264c                NMI_Handler
                0x000000000002264c                SYNTH_IRQHandler
                0x000000000002264c                WDOG0_IRQHandler
                0x000000000002264c                USART1_TX_IRQHandler
                0x000000000002264c                MSC_IRQHandler
                0x000000000002264c                ADC0_IRQHandler
                0x000000000002264c                UsageFault_Handler
                0x000000000002264c                FPUEH_IRQHandler
                0x000000000002264c                GPIO_EVEN_IRQHandler
                0x000000000002264c                TIMER0_IRQHandler
                0x000000000002264c                LETIMER0_IRQHandler
                0x000000000002264c                TIMER1_IRQHandler
                0x000000000002264c                RFSENSE_IRQHandler
                0x000000000002264c                BUFC_IRQHandler
                0x000000000002264c                MODEM_IRQHandler
                0x000000000002264c                Default_Handler
                0x000000000002264c                RAC_SEQ_IRQHandler
                0x000000000002264c                FRC_PRI_IRQHandler
                0x000000000002264c                EMU_IRQHandler
                0x000000000002264c                FRC_IRQHandler
                0x000000000002264c                CRYOTIMER_IRQHandler
                0x000000000002264c                PCNT0_IRQHandler
                0x000000000002264c                AGC_IRQHandler
                0x000000000002264c                ACMP0_IRQHandler
                0x000000000002264c                USART0_RX_IRQHandler
                0x000000000002264c                MemManage_Handler
                0x000000000002264c                SVC_Handler
                0x000000000002264c                RTCC_IRQHandler
                0x000000000002264c                CRYPTO_IRQHandler
                0x000000000002264c                CMU_IRQHandler
                0x000000000002264c                RAC_RSM_IRQHandler
                0x000000000002264c                GPIO_ODD_IRQHandler
                0x000000000002264c                PROTIMER_IRQHandler
                0x000000000002264c                BusFault_Handler
                0x000000000002264c                DebugMon_Handler
 .text.Reset_Handler
                0x0000000000022650       0x34 ./device/EFR32_B_1_1_B/gcc/startup_efr32bg1b.o
                0x0000000000022650                Reset_Handler
 .text.flashWaitStateMax
                0x0000000000022684       0x40 ./emlib/em_cmu.o
 .text.CMU_OscillatorTuningSet.part.2
                0x00000000000226c4       0x44 ./emlib/em_cmu.o
 .text.CMU_ClockEnable
                0x0000000000022708       0x8c ./emlib/em_cmu.o
                0x0000000000022708                CMU_ClockEnable
 .text.CMU_ClockSelectGet
                0x0000000000022794       0xa4 ./emlib/em_cmu.o
                0x0000000000022794                CMU_ClockSelectGet
 .text.lfClkGet
                0x0000000000022838       0x94 ./emlib/em_cmu.o
 .text.CMU_ClockFreqGet
                0x00000000000228cc      0x128 ./emlib/em_cmu.o
                0x00000000000228cc                CMU_ClockFreqGet
 .text.CMU_OscillatorTuningWait
                0x00000000000229f4       0x60 ./emlib/em_cmu.o
                0x00000000000229f4                CMU_OscillatorTuningWait
 .text.CMU_OscillatorEnable
                0x0000000000022a54      0x110 ./emlib/em_cmu.o
                0x0000000000022a54                CMU_OscillatorEnable
 .text.CMU_ClockSelectSet
                0x0000000000022b64      0x158 ./emlib/em_cmu.o
                0x0000000000022b64                CMU_ClockSelectSet
 .text.CMU_HFXOInit
                0x0000000000022cbc       0xec ./emlib/em_cmu.o
                0x0000000000022cbc                CMU_HFXOInit
 .text.CMU_LFXOInit
                0x0000000000022da8       0x40 ./emlib/em_cmu.o
                0x0000000000022da8                CMU_LFXOInit
 .text.currentLimitersUpdate
                0x0000000000022de8       0x74 ./emlib/em_emu.o
 .text.EMU_DCDCModeSet
                0x0000000000022e5c       0x4c ./emlib/em_emu.o
                0x0000000000022e5c                EMU_DCDCModeSet
 .text.EMU_DCDCOutputVoltageSet
                0x0000000000022ea8      0x1cc ./emlib/em_emu.o
                0x0000000000022ea8                EMU_DCDCOutputVoltageSet
 .text.EMU_DCDCOptimizeSlice
                0x0000000000023074       0x94 ./emlib/em_emu.o
                0x0000000000023074                EMU_DCDCOptimizeSlice
 .text.EMU_DCDCLnRcoBandSet
                0x0000000000023108       0x24 ./emlib/em_emu.o
                0x0000000000023108                EMU_DCDCLnRcoBandSet
 .text.EMU_DCDCInit
                0x000000000002312c      0x18c ./emlib/em_emu.o
                0x000000000002312c                EMU_DCDCInit
 .text.GPIO_PinModeSet
                0x00000000000232b8       0x8c ./emlib/em_gpio.o
                0x00000000000232b8                GPIO_PinModeSet
 .text.I2C_BusFreqSet.part.0
                0x0000000000023344       0x60 ./emlib/em_i2c.o
 .text.I2C_Init
                0x00000000000233a4       0x3c ./emlib/em_i2c.o
                0x00000000000233a4                I2C_Init
 .text.RTCC_Init
                0x00000000000233e0       0x48 ./emlib/em_rtcc.o
                0x00000000000233e0                RTCC_Init
 .text.SYSTEM_ChipRevisionGet
                0x0000000000023428       0x34 ./emlib/em_system.o
                0x0000000000023428                SYSTEM_ChipRevisionGet
 .text.USART_BaudrateAsyncSet
                0x000000000002345c       0x68 ./emlib/em_usart.o
                0x000000000002345c                USART_BaudrateAsyncSet
 .text.USART_BaudrateCalc
                0x00000000000234c4       0x7c ./emlib/em_usart.o
                0x00000000000234c4                USART_BaudrateCalc
 .text.USART_BaudrateGet
                0x0000000000023540       0x24 ./emlib/em_usart.o
                0x0000000000023540                USART_BaudrateGet
 .text.USART_Enable
                0x0000000000023564       0x10 ./emlib/em_usart.o
                0x0000000000023564                USART_Enable
 .text.USART_InitAsync
                0x0000000000023574       0xa4 ./emlib/em_usart.o
                0x0000000000023574                USART_InitAsync
 .text.EMU_enter_DefaultMode_from_RESET
                0x0000000000023618       0x54 ./src/InitDevice.o
                0x0000000000023618                EMU_enter_DefaultMode_from_RESET
 .text.CMU_enter_DefaultMode_from_RESET
                0x000000000002366c      0x114 ./src/InitDevice.o
                0x000000000002366c                CMU_enter_DefaultMode_from_RESET
 .text.RTCC_enter_DefaultMode_from_RESET
                0x0000000000023780       0x44 ./src/InitDevice.o
                0x0000000000023780                RTCC_enter_DefaultMode_from_RESET
 .text.PORTIO_enter_DefaultMode_from_RESET
                0x00000000000237c4       0x80 ./src/InitDevice.o
                0x00000000000237c4                PORTIO_enter_DefaultMode_from_RESET
 .text.enter_DefaultMode_from_RESET
                0x0000000000023844       0x9c ./src/InitDevice.o
                0x0000000000023844                enter_DefaultMode_from_RESET
 .text          0x00000000000238e0       0x60 /Applications/Simplicity Studio.app/Contents/Eclipse/developer/sdks/gecko_sdk_suite/v1.0//protocol/bluetooth_2.3/lib/EFR32BG1B/GCC/bgapi.a(gecko_bgapi_hardware.c.obj)
                0x0000000000023928                gecko_bgapi_class_hardware_init
 .text          0x0000000000023940       0x60 /Applications/Simplicity Studio.app/Contents/Eclipse/developer/sdks/gecko_sdk_suite/v1.0//protocol/bluetooth_2.3/lib/EFR32BG1B/GCC/bgapi.a(gecko_bgapi_test.c.obj)
                0x0000000000023988                gecko_bgapi_class_test_init
 .text          0x00000000000239a0       0x60 /Applications/Simplicity Studio.app/Contents/Eclipse/developer/sdks/gecko_sdk_suite/v1.0//protocol/bluetooth_2.3/lib/EFR32BG1B/GCC/bgapi.a(gecko_bgapi_util.c.obj)
                0x00000000000239e8                gecko_bgapi_class_util_init
 .text          0x0000000000023a00       0x60 /Applications/Simplicity Studio.app/Contents/Eclipse/developer/sdks/gecko_sdk_suite/v1.0//protocol/bluetooth_2.3/lib/EFR32BG1B/GCC/bgapi.a(gecko_bgapi_dfu.c.obj)
                0x0000000000023a48                gecko_bgapi_class_dfu_init
 .text          0x0000000000023a60       0x60 /Applications/Simplicity Studio.app/Contents/Eclipse/developer/sdks/gecko_sdk_suite/v1.0//protocol/bluetooth_2.3/lib/EFR32BG1B/GCC/bgapi.a(gecko_bgapi_gap.c.obj)
                0x0000000000023aa8                gecko_bgapi_class_le_gap_init
 .text          0x0000000000023ac0       0x60 /Applications/Simplicity Studio.app/Contents/Eclipse/developer/sdks/gecko_sdk_suite/v1.0//protocol/bluetooth_2.3/lib/EFR32BG1B/GCC/bgapi.a(gecko_bgapi_gatt.c.obj)
                0x0000000000023b08                gecko_bgapi_class_gatt_init
 .text          0x0000000000023b20       0x60 /Applications/Simplicity Studio.app/Contents/Eclipse/developer/sdks/gecko_sdk_suite/v1.0//protocol/bluetooth_2.3/lib/EFR32BG1B/GCC/bgapi.a(gecko_bgapi_gatt_server.c.obj)
                0x0000000000023b68                gecko_bgapi_class_gatt_server_init
 .text          0x0000000000023b80       0x60 /Applications/Simplicity Studio.app/Contents/Eclipse/developer/sdks/gecko_sdk_suite/v1.0//protocol/bluetooth_2.3/lib/EFR32BG1B/GCC/bgapi.a(gecko_bgapi_flash.c.obj)
                0x0000000000023bc8                gecko_bgapi_class_flash_init
 .text          0x0000000000023be0       0x60 /Applications/Simplicity Studio.app/Contents/Eclipse/developer/sdks/gecko_sdk_suite/v1.0//protocol/bluetooth_2.3/lib/EFR32BG1B/GCC/bgapi.a(gecko_bgapi_sm.c.obj)
                0x0000000000023c28                gecko_bgapi_class_sm_init
 .text          0x0000000000023c40       0x60 /Applications/Simplicity Studio.app/Contents/Eclipse/developer/sdks/gecko_sdk_suite/v1.0//protocol/bluetooth_2.3/lib/EFR32BG1B/GCC/bgapi.a(gecko_bgapi_system.c.obj)
                0x0000000000023c88                gecko_bgapi_class_system_init
 .text          0x0000000000023ca0       0x60 /Applications/Simplicity Studio.app/Contents/Eclipse/developer/sdks/gecko_sdk_suite/v1.0//protocol/bluetooth_2.3/lib/EFR32BG1B/GCC/bgapi.a(gecko_bgapi_endpoint.c.obj)
                0x0000000000023ce8                gecko_bgapi_class_endpoint_init
 .text          0x0000000000023d00       0x60 /Applications/Simplicity Studio.app/Contents/Eclipse/developer/sdks/gecko_sdk_suite/v1.0//protocol/bluetooth_2.3/lib/EFR32BG1B/GCC/bgapi.a(gecko_bgapi_le_connection.c.obj)
                0x0000000000023d48                gecko_bgapi_class_le_connection_init
 .text          0x0000000000023d60      0x388 /Applications/Simplicity Studio.app/Contents/Eclipse/developer/sdks/gecko_sdk_suite/v1.0//protocol/bluetooth_2.3/lib/EFR32BG1B/GCC/bgapi.a(bgapi_hardware_lib.c.obj)
                0x0000000000023d60                gecko_cmd_hardware_read_i2c
                0x0000000000023dc8                gecko_cmd_hardware_write_i2c
                0x0000000000023e0c                gecko_cmd_hardware_stop_i2c
                0x0000000000023e44                gecko_cmd_hardware_read_adc
                0x0000000000023e84                gecko_cmd_hardware_read_adc_channel
                0x0000000000023eb4                gecko_cmd_hardware_config_adc_reference
                0x0000000000023ee0                gecko_cmd_hardware_configure_gpio
                0x0000000000023f14                gecko_cmd_hardware_write_gpio
                0x0000000000023f78                gecko_cmd_hardware_read_gpio
                0x0000000000023fd8                gecko_cmd_hardware_set_uart_configuration
                0x0000000000024050                clock_outputs_init
                0x0000000000024098                bgapi_hardware_init
 .text          0x00000000000240e8      0x1d0 /Applications/Simplicity Studio.app/Contents/Eclipse/developer/sdks/gecko_sdk_suite/v1.0//protocol/bluetooth_2.3/lib/EFR32BG1B/GCC/bgapi.a(bgapi_hardware.c.obj)
                0x00000000000240e8                soft_timer_comparison
                0x000000000002417c                bgapi_hardware_soft_timer_listener
                0x00000000000241bc                lib_hardware_handler_init
                0x00000000000241d0                gecko_cmd_hardware_set_soft_timer
                0x0000000000024210                gecko_cmd_hardware_set_lazy_soft_timer
                0x0000000000024250                gecko_cmd_hardware_get_time
                0x0000000000024284                gecko_cmd_hardware_enable_dcdc
 .text          0x00000000000242b8      0x200 /Applications/Simplicity Studio.app/Contents/Eclipse/developer/sdks/gecko_sdk_suite/v1.0//protocol/bluetooth_2.3/lib/EFR32BG1B/GCC/bgapi.a(bgapi_test_lib.c.obj)
                0x00000000000242b8                lib_test_handler_init
                0x00000000000242ba                disable_interrupts
                0x00000000000242de                gecko_cmd_test_dtm_tx
                0x0000000000024310                gecko_cmd_test_dtm_rx
                0x0000000000024340                gecko_cmd_test_dtm_end
                0x000000000002436c                gecko_cmd_test_debug_command
                0x000000000002443c                gecko_cmd_test_debug_counter
 .text          0x00000000000244b8      0x158 /Applications/Simplicity Studio.app/Contents/Eclipse/developer/sdks/gecko_sdk_suite/v1.0//protocol/bluetooth_2.3/lib/EFR32BG1B/GCC/bgapi.a(bgapi_util.c.obj)
                0x00000000000244f0                lib_util_handler_init
                0x00000000000244f2                gecko_cmd_util_atoi
                0x0000000000024548                gecko_cmd_util_itoa
 .text          0x0000000000024610       0x8c /Applications/Simplicity Studio.app/Contents/Eclipse/developer/sdks/gecko_sdk_suite/v1.0//protocol/bluetooth_2.3/lib/EFR32BG1B/GCC/bgapi.a(bgapi_dfu.c.obj)
                0x0000000000024610                lib_dfu_handler_init
                0x0000000000024612                gecko_cmd_dfu_reset
                0x0000000000024618                gecko_cmd_dfu_flash_set_address
                0x0000000000024644                gecko_cmd_dfu_flash_upload
                0x0000000000024670                gecko_cmd_dfu_flash_upload_finish
 .text          0x000000000002469c      0x308 /Applications/Simplicity Studio.app/Contents/Eclipse/developer/sdks/gecko_sdk_suite/v1.0//protocol/bluetooth_2.3/lib/EFR32BG1B/GCC/bgapi.a(bgapi_gap.c.obj)
                0x000000000002469c                lib_le_gap_handler_init
                0x000000000002469e                gecko_cmd_le_gap_set_mode
                0x00000000000246e4                gecko_cmd_le_gap_bt5_set_mode
                0x0000000000024724                gecko_cmd_le_gap_set_adv_data
                0x0000000000024758                gecko_cmd_le_gap_bt5_set_adv_data
                0x000000000002478c                gecko_cmd_le_gap_set_adv_timeout
                0x00000000000247e0                gecko_cmd_le_gap_open
                0x0000000000024848                gecko_cmd_le_gap_discover
                0x0000000000024874                gecko_cmd_le_gap_end_procedure
                0x00000000000248a0                gecko_cmd_le_gap_set_adv_parameters
                0x00000000000248d4                gecko_cmd_le_gap_bt5_set_adv_parameters
                0x0000000000024910                gecko_cmd_le_gap_set_scan_parameters
                0x0000000000024940                gecko_cmd_le_gap_set_conn_parameters
                0x0000000000024978                gecko_cmd_le_gap_set_phy
 .text          0x00000000000249a4      0x644 /Applications/Simplicity Studio.app/Contents/Eclipse/developer/sdks/gecko_sdk_suite/v1.0//protocol/bluetooth_2.3/lib/EFR32BG1B/GCC/bgapi.a(bgapi_gatt_lib.c.obj)
                0x00000000000249a4                lib_gatt_handler_init
                0x00000000000249a6                lib_gatt_server_handler_init
                0x00000000000249a8                gecko_cmd_gatt_set_max_mtu
                0x00000000000249e4                gecko_cmd_gatt_discover_primary_services
                0x0000000000024a14                gecko_cmd_gatt_discover_primary_services_by_uuid
                0x0000000000024a50                gecko_cmd_gatt_find_included_services
                0x0000000000024a84                gecko_cmd_gatt_discover_characteristics
                0x0000000000024ab8                gecko_cmd_gatt_discover_characteristics_by_uuid
                0x0000000000024af8                gecko_cmd_gatt_read_characteristic_value
                0x0000000000024b30                gecko_cmd_gatt_read_characteristic_value_from_offset
                0x0000000000024b6c                gecko_cmd_gatt_read_characteristic_value_by_uuid
                0x0000000000024bac                gecko_cmd_gatt_read_multiple_characteristic_values
                0x0000000000024be0                gecko_cmd_gatt_write_characteristic_value
                0x0000000000024c18                gecko_cmd_gatt_write_characteristic_value_without_response
                0x0000000000024c5c                gecko_cmd_gatt_prepare_characteristic_value_write
                0x0000000000024cac                gecko_cmd_gatt_execute_characteristic_value_write
                0x0000000000024ce0                gecko_cmd_gatt_set_characteristic_notification
                0x0000000000024d18                gecko_cmd_gatt_discover_descriptors
                0x0000000000024d4c                gecko_cmd_gatt_read_descriptor_value
                0x0000000000024d80                gecko_cmd_gatt_write_descriptor_value
                0x0000000000024db8                gecko_cmd_gatt_server_read_attribute_value
                0x0000000000024e00                gecko_cmd_gatt_server_read_attribute_type
                0x0000000000024e44                gecko_cmd_gatt_server_find_attribute
                0x0000000000024e80                gecko_cmd_gatt_server_write_attribute_value
                0x0000000000024eb4                gecko_cmd_gatt_server_send_user_read_response
                0x0000000000024f04                gecko_cmd_gatt_server_send_user_write_response
                0x0000000000024f3c                gecko_cmd_gatt_server_send_characteristic_notification
                0x0000000000024f88                gecko_cmd_gatt_send_characteristic_confirmation
                0x0000000000024fb8                gecko_cmd_gatt_server_set_database
 .text          0x0000000000024fe8      0x17c /Applications/Simplicity Studio.app/Contents/Eclipse/developer/sdks/gecko_sdk_suite/v1.0//protocol/bluetooth_2.3/lib/EFR32BG1B/GCC/bgapi.a(bgapi_ps.c.obj)
                0x0000000000024fe8                lib_flash_handler_init
                0x0000000000024fea                gecko_cmd_flash_ps_dump
                0x0000000000025080                gecko_cmd_flash_ps_erase_all
                0x00000000000250b0                gecko_cmd_flash_ps_save
                0x00000000000250ec                gecko_cmd_flash_ps_load
                0x0000000000025130                gecko_cmd_flash_ps_erase
 .text          0x0000000000025164      0x3cc /Applications/Simplicity Studio.app/Contents/Eclipse/developer/sdks/gecko_sdk_suite/v1.0//protocol/bluetooth_2.3/lib/EFR32BG1B/GCC/bgapi.a(bgapi_sm.c.obj)
                0x000000000002522c                lib_sm_handler_init
                0x0000000000025240                gecko_cmd_sm_list_all_bondings
                0x0000000000025278                gecko_cmd_sm_increase_security
                0x00000000000252a8                gecko_cmd_sm_set_bondable_mode
                0x00000000000252d4                gecko_cmd_sm_delete_bonding
                0x0000000000025304                gecko_cmd_sm_delete_bondings
                0x0000000000025334                gecko_cmd_sm_configure
                0x0000000000025364                gecko_cmd_sm_enter_passkey
                0x0000000000025398                gecko_cmd_sm_set_passkey
                0x00000000000253c4                gecko_cmd_sm_passkey_confirm
                0x00000000000253f8                gecko_cmd_sm_set_oob_data
                0x0000000000025428                gecko_cmd_sm_set_sc_remote_oob_data
                0x0000000000025458                gecko_cmd_sm_use_sc_oob
                0x0000000000025498                gecko_cmd_sm_store_bonding_configuration
                0x00000000000254cc                gecko_cmd_sm_bonding_confirm
                0x0000000000025500                gecko_cmd_sm_set_debug_mode
 .text          0x0000000000025530      0x114 /Applications/Simplicity Studio.app/Contents/Eclipse/developer/sdks/gecko_sdk_suite/v1.0//protocol/bluetooth_2.3/lib/EFR32BG1B/GCC/bgapi.a(bgapi_system.c.obj)
                0x0000000000025530                lib_system_handler_init
                0x0000000000025532                gecko_cmd_system_get_bt_address
                0x0000000000025568                gecko_cmd_system_get_random_data
                0x00000000000255b0                gecko_cmd_system_halt
                0x00000000000255e4                gecko_cmd_system_set_tx_power
                0x0000000000025614                gecko_cmd_system_hello
                0x000000000002563c                gecko_cmd_system_reset
 .text          0x0000000000025644      0x1ac /Applications/Simplicity Studio.app/Contents/Eclipse/developer/sdks/gecko_sdk_suite/v1.0//protocol/bluetooth_2.3/lib/EFR32BG1B/GCC/bgapi.a(bgapi_endpoint.c.obj)
                0x0000000000025644                lib_endpoint_handler_init
                0x0000000000025646                gecko_cmd_endpoint_send
                0x00000000000256f0                gecko_cmd_endpoint_set_streaming_destination
                0x0000000000025748                gecko_cmd_endpoint_close
                0x00000000000257a4                gecko_cmd_endpoint_set_flags
                0x00000000000257a6                gecko_cmd_endpoint_clr_flags
                0x00000000000257a8                gecko_cmd_endpoint_read_counters
 .text          0x00000000000257f0      0x104 /Applications/Simplicity Studio.app/Contents/Eclipse/developer/sdks/gecko_sdk_suite/v1.0//protocol/bluetooth_2.3/lib/EFR32BG1B/GCC/bgapi.a(bgapi_le_connection.c.obj)
                0x00000000000257f0                lib_le_connection_handler_init
                0x00000000000257f2                gecko_cmd_le_connection_set_parameters
                0x0000000000025840                gecko_cmd_le_connection_get_rssi
                0x0000000000025870                gecko_cmd_le_connection_disable_slave_latency
                0x00000000000258b8                gecko_cmd_le_connection_set_phy
 .text          0x00000000000258f4      0x220 /Applications/Simplicity Studio.app/Contents/Eclipse/developer/sdks/gecko_sdk_suite/v1.0//protocol/bluetooth_2.3/lib/EFR32BG1B/GCC/bgapi.a(uart_endpoint.c.obj)
                0x0000000000025954                uart_output_available
                0x0000000000025958                uart_transparent_input
                0x0000000000025996                uart_endpoint_func
                0x0000000000025a4a                uart_change_flags
                0x0000000000025a58                init_uart_endpoints
 .text          0x0000000000025b14      0x17c /Applications/Simplicity Studio.app/Contents/Eclipse/developer/sdks/gecko_sdk_suite/v1.0//protocol/bluetooth_2.3/lib/EFR32BG1B/GCC/bgapi.a(bgapi_endpoint.c.obj)
                0x0000000000025c40                init_bgapi_endpoints
 .text          0x0000000000025c90       0xc8 /Applications/Simplicity Studio.app/Contents/Eclipse/developer/sdks/gecko_sdk_suite/v1.0//protocol/bluetooth_2.3/lib/EFR32BG1B/GCC/bgapi.a(adc.c.obj)
                0x0000000000025c90                adc_read_channel
                0x0000000000025cc0                adc_read_port
                0x0000000000025cd0                adc_config_reference
                0x0000000000025d04                adc_init
 .text          0x0000000000025d58      0x160 /Applications/Simplicity Studio.app/Contents/Eclipse/developer/sdks/gecko_sdk_suite/v1.0//protocol/bluetooth_2.3/lib/EFR32BG1B/GCC/bgapi.a(gpio.c.obj)
                0x0000000000025dd0                gpio_location_to_port
                0x0000000000025de0                gpio_location_to_pin_index
                0x0000000000025df4                gpios_init
 .text          0x0000000000025eb8      0x218 /Applications/Simplicity Studio.app/Contents/Eclipse/developer/sdks/gecko_sdk_suite/v1.0//protocol/bluetooth_2.3/lib/EFR32BG1B/GCC/bgapi.a(i2c.c.obj)
                0x0000000000025eb8                i2c_init
                0x0000000000025f44                i2c_stop
                0x0000000000025f64                i2c_reset
                0x0000000000025f84                i2c_read
                0x0000000000026030                i2c_write
 .text          0x00000000000260d0      0x160 /Applications/Simplicity Studio.app/Contents/Eclipse/developer/sdks/gecko_sdk_suite/v1.0//protocol/bluetooth_2.3/lib/EFR32BG1B/GCC/bgapi.a(sleep_signal.c.obj)
                0x0000000000026100                sleep_signal_init
                0x0000000000026160                sleep_signal_update
                0x00000000000261cc                host_wakeup_signal_init
                0x0000000000026208                host_wakeup_signal_update
 .text          0x0000000000026230      0x89c /Applications/Simplicity Studio.app/Contents/Eclipse/developer/sdks/gecko_sdk_suite/v1.0//protocol/bluetooth_2.3/lib/EFR32BG1B/GCC/bgapi.a(uart.c.obj)
                0x0000000000026230                LEUART0_IRQGeckoHandler
                0x0000000000026232                USART1_TX_IRQGeckoHandler
                0x000000000002635c                USART0_TX_IRQGeckoHandler
                0x000000000002650c                USART1_RX_IRQGeckoHandler
                0x0000000000026518                USART0_RX_IRQGeckoHandler
                0x0000000000026538                uart_update
                0x0000000000026550                uart_configure
                0x0000000000026624                uart_event_register
                0x0000000000026634                uarts_init
                0x00000000000269b8                uart_get_flags
                0x00000000000269c8                uart_write_bgbuf
                0x0000000000026a08                uart_read_bgbuf
                0x0000000000026a90                uart_sleep
 .text          0x0000000000026acc       0x30 /Applications/Simplicity Studio.app/Contents/Eclipse/developer/toolchains/gnu_arm/4.9_2015q3/bin/../lib/gcc/arm-none-eabi/4.9.3/armv7e-m/softfp/libgcc.a(_aeabi_uldivmod.o)
                0x0000000000026acc                __aeabi_uldivmod
 .text          0x0000000000026afc       0x60 /Applications/Simplicity Studio.app/Contents/Eclipse/developer/toolchains/gnu_arm/4.9_2015q3/bin/../lib/gcc/arm-none-eabi/4.9.3/armv7e-m/softfp/libgcc.a(bpabi.o)
                0x0000000000026afc                __gnu_ldivmod_helper
                0x0000000000026b2c                __gnu_uldivmod_helper
 .text          0x0000000000026b5c        0x4 /Applications/Simplicity Studio.app/Contents/Eclipse/developer/toolchains/gnu_arm/4.9_2015q3/bin/../lib/gcc/arm-none-eabi/4.9.3/armv7e-m/softfp/libgcc.a(_dvmd_tls.o)
                0x0000000000026b5c                __aeabi_ldiv0
                0x0000000000026b5c                __aeabi_idiv0
 .text          0x0000000000026b60      0x29c /Applications/Simplicity Studio.app/Contents/Eclipse/developer/toolchains/gnu_arm/4.9_2015q3/bin/../lib/gcc/arm-none-eabi/4.9.3/armv7e-m/softfp/libgcc.a(_divdi3.o)
                0x0000000000026b60                __divdi3
 .text          0x0000000000026dfc      0x26c /Applications/Simplicity Studio.app/Contents/Eclipse/developer/toolchains/gnu_arm/4.9_2015q3/bin/../lib/gcc/arm-none-eabi/4.9.3/armv7e-m/softfp/libgcc.a(_udivdi3.o)
                0x0000000000026dfc                __udivdi3
 .text.exit     0x0000000000027068       0x20 /Applications/Simplicity Studio.app/Contents/Eclipse/developer/toolchains/gnu_arm/4.9_2015q3/bin/../lib/gcc/arm-none-eabi/4.9.3/../../../../arm-none-eabi/lib/armv7e-m/softfp/libc.a(lib_a-exit.o)
                0x0000000000027068                exit
 .text.__libc_init_array
                0x0000000000027088       0x50 /Applications/Simplicity Studio.app/Contents/Eclipse/developer/toolchains/gnu_arm/4.9_2015q3/bin/../lib/gcc/arm-none-eabi/4.9.3/../../../../arm-none-eabi/lib/armv7e-m/softfp/libc.a(lib_a-init.o)
                0x0000000000027088                __libc_init_array
 .text.memset   0x00000000000270d8       0x9c /Applications/Simplicity Studio.app/Contents/Eclipse/developer/toolchains/gnu_arm/4.9_2015q3/bin/../lib/gcc/arm-none-eabi/4.9.3/../../../../arm-none-eabi/lib/armv7e-m/softfp/libc.a(lib_a-memset.o)
                0x00000000000270d8                memset
 .text.startup.register_fini
                0x0000000000027174       0x14 /Applications/Simplicity Studio.app/Contents/Eclipse/developer/toolchains/gnu_arm/4.9_2015q3/bin/../lib/gcc/arm-none-eabi/4.9.3/../../../../arm-none-eabi/lib/armv7e-m/softfp/libc.a(lib_a-__call_atexit.o)
 .text.__call_exitprocs
                0x0000000000027188       0xd4 /Applications/Simplicity Studio.app/Contents/Eclipse/developer/toolchains/gnu_arm/4.9_2015q3/bin/../lib/gcc/arm-none-eabi/4.9.3/../../../../arm-none-eabi/lib/armv7e-m/softfp/libc.a(lib_a-__call_atexit.o)
                0x0000000000027188                __call_exitprocs
 .text.atexit   0x000000000002725c        0xc /Applications/Simplicity Studio.app/Contents/Eclipse/developer/toolchains/gnu_arm/4.9_2015q3/bin/../lib/gcc/arm-none-eabi/4.9.3/../../../../arm-none-eabi/lib/armv7e-m/softfp/libc.a(lib_a-atexit.o)
                0x000000000002725c                atexit
 .text.__libc_fini_array
                0x0000000000027268       0x2c /Applications/Simplicity Studio.app/Contents/Eclipse/developer/toolchains/gnu_arm/4.9_2015q3/bin/../lib/gcc/arm-none-eabi/4.9.3/../../../../arm-none-eabi/lib/armv7e-m/softfp/libc.a(lib_a-fini.o)
                0x0000000000027268                __libc_fini_array
 .text.__register_exitproc
                0x0000000000027294       0xa4 /Applications/Simplicity Studio.app/Contents/Eclipse/developer/toolchains/gnu_arm/4.9_2015q3/bin/../lib/gcc/arm-none-eabi/4.9.3/../../../../arm-none-eabi/lib/armv7e-m/softfp/libc.a(lib_a-__atexit.o)
                0x0000000000027294                __register_exitproc
 .text._exit    0x0000000000027338        0x4 /Applications/Simplicity Studio.app/Contents/Eclipse/developer/toolchains/gnu_arm/4.9_2015q3/bin/../lib/gcc/arm-none-eabi/4.9.3/../../../../arm-none-eabi/lib/armv7e-m/softfp/libnosys.a(_exit.o)
                0x0000000000027338                _exit
 *(.init)
 .init          0x000000000002733c        0x4 /Applications/Simplicity Studio.app/Contents/Eclipse/developer/toolchains/gnu_arm/4.9_2015q3/bin/../lib/gcc/arm-none-eabi/4.9.3/armv7e-m/softfp/crti.o
                0x000000000002733c                _init
 .init          0x0000000000027340        0x8 /Applications/Simplicity Studio.app/Contents/Eclipse/developer/toolchains/gnu_arm/4.9_2015q3/bin/../lib/gcc/arm-none-eabi/4.9.3/armv7e-m/softfp/crtn.o
 *(.fini)
 .fini          0x0000000000027348        0x4 /Applications/Simplicity Studio.app/Contents/Eclipse/developer/toolchains/gnu_arm/4.9_2015q3/bin/../lib/gcc/arm-none-eabi/4.9.3/armv7e-m/softfp/crti.o
                0x0000000000027348                _fini
 .fini          0x000000000002734c        0x8 /Applications/Simplicity Studio.app/Contents/Eclipse/developer/toolchains/gnu_arm/4.9_2015q3/bin/../lib/gcc/arm-none-eabi/4.9.3/armv7e-m/softfp/crtn.o
 *crtbegin.o(.ctors)
 *crtbegin?.o(.ctors)
 *(EXCLUDE_FILE(*crtend.o *crtend?.o) .ctors)
 *(SORT(.ctors.*))
 *(.ctors)
 *crtbegin.o(.dtors)
 *crtbegin?.o(.dtors)
 *(EXCLUDE_FILE(*crtend.o *crtend?.o) .dtors)
 *(SORT(.dtors.*))
 *(.dtors)
 *(.rodata*)
 .rodata.ptiInit
                0x0000000000027354       0x24 ./main.o
 .rodata.config
                0x0000000000027378       0xe8 ./main.o
 .rodata.str1.4
                0x0000000000027460       0x18 ./main.o
 .rodata        0x0000000000027478       0x18 ./peripherals.o
 .rodata        0x0000000000027490        0x4 ./bgapi/dmadrv.o
 .rodata.CSWTCH.45
                0x0000000000027494        0xc ./emlib/em_cmu.o
 .rodata.CSWTCH.46
                0x00000000000274a0       0x10 ./emlib/em_cmu.o
 .rodata.CSWTCH.47
                0x00000000000274b0       0x10 ./emlib/em_cmu.o
 .rodata.CSWTCH.48
                0x00000000000274c0       0x10 ./emlib/em_cmu.o
 .rodata.i2cNSum
                0x00000000000274d0        0x4 ./emlib/em_i2c.o
 .rodata        0x00000000000274d4       0x68 ./src/InitDevice.o
 .rodata        0x000000000002753c       0x78 /Applications/Simplicity Studio.app/Contents/Eclipse/developer/sdks/gecko_sdk_suite/v1.0//protocol/bluetooth_2.3/lib/EFR32BG1B/GCC/bgapi.a(gecko_bgapi_hardware.c.obj)
 .rodata        0x00000000000275b4       0x30 /Applications/Simplicity Studio.app/Contents/Eclipse/developer/sdks/gecko_sdk_suite/v1.0//protocol/bluetooth_2.3/lib/EFR32BG1B/GCC/bgapi.a(gecko_bgapi_test.c.obj)
 .rodata        0x00000000000275e4       0x18 /Applications/Simplicity Studio.app/Contents/Eclipse/developer/sdks/gecko_sdk_suite/v1.0//protocol/bluetooth_2.3/lib/EFR32BG1B/GCC/bgapi.a(gecko_bgapi_util.c.obj)
 .rodata        0x00000000000275fc       0x28 /Applications/Simplicity Studio.app/Contents/Eclipse/developer/sdks/gecko_sdk_suite/v1.0//protocol/bluetooth_2.3/lib/EFR32BG1B/GCC/bgapi.a(gecko_bgapi_dfu.c.obj)
 .rodata        0x0000000000027624       0x70 /Applications/Simplicity Studio.app/Contents/Eclipse/developer/sdks/gecko_sdk_suite/v1.0//protocol/bluetooth_2.3/lib/EFR32BG1B/GCC/bgapi.a(gecko_bgapi_gap.c.obj)
 .rodata        0x0000000000027694       0xa0 /Applications/Simplicity Studio.app/Contents/Eclipse/developer/sdks/gecko_sdk_suite/v1.0//protocol/bluetooth_2.3/lib/EFR32BG1B/GCC/bgapi.a(gecko_bgapi_gatt.c.obj)
 .rodata        0x0000000000027734       0x48 /Applications/Simplicity Studio.app/Contents/Eclipse/developer/sdks/gecko_sdk_suite/v1.0//protocol/bluetooth_2.3/lib/EFR32BG1B/GCC/bgapi.a(gecko_bgapi_gatt_server.c.obj)
 .rodata        0x000000000002777c       0x30 /Applications/Simplicity Studio.app/Contents/Eclipse/developer/sdks/gecko_sdk_suite/v1.0//protocol/bluetooth_2.3/lib/EFR32BG1B/GCC/bgapi.a(gecko_bgapi_flash.c.obj)
 .rodata        0x00000000000277ac       0x80 /Applications/Simplicity Studio.app/Contents/Eclipse/developer/sdks/gecko_sdk_suite/v1.0//protocol/bluetooth_2.3/lib/EFR32BG1B/GCC/bgapi.a(gecko_bgapi_sm.c.obj)
 .rodata        0x000000000002782c       0x38 /Applications/Simplicity Studio.app/Contents/Eclipse/developer/sdks/gecko_sdk_suite/v1.0//protocol/bluetooth_2.3/lib/EFR32BG1B/GCC/bgapi.a(gecko_bgapi_system.c.obj)
 .rodata        0x0000000000027864       0x38 /Applications/Simplicity Studio.app/Contents/Eclipse/developer/sdks/gecko_sdk_suite/v1.0//protocol/bluetooth_2.3/lib/EFR32BG1B/GCC/bgapi.a(gecko_bgapi_endpoint.c.obj)
 .rodata        0x000000000002789c       0x28 /Applications/Simplicity Studio.app/Contents/Eclipse/developer/sdks/gecko_sdk_suite/v1.0//protocol/bluetooth_2.3/lib/EFR32BG1B/GCC/bgapi.a(gecko_bgapi_le_connection.c.obj)
 .rodata        0x00000000000278c4       0x18 /Applications/Simplicity Studio.app/Contents/Eclipse/developer/sdks/gecko_sdk_suite/v1.0//protocol/bluetooth_2.3/lib/EFR32BG1B/GCC/bgapi.a(bgapi_sm.c.obj)
 .rodata        0x00000000000278dc       0x18 /Applications/Simplicity Studio.app/Contents/Eclipse/developer/sdks/gecko_sdk_suite/v1.0//protocol/bluetooth_2.3/lib/EFR32BG1B/GCC/bgapi.a(adc.c.obj)
 .rodata        0x00000000000278f4       0x40 /Applications/Simplicity Studio.app/Contents/Eclipse/developer/sdks/gecko_sdk_suite/v1.0//protocol/bluetooth_2.3/lib/EFR32BG1B/GCC/bgapi.a(gpio.c.obj)
 .rodata        0x0000000000027934       0x10 /Applications/Simplicity Studio.app/Contents/Eclipse/developer/sdks/gecko_sdk_suite/v1.0//protocol/bluetooth_2.3/lib/EFR32BG1B/GCC/bgapi.a(i2c.c.obj)
 .rodata        0x0000000000027944       0x60 /Applications/Simplicity Studio.app/Contents/Eclipse/developer/sdks/gecko_sdk_suite/v1.0//protocol/bluetooth_2.3/lib/EFR32BG1B/GCC/bgapi.a(uart.c.obj)
 .rodata.str1.4
                0x00000000000279a4        0x4 /Applications/Simplicity Studio.app/Contents/Eclipse/developer/toolchains/gnu_arm/4.9_2015q3/bin/../lib/gcc/arm-none-eabi/4.9.3/../../../../arm-none-eabi/lib/armv7e-m/softfp/libc.a(lib_a-impure.o)
                                          0x2 (size before relaxing)
 .rodata._global_impure_ptr
                0x00000000000279a8        0x4 /Applications/Simplicity Studio.app/Contents/Eclipse/developer/toolchains/gnu_arm/4.9_2015q3/bin/../lib/gcc/arm-none-eabi/4.9.3/../../../../arm-none-eabi/lib/armv7e-m/softfp/libc.a(lib_a-impure.o)
                0x00000000000279a8                _global_impure_ptr
 *(.eh_frame*)
 .eh_frame      0x00000000000279ac        0x0 /Applications/Simplicity Studio.app/Contents/Eclipse/developer/toolchains/gnu_arm/4.9_2015q3/bin/../lib/gcc/arm-none-eabi/4.9.3/armv7e-m/softfp/crtbegin.o
 .eh_frame      0x00000000000279ac        0x4 /Applications/Simplicity Studio.app/Contents/Eclipse/developer/toolchains/gnu_arm/4.9_2015q3/bin/../lib/gcc/arm-none-eabi/4.9.3/armv7e-m/softfp/crtend.o
                0x00000000000279b0                . = ALIGN (0x4)

.glue_7         0x00000000000279b0        0x0
 .glue_7        0x0000000000000000        0x0 linker stubs

.glue_7t        0x00000000000279b0        0x0
 .glue_7t       0x0000000000000000        0x0 linker stubs

.vfp11_veneer   0x00000000000279b0        0x0
 .vfp11_veneer  0x0000000000000000        0x0 linker stubs

.v4_bx          0x00000000000279b0        0x0
 .v4_bx         0x0000000000000000        0x0 linker stubs

.iplt           0x00000000000279b0        0x0
 .iplt          0x0000000000000000        0x0 /Applications/Simplicity Studio.app/Contents/Eclipse/developer/toolchains/gnu_arm/4.9_2015q3/bin/../lib/gcc/arm-none-eabi/4.9.3/armv7e-m/softfp/crtbegin.o

.igot.plt       0x00000000000279b0        0x0
 .igot.plt      0x0000000000000000        0x0 /Applications/Simplicity Studio.app/Contents/Eclipse/developer/toolchains/gnu_arm/4.9_2015q3/bin/../lib/gcc/arm-none-eabi/4.9.3/armv7e-m/softfp/crtbegin.o

.text_app_ARM.extab
 *(.ARM.extab* .gnu.linkonce.armextab.*)
                0x00000000000279b0                __exidx_start = .

.text_app_ARM.exidx
                0x00000000000279b0        0x8
 *(.ARM.exidx* .gnu.linkonce.armexidx.*)
 .ARM.exidx     0x00000000000279b0        0x8 /Applications/Simplicity Studio.app/Contents/Eclipse/developer/toolchains/gnu_arm/4.9_2015q3/bin/../lib/gcc/arm-none-eabi/4.9.3/../../../../arm-none-eabi/lib/armv7e-m/softfp/crt0.o
 .ARM.exidx     0x00000000000279b8        0x0 /Applications/Simplicity Studio.app/Contents/Eclipse/developer/toolchains/gnu_arm/4.9_2015q3/bin/../lib/gcc/arm-none-eabi/4.9.3/armv7e-m/softfp/libgcc.a(_divdi3.o)
                                          0x8 (size before relaxing)
 .ARM.exidx     0x00000000000279b8        0x0 /Applications/Simplicity Studio.app/Contents/Eclipse/developer/toolchains/gnu_arm/4.9_2015q3/bin/../lib/gcc/arm-none-eabi/4.9.3/armv7e-m/softfp/libgcc.a(_udivdi3.o)
                                          0x8 (size before relaxing)
                0x00000000000279b8                __exidx_end = .
                0x00000000000279b8                __etext = .

.rel.dyn        0x00000000000279b8        0x0
 .rel.iplt      0x0000000000000000        0x0 /Applications/Simplicity Studio.app/Contents/Eclipse/developer/toolchains/gnu_arm/4.9_2015q3/bin/../lib/gcc/arm-none-eabi/4.9.3/armv7e-m/softfp/crtbegin.o

.text_app_data  0x0000000020003000      0x480 load address 0x00000000000279b8
                0x0000000020003000                __data_start__ = .
 *(vtable)
 *(.data*)
 .data.bg_gattdb_data_attribute_field_6_data
                0x0000000020003000        0xd ./gatt_db.o
                0x0000000020003000                bg_gattdb_data_attribute_field_6_data
 *fill*         0x000000002000300d        0x3 
 .data.auxHfrcoFreq
                0x0000000020003010        0x4 ./emlib/em_cmu.o
 .data          0x0000000020003014        0x1 /Applications/Simplicity Studio.app/Contents/Eclipse/developer/sdks/gecko_sdk_suite/v1.0//protocol/bluetooth_2.3/lib/EFR32BG1B/GCC/bgapi.a(bgapi_endpoint.c.obj)
 *fill*         0x0000000020003015        0x3 
 .data          0x0000000020003018       0x30 /Applications/Simplicity Studio.app/Contents/Eclipse/developer/sdks/gecko_sdk_suite/v1.0//protocol/bluetooth_2.3/lib/EFR32BG1B/GCC/bgapi.a(adc.c.obj)
 .data.impure_data
                0x0000000020003048      0x428 /Applications/Simplicity Studio.app/Contents/Eclipse/developer/toolchains/gnu_arm/4.9_2015q3/bin/../lib/gcc/arm-none-eabi/4.9.3/../../../../arm-none-eabi/lib/armv7e-m/softfp/libc.a(lib_a-impure.o)
                0x0000000020003470                . = ALIGN (0x4)
 *(.ram)
                0x0000000020003470                . = ALIGN (0x4)
                0x0000000020003470                PROVIDE (__preinit_array_start, .)
 *(.preinit_array)
                0x0000000020003470                PROVIDE (__preinit_array_end, .)
                0x0000000020003470                . = ALIGN (0x4)
                0x0000000020003470                PROVIDE (__init_array_start, .)
 *(SORT(.init_array.*))
 .init_array.00000
                0x0000000020003470        0x4 /Applications/Simplicity Studio.app/Contents/Eclipse/developer/toolchains/gnu_arm/4.9_2015q3/bin/../lib/gcc/arm-none-eabi/4.9.3/../../../../arm-none-eabi/lib/armv7e-m/softfp/libc.a(lib_a-__call_atexit.o)
 *(.init_array)
 .init_array    0x0000000020003474        0x4 /Applications/Simplicity Studio.app/Contents/Eclipse/developer/toolchains/gnu_arm/4.9_2015q3/bin/../lib/gcc/arm-none-eabi/4.9.3/armv7e-m/softfp/crtbegin.o
                0x0000000020003478                PROVIDE (__init_array_end, .)
                0x0000000020003478                . = ALIGN (0x4)
                0x0000000020003478                PROVIDE (__fini_array_start, .)
 *(SORT(.fini_array.*))
 *(.fini_array)
 .fini_array    0x0000000020003478        0x4 /Applications/Simplicity Studio.app/Contents/Eclipse/developer/toolchains/gnu_arm/4.9_2015q3/bin/../lib/gcc/arm-none-eabi/4.9.3/armv7e-m/softfp/crtbegin.o
                0x000000002000347c                PROVIDE (__fini_array_end, .)
 *(.jcr*)
 .jcr           0x000000002000347c        0x0 /Applications/Simplicity Studio.app/Contents/Eclipse/developer/toolchains/gnu_arm/4.9_2015q3/bin/../lib/gcc/arm-none-eabi/4.9.3/armv7e-m/softfp/crtbegin.o
 .jcr           0x000000002000347c        0x4 /Applications/Simplicity Studio.app/Contents/Eclipse/developer/toolchains/gnu_arm/4.9_2015q3/bin/../lib/gcc/arm-none-eabi/4.9.3/armv7e-m/softfp/crtend.o
                0x0000000020003480                . = ALIGN (0x4)
                0x0000000020003480                __data_end__ = .

.bss            0x0000000020003480     0x1ce0 load address 0x0000000000027e38
                0x0000000020003480                . = ALIGN (0x4)
                0x0000000020003480                __bss_start__ = .
 *(.bss*)
 .bss           0x0000000020003480       0x1c /Applications/Simplicity Studio.app/Contents/Eclipse/developer/toolchains/gnu_arm/4.9_2015q3/bin/../lib/gcc/arm-none-eabi/4.9.3/armv7e-m/softfp/crtbegin.o
 .bss.bg_gattdb_data_attribute_field_2_data
                0x000000002000349c        0x4 ./gatt_db.o
                0x000000002000349c                bg_gattdb_data_attribute_field_2_data
 .bss.bg_gattdb_data_attribute_field_18_data
                0x00000000200034a0        0x1 ./gatt_db.o
                0x00000000200034a0                bg_gattdb_data_attribute_field_18_data
 *fill*         0x00000000200034a1        0x3 
 .bss.bg_gattdb_data_attribute_field_21_data
                0x00000000200034a4        0x1 ./gatt_db.o
                0x00000000200034a4                bg_gattdb_data_attribute_field_21_data
 .bss.boot_to_dfu
                0x00000000200034a5        0x1 ./main.o
                0x00000000200034a5                boot_to_dfu
 .bss.UARTbufferctr
                0x00000000200034a6        0x1 ./peripherals.o
 *fill*         0x00000000200034a7        0x1 
 .bss.leuartif  0x00000000200034a8        0x4 ./peripherals.o
 .bss.desiredDutyCycle
                0x00000000200034ac        0x4 ./peripherals.o
 .bss.SOFReceived
                0x00000000200034b0        0x4 ./peripherals.o
                0x00000000200034b0                SOFReceived
 .bss.chTable   0x00000000200034b4       0xa0 ./bgapi/dmadrv.o
 .bss.initialized
                0x0000000020003554        0x1 ./bgapi/dmadrv.o
 *fill*         0x0000000020003555        0x3 
 .bss.dmaXfer   0x0000000020003558      0x100 ./bgapi/dmadrv.o
 .bss.dcdcEm01LoadCurrent_mA
                0x0000000020003658        0x2 ./emlib/em_emu.o
 .bss.dcdcReverseCurrentControl
                0x000000002000365a        0x2 ./emlib/em_emu.o
 .bss.dcdcMaxCurrent_mA
                0x000000002000365c        0x2 ./emlib/em_emu.o
 *fill*         0x000000002000365e        0x2 
 .bss.errataFixDcdcHsState
                0x0000000020003660        0x4 ./emlib/em_emu.o
 .bss           0x0000000020003664      0x100 /Applications/Simplicity Studio.app/Contents/Eclipse/developer/sdks/gecko_sdk_suite/v1.0//protocol/bluetooth_2.3/lib/EFR32BG1B/GCC/bgapi.a(bgapi_hardware_lib.c.obj)
 .bss           0x0000000020003764        0x4 /Applications/Simplicity Studio.app/Contents/Eclipse/developer/sdks/gecko_sdk_suite/v1.0//protocol/bluetooth_2.3/lib/EFR32BG1B/GCC/bgapi.a(bgapi_hardware.c.obj)
 .bss           0x0000000020003768       0x10 /Applications/Simplicity Studio.app/Contents/Eclipse/developer/sdks/gecko_sdk_suite/v1.0//protocol/bluetooth_2.3/lib/EFR32BG1B/GCC/bgapi.a(bgapi_util.c.obj)
 .bss           0x0000000020003778        0x2 /Applications/Simplicity Studio.app/Contents/Eclipse/developer/sdks/gecko_sdk_suite/v1.0//protocol/bluetooth_2.3/lib/EFR32BG1B/GCC/bgapi.a(bgapi_gap.c.obj)
                0x0000000020003778                legacy_maxadv_events
 *fill*         0x000000002000377a        0x2 
 .bss           0x000000002000377c        0x4 /Applications/Simplicity Studio.app/Contents/Eclipse/developer/sdks/gecko_sdk_suite/v1.0//protocol/bluetooth_2.3/lib/EFR32BG1B/GCC/bgapi.a(bgapi_sm.c.obj)
 .bss           0x0000000020003780        0xc /Applications/Simplicity Studio.app/Contents/Eclipse/developer/sdks/gecko_sdk_suite/v1.0//protocol/bluetooth_2.3/lib/EFR32BG1B/GCC/bgapi.a(bgapi_endpoint.c.obj)
 .bss           0x000000002000378c        0x4 /Applications/Simplicity Studio.app/Contents/Eclipse/developer/sdks/gecko_sdk_suite/v1.0//protocol/bluetooth_2.3/lib/EFR32BG1B/GCC/bgapi.a(adc.c.obj)
 .bss           0x0000000020003790        0x2 /Applications/Simplicity Studio.app/Contents/Eclipse/developer/sdks/gecko_sdk_suite/v1.0//protocol/bluetooth_2.3/lib/EFR32BG1B/GCC/bgapi.a(i2c.c.obj)
 *fill*         0x0000000020003792        0x2 
 .bss           0x0000000020003794       0x2c /Applications/Simplicity Studio.app/Contents/Eclipse/developer/sdks/gecko_sdk_suite/v1.0//protocol/bluetooth_2.3/lib/EFR32BG1B/GCC/bgapi.a(sleep_signal.c.obj)
                0x00000000200037a8                sleep_signal_mask
                0x00000000200037bc                host_wakeup_signal_mask
 .bss           0x00000000200037c0       0x70 /Applications/Simplicity Studio.app/Contents/Eclipse/developer/sdks/gecko_sdk_suite/v1.0//protocol/bluetooth_2.3/lib/EFR32BG1B/GCC/bgapi.a(uart.c.obj)
 *(COMMON)
 COMMON         0x0000000020003830     0x18d4 ./main.o
                0x0000000020003830                localPWM
                0x0000000020003834                bluetooth_stack_heap
 COMMON         0x0000000020005104       0x4c ./peripherals.o
                0x0000000020005104                UARTObj
                0x0000000020005108                UserGPIOs
                0x000000002000510c                PWMObj
                0x0000000020005110                UARTbuffer
 COMMON         0x0000000020005150        0xc /Applications/Simplicity Studio.app/Contents/Eclipse/developer/sdks/gecko_sdk_suite/v1.0//protocol/bluetooth_2.3/lib/EFR32BG1B/GCC/bgapi.a(uart_endpoint.c.obj)
                0x0000000020005150                uarts
 COMMON         0x000000002000515c        0x1 /Applications/Simplicity Studio.app/Contents/Eclipse/developer/sdks/gecko_sdk_suite/v1.0//protocol/bluetooth_2.3/lib/EFR32BG1B/GCC/bgapi.a(gpio.c.obj)
                0x000000002000515c                gpio_events
                0x0000000020005160                . = ALIGN (0x4)
 *fill*         0x000000002000515d        0x3 
                0x0000000020005160                __bss_end__ = .

.heap           0x0000000020005160      0xc00
                0x0000000020005160                __HeapBase = .
                0x0000000020005160                __end__ = .
                0x0000000020005160                end = __end__
                0x0000000020005160                _end = __end__
 *(.heap*)
 .heap          0x0000000020005160      0xc00 ./device/EFR32_B_1_1_B/gcc/startup_efr32bg1b.o
                0x0000000020005d60                __HeapLimit = .

.stack_dummy    0x0000000020005d60      0x400
 *(.stack*)
 .stack         0x0000000020005d60      0x400 ./device/EFR32_B_1_1_B/gcc/startup_efr32bg1b.o
                0x0000000020007bfc                __StackTop = (ORIGIN (RAM) + 0x4bfc)
                0x00000000200077fc                __StackLimit = (__StackTop - SIZEOF (.stack_dummy))
                0x0000000020007bfc                PROVIDE (__stack, __StackTop)
                0x0000000000000001                ASSERT ((__StackLimit >= __HeapLimit), region RAM overflowed with stack)
OUTPUT(Locoroll-2.axf elf32-littlearm)

.ARM.attributes
                0x0000000000000000       0x2e
 .ARM.attributes
                0x0000000000000000       0x22 /Applications/Simplicity Studio.app/Contents/Eclipse/developer/toolchains/gnu_arm/4.9_2015q3/bin/../lib/gcc/arm-none-eabi/4.9.3/armv7e-m/softfp/crti.o
 .ARM.attributes
                0x0000000000000022       0x32 /Applications/Simplicity Studio.app/Contents/Eclipse/developer/toolchains/gnu_arm/4.9_2015q3/bin/../lib/gcc/arm-none-eabi/4.9.3/armv7e-m/softfp/crtbegin.o
 .ARM.attributes
                0x0000000000000054       0x20 /Applications/Simplicity Studio.app/Contents/Eclipse/developer/toolchains/gnu_arm/4.9_2015q3/bin/../lib/gcc/arm-none-eabi/4.9.3/../../../../arm-none-eabi/lib/armv7e-m/softfp/crt0.o
 .ARM.attributes
                0x0000000000000074       0x37 ./em_timer.o
 .ARM.attributes
                0x00000000000000ab       0x37 ./gatt_db.o
 .ARM.attributes
                0x00000000000000e2       0x37 ./main.o
 .ARM.attributes
                0x0000000000000119       0x37 ./peripherals.o
 .ARM.attributes
                0x0000000000000150       0x37 ./bgapi/dmadrv.o
 .ARM.attributes
                0x0000000000000187       0x37 ./bgapi/em_adc.o
 .ARM.attributes
                0x00000000000001be       0x37 ./bgapi/em_ldma.o
 .ARM.attributes
                0x00000000000001f5       0x37 ./bgapi/em_leuart.o
 .ARM.attributes
                0x000000000000022c       0x37 ./device/EFR32_B_1_1_B/gcc/startup_efr32bg1b.o
 .ARM.attributes
                0x0000000000000263       0x37 ./emlib/em_cmu.o
 .ARM.attributes
                0x000000000000029a       0x37 ./emlib/em_emu.o
 .ARM.attributes
                0x00000000000002d1       0x37 ./emlib/em_gpio.o
 .ARM.attributes
                0x0000000000000308       0x37 ./emlib/em_i2c.o
 .ARM.attributes
                0x000000000000033f       0x37 ./emlib/em_rtcc.o
 .ARM.attributes
                0x0000000000000376       0x37 ./emlib/em_system.o
 .ARM.attributes
                0x00000000000003ad       0x37 ./emlib/em_usart.o
 .ARM.attributes
                0x00000000000003e4       0x37 ./src/InitDevice.o
 .ARM.attributes
                0x000000000000041b       0x1c /Applications/Simplicity Studio.app/Contents/Eclipse/developer/sdks/gecko_sdk_suite/v1.0//protocol/bluetooth_2.3/lib/EFR32BG1B/EABI/binstack.o
 .ARM.attributes
                0x0000000000000437       0x37 /Applications/Simplicity Studio.app/Contents/Eclipse/developer/sdks/gecko_sdk_suite/v1.0//protocol/bluetooth_2.3/lib/EFR32BG1B/GCC/bgapi.a(gecko_bgapi_hardware.c.obj)
 .ARM.attributes
                0x000000000000046e       0x37 /Applications/Simplicity Studio.app/Contents/Eclipse/developer/sdks/gecko_sdk_suite/v1.0//protocol/bluetooth_2.3/lib/EFR32BG1B/GCC/bgapi.a(gecko_bgapi_test.c.obj)
 .ARM.attributes
                0x00000000000004a5       0x37 /Applications/Simplicity Studio.app/Contents/Eclipse/developer/sdks/gecko_sdk_suite/v1.0//protocol/bluetooth_2.3/lib/EFR32BG1B/GCC/bgapi.a(gecko_bgapi_util.c.obj)
 .ARM.attributes
                0x00000000000004dc       0x37 /Applications/Simplicity Studio.app/Contents/Eclipse/developer/sdks/gecko_sdk_suite/v1.0//protocol/bluetooth_2.3/lib/EFR32BG1B/GCC/bgapi.a(gecko_bgapi_dfu.c.obj)
 .ARM.attributes
                0x0000000000000513       0x37 /Applications/Simplicity Studio.app/Contents/Eclipse/developer/sdks/gecko_sdk_suite/v1.0//protocol/bluetooth_2.3/lib/EFR32BG1B/GCC/bgapi.a(gecko_bgapi_gap.c.obj)
 .ARM.attributes
                0x000000000000054a       0x37 /Applications/Simplicity Studio.app/Contents/Eclipse/developer/sdks/gecko_sdk_suite/v1.0//protocol/bluetooth_2.3/lib/EFR32BG1B/GCC/bgapi.a(gecko_bgapi_gatt.c.obj)
 .ARM.attributes
                0x0000000000000581       0x37 /Applications/Simplicity Studio.app/Contents/Eclipse/developer/sdks/gecko_sdk_suite/v1.0//protocol/bluetooth_2.3/lib/EFR32BG1B/GCC/bgapi.a(gecko_bgapi_gatt_server.c.obj)
 .ARM.attributes
                0x00000000000005b8       0x37 /Applications/Simplicity Studio.app/Contents/Eclipse/developer/sdks/gecko_sdk_suite/v1.0//protocol/bluetooth_2.3/lib/EFR32BG1B/GCC/bgapi.a(gecko_bgapi_flash.c.obj)
 .ARM.attributes
                0x00000000000005ef       0x37 /Applications/Simplicity Studio.app/Contents/Eclipse/developer/sdks/gecko_sdk_suite/v1.0//protocol/bluetooth_2.3/lib/EFR32BG1B/GCC/bgapi.a(gecko_bgapi_sm.c.obj)
 .ARM.attributes
                0x0000000000000626       0x37 /Applications/Simplicity Studio.app/Contents/Eclipse/developer/sdks/gecko_sdk_suite/v1.0//protocol/bluetooth_2.3/lib/EFR32BG1B/GCC/bgapi.a(gecko_bgapi_system.c.obj)
 .ARM.attributes
                0x000000000000065d       0x37 /Applications/Simplicity Studio.app/Contents/Eclipse/developer/sdks/gecko_sdk_suite/v1.0//protocol/bluetooth_2.3/lib/EFR32BG1B/GCC/bgapi.a(gecko_bgapi_endpoint.c.obj)
 .ARM.attributes
                0x0000000000000694       0x37 /Applications/Simplicity Studio.app/Contents/Eclipse/developer/sdks/gecko_sdk_suite/v1.0//protocol/bluetooth_2.3/lib/EFR32BG1B/GCC/bgapi.a(gecko_bgapi_le_connection.c.obj)
 .ARM.attributes
                0x00000000000006cb       0x37 /Applications/Simplicity Studio.app/Contents/Eclipse/developer/sdks/gecko_sdk_suite/v1.0//protocol/bluetooth_2.3/lib/EFR32BG1B/GCC/bgapi.a(bgapi_hardware_lib.c.obj)
 .ARM.attributes
                0x0000000000000702       0x37 /Applications/Simplicity Studio.app/Contents/Eclipse/developer/sdks/gecko_sdk_suite/v1.0//protocol/bluetooth_2.3/lib/EFR32BG1B/GCC/bgapi.a(bgapi_hardware.c.obj)
 .ARM.attributes
                0x0000000000000739       0x37 /Applications/Simplicity Studio.app/Contents/Eclipse/developer/sdks/gecko_sdk_suite/v1.0//protocol/bluetooth_2.3/lib/EFR32BG1B/GCC/bgapi.a(bgapi_test_lib.c.obj)
 .ARM.attributes
                0x0000000000000770       0x37 /Applications/Simplicity Studio.app/Contents/Eclipse/developer/sdks/gecko_sdk_suite/v1.0//protocol/bluetooth_2.3/lib/EFR32BG1B/GCC/bgapi.a(bgapi_util.c.obj)
 .ARM.attributes
                0x00000000000007a7       0x37 /Applications/Simplicity Studio.app/Contents/Eclipse/developer/sdks/gecko_sdk_suite/v1.0//protocol/bluetooth_2.3/lib/EFR32BG1B/GCC/bgapi.a(bgapi_dfu.c.obj)
 .ARM.attributes
                0x00000000000007de       0x37 /Applications/Simplicity Studio.app/Contents/Eclipse/developer/sdks/gecko_sdk_suite/v1.0//protocol/bluetooth_2.3/lib/EFR32BG1B/GCC/bgapi.a(bgapi_gap.c.obj)
 .ARM.attributes
                0x0000000000000815       0x37 /Applications/Simplicity Studio.app/Contents/Eclipse/developer/sdks/gecko_sdk_suite/v1.0//protocol/bluetooth_2.3/lib/EFR32BG1B/GCC/bgapi.a(bgapi_gatt_lib.c.obj)
 .ARM.attributes
                0x000000000000084c       0x37 /Applications/Simplicity Studio.app/Contents/Eclipse/developer/sdks/gecko_sdk_suite/v1.0//protocol/bluetooth_2.3/lib/EFR32BG1B/GCC/bgapi.a(bgapi_ps.c.obj)
 .ARM.attributes
                0x0000000000000883       0x37 /Applications/Simplicity Studio.app/Contents/Eclipse/developer/sdks/gecko_sdk_suite/v1.0//protocol/bluetooth_2.3/lib/EFR32BG1B/GCC/bgapi.a(bgapi_sm.c.obj)
 .ARM.attributes
                0x00000000000008ba       0x37 /Applications/Simplicity Studio.app/Contents/Eclipse/developer/sdks/gecko_sdk_suite/v1.0//protocol/bluetooth_2.3/lib/EFR32BG1B/GCC/bgapi.a(bgapi_system.c.obj)
 .ARM.attributes
                0x00000000000008f1       0x37 /Applications/Simplicity Studio.app/Contents/Eclipse/developer/sdks/gecko_sdk_suite/v1.0//protocol/bluetooth_2.3/lib/EFR32BG1B/GCC/bgapi.a(bgapi_endpoint.c.obj)
 .ARM.attributes
                0x0000000000000928       0x37 /Applications/Simplicity Studio.app/Contents/Eclipse/developer/sdks/gecko_sdk_suite/v1.0//protocol/bluetooth_2.3/lib/EFR32BG1B/GCC/bgapi.a(bgapi_le_connection.c.obj)
 .ARM.attributes
                0x000000000000095f       0x37 /Applications/Simplicity Studio.app/Contents/Eclipse/developer/sdks/gecko_sdk_suite/v1.0//protocol/bluetooth_2.3/lib/EFR32BG1B/GCC/bgapi.a(uart_endpoint.c.obj)
 .ARM.attributes
                0x0000000000000996       0x37 /Applications/Simplicity Studio.app/Contents/Eclipse/developer/sdks/gecko_sdk_suite/v1.0//protocol/bluetooth_2.3/lib/EFR32BG1B/GCC/bgapi.a(bgapi_endpoint.c.obj)
 .ARM.attributes
                0x00000000000009cd       0x37 /Applications/Simplicity Studio.app/Contents/Eclipse/developer/sdks/gecko_sdk_suite/v1.0//protocol/bluetooth_2.3/lib/EFR32BG1B/GCC/bgapi.a(adc.c.obj)
 .ARM.attributes
                0x0000000000000a04       0x37 /Applications/Simplicity Studio.app/Contents/Eclipse/developer/sdks/gecko_sdk_suite/v1.0//protocol/bluetooth_2.3/lib/EFR32BG1B/GCC/bgapi.a(gpio.c.obj)
 .ARM.attributes
                0x0000000000000a3b       0x37 /Applications/Simplicity Studio.app/Contents/Eclipse/developer/sdks/gecko_sdk_suite/v1.0//protocol/bluetooth_2.3/lib/EFR32BG1B/GCC/bgapi.a(i2c.c.obj)
 .ARM.attributes
                0x0000000000000a72       0x37 /Applications/Simplicity Studio.app/Contents/Eclipse/developer/sdks/gecko_sdk_suite/v1.0//protocol/bluetooth_2.3/lib/EFR32BG1B/GCC/bgapi.a(sleep_signal.c.obj)
 .ARM.attributes
                0x0000000000000aa9       0x37 /Applications/Simplicity Studio.app/Contents/Eclipse/developer/sdks/gecko_sdk_suite/v1.0//protocol/bluetooth_2.3/lib/EFR32BG1B/GCC/bgapi.a(uart.c.obj)
 .ARM.attributes
                0x0000000000000ae0       0x1c /Applications/Simplicity Studio.app/Contents/Eclipse/developer/sdks/gecko_sdk_suite/v1.0//protocol/bluetooth_2.3/lib/EFR32BG1B/EABI/binbootloader.o
 .ARM.attributes
                0x0000000000000afc       0x22 /Applications/Simplicity Studio.app/Contents/Eclipse/developer/toolchains/gnu_arm/4.9_2015q3/bin/../lib/gcc/arm-none-eabi/4.9.3/armv7e-m/softfp/libgcc.a(_aeabi_uldivmod.o)
 .ARM.attributes
                0x0000000000000b1e       0x32 /Applications/Simplicity Studio.app/Contents/Eclipse/developer/toolchains/gnu_arm/4.9_2015q3/bin/../lib/gcc/arm-none-eabi/4.9.3/armv7e-m/softfp/libgcc.a(bpabi.o)
 .ARM.attributes
                0x0000000000000b50       0x22 /Applications/Simplicity Studio.app/Contents/Eclipse/developer/toolchains/gnu_arm/4.9_2015q3/bin/../lib/gcc/arm-none-eabi/4.9.3/armv7e-m/softfp/libgcc.a(_dvmd_tls.o)
 .ARM.attributes
                0x0000000000000b72       0x32 /Applications/Simplicity Studio.app/Contents/Eclipse/developer/toolchains/gnu_arm/4.9_2015q3/bin/../lib/gcc/arm-none-eabi/4.9.3/armv7e-m/softfp/libgcc.a(_divdi3.o)
 .ARM.attributes
                0x0000000000000ba4       0x32 /Applications/Simplicity Studio.app/Contents/Eclipse/developer/toolchains/gnu_arm/4.9_2015q3/bin/../lib/gcc/arm-none-eabi/4.9.3/armv7e-m/softfp/libgcc.a(_udivdi3.o)
 .ARM.attributes
                0x0000000000000bd6       0x32 /Applications/Simplicity Studio.app/Contents/Eclipse/developer/toolchains/gnu_arm/4.9_2015q3/bin/../lib/gcc/arm-none-eabi/4.9.3/../../../../arm-none-eabi/lib/armv7e-m/softfp/libc.a(lib_a-exit.o)
 .ARM.attributes
                0x0000000000000c08       0x32 /Applications/Simplicity Studio.app/Contents/Eclipse/developer/toolchains/gnu_arm/4.9_2015q3/bin/../lib/gcc/arm-none-eabi/4.9.3/../../../../arm-none-eabi/lib/armv7e-m/softfp/libc.a(lib_a-impure.o)
 .ARM.attributes
                0x0000000000000c3a       0x32 /Applications/Simplicity Studio.app/Contents/Eclipse/developer/toolchains/gnu_arm/4.9_2015q3/bin/../lib/gcc/arm-none-eabi/4.9.3/../../../../arm-none-eabi/lib/armv7e-m/softfp/libc.a(lib_a-init.o)
 .ARM.attributes
                0x0000000000000c6c       0x32 /Applications/Simplicity Studio.app/Contents/Eclipse/developer/toolchains/gnu_arm/4.9_2015q3/bin/../lib/gcc/arm-none-eabi/4.9.3/../../../../arm-none-eabi/lib/armv7e-m/softfp/libc.a(lib_a-memset.o)
 .ARM.attributes
                0x0000000000000c9e       0x32 /Applications/Simplicity Studio.app/Contents/Eclipse/developer/toolchains/gnu_arm/4.9_2015q3/bin/../lib/gcc/arm-none-eabi/4.9.3/../../../../arm-none-eabi/lib/armv7e-m/softfp/libc.a(lib_a-__call_atexit.o)
 .ARM.attributes
                0x0000000000000cd0       0x32 /Applications/Simplicity Studio.app/Contents/Eclipse/developer/toolchains/gnu_arm/4.9_2015q3/bin/../lib/gcc/arm-none-eabi/4.9.3/../../../../arm-none-eabi/lib/armv7e-m/softfp/libc.a(lib_a-atexit.o)
 .ARM.attributes
                0x0000000000000d02       0x32 /Applications/Simplicity Studio.app/Contents/Eclipse/developer/toolchains/gnu_arm/4.9_2015q3/bin/../lib/gcc/arm-none-eabi/4.9.3/../../../../arm-none-eabi/lib/armv7e-m/softfp/libc.a(lib_a-fini.o)
 .ARM.attributes
                0x0000000000000d34       0x32 /Applications/Simplicity Studio.app/Contents/Eclipse/developer/toolchains/gnu_arm/4.9_2015q3/bin/../lib/gcc/arm-none-eabi/4.9.3/../../../../arm-none-eabi/lib/armv7e-m/softfp/libc.a(lib_a-__atexit.o)
 .ARM.attributes
                0x0000000000000d66       0x32 /Applications/Simplicity Studio.app/Contents/Eclipse/developer/toolchains/gnu_arm/4.9_2015q3/bin/../lib/gcc/arm-none-eabi/4.9.3/../../../../arm-none-eabi/lib/armv7e-m/softfp/libnosys.a(_exit.o)
 .ARM.attributes
                0x0000000000000d98       0x32 /Applications/Simplicity Studio.app/Contents/Eclipse/developer/toolchains/gnu_arm/4.9_2015q3/bin/../lib/gcc/arm-none-eabi/4.9.3/armv7e-m/softfp/crtend.o
 .ARM.attributes
                0x0000000000000dca       0x22 /Applications/Simplicity Studio.app/Contents/Eclipse/developer/toolchains/gnu_arm/4.9_2015q3/bin/../lib/gcc/arm-none-eabi/4.9.3/armv7e-m/softfp/crtn.o

.comment        0x0000000000000000       0xde
 .comment       0x0000000000000000       0x70 ./em_timer.o
                                         0x71 (size before relaxing)
 .comment       0x0000000000000000       0x71 ./gatt_db.o
 .comment       0x0000000000000000       0x71 ./main.o
 .comment       0x0000000000000000       0x71 ./peripherals.o
 .comment       0x0000000000000000       0x71 ./bgapi/dmadrv.o
 .comment       0x0000000000000000       0x71 ./bgapi/em_adc.o
 .comment       0x0000000000000000       0x71 ./bgapi/em_ldma.o
 .comment       0x0000000000000000       0x71 ./bgapi/em_leuart.o
 .comment       0x0000000000000000       0x71 ./device/EFR32_B_1_1_B/gcc/startup_efr32bg1b.o
 .comment       0x0000000000000000       0x71 ./emlib/em_cmu.o
 .comment       0x0000000000000000       0x71 ./emlib/em_emu.o
 .comment       0x0000000000000000       0x71 ./emlib/em_gpio.o
 .comment       0x0000000000000000       0x71 ./emlib/em_i2c.o
 .comment       0x0000000000000000       0x71 ./emlib/em_rtcc.o
 .comment       0x0000000000000000       0x71 ./emlib/em_system.o
 .comment       0x0000000000000000       0x71 ./emlib/em_usart.o
 .comment       0x0000000000000000       0x71 ./src/InitDevice.o
 .comment       0x0000000000000070       0x6e /Applications/Simplicity Studio.app/Contents/Eclipse/developer/sdks/gecko_sdk_suite/v1.0//protocol/bluetooth_2.3/lib/EFR32BG1B/GCC/bgapi.a(gecko_bgapi_hardware.c.obj)
                                         0x6f (size before relaxing)
 .comment       0x0000000000000000       0x6f /Applications/Simplicity Studio.app/Contents/Eclipse/developer/sdks/gecko_sdk_suite/v1.0//protocol/bluetooth_2.3/lib/EFR32BG1B/GCC/bgapi.a(gecko_bgapi_test.c.obj)
 .comment       0x0000000000000000       0x6f /Applications/Simplicity Studio.app/Contents/Eclipse/developer/sdks/gecko_sdk_suite/v1.0//protocol/bluetooth_2.3/lib/EFR32BG1B/GCC/bgapi.a(gecko_bgapi_util.c.obj)
 .comment       0x0000000000000000       0x6f /Applications/Simplicity Studio.app/Contents/Eclipse/developer/sdks/gecko_sdk_suite/v1.0//protocol/bluetooth_2.3/lib/EFR32BG1B/GCC/bgapi.a(gecko_bgapi_dfu.c.obj)
 .comment       0x0000000000000000       0x6f /Applications/Simplicity Studio.app/Contents/Eclipse/developer/sdks/gecko_sdk_suite/v1.0//protocol/bluetooth_2.3/lib/EFR32BG1B/GCC/bgapi.a(gecko_bgapi_gap.c.obj)
 .comment       0x0000000000000000       0x6f /Applications/Simplicity Studio.app/Contents/Eclipse/developer/sdks/gecko_sdk_suite/v1.0//protocol/bluetooth_2.3/lib/EFR32BG1B/GCC/bgapi.a(gecko_bgapi_gatt.c.obj)
 .comment       0x0000000000000000       0x6f /Applications/Simplicity Studio.app/Contents/Eclipse/developer/sdks/gecko_sdk_suite/v1.0//protocol/bluetooth_2.3/lib/EFR32BG1B/GCC/bgapi.a(gecko_bgapi_gatt_server.c.obj)
 .comment       0x0000000000000000       0x6f /Applications/Simplicity Studio.app/Contents/Eclipse/developer/sdks/gecko_sdk_suite/v1.0//protocol/bluetooth_2.3/lib/EFR32BG1B/GCC/bgapi.a(gecko_bgapi_flash.c.obj)
 .comment       0x0000000000000000       0x6f /Applications/Simplicity Studio.app/Contents/Eclipse/developer/sdks/gecko_sdk_suite/v1.0//protocol/bluetooth_2.3/lib/EFR32BG1B/GCC/bgapi.a(gecko_bgapi_sm.c.obj)
 .comment       0x0000000000000000       0x6f /Applications/Simplicity Studio.app/Contents/Eclipse/developer/sdks/gecko_sdk_suite/v1.0//protocol/bluetooth_2.3/lib/EFR32BG1B/GCC/bgapi.a(gecko_bgapi_system.c.obj)
 .comment       0x0000000000000000       0x6f /Applications/Simplicity Studio.app/Contents/Eclipse/developer/sdks/gecko_sdk_suite/v1.0//protocol/bluetooth_2.3/lib/EFR32BG1B/GCC/bgapi.a(gecko_bgapi_endpoint.c.obj)
 .comment       0x0000000000000000       0x6f /Applications/Simplicity Studio.app/Contents/Eclipse/developer/sdks/gecko_sdk_suite/v1.0//protocol/bluetooth_2.3/lib/EFR32BG1B/GCC/bgapi.a(gecko_bgapi_le_connection.c.obj)
 .comment       0x0000000000000000       0x6f /Applications/Simplicity Studio.app/Contents/Eclipse/developer/sdks/gecko_sdk_suite/v1.0//protocol/bluetooth_2.3/lib/EFR32BG1B/GCC/bgapi.a(bgapi_hardware_lib.c.obj)
 .comment       0x0000000000000000       0x6f /Applications/Simplicity Studio.app/Contents/Eclipse/developer/sdks/gecko_sdk_suite/v1.0//protocol/bluetooth_2.3/lib/EFR32BG1B/GCC/bgapi.a(bgapi_hardware.c.obj)
 .comment       0x0000000000000000       0x6f /Applications/Simplicity Studio.app/Contents/Eclipse/developer/sdks/gecko_sdk_suite/v1.0//protocol/bluetooth_2.3/lib/EFR32BG1B/GCC/bgapi.a(bgapi_test_lib.c.obj)
 .comment       0x0000000000000000       0x6f /Applications/Simplicity Studio.app/Contents/Eclipse/developer/sdks/gecko_sdk_suite/v1.0//protocol/bluetooth_2.3/lib/EFR32BG1B/GCC/bgapi.a(bgapi_util.c.obj)
 .comment       0x0000000000000000       0x6f /Applications/Simplicity Studio.app/Contents/Eclipse/developer/sdks/gecko_sdk_suite/v1.0//protocol/bluetooth_2.3/lib/EFR32BG1B/GCC/bgapi.a(bgapi_dfu.c.obj)
 .comment       0x0000000000000000       0x6f /Applications/Simplicity Studio.app/Contents/Eclipse/developer/sdks/gecko_sdk_suite/v1.0//protocol/bluetooth_2.3/lib/EFR32BG1B/GCC/bgapi.a(bgapi_gap.c.obj)
 .comment       0x0000000000000000       0x6f /Applications/Simplicity Studio.app/Contents/Eclipse/developer/sdks/gecko_sdk_suite/v1.0//protocol/bluetooth_2.3/lib/EFR32BG1B/GCC/bgapi.a(bgapi_gatt_lib.c.obj)
 .comment       0x0000000000000000       0x6f /Applications/Simplicity Studio.app/Contents/Eclipse/developer/sdks/gecko_sdk_suite/v1.0//protocol/bluetooth_2.3/lib/EFR32BG1B/GCC/bgapi.a(bgapi_ps.c.obj)
 .comment       0x0000000000000000       0x6f /Applications/Simplicity Studio.app/Contents/Eclipse/developer/sdks/gecko_sdk_suite/v1.0//protocol/bluetooth_2.3/lib/EFR32BG1B/GCC/bgapi.a(bgapi_sm.c.obj)
 .comment       0x0000000000000000       0x6f /Applications/Simplicity Studio.app/Contents/Eclipse/developer/sdks/gecko_sdk_suite/v1.0//protocol/bluetooth_2.3/lib/EFR32BG1B/GCC/bgapi.a(bgapi_system.c.obj)
 .comment       0x0000000000000000       0x6f /Applications/Simplicity Studio.app/Contents/Eclipse/developer/sdks/gecko_sdk_suite/v1.0//protocol/bluetooth_2.3/lib/EFR32BG1B/GCC/bgapi.a(bgapi_endpoint.c.obj)
 .comment       0x0000000000000000       0x6f /Applications/Simplicity Studio.app/Contents/Eclipse/developer/sdks/gecko_sdk_suite/v1.0//protocol/bluetooth_2.3/lib/EFR32BG1B/GCC/bgapi.a(bgapi_le_connection.c.obj)
 .comment       0x0000000000000000       0x6f /Applications/Simplicity Studio.app/Contents/Eclipse/developer/sdks/gecko_sdk_suite/v1.0//protocol/bluetooth_2.3/lib/EFR32BG1B/GCC/bgapi.a(uart_endpoint.c.obj)
 .comment       0x0000000000000000       0x6f /Applications/Simplicity Studio.app/Contents/Eclipse/developer/sdks/gecko_sdk_suite/v1.0//protocol/bluetooth_2.3/lib/EFR32BG1B/GCC/bgapi.a(bgapi_endpoint.c.obj)
 .comment       0x0000000000000000       0x6f /Applications/Simplicity Studio.app/Contents/Eclipse/developer/sdks/gecko_sdk_suite/v1.0//protocol/bluetooth_2.3/lib/EFR32BG1B/GCC/bgapi.a(adc.c.obj)
 .comment       0x0000000000000000       0x6f /Applications/Simplicity Studio.app/Contents/Eclipse/developer/sdks/gecko_sdk_suite/v1.0//protocol/bluetooth_2.3/lib/EFR32BG1B/GCC/bgapi.a(gpio.c.obj)
 .comment       0x0000000000000000       0x6f /Applications/Simplicity Studio.app/Contents/Eclipse/developer/sdks/gecko_sdk_suite/v1.0//protocol/bluetooth_2.3/lib/EFR32BG1B/GCC/bgapi.a(i2c.c.obj)
 .comment       0x0000000000000000       0x6f /Applications/Simplicity Studio.app/Contents/Eclipse/developer/sdks/gecko_sdk_suite/v1.0//protocol/bluetooth_2.3/lib/EFR32BG1B/GCC/bgapi.a(sleep_signal.c.obj)
 .comment       0x0000000000000000       0x6f /Applications/Simplicity Studio.app/Contents/Eclipse/developer/sdks/gecko_sdk_suite/v1.0//protocol/bluetooth_2.3/lib/EFR32BG1B/GCC/bgapi.a(uart.c.obj)

.debug_info     0x0000000000000000    0x1b34a
 .debug_info    0x0000000000000000      0x98e ./em_timer.o
 .debug_info    0x000000000000098e      0x65f ./gatt_db.o
 .debug_info    0x0000000000000fed     0x4f5c ./main.o
 .debug_info    0x0000000000005f49     0x5451 ./peripherals.o
 .debug_info    0x000000000000b39a     0x1851 ./bgapi/dmadrv.o
 .debug_info    0x000000000000cbeb     0x1c90 ./bgapi/em_adc.o
 .debug_info    0x000000000000e87b     0x1289 ./bgapi/em_ldma.o
 .debug_info    0x000000000000fb04      0xa62 ./bgapi/em_leuart.o
 .debug_info    0x0000000000010566      0x1c0 ./device/EFR32_B_1_1_B/gcc/startup_efr32bg1b.o
 .debug_info    0x0000000000010726     0x31e1 ./emlib/em_cmu.o
 .debug_info    0x0000000000013907     0x27a6 ./emlib/em_emu.o
 .debug_info    0x00000000000160ad      0xebd ./emlib/em_gpio.o
 .debug_info    0x0000000000016f6a      0xb27 ./emlib/em_i2c.o
 .debug_info    0x0000000000017a91      0x6ec ./emlib/em_rtcc.o
 .debug_info    0x000000000001817d      0x26d ./emlib/em_system.o
 .debug_info    0x00000000000183ea     0x11c8 ./emlib/em_usart.o
 .debug_info    0x00000000000195b2     0x1d98 ./src/InitDevice.o

.debug_abbrev   0x0000000000000000     0x319c
 .debug_abbrev  0x0000000000000000      0x1ca ./em_timer.o
 .debug_abbrev  0x00000000000001ca       0xce ./gatt_db.o
 .debug_abbrev  0x0000000000000298      0x326 ./main.o
 .debug_abbrev  0x00000000000005be      0x4ea ./peripherals.o
 .debug_abbrev  0x0000000000000aa8      0x38f ./bgapi/dmadrv.o
 .debug_abbrev  0x0000000000000e37      0x313 ./bgapi/em_adc.o
 .debug_abbrev  0x000000000000114a      0x392 ./bgapi/em_ldma.o
 .debug_abbrev  0x00000000000014dc      0x2e6 ./bgapi/em_leuart.o
 .debug_abbrev  0x00000000000017c2      0x104 ./device/EFR32_B_1_1_B/gcc/startup_efr32bg1b.o
 .debug_abbrev  0x00000000000018c6      0x478 ./emlib/em_cmu.o
 .debug_abbrev  0x0000000000001d3e      0x4a3 ./emlib/em_emu.o
 .debug_abbrev  0x00000000000021e1      0x2d4 ./emlib/em_gpio.o
 .debug_abbrev  0x00000000000024b5      0x395 ./emlib/em_i2c.o
 .debug_abbrev  0x000000000000284a      0x1e2 ./emlib/em_rtcc.o
 .debug_abbrev  0x0000000000002a2c      0x109 ./emlib/em_system.o
 .debug_abbrev  0x0000000000002b35      0x370 ./emlib/em_usart.o
 .debug_abbrev  0x0000000000002ea5      0x2f7 ./src/InitDevice.o

.debug_loc      0x0000000000000000     0x8c2b
 .debug_loc     0x0000000000000000      0x18c ./em_timer.o
 .debug_loc     0x000000000000018c      0x296 ./main.o
 .debug_loc     0x0000000000000422      0x5b1 ./peripherals.o
 .debug_loc     0x00000000000009d3     0x10da ./bgapi/dmadrv.o
 .debug_loc     0x0000000000001aad      0xd59 ./bgapi/em_adc.o
 .debug_loc     0x0000000000002806      0x46d ./bgapi/em_ldma.o
 .debug_loc     0x0000000000002c73      0x46f ./bgapi/em_leuart.o
 .debug_loc     0x00000000000030e2       0x4b ./device/EFR32_B_1_1_B/gcc/startup_efr32bg1b.o
 .debug_loc     0x000000000000312d     0x27cc ./emlib/em_cmu.o
 .debug_loc     0x00000000000058f9     0x185c ./emlib/em_emu.o
 .debug_loc     0x0000000000007155      0x798 ./emlib/em_gpio.o
 .debug_loc     0x00000000000078ed      0x859 ./emlib/em_i2c.o
 .debug_loc     0x0000000000008146       0xdc ./emlib/em_rtcc.o
 .debug_loc     0x0000000000008222       0x91 ./emlib/em_system.o
 .debug_loc     0x00000000000082b3      0x7b9 ./emlib/em_usart.o
 .debug_loc     0x0000000000008a6c      0x1bf ./src/InitDevice.o

.debug_aranges  0x0000000000000000      0x7c0
 .debug_aranges
                0x0000000000000000       0x38 ./em_timer.o
 .debug_aranges
                0x0000000000000038       0x18 ./gatt_db.o
 .debug_aranges
                0x0000000000000050       0x20 ./main.o
 .debug_aranges
                0x0000000000000070       0xb0 ./peripherals.o
 .debug_aranges
                0x0000000000000120       0xa0 ./bgapi/dmadrv.o
 .debug_aranges
                0x00000000000001c0       0x70 ./bgapi/em_adc.o
 .debug_aranges
                0x0000000000000230       0x50 ./bgapi/em_ldma.o
 .debug_aranges
                0x0000000000000280       0x80 ./bgapi/em_leuart.o
 .debug_aranges
                0x0000000000000300       0x28 ./device/EFR32_B_1_1_B/gcc/startup_efr32bg1b.o
 .debug_aranges
                0x0000000000000328      0x110 ./emlib/em_cmu.o
 .debug_aranges
                0x0000000000000438       0xf8 ./emlib/em_emu.o
 .debug_aranges
                0x0000000000000530       0x48 ./emlib/em_gpio.o
 .debug_aranges
                0x0000000000000578       0x58 ./emlib/em_i2c.o
 .debug_aranges
                0x00000000000005d0       0x40 ./emlib/em_rtcc.o
 .debug_aranges
                0x0000000000000610       0x28 ./emlib/em_system.o
 .debug_aranges
                0x0000000000000638       0xb8 ./emlib/em_usart.o
 .debug_aranges
                0x00000000000006f0       0xd0 ./src/InitDevice.o

.debug_ranges   0x0000000000000000     0x1868
 .debug_ranges  0x0000000000000000       0x60 ./em_timer.o
 .debug_ranges  0x0000000000000060       0xd0 ./main.o
 .debug_ranges  0x0000000000000130      0x178 ./peripherals.o
 .debug_ranges  0x00000000000002a8       0xa8 ./bgapi/dmadrv.o
 .debug_ranges  0x0000000000000350      0x128 ./bgapi/em_adc.o
 .debug_ranges  0x0000000000000478       0xf0 ./bgapi/em_ldma.o
 .debug_ranges  0x0000000000000568      0x120 ./bgapi/em_leuart.o
 .debug_ranges  0x0000000000000688       0x18 ./device/EFR32_B_1_1_B/gcc/startup_efr32bg1b.o
 .debug_ranges  0x00000000000006a0      0x8b8 ./emlib/em_cmu.o
 .debug_ranges  0x0000000000000f58      0x3c8 ./emlib/em_emu.o
 .debug_ranges  0x0000000000001320      0x180 ./emlib/em_gpio.o
 .debug_ranges  0x00000000000014a0      0x100 ./emlib/em_i2c.o
 .debug_ranges  0x00000000000015a0       0x70 ./emlib/em_rtcc.o
 .debug_ranges  0x0000000000001610       0x18 ./emlib/em_system.o
 .debug_ranges  0x0000000000001628      0x148 ./emlib/em_usart.o
 .debug_ranges  0x0000000000001770       0xf8 ./src/InitDevice.o

.debug_line     0x0000000000000000     0x6446
 .debug_line    0x0000000000000000      0x4ac ./em_timer.o
 .debug_line    0x00000000000004ac      0x1d9 ./gatt_db.o
 .debug_line    0x0000000000000685      0x610 ./main.o
 .debug_line    0x0000000000000c95      0x7ab ./peripherals.o
 .debug_line    0x0000000000001440      0x70f ./bgapi/dmadrv.o
 .debug_line    0x0000000000001b4f      0x5ed ./bgapi/em_adc.o
 .debug_line    0x000000000000213c      0x4f7 ./bgapi/em_ldma.o
 .debug_line    0x0000000000002633      0x532 ./bgapi/em_leuart.o
 .debug_line    0x0000000000002b65      0x1fe ./device/EFR32_B_1_1_B/gcc/startup_efr32bg1b.o
 .debug_line    0x0000000000002d63      0xd7e ./emlib/em_cmu.o
 .debug_line    0x0000000000003ae1      0xa59 ./emlib/em_emu.o
 .debug_line    0x000000000000453a      0x4e8 ./emlib/em_gpio.o
 .debug_line    0x0000000000004a22      0x5ae ./emlib/em_i2c.o
 .debug_line    0x0000000000004fd0      0x45e ./emlib/em_rtcc.o
 .debug_line    0x000000000000542e      0x37f ./emlib/em_system.o
 .debug_line    0x00000000000057ad      0x687 ./emlib/em_usart.o
 .debug_line    0x0000000000005e34      0x612 ./src/InitDevice.o

.debug_str      0x0000000000000000     0xea56
 .debug_str     0x0000000000000000      0x96b ./em_timer.o
                                        0x9e3 (size before relaxing)
 .debug_str     0x000000000000096b      0x76c ./gatt_db.o
                                        0x908 (size before relaxing)
 .debug_str     0x00000000000010d7     0x627c ./main.o
                                       0x68e4 (size before relaxing)
 .debug_str     0x0000000000007353      0x7e0 ./peripherals.o
                                       0x5923 (size before relaxing)
 .debug_str     0x0000000000007b33      0xf2f ./bgapi/dmadrv.o
                                       0x117c (size before relaxing)
 .debug_str     0x0000000000008a62     0x2625 ./bgapi/em_adc.o
                                       0x2a8c (size before relaxing)
 .debug_str     0x000000000000b087      0x313 ./bgapi/em_ldma.o
                                        0xad2 (size before relaxing)
 .debug_str     0x000000000000b39a      0x16e ./bgapi/em_leuart.o
                                        0x738 (size before relaxing)
 .debug_str     0x000000000000b508      0x105 ./device/EFR32_B_1_1_B/gcc/startup_efr32bg1b.o
                                        0x2ba (size before relaxing)
 .debug_str     0x000000000000b60d      0xccb ./emlib/em_cmu.o
                                       0x13e3 (size before relaxing)
 .debug_str     0x000000000000c2d8      0xe37 ./emlib/em_emu.o
                                       0x1859 (size before relaxing)
 .debug_str     0x000000000000d10f      0x1ea ./emlib/em_gpio.o
                                        0x840 (size before relaxing)
 .debug_str     0x000000000000d2f9      0x374 ./emlib/em_i2c.o
                                        0x808 (size before relaxing)