Archive member included because of file (symbol)

/Applications/Simplicity Studio.app/Contents/Eclipse/developer/toolchains/gnu_arm/4.9_2015q3/bin/../lib/gcc/arm-none-eabi/4.9.3/armv7e-m/softfp/libgcc.a(_aeabi_uldivmod.o)
                              ./emlib/em_usart.o (__aeabi_uldivmod)
/Applications/Simplicity Studio.app/Contents/Eclipse/developer/toolchains/gnu_arm/4.9_2015q3/bin/../lib/gcc/arm-none-eabi/4.9.3/armv7e-m/softfp/libgcc.a(bpabi.o)
                              /Applications/Simplicity Studio.app/Contents/Eclipse/developer/toolchains/gnu_arm/4.9_2015q3/bin/../lib/gcc/arm-none-eabi/4.9.3/armv7e-m/softfp/libgcc.a(_aeabi_uldivmod.o) (__gnu_uldivmod_helper)
/Applications/Simplicity Studio.app/Contents/Eclipse/developer/toolchains/gnu_arm/4.9_2015q3/bin/../lib/gcc/arm-none-eabi/4.9.3/armv7e-m/softfp/libgcc.a(_dvmd_tls.o)
                              /Applications/Simplicity Studio.app/Contents/Eclipse/developer/toolchains/gnu_arm/4.9_2015q3/bin/../lib/gcc/arm-none-eabi/4.9.3/armv7e-m/softfp/libgcc.a(_aeabi_uldivmod.o) (__aeabi_ldiv0)
/Applications/Simplicity Studio.app/Contents/Eclipse/developer/toolchains/gnu_arm/4.9_2015q3/bin/../lib/gcc/arm-none-eabi/4.9.3/armv7e-m/softfp/libgcc.a(_divdi3.o)
                              /Applications/Simplicity Studio.app/Contents/Eclipse/developer/toolchains/gnu_arm/4.9_2015q3/bin/../lib/gcc/arm-none-eabi/4.9.3/armv7e-m/softfp/libgcc.a(bpabi.o) (__divdi3)
/Applications/Simplicity Studio.app/Contents/Eclipse/developer/toolchains/gnu_arm/4.9_2015q3/bin/../lib/gcc/arm-none-eabi/4.9.3/armv7e-m/softfp/libgcc.a(_udivdi3.o)
                              /Applications/Simplicity Studio.app/Contents/Eclipse/developer/toolchains/gnu_arm/4.9_2015q3/bin/../lib/gcc/arm-none-eabi/4.9.3/armv7e-m/softfp/libgcc.a(bpabi.o) (__udivdi3)
/Applications/Simplicity Studio.app/Contents/Eclipse/developer/toolchains/gnu_arm/4.9_2015q3/bin/../lib/gcc/arm-none-eabi/4.9.3/../../../../arm-none-eabi/lib/armv7e-m/softfp/libc.a(lib_a-exit.o)
                              /Applications/Simplicity Studio.app/Contents/Eclipse/developer/toolchains/gnu_arm/4.9_2015q3/bin/../lib/gcc/arm-none-eabi/4.9.3/../../../../arm-none-eabi/lib/armv7e-m/softfp/crt0.o (exit)
/Applications/Simplicity Studio.app/Contents/Eclipse/developer/toolchains/gnu_arm/4.9_2015q3/bin/../lib/gcc/arm-none-eabi/4.9.3/../../../../arm-none-eabi/lib/armv7e-m/softfp/libc.a(lib_a-impure.o)
                              /Applications/Simplicity Studio.app/Contents/Eclipse/developer/toolchains/gnu_arm/4.9_2015q3/bin/../lib/gcc/arm-none-eabi/4.9.3/../../../../arm-none-eabi/lib/armv7e-m/softfp/libc.a(lib_a-exit.o) (_global_impure_ptr)
/Applications/Simplicity Studio.app/Contents/Eclipse/developer/toolchains/gnu_arm/4.9_2015q3/bin/../lib/gcc/arm-none-eabi/4.9.3/../../../../arm-none-eabi/lib/armv7e-m/softfp/libc.a(lib_a-init.o)
                              /Applications/Simplicity Studio.app/Contents/Eclipse/developer/toolchains/gnu_arm/4.9_2015q3/bin/../lib/gcc/arm-none-eabi/4.9.3/../../../../arm-none-eabi/lib/armv7e-m/softfp/crt0.o (__libc_init_array)
/Applications/Simplicity Studio.app/Contents/Eclipse/developer/toolchains/gnu_arm/4.9_2015q3/bin/../lib/gcc/arm-none-eabi/4.9.3/../../../../arm-none-eabi/lib/armv7e-m/softfp/libc.a(lib_a-memset.o)
                              /Applications/Simplicity Studio.app/Contents/Eclipse/developer/toolchains/gnu_arm/4.9_2015q3/bin/../lib/gcc/arm-none-eabi/4.9.3/../../../../arm-none-eabi/lib/armv7e-m/softfp/crt0.o (memset)
/Applications/Simplicity Studio.app/Contents/Eclipse/developer/toolchains/gnu_arm/4.9_2015q3/bin/../lib/gcc/arm-none-eabi/4.9.3/../../../../arm-none-eabi/lib/armv7e-m/softfp/libc.a(lib_a-sprintf.o)
                              ./main.o (sprintf)
/Applications/Simplicity Studio.app/Contents/Eclipse/developer/toolchains/gnu_arm/4.9_2015q3/bin/../lib/gcc/arm-none-eabi/4.9.3/../../../../arm-none-eabi/lib/armv7e-m/softfp/libc.a(lib_a-svfprintf.o)
                              /Applications/Simplicity Studio.app/Contents/Eclipse/developer/toolchains/gnu_arm/4.9_2015q3/bin/../lib/gcc/arm-none-eabi/4.9.3/../../../../arm-none-eabi/lib/armv7e-m/softfp/libc.a(lib_a-sprintf.o) (_svfprintf_r)
/Applications/Simplicity Studio.app/Contents/Eclipse/developer/toolchains/gnu_arm/4.9_2015q3/bin/../lib/gcc/arm-none-eabi/4.9.3/../../../../arm-none-eabi/lib/armv7e-m/softfp/libc.a(lib_a-__call_atexit.o)
                              /Applications/Simplicity Studio.app/Contents/Eclipse/developer/toolchains/gnu_arm/4.9_2015q3/bin/../lib/gcc/arm-none-eabi/4.9.3/../../../../arm-none-eabi/lib/armv7e-m/softfp/libc.a(lib_a-exit.o) (__call_exitprocs)
/Applications/Simplicity Studio.app/Contents/Eclipse/developer/toolchains/gnu_arm/4.9_2015q3/bin/../lib/gcc/arm-none-eabi/4.9.3/../../../../arm-none-eabi/lib/armv7e-m/softfp/libc.a(lib_a-atexit.o)
[...]
Memory Configuration

Name             Origin             Length             Attributes
FLASH            0x0000000000000000 0x000000000003f000 xr
RAM              0x0000000020003000 0x0000000000004bfc xrw
*default*        0x0000000000000000 0xffffffffffffffff

Linker script and memory map

LOAD /Applications/Simplicity Studio.app/Contents/Eclipse/developer/toolchains/gnu_arm/4.9_2015q3/bin/../lib/gcc/arm-none-eabi/4.9.3/armv7e-m/softfp/crti.o
LOAD /Applications/Simplicity Studio.app/Contents/Eclipse/developer/toolchains/gnu_arm/4.9_2015q3/bin/../lib/gcc/arm-none-eabi/4.9.3/armv7e-m/softfp/crtbegin.o
LOAD /Applications/Simplicity Studio.app/Contents/Eclipse/developer/toolchains/gnu_arm/4.9_2015q3/bin/../lib/gcc/arm-none-eabi/4.9.3/../../../../arm-none-eabi/lib/armv7e-m/softfp/crt0.o
LOAD ./application_properties.o
LOAD ./ble-callback-stubs.o
LOAD ./ble-callbacks.o
LOAD ./em_timer.o
LOAD ./gatt_db.o
LOAD ./main.o
LOAD ./peripherals.o
LOAD ./bgapi/dmadrv.o
LOAD ./bgapi/em_adc.o
LOAD ./bgapi/em_ldma.o
LOAD ./bgapi/em_leuart.o
LOAD ./device/EFR32_B_1_1_B/gcc/startup_efr32bg1b.o
LOAD ./emlib/em_cmu.o
LOAD ./emlib/em_cryotimer.o
LOAD ./emlib/em_emu.o
LOAD ./emlib/em_gpio.o
LOAD ./emlib/em_i2c.o
LOAD ./emlib/em_msc.o
LOAD ./emlib/em_rtcc.o
LOAD ./emlib/em_system.o
LOAD ./emlib/em_usart.o
LOAD ./kit_flashpwr/BRD4302A/mx25flash_spi.o
LOAD ./src/InitDevice.o
LOAD /Applications/Simplicity Studio.app/Contents/Eclipse/developer/sdks/gecko_sdk_suite/v1.0//protocol/bluetooth_2.3/lib/EFR32BG1B/EABI/binbootloader.o
LOAD /Applications/Simplicity Studio.app/Contents/Eclipse/developer/sdks/gecko_sdk_suite/v1.0//protocol/bluetooth_2.3/lib/EFR32BG1B/GCC/bgapi.a
LOAD /Applications/Simplicity Studio.app/Contents/Eclipse/developer/sdks/gecko_sdk_suite/v1.0//protocol/bluetooth_2.3/lib/EFR32BG1B/EABI/stack.a
LOAD /Applications/Simplicity Studio.app/Contents/Eclipse/developer/sdks/gecko_sdk_suite/v1.0//protocol/bluetooth_2.3/lib/EFR32BG1B/EABI/binstack.o
LOAD /Applications/Simplicity Studio.app/Contents/Eclipse/developer/toolchains/gnu_arm/4.9_2015q3/bin/../lib/gcc/arm-none-eabi/4.9.3/../../../../arm-none-eabi/lib/armv7e-m/softfp/libm.a
START GROUP
LOAD /Applications/Simplicity Studio.app/Contents/Eclipse/developer/toolchains/gnu_arm/4.9_2015q3/bin/../lib/gcc/arm-none-eabi/4.9.3/armv7e-m/softfp/libgcc.a
LOAD /Applications/Simplicity Studio.app/Contents/Eclipse/developer/toolchains/gnu_arm/4.9_2015q3/bin/../lib/gcc/arm-none-eabi/4.9.3/../../../../arm-none-eabi/lib/armv7e-m/softfp/libc.a
LOAD /Applications/Simplicity Studio.app/Contents/Eclipse/developer/toolchains/gnu_arm/4.9_2015q3/bin/../lib/gcc/arm-none-eabi/4.9.3/../../../../arm-none-eabi/lib/armv7e-m/softfp/libnosys.a
END GROUP
START GROUP
LOAD /Applications/Simplicity Studio.app/Contents/Eclipse/developer/toolchains/gnu_arm/4.9_2015q3/bin/../lib/gcc/arm-none-eabi/4.9.3/armv7e-m/softfp/libgcc.a
LOAD /Applications/Simplicity Studio.app/Contents/Eclipse/developer/toolchains/gnu_arm/4.9_2015q3/bin/../lib/gcc/arm-none-eabi/4.9.3/../../../../arm-none-eabi/lib/armv7e-m/softfp/libg.a
LOAD /Applications/Simplicity Studio.app/Contents/Eclipse/developer/toolchains/gnu_arm/4.9_2015q3/bin/../lib/gcc/arm-none-eabi/4.9.3/../../../../arm-none-eabi/lib/armv7e-m/softfp/libc.a
END GROUP
LOAD /Applications/Simplicity Studio.app/Contents/Eclipse/developer/toolchains/gnu_arm/4.9_2015q3/bin/../lib/gcc/arm-none-eabi/4.9.3/armv7e-m/softfp/crtend.o
LOAD /Applications/Simplicity Studio.app/Contents/Eclipse/developer/toolchains/gnu_arm/4.9_2015q3/bin/../lib/gcc/arm-none-eabi/4.9.3/armv7e-m/softfp/crtn.o

.text_bootloader
                0x0000000000000000     0x4000
 *(.binbootloader*)
 .binbootloader
                0x0000000000000000      0x31c /Applications/Simplicity Studio.app/Contents/Eclipse/developer/sdks/gecko_sdk_suite/v1.0//protocol/bluetooth_2.3/lib/EFR32BG1B/EABI/binbootloader.o
                0x0000000000004000                . = ALIGN (0x4000)
 *fill*         0x000000000000031c     0x3ce4 

.text_stack_bin
                0x0000000000004000    0x1d000
 *(.binstack*)
 .binstack      0x0000000000004000    0x1c9e4 /Applications/Simplicity Studio.app/Contents/Eclipse/developer/sdks/gecko_sdk_suite/v1.0//protocol/bluetooth_2.3/lib/EFR32BG1B/EABI/binstack.o
                0x0000000000021000                . = ALIGN (0x800)
 *fill*         0x00000000000209e4      0x61c 
                0x0000000000021000                __text_start__ = .

.text_app       0x0000000000021000     0x6a6c
 *(.AAT)
 .AAT           0x0000000000021000       0x80 ./main.o
                0x0000000000021000                AppAddressTable
 *(.vectors)
 .vectors       0x0000000000021080       0xc8 ./device/EFR32_B_1_1_B/gcc/startup_efr32bg1b.o
                0x0000000000021080                __Vectors
                0x0000000000021148                __Vectors_End = .
                0x00000000000000c8                __Vectors_Size = (__Vectors_End - __Vectors)
                0x0000000000021148                __end__ = .
 *(.gecko_configuration)
 *(.xo_configuration)
 *(.gatt_header)
 .gatt_header   0x0000000000021148       0x30 ./gatt_db.o
                0x0000000000021148                bg_gattdb_data
 *(.gatt_data)
 .gatt_data     0x0000000000021178      0x38a ./gatt_db.o
                0x0000000000021178                bg_gattdb_data_adv_uuid128_map
                0x0000000000021188                bg_gattdb_data_adv_uuid16_map
                0x000000000002118c                bg_gattdb_data_attributes_dynamic_mapping_map
                0x000000000002119c                bg_gattdb_data_attributes_map
                0x000000000002131c                bg_gattdb_data_attribute_field_0
                0x0000000000021320                bg_gattdb_data_attribute_field_1
                0x0000000000021328                bg_gattdb_data_attribute_field_2
                0x0000000000021330                bg_gattdb_data_attribute_field_4
                0x0000000000021334                bg_gattdb_data_attribute_field_5
                0x000000000002133c                bg_gattdb_data_attribute_field_6
                0x0000000000021344                bg_gattdb_data_attribute_field_7
                0x000000000002134c                bg_gattdb_data_attribute_field_8
                0x0000000000021350                bg_gattdb_data_attribute_field_9
                0x0000000000021354                bg_gattdb_data_attribute_field_10
                0x000000000002135c                bg_gattdb_data_attribute_field_11
                0x000000000002136c                bg_gattdb_data_attribute_field_12
                0x0000000000021374                bg_gattdb_data_attribute_field_13
                0x0000000000021380                bg_gattdb_data_attribute_field_14
                0x0000000000021388                bg_gattdb_data_attribute_field_15
                0x0000000000021390                bg_gattdb_data_attribute_field_16
                0x00000000000213a4                bg_gattdb_data_attribute_field_17
                0x00000000000213bc                bg_gattdb_data_attribute_field_18
                0x00000000000213c4                bg_gattdb_data_attribute_field_20
                0x00000000000213dc                bg_gattdb_data_attribute_field_21
                0x00000000000213e4                bg_gattdb_data_attribute_field_23
                0x00000000000213fc                bg_gattdb_data_attribute_field_24
                0x0000000000021404                bg_gattdb_data_attribute_field_25
                0x000000000002141c                bg_gattdb_data_attribute_field_26
                0x0000000000021424                bg_gattdb_data_attribute_field_27
                0x000000000002143c                bg_gattdb_data_attribute_field_28
                0x0000000000021444                bg_gattdb_data_attribute_field_29
                0x0000000000021458                bg_gattdb_data_attribute_field_30
                0x0000000000021470                bg_gattdb_data_attribute_field_31
                0x0000000000021478                bg_gattdb_data_uuidtable_128_map
                0x00000000000214e8                bg_gattdb_data_uuidtable_16_map
 *(.text*)
 *fill*         0x0000000000021502        0x2 
 .text          0x0000000000021504       0x5c /Applications/Simplicity Studio.app/Contents/Eclipse/developer/toolchains/gnu_arm/4.9_2015q3/bin/../lib/gcc/arm-none-eabi/4.9.3/armv7e-m/softfp/crtbegin.o
 .text          0x0000000000021560       0x74 /Applications/Simplicity Studio.app/Contents/Eclipse/developer/toolchains/gnu_arm/4.9_2015q3/bin/../lib/gcc/arm-none-eabi/4.9.3/../../../../arm-none-eabi/lib/armv7e-m/softfp/crt0.o
                0x0000000000021560                _mainCRTStartup
                0x0000000000021560                _start
 .text.TIMER_Init
                0x00000000000215d4       0xb0 ./em_timer.o
                0x00000000000215d4                TIMER_Init
 .text.TIMER_InitCC
                0x0000000000021684       0x84 ./em_timer.o
                0x0000000000021684                TIMER_InitCC
 .text.startup.main
                0x0000000000021708       0x44 ./main.o
                0x0000000000021708                main
 .text.InitPWM1
                0x000000000002174c       0xa0 ./peripherals.o
                0x000000000002174c                InitPWM1
 .text.UpdatePWM1
                0x00000000000217ec       0x18 ./peripherals.o
                0x00000000000217ec                UpdatePWM1
 .text.ChangePWMoutput
                0x0000000000021804       0x48 ./peripherals.o
                0x0000000000021804                ChangePWMoutput
 .text.PWMHandler
                0x000000000002184c       0x24 ./peripherals.o
                0x000000000002184c                PWMHandler
 .text.InitLEUART0
                0x0000000000021870       0xa0 ./peripherals.o
                0x0000000000021870                InitLEUART0
 .text.UART_Tx  0x0000000000021910       0x2c ./peripherals.o
                0x0000000000021910                UART_Tx
 .text.LEUART0_IRQHandler
                0x000000000002193c       0x18 ./peripherals.o
                0x000000000002193c                LEUART0_IRQHandler
 .text.UART_TXHandler
                0x0000000000021954       0x38 ./peripherals.o
                0x0000000000021954                UART_TXHandler
 .text.UART_RXHandler
                0x000000000002198c       0x80 ./peripherals.o
                0x000000000002198c                UART_RXHandler
 .text.LDMA_IRQHandler
                0x0000000000021a0c       0x7c ./bgapi/dmadrv.o
                0x0000000000021a0c                LDMA_IRQHandler
 .text.LEUART_BaudrateSet
                0x0000000000021a88       0x54 ./bgapi/em_leuart.o
                0x0000000000021a88                LEUART_BaudrateSet
 .text.LEUART_Init
                0x0000000000021adc       0x4c ./bgapi/em_leuart.o
                0x0000000000021adc                LEUART_Init
 .text.LEUART_Tx
                0x0000000000021b28       0x18 ./bgapi/em_leuart.o
                0x0000000000021b28                LEUART_Tx
 .text.Default_Handler
                0x0000000000021b40        0x4 ./device/EFR32_B_1_1_B/gcc/startup_efr32bg1b.o
                0x0000000000021b40                IDAC0_IRQHandler
                0x0000000000021b40                USART0_TX_IRQHandler
                0x0000000000021b40                I2C0_IRQHandler
                0x0000000000021b40                HardFault_Handler
                0x0000000000021b40                SysTick_Handler
                0x0000000000021b40                USART1_RX_IRQHandler
                0x0000000000021b40                PendSV_Handler
                0x0000000000021b40                NMI_Handler
                0x0000000000021b40                SYNTH_IRQHandler
                0x0000000000021b40                WDOG0_IRQHandler
                0x0000000000021b40                USART1_TX_IRQHandler
                0x0000000000021b40                MSC_IRQHandler
                0x0000000000021b40                ADC0_IRQHandler
                0x0000000000021b40                UsageFault_Handler
                0x0000000000021b40                FPUEH_IRQHandler
                0x0000000000021b40                GPIO_EVEN_IRQHandler
                0x0000000000021b40                TIMER0_IRQHandler
                0x0000000000021b40                LETIMER0_IRQHandler
                0x0000000000021b40                TIMER1_IRQHandler
                0x0000000000021b40                RFSENSE_IRQHandler
                0x0000000000021b40                BUFC_IRQHandler
                0x0000000000021b40                MODEM_IRQHandler
                0x0000000000021b40                Default_Handler
                0x0000000000021b40                RAC_SEQ_IRQHandler
                0x0000000000021b40                FRC_PRI_IRQHandler
                0x0000000000021b40                EMU_IRQHandler
                0x0000000000021b40                FRC_IRQHandler
                0x0000000000021b40                CRYOTIMER_IRQHandler
                0x0000000000021b40                PCNT0_IRQHandler
                0x0000000000021b40                AGC_IRQHandler
                0x0000000000021b40                ACMP0_IRQHandler
                0x0000000000021b40                USART0_RX_IRQHandler
                0x0000000000021b40                MemManage_Handler
                0x0000000000021b40                SVC_Handler
                0x0000000000021b40                RTCC_IRQHandler
                0x0000000000021b40                CRYPTO_IRQHandler
                0x0000000000021b40                CMU_IRQHandler
                0x0000000000021b40                RAC_RSM_IRQHandler
                0x0000000000021b40                GPIO_ODD_IRQHandler
                0x0000000000021b40                PROTIMER_IRQHandler
                0x0000000000021b40                BusFault_Handler
                0x0000000000021b40                DebugMon_Handler
 .text.Reset_Handler
                0x0000000000021b44       0x34 ./device/EFR32_B_1_1_B/gcc/startup_efr32bg1b.o
                0x0000000000021b44                Reset_Handler
 .text.flashWaitStateMax
                0x0000000000021b78       0x40 ./emlib/em_cmu.o
 .text.CMU_OscillatorTuningSet.part.2
                0x0000000000021bb8       0x44 ./emlib/em_cmu.o
 .text.CMU_ClockEnable
                0x0000000000021bfc       0x8c ./emlib/em_cmu.o
                0x0000000000021bfc                CMU_ClockEnable
 .text.CMU_ClockSelectGet
                0x0000000000021c88       0xa4 ./emlib/em_cmu.o
                0x0000000000021c88                CMU_ClockSelectGet
 .text.lfClkGet
                0x0000000000021d2c       0x94 ./emlib/em_cmu.o
 .text.CMU_ClockFreqGet
                0x0000000000021dc0      0x128 ./emlib/em_cmu.o
                0x0000000000021dc0                CMU_ClockFreqGet
 .text.CMU_OscillatorTuningWait
                0x0000000000021ee8       0x60 ./emlib/em_cmu.o
                0x0000000000021ee8                CMU_OscillatorTuningWait
 .text.CMU_OscillatorEnable
                0x0000000000021f48      0x110 ./emlib/em_cmu.o
                0x0000000000021f48                CMU_OscillatorEnable
 .text.CMU_ClockSelectSet
                0x0000000000022058      0x158 ./emlib/em_cmu.o
                0x0000000000022058                CMU_ClockSelectSet
 .text.CMU_HFXOInit
                0x00000000000221b0       0xec ./emlib/em_cmu.o
                0x00000000000221b0                CMU_HFXOInit
 .text.CMU_LFXOInit
                0x000000000002229c       0x40 ./emlib/em_cmu.o
                0x000000000002229c                CMU_LFXOInit
 .text.currentLimitersUpdate
                0x00000000000222dc       0x74 ./emlib/em_emu.o
 .text.EMU_DCDCModeSet
                0x0000000000022350       0x4c ./emlib/em_emu.o
                0x0000000000022350                EMU_DCDCModeSet
 .text.EMU_DCDCOutputVoltageSet
                0x000000000002239c      0x1cc ./emlib/em_emu.o
                0x000000000002239c                EMU_DCDCOutputVoltageSet
 .text.EMU_DCDCOptimizeSlice
                0x0000000000022568       0x94 ./emlib/em_emu.o
                0x0000000000022568                EMU_DCDCOptimizeSlice
 .text.EMU_DCDCLnRcoBandSet
                0x00000000000225fc       0x24 ./emlib/em_emu.o
                0x00000000000225fc                EMU_DCDCLnRcoBandSet
 .text.EMU_DCDCInit
                0x0000000000022620      0x18c ./emlib/em_emu.o
                0x0000000000022620                EMU_DCDCInit
 .text.GPIO_PinModeSet
                0x00000000000227ac       0x8c ./emlib/em_gpio.o
                0x00000000000227ac                GPIO_PinModeSet
 .text.RTCC_Init
                0x0000000000022838       0x48 ./emlib/em_rtcc.o
                0x0000000000022838                RTCC_Init
 .text.SYSTEM_ChipRevisionGet
                0x0000000000022880       0x34 ./emlib/em_system.o
                0x0000000000022880                SYSTEM_ChipRevisionGet
 .text.EMU_enter_DefaultMode_from_RESET
                0x00000000000228b4       0x54 ./src/InitDevice.o
                0x00000000000228b4                EMU_enter_DefaultMode_from_RESET
 .text.CMU_enter_DefaultMode_from_RESET
                0x0000000000022908      0x114 ./src/InitDevice.o
                0x0000000000022908                CMU_enter_DefaultMode_from_RESET
 .text.RTCC_enter_DefaultMode_from_RESET
                0x0000000000022a1c       0x44 ./src/InitDevice.o
                0x0000000000022a1c                RTCC_enter_DefaultMode_from_RESET
 .text.PORTIO_enter_DefaultMode_from_RESET
                0x0000000000022a60       0x80 ./src/InitDevice.o
                0x0000000000022a60                PORTIO_enter_DefaultMode_from_RESET
 .text.enter_DefaultMode_from_RESET
                0x0000000000022ae0       0x9c ./src/InitDevice.o
                0x0000000000022ae0                enter_DefaultMode_from_RESET
 .text          0x0000000000022b7c       0x30 /Applications/Simplicity Studio.app/Contents/Eclipse/developer/toolchains/gnu_arm/4.9_2015q3/bin/../lib/gcc/arm-none-eabi/4.9.3/armv7e-m/softfp/libgcc.a(_aeabi_uldivmod.o)
                0x0000000000022b7c                __aeabi_uldivmod
 .text          0x0000000000022bac       0x60 /Applications/Simplicity Studio.app/Contents/Eclipse/developer/toolchains/gnu_arm/4.9_2015q3/bin/../lib/gcc/arm-none-eabi/4.9.3/armv7e-m/softfp/libgcc.a(bpabi.o)
                0x0000000000022bac                __gnu_ldivmod_helper
                0x0000000000022bdc                __gnu_uldivmod_helper
 .text          0x0000000000022c0c        0x4 /Applications/Simplicity Studio.app/Contents/Eclipse/developer/toolchains/gnu_arm/4.9_2015q3/bin/../lib/gcc/arm-none-eabi/4.9.3/armv7e-m/softfp/libgcc.a(_dvmd_tls.o)
                0x0000000000022c0c                __aeabi_ldiv0
                0x0000000000022c0c                __aeabi_idiv0
 .text          0x0000000000022c10      0x29c /Applications/Simplicity Studio.app/Contents/Eclipse/developer/toolchains/gnu_arm/4.9_2015q3/bin/../lib/gcc/arm-none-eabi/4.9.3/armv7e-m/softfp/libgcc.a(_divdi3.o)
                0x0000000000022c10                __divdi3
 .text          0x0000000000022eac      0x26c /Applications/Simplicity Studio.app/Contents/Eclipse/developer/toolchains/gnu_arm/4.9_2015q3/bin/../lib/gcc/arm-none-eabi/4.9.3/armv7e-m/softfp/libgcc.a(_udivdi3.o)
                0x0000000000022eac                __udivdi3
 .text.exit     0x0000000000023118       0x20 /Applications/Simplicity Studio.app/Contents/Eclipse/developer/toolchains/gnu_arm/4.9_2015q3/bin/../lib/gcc/arm-none-eabi/4.9.3/../../../../arm-none-eabi/lib/armv7e-m/softfp/libc.a(lib_a-exit.o)
                0x0000000000023118                exit
 .text.__libc_init_array
                0x0000000000023138       0x50 /Applications/Simplicity Studio.app/Contents/Eclipse/developer/toolchains/gnu_arm/4.9_2015q3/bin/../lib/gcc/arm-none-eabi/4.9.3/../../../../arm-none-eabi/lib/armv7e-m/softfp/libc.a(lib_a-init.o)
                0x0000000000023138                __libc_init_array
 .text.memset   0x0000000000023188       0x9c /Applications/Simplicity Studio.app/Contents/Eclipse/developer/toolchains/gnu_arm/4.9_2015q3/bin/../lib/gcc/arm-none-eabi/4.9.3/../../../../arm-none-eabi/lib/armv7e-m/softfp/libc.a(lib_a-memset.o)
                0x0000000000023188                memset
 .text.sprintf  0x0000000000023224       0x4c /Applications/Simplicity Studio.app/Contents/Eclipse/developer/toolchains/gnu_arm/4.9_2015q3/bin/../lib/gcc/arm-none-eabi/4.9.3/../../../../arm-none-eabi/lib/armv7e-m/softfp/libc.a(lib_a-sprintf.o)
                0x0000000000023224                sprintf
 .text._svfprintf_r
                0x0000000000023270     0x14d0 /Applications/Simplicity Studio.app/Contents/Eclipse/developer/toolchains/gnu_arm/4.9_2015q3/bin/../lib/gcc/arm-none-eabi/4.9.3/../../../../arm-none-eabi/lib/armv7e-m/softfp/libc.a(lib_a-svfprintf.o)
                0x0000000000023270                _svfprintf_r
 .text.startup.register_fini
                0x0000000000024740       0x14 /Applications/Simplicity Studio.app/Contents/Eclipse/developer/toolchains/gnu_arm/4.9_2015q3/bin/../lib/gcc/arm-none-eabi/4.9.3/../../../../arm-none-eabi/lib/armv7e-m/softfp/libc.a(lib_a-__call_atexit.o)
 .text.__call_exitprocs
                0x0000000000024754       0xd4 /Applications/Simplicity Studio.app/Contents/Eclipse/developer/toolchains/gnu_arm/4.9_2015q3/bin/../lib/gcc/arm-none-eabi/4.9.3/../../../../arm-none-eabi/lib/armv7e-m/softfp/libc.a(lib_a-__call_atexit.o)
                0x0000000000024754                __call_exitprocs
 .text.atexit   0x0000000000024828        0xc /Applications/Simplicity Studio.app/Contents/Eclipse/developer/toolchains/gnu_arm/4.9_2015q3/bin/../lib/gcc/arm-none-eabi/4.9.3/../../../../arm-none-eabi/lib/armv7e-m/softfp/libc.a(lib_a-atexit.o)
                0x0000000000024828                atexit
 .text.quorem   0x0000000000024834      0x12c /Applications/Simplicity Studio.app/Contents/Eclipse/developer/toolchains/gnu_arm/4.9_2015q3/bin/../lib/gcc/arm-none-eabi/4.9.3/../../../../arm-none-eabi/lib/armv7e-m/softfp/libc.a(lib_a-dtoa.o)
 .text._dtoa_r  0x0000000000024960      0xe90 /Applications/Simplicity Studio.app/Contents/Eclipse/developer/toolchains/gnu_arm/4.9_2015q3/bin/../lib/gcc/arm-none-eabi/4.9.3/../../../../arm-none-eabi/lib/armv7e-m/softfp/libc.a(lib_a-dtoa.o)
                0x0000000000024960                _dtoa_r
 .text.__libc_fini_array
                0x00000000000257f0       0x2c /Applications/Simplicity Studio.app/Contents/Eclipse/developer/toolchains/gnu_arm/4.9_2015q3/bin/../lib/gcc/arm-none-eabi/4.9.3/../../../../arm-none-eabi/lib/armv7e-m/softfp/libc.a(lib_a-fini.o)
                0x00000000000257f0                __libc_fini_array
 .text._localeconv_r
                0x000000000002581c        0x8 /Applications/Simplicity Studio.app/Contents/Eclipse/developer/toolchains/gnu_arm/4.9_2015q3/bin/../lib/gcc/arm-none-eabi/4.9.3/../../../../arm-none-eabi/lib/armv7e-m/softfp/libc.a(lib_a-locale.o)
                0x000000000002581c                _localeconv_r
 .text._malloc_r
                0x0000000000025824      0x524 /Applications/Simplicity Studio.app/Contents/Eclipse/developer/toolchains/gnu_arm/4.9_2015q3/bin/../lib/gcc/arm-none-eabi/4.9.3/../../../../arm-none-eabi/lib/armv7e-m/softfp/libc.a(lib_a-mallocr.o)
                0x0000000000025824                _malloc_r
 .text.memchr   0x0000000000025d48       0x94 /Applications/Simplicity Studio.app/Contents/Eclipse/developer/toolchains/gnu_arm/4.9_2015q3/bin/../lib/gcc/arm-none-eabi/4.9.3/../../../../arm-none-eabi/lib/armv7e-m/softfp/libc.a(lib_a-memchr.o)
                0x0000000000025d48                memchr
 .text          0x0000000000025ddc      0x134 /Applications/Simplicity Studio.app/Contents/Eclipse/developer/toolchains/gnu_arm/4.9_2015q3/bin/../lib/gcc/arm-none-eabi/4.9.3/../../../../arm-none-eabi/lib/armv7e-m/softfp/libc.a(lib_a-memcpy.o)
                0x0000000000025ddc                memcpy
 .text.__malloc_lock
                0x0000000000025f10        0x4 /Applications/Simplicity Studio.app/Contents/Eclipse/developer/toolchains/gnu_arm/4.9_2015q3/bin/../lib/gcc/arm-none-eabi/4.9.3/../../../../arm-none-eabi/lib/armv7e-m/softfp/libc.a(lib_a-mlock.o)
                0x0000000000025f10                __malloc_lock
 .text.__malloc_unlock
                0x0000000000025f14        0x4 /Applications/Simplicity Studio.app/Contents/Eclipse/developer/toolchains/gnu_arm/4.9_2015q3/bin/../lib/gcc/arm-none-eabi/4.9.3/../../../../arm-none-eabi/lib/armv7e-m/softfp/libc.a(lib_a-mlock.o)
                0x0000000000025f14                __malloc_unlock
 .text._Balloc  0x0000000000025f18       0x4c /Applications/Simplicity Studio.app/Contents/Eclipse/developer/toolchains/gnu_arm/4.9_2015q3/bin/../lib/gcc/arm-none-eabi/4.9.3/../../../../arm-none-eabi/lib/armv7e-m/softfp/libc.a(lib_a-mprec.o)
                0x0000000000025f18                _Balloc
 .text._Bfree   0x0000000000025f64       0x14 /Applications/Simplicity Studio.app/Contents/Eclipse/developer/toolchains/gnu_arm/4.9_2015q3/bin/../lib/gcc/arm-none-eabi/4.9.3/../../../../arm-none-eabi/lib/armv7e-m/softfp/libc.a(lib_a-mprec.o)
                0x0000000000025f64                _Bfree
 .text.__multadd
                0x0000000000025f78       0x84 /Applications/Simplicity Studio.app/Contents/Eclipse/developer/toolchains/gnu_arm/4.9_2015q3/bin/../lib/gcc/arm-none-eabi/4.9.3/../../../../arm-none-eabi/lib/armv7e-m/softfp/libc.a(lib_a-mprec.o)
                0x0000000000025f78                __multadd
 .text.__hi0bits
                0x0000000000025ffc       0x40 /Applications/Simplicity Studio.app/Contents/Eclipse/developer/toolchains/gnu_arm/4.9_2015q3/bin/../lib/gcc/arm-none-eabi/4.9.3/../../../../arm-none-eabi/lib/armv7e-m/softfp/libc.a(lib_a-mprec.o)
                0x0000000000025ffc                __hi0bits
 .text.__lo0bits
                0x000000000002603c       0x5c /Applications/Simplicity Studio.app/Contents/Eclipse/developer/toolchains/gnu_arm/4.9_2015q3/bin/../lib/gcc/arm-none-eabi/4.9.3/../../../../arm-none-eabi/lib/armv7e-m/softfp/libc.a(lib_a-mprec.o)
                0x000000000002603c                __lo0bits
 .text.__i2b    0x0000000000026098       0x14 /Applications/Simplicity Studio.app/Contents/Eclipse/developer/toolchains/gnu_arm/4.9_2015q3/bin/../lib/gcc/arm-none-eabi/4.9.3/../../../../arm-none-eabi/lib/armv7e-m/softfp/libc.a(lib_a-mprec.o)
                0x0000000000026098                __i2b
 .text.__multiply
                0x00000000000260ac      0x134 /Applications/Simplicity Studio.app/Contents/Eclipse/developer/toolchains/gnu_arm/4.9_2015q3/bin/../lib/gcc/arm-none-eabi/4.9.3/../../../../arm-none-eabi/lib/armv7e-m/softfp/libc.a(lib_a-mprec.o)
                0x00000000000260ac                __multiply
 .text.__pow5mult
                0x00000000000261e0       0xa0 /Applications/Simplicity Studio.app/Contents/Eclipse/developer/toolchains/gnu_arm/4.9_2015q3/bin/../lib/gcc/arm-none-eabi/4.9.3/../../../../arm-none-eabi/lib/armv7e-m/softfp/libc.a(lib_a-mprec.o)
                0x00000000000261e0                __pow5mult
 .text.__lshift
                0x0000000000026280       0xac /Applications/Simplicity Studio.app/Contents/Eclipse/developer/toolchains/gnu_arm/4.9_2015q3/bin/../lib/gcc/arm-none-eabi/4.9.3/../../../../arm-none-eabi/lib/armv7e-m/softfp/libc.a(lib_a-mprec.o)
                0x0000000000026280                __lshift
 .text.__mcmp   0x000000000002632c       0x48 /Applications/Simplicity Studio.app/Contents/Eclipse/developer/toolchains/gnu_arm/4.9_2015q3/bin/../lib/gcc/arm-none-eabi/4.9.3/../../../../arm-none-eabi/lib/armv7e-m/softfp/libc.a(lib_a-mprec.o)
                0x000000000002632c                __mcmp
 .text.__mdiff  0x0000000000026374       0xd4 /Applications/Simplicity Studio.app/Contents/Eclipse/developer/toolchains/gnu_arm/4.9_2015q3/bin/../lib/gcc/arm-none-eabi/4.9.3/../../../../arm-none-eabi/lib/armv7e-m/softfp/libc.a(lib_a-mprec.o)
                0x0000000000026374                __mdiff
 .text.__d2b    0x0000000000026448       0xb8 /Applications/Simplicity Studio.app/Contents/Eclipse/developer/toolchains/gnu_arm/4.9_2015q3/bin/../lib/gcc/arm-none-eabi/4.9.3/../../../../arm-none-eabi/lib/armv7e-m/softfp/libc.a(lib_a-mprec.o)
                0x0000000000026448                __d2b
 .text.__fpclassifyd
                0x0000000000026500       0x58 /Applications/Simplicity Studio.app/Contents/Eclipse/developer/toolchains/gnu_arm/4.9_2015q3/bin/../lib/gcc/arm-none-eabi/4.9.3/../../../../arm-none-eabi/lib/armv7e-m/softfp/libc.a(lib_a-s_fpclassify.o)
                0x0000000000026500                __fpclassifyd
 .text._sbrk_r  0x0000000000026558       0x24 /Applications/Simplicity Studio.app/Contents/Eclipse/developer/toolchains/gnu_arm/4.9_2015q3/bin/../lib/gcc/arm-none-eabi/4.9.3/../../../../arm-none-eabi/lib/armv7e-m/softfp/libc.a(lib_a-sbrkr.o)
                0x0000000000026558                _sbrk_r
 .text.strlen   0x000000000002657c       0x5c /Applications/Simplicity Studio.app/Contents/Eclipse/developer/toolchains/gnu_arm/4.9_2015q3/bin/../lib/gcc/arm-none-eabi/4.9.3/../../../../arm-none-eabi/lib/armv7e-m/softfp/libc.a(lib_a-strlen.o)
                0x000000000002657c                strlen
 .text.__ssprint_r
                0x00000000000265d8      0x104 /Applications/Simplicity Studio.app/Contents/Eclipse/developer/toolchains/gnu_arm/4.9_2015q3/bin/../lib/gcc/arm-none-eabi/4.9.3/../../../../arm-none-eabi/lib/armv7e-m/softfp/libc.a(lib_a-svfiprintf.o)
                0x00000000000265d8                __ssprint_r
 .text.__register_exitproc
                0x00000000000266dc       0xa4 /Applications/Simplicity Studio.app/Contents/Eclipse/developer/toolchains/gnu_arm/4.9_2015q3/bin/../lib/gcc/arm-none-eabi/4.9.3/../../../../arm-none-eabi/lib/armv7e-m/softfp/libc.a(lib_a-__atexit.o)
                0x00000000000266dc                __register_exitproc
 .text._calloc_r
                0x0000000000026780       0x60 /Applications/Simplicity Studio.app/Contents/Eclipse/developer/toolchains/gnu_arm/4.9_2015q3/bin/../lib/gcc/arm-none-eabi/4.9.3/../../../../arm-none-eabi/lib/armv7e-m/softfp/libc.a(lib_a-callocr.o)
                0x0000000000026780                _calloc_r
 .text._malloc_trim_r
                0x00000000000267e0       0x9c /Applications/Simplicity Studio.app/Contents/Eclipse/developer/toolchains/gnu_arm/4.9_2015q3/bin/../lib/gcc/arm-none-eabi/4.9.3/../../../../arm-none-eabi/lib/armv7e-m/softfp/libc.a(lib_a-freer.o)
                0x00000000000267e0                _malloc_trim_r
 .text._free_r  0x000000000002687c      0x1b0 /Applications/Simplicity Studio.app/Contents/Eclipse/developer/toolchains/gnu_arm/4.9_2015q3/bin/../lib/gcc/arm-none-eabi/4.9.3/../../../../arm-none-eabi/lib/armv7e-m/softfp/libc.a(lib_a-freer.o)
                0x000000000002687c                _free_r
 .text.memmove  0x0000000000026a2c       0xc8 /Applications/Simplicity Studio.app/Contents/Eclipse/developer/toolchains/gnu_arm/4.9_2015q3/bin/../lib/gcc/arm-none-eabi/4.9.3/../../../../arm-none-eabi/lib/armv7e-m/softfp/libc.a(lib_a-memmove.o)
                0x0000000000026a2c                memmove
 .text._realloc_r
                0x0000000000026af4      0x3ec /Applications/Simplicity Studio.app/Contents/Eclipse/developer/toolchains/gnu_arm/4.9_2015q3/bin/../lib/gcc/arm-none-eabi/4.9.3/../../../../arm-none-eabi/lib/armv7e-m/softfp/libc.a(lib_a-reallocr.o)
                0x0000000000026af4                _realloc_r
 .text._sbrk    0x0000000000026ee0       0x1c /Applications/Simplicity Studio.app/Contents/Eclipse/developer/toolchains/gnu_arm/4.9_2015q3/bin/../lib/gcc/arm-none-eabi/4.9.3/../../../../arm-none-eabi/lib/armv7e-m/softfp/libnosys.a(sbrk.o)
                0x0000000000026ee0                _sbrk
 .text._exit    0x0000000000026efc        0x4 /Applications/Simplicity Studio.app/Contents/Eclipse/developer/toolchains/gnu_arm/4.9_2015q3/bin/../lib/gcc/arm-none-eabi/4.9.3/../../../../arm-none-eabi/lib/armv7e-m/softfp/libnosys.a(_exit.o)
                0x0000000000026efc                _exit
 .text          0x0000000000026f00      0x370 /Applications/Simplicity Studio.app/Contents/Eclipse/developer/toolchains/gnu_arm/4.9_2015q3/bin/../lib/gcc/arm-none-eabi/4.9.3/armv7e-m/softfp/libgcc.a(_arm_addsubdf3.o)
                0x0000000000026f00                __aeabi_drsub
                0x0000000000026f08                __subdf3
                0x0000000000026f08                __aeabi_dsub
                0x0000000000026f0c                __aeabi_dadd
                0x0000000000026f0c                __adddf3
                0x0000000000027184                __aeabi_ui2d
                0x0000000000027184                __floatunsidf
                0x00000000000271a4                __floatsidf
                0x00000000000271a4                __aeabi_i2d
                0x00000000000271c8                __extendsfdf2
                0x00000000000271c8                __aeabi_f2d
                0x0000000000027204                __aeabi_ul2d
                0x0000000000027204                __floatundidf
                0x0000000000027214                __aeabi_l2d
                0x0000000000027214                __floatdidf
 .text          0x0000000000027270      0x424 /Applications/Simplicity Studio.app/Contents/Eclipse/developer/toolchains/gnu_arm/4.9_2015q3/bin/../lib/gcc/arm-none-eabi/4.9.3/armv7e-m/softfp/libgcc.a(_arm_muldivdf3.o)
                0x0000000000027270                __aeabi_dmul
                0x0000000000027270                __muldf3
                0x00000000000274c4                __aeabi_ddiv
                0x00000000000274c4                __divdf3
 .text          0x0000000000027694      0x110 /Applications/Simplicity Studio.app/Contents/Eclipse/developer/toolchains/gnu_arm/4.9_2015q3/bin/../lib/gcc/arm-none-eabi/4.9.3/armv7e-m/softfp/libgcc.a(_arm_cmpdf2.o)
                0x0000000000027694                __gtdf2
                0x0000000000027694                __gedf2
                0x000000000002769c                __ltdf2
                0x000000000002769c                __ledf2
                0x00000000000276a4                __eqdf2
                0x00000000000276a4                __nedf2
                0x00000000000276a4                __cmpdf2
                0x0000000000027720                __aeabi_cdrcmple
                0x0000000000027730                __aeabi_cdcmple
                0x0000000000027730                __aeabi_cdcmpeq
                0x0000000000027740                __aeabi_dcmpeq
                0x0000000000027754                __aeabi_dcmplt
                0x0000000000027768                __aeabi_dcmple
                0x000000000002777c                __aeabi_dcmpge
                0x0000000000027790                __aeabi_dcmpgt
 .text          0x00000000000277a4       0x50 /Applications/Simplicity Studio.app/Contents/Eclipse/developer/toolchains/gnu_arm/4.9_2015q3/bin/../lib/gcc/arm-none-eabi/4.9.3/armv7e-m/softfp/libgcc.a(_arm_fixdfsi.o)
                0x00000000000277a4                __fixdfsi
                0x00000000000277a4                __aeabi_d2iz
 *(.init)
 .init          0x00000000000277f4        0x4 /Applications/Simplicity Studio.app/Contents/Eclipse/developer/toolchains/gnu_arm/4.9_2015q3/bin/../lib/gcc/arm-none-eabi/4.9.3/armv7e-m/softfp/crti.o
                0x00000000000277f4                _init
 .init          0x00000000000277f8        0x8 /Applications/Simplicity Studio.app/Contents/Eclipse/developer/toolchains/gnu_arm/4.9_2015q3/bin/../lib/gcc/arm-none-eabi/4.9.3/armv7e-m/softfp/crtn.o
 *(.fini)
 .fini          0x0000000000027800        0x4 /Applications/Simplicity Studio.app/Contents/Eclipse/developer/toolchains/gnu_arm/4.9_2015q3/bin/../lib/gcc/arm-none-eabi/4.9.3/armv7e-m/softfp/crti.o
                0x0000000000027800                _fini
 .fini          0x0000000000027804        0x8 /Applications/Simplicity Studio.app/Contents/Eclipse/developer/toolchains/gnu_arm/4.9_2015q3/bin/../lib/gcc/arm-none-eabi/4.9.3/armv7e-m/softfp/crtn.o
 *crtbegin.o(.ctors)
 *crtbegin?.o(.ctors)
 *(EXCLUDE_FILE(*crtend.o *crtend?.o) .ctors)
 *(SORT(.ctors.*))
 *(.ctors)
 *crtbegin.o(.dtors)
 *crtbegin?.o(.dtors)
 *(EXCLUDE_FILE(*crtend.o *crtend?.o) .dtors)
 *(SORT(.dtors.*))
 *(.dtors)
 *(.rodata*)
 .rodata.str1.4
                0x000000000002780c       0x14 ./main.o
 .rodata        0x0000000000027820       0x18 ./peripherals.o
 .rodata.CSWTCH.45
                0x0000000000027838        0xc ./emlib/em_cmu.o
 .rodata.CSWTCH.46
                0x0000000000027844       0x10 ./emlib/em_cmu.o
 .rodata.CSWTCH.47
                0x0000000000027854       0x10 ./emlib/em_cmu.o
 .rodata.CSWTCH.48
                0x0000000000027864       0x10 ./emlib/em_cmu.o
 .rodata        0x0000000000027874       0x68 ./src/InitDevice.o
 .rodata.str1.4
                0x00000000000278dc        0x2 /Applications/Simplicity Studio.app/Contents/Eclipse/developer/toolchains/gnu_arm/4.9_2015q3/bin/../lib/gcc/arm-none-eabi/4.9.3/../../../../arm-none-eabi/lib/armv7e-m/softfp/libc.a(lib_a-impure.o)
 *fill*         0x00000000000278de        0x2 
 .rodata._global_impure_ptr
                0x00000000000278e0        0x4 /Applications/Simplicity Studio.app/Contents/Eclipse/developer/toolchains/gnu_arm/4.9_2015q3/bin/../lib/gcc/arm-none-eabi/4.9.3/../../../../arm-none-eabi/lib/armv7e-m/softfp/libc.a(lib_a-impure.o)
                0x00000000000278e0                _global_impure_ptr
 .rodata.zeroes.6911
                0x00000000000278e4       0x10 /Applications/Simplicity Studio.app/Contents/Eclipse/developer/toolchains/gnu_arm/4.9_2015q3/bin/../lib/gcc/arm-none-eabi/4.9.3/../../../../arm-none-eabi/lib/armv7e-m/softfp/libc.a(lib_a-svfprintf.o)
 .rodata.blanks.6910
                0x00000000000278f4       0x10 /Applications/Simplicity Studio.app/Contents/Eclipse/developer/toolchains/gnu_arm/4.9_2015q3/bin/../lib/gcc/arm-none-eabi/4.9.3/../../../../arm-none-eabi/lib/armv7e-m/softfp/libc.a(lib_a-svfprintf.o)
 .rodata.str1.4
                0x0000000000027904       0x42 /Applications/Simplicity Studio.app/Contents/Eclipse/developer/toolchains/gnu_arm/4.9_2015q3/bin/../lib/gcc/arm-none-eabi/4.9.3/../../../../arm-none-eabi/lib/armv7e-m/softfp/libc.a(lib_a-svfprintf.o)
 *fill*         0x0000000000027946        0x2 
 .rodata.str1.4
                0x0000000000027948       0x10 /Applications/Simplicity Studio.app/Contents/Eclipse/developer/toolchains/gnu_arm/4.9_2015q3/bin/../lib/gcc/arm-none-eabi/4.9.3/../../../../arm-none-eabi/lib/armv7e-m/softfp/libc.a(lib_a-dtoa.o)
                                         0x12 (size before relaxing)
 .rodata.str1.4
                0x0000000000027958        0xc /Applications/Simplicity Studio.app/Contents/Eclipse/developer/toolchains/gnu_arm/4.9_2015q3/bin/../lib/gcc/arm-none-eabi/4.9.3/../../../../arm-none-eabi/lib/armv7e-m/softfp/libc.a(lib_a-locale.o)
                                         0x12 (size before relaxing)
 *fill*         0x0000000000027964        0x4 
 .rodata.__mprec_tens
                0x0000000000027968       0xc8 /Applications/Simplicity Studio.app/Contents/Eclipse/developer/toolchains/gnu_arm/4.9_2015q3/bin/../lib/gcc/arm-none-eabi/4.9.3/../../../../arm-none-eabi/lib/armv7e-m/softfp/libc.a(lib_a-mprec.o)
                0x0000000000027968                __mprec_tens
 .rodata.p05.5302
                0x0000000000027a30        0xc /Applications/Simplicity Studio.app/Contents/Eclipse/developer/toolchains/gnu_arm/4.9_2015q3/bin/../lib/gcc/arm-none-eabi/4.9.3/../../../../arm-none-eabi/lib/armv7e-m/softfp/libc.a(lib_a-mprec.o)
 *fill*         0x0000000000027a3c        0x4 
 .rodata.__mprec_bigtens
                0x0000000000027a40       0x28 /Applications/Simplicity Studio.app/Contents/Eclipse/developer/toolchains/gnu_arm/4.9_2015q3/bin/../lib/gcc/arm-none-eabi/4.9.3/../../../../arm-none-eabi/lib/armv7e-m/softfp/libc.a(lib_a-mprec.o)
                0x0000000000027a40                __mprec_bigtens
 *(.eh_frame*)
 .eh_frame      0x0000000000027a68        0x0 /Applications/Simplicity Studio.app/Contents/Eclipse/developer/toolchains/gnu_arm/4.9_2015q3/bin/../lib/gcc/arm-none-eabi/4.9.3/armv7e-m/softfp/crtbegin.o
 .eh_frame      0x0000000000027a68        0x0 /Applications/Simplicity Studio.app/Contents/Eclipse/developer/toolchains/gnu_arm/4.9_2015q3/bin/../lib/gcc/arm-none-eabi/4.9.3/../../../../arm-none-eabi/lib/armv7e-m/softfp/libc.a(lib_a-strcmp.o)
                                         0x70 (size before relaxing)
 .eh_frame      0x0000000000027a68        0x4 /Applications/Simplicity Studio.app/Contents/Eclipse/developer/toolchains/gnu_arm/4.9_2015q3/bin/../lib/gcc/arm-none-eabi/4.9.3/armv7e-m/softfp/crtend.o
                0x0000000000027a6c                . = ALIGN (0x4)

.glue_7         0x0000000000027a6c        0x0
 .glue_7        0x0000000000000000        0x0 linker stubs

.glue_7t        0x0000000000027a6c        0x0
 .glue_7t       0x0000000000000000        0x0 linker stubs

.vfp11_veneer   0x0000000000027a6c        0x0
 .vfp11_veneer  0x0000000000000000        0x0 linker stubs

.v4_bx          0x0000000000027a6c        0x0
 .v4_bx         0x0000000000000000        0x0 linker stubs

.iplt           0x0000000000027a6c        0x0
 .iplt          0x0000000000000000        0x0 /Applications/Simplicity Studio.app/Contents/Eclipse/developer/toolchains/gnu_arm/4.9_2015q3/bin/../lib/gcc/arm-none-eabi/4.9.3/armv7e-m/softfp/crtbegin.o

.igot.plt       0x0000000000027a6c        0x0
 .igot.plt      0x0000000000000000        0x0 /Applications/Simplicity Studio.app/Contents/Eclipse/developer/toolchains/gnu_arm/4.9_2015q3/bin/../lib/gcc/arm-none-eabi/4.9.3/armv7e-m/softfp/crtbegin.o

.text_app_ARM.extab
 *(.ARM.extab* .gnu.linkonce.armextab.*)
                0x0000000000027a6c                __exidx_start = .

.text_app_ARM.exidx
                0x0000000000027a6c        0x8
 *(.ARM.exidx* .gnu.linkonce.armexidx.*)
 .ARM.exidx     0x0000000000027a6c        0x8 /Applications/Simplicity Studio.app/Contents/Eclipse/developer/toolchains/gnu_arm/4.9_2015q3/bin/../lib/gcc/arm-none-eabi/4.9.3/../../../../arm-none-eabi/lib/armv7e-m/softfp/crt0.o
 .ARM.exidx     0x0000000000027a74        0x0 /Applications/Simplicity Studio.app/Contents/Eclipse/developer/toolchains/gnu_arm/4.9_2015q3/bin/../lib/gcc/arm-none-eabi/4.9.3/armv7e-m/softfp/libgcc.a(_divdi3.o)
                                          0x8 (size before relaxing)
 .ARM.exidx     0x0000000000027a74        0x0 /Applications/Simplicity Studio.app/Contents/Eclipse/developer/toolchains/gnu_arm/4.9_2015q3/bin/../lib/gcc/arm-none-eabi/4.9.3/armv7e-m/softfp/libgcc.a(_udivdi3.o)
                                          0x8 (size before relaxing)
                0x0000000000027a74                __exidx_end = .
                0x0000000000027a74                __etext = .

.rel.dyn        0x0000000000027a74        0x0
 .rel.iplt      0x0000000000000000        0x0 /Applications/Simplicity Studio.app/Contents/Eclipse/developer/toolchains/gnu_arm/4.9_2015q3/bin/../lib/gcc/arm-none-eabi/4.9.3/armv7e-m/softfp/crtbegin.o

.text_app_data  0x0000000020003000      0x89c load address 0x0000000000027a74
                0x0000000020003000                __data_start__ = .
 *(vtable)
 *(.data*)
 .data.bg_gattdb_data_attribute_field_6_data
                0x0000000020003000        0xd ./gatt_db.o
                0x0000000020003000                bg_gattdb_data_attribute_field_6_data
 *fill*         0x000000002000300d        0x3 
 .data.auxHfrcoFreq
                0x0000000020003010        0x4 ./emlib/em_cmu.o
 *fill*         0x0000000020003014        0x4 
 .data.impure_data
                0x0000000020003018      0x428 /Applications/Simplicity Studio.app/Contents/Eclipse/developer/toolchains/gnu_arm/4.9_2015q3/bin/../lib/gcc/arm-none-eabi/4.9.3/../../../../arm-none-eabi/lib/armv7e-m/softfp/libc.a(lib_a-impure.o)
 .data._impure_ptr
                0x0000000020003440        0x4 /Applications/Simplicity Studio.app/Contents/Eclipse/developer/toolchains/gnu_arm/4.9_2015q3/bin/../lib/gcc/arm-none-eabi/4.9.3/../../../../arm-none-eabi/lib/armv7e-m/softfp/libc.a(lib_a-impure.o)
                0x0000000020003440                _impure_ptr
 .data.lconv    0x0000000020003444       0x38 /Applications/Simplicity Studio.app/Contents/Eclipse/developer/toolchains/gnu_arm/4.9_2015q3/bin/../lib/gcc/arm-none-eabi/4.9.3/../../../../arm-none-eabi/lib/armv7e-m/softfp/libc.a(lib_a-locale.o)
 .data.__malloc_av_
                0x000000002000347c      0x408 /Applications/Simplicity Studio.app/Contents/Eclipse/developer/toolchains/gnu_arm/4.9_2015q3/bin/../lib/gcc/arm-none-eabi/4.9.3/../../../../arm-none-eabi/lib/armv7e-m/softfp/libc.a(lib_a-mallocr.o)
                0x000000002000347c                __malloc_av_
 .data.__malloc_trim_threshold
                0x0000000020003884        0x4 /Applications/Simplicity Studio.app/Contents/Eclipse/developer/toolchains/gnu_arm/4.9_2015q3/bin/../lib/gcc/arm-none-eabi/4.9.3/../../../../arm-none-eabi/lib/armv7e-m/softfp/libc.a(lib_a-mallocr.o)
                0x0000000020003884                __malloc_trim_threshold
 .data.__malloc_sbrk_base
                0x0000000020003888        0x4 /Applications/Simplicity Studio.app/Contents/Eclipse/developer/toolchains/gnu_arm/4.9_2015q3/bin/../lib/gcc/arm-none-eabi/4.9.3/../../../../arm-none-eabi/lib/armv7e-m/softfp/libc.a(lib_a-mallocr.o)
                0x0000000020003888                __malloc_sbrk_base
                0x000000002000388c                . = ALIGN (0x4)
 *(.ram)
                0x000000002000388c                . = ALIGN (0x4)
                0x000000002000388c                PROVIDE (__preinit_array_start, .)
 *(.preinit_array)
                0x000000002000388c                PROVIDE (__preinit_array_end, .)
                0x000000002000388c                . = ALIGN (0x4)
                0x000000002000388c                PROVIDE (__init_array_start, .)
 *(SORT(.init_array.*))
 .init_array.00000
                0x000000002000388c        0x4 /Applications/Simplicity Studio.app/Contents/Eclipse/developer/toolchains/gnu_arm/4.9_2015q3/bin/../lib/gcc/arm-none-eabi/4.9.3/../../../../arm-none-eabi/lib/armv7e-m/softfp/libc.a(lib_a-__call_atexit.o)
 *(.init_array)
 .init_array    0x0000000020003890        0x4 /Applications/Simplicity Studio.app/Contents/Eclipse/developer/toolchains/gnu_arm/4.9_2015q3/bin/../lib/gcc/arm-none-eabi/4.9.3/armv7e-m/softfp/crtbegin.o
                0x0000000020003894                PROVIDE (__init_array_end, .)
                0x0000000020003894                . = ALIGN (0x4)
                0x0000000020003894                PROVIDE (__fini_array_start, .)
 *(SORT(.fini_array.*))
 *(.fini_array)
 .fini_array    0x0000000020003894        0x4 /Applications/Simplicity Studio.app/Contents/Eclipse/developer/toolchains/gnu_arm/4.9_2015q3/bin/../lib/gcc/arm-none-eabi/4.9.3/armv7e-m/softfp/crtbegin.o
                0x0000000020003898                PROVIDE (__fini_array_end, .)
 *(.jcr*)
 .jcr           0x0000000020003898        0x0 /Applications/Simplicity Studio.app/Contents/Eclipse/developer/toolchains/gnu_arm/4.9_2015q3/bin/../lib/gcc/arm-none-eabi/4.9.3/armv7e-m/softfp/crtbegin.o
 .jcr           0x0000000020003898        0x4 /Applications/Simplicity Studio.app/Contents/Eclipse/developer/toolchains/gnu_arm/4.9_2015q3/bin/../lib/gcc/arm-none-eabi/4.9.3/armv7e-m/softfp/crtend.o
                0x000000002000389c                . = ALIGN (0x4)
                0x000000002000389c                __data_end__ = .

.bss            0x000000002000389c      0x270 load address 0x0000000000028310
                0x000000002000389c                . = ALIGN (0x4)
                0x000000002000389c                __bss_start__ = .
 *(.bss*)
 .bss           0x000000002000389c       0x1c /Applications/Simplicity Studio.app/Contents/Eclipse/developer/toolchains/gnu_arm/4.9_2015q3/bin/../lib/gcc/arm-none-eabi/4.9.3/armv7e-m/softfp/crtbegin.o
 .bss.bg_gattdb_data_attribute_field_26_data
                0x00000000200038b8        0x1 ./gatt_db.o
                0x00000000200038b8                bg_gattdb_data_attribute_field_26_data
 *fill*         0x00000000200038b9        0x3 
 .bss.bg_gattdb_data_attribute_field_2_data
                0x00000000200038bc        0x4 ./gatt_db.o
                0x00000000200038bc                bg_gattdb_data_attribute_field_2_data
 .bss.bg_gattdb_data_attribute_field_18_data
                0x00000000200038c0        0x1 ./gatt_db.o
                0x00000000200038c0                bg_gattdb_data_attribute_field_18_data
 *fill*         0x00000000200038c1        0x3 
 .bss.bg_gattdb_data_attribute_field_21_data
                0x00000000200038c4        0x1 ./gatt_db.o
                0x00000000200038c4                bg_gattdb_data_attribute_field_21_data
 *fill*         0x00000000200038c5        0x3 
 .bss.bg_gattdb_data_attribute_field_24_data
                0x00000000200038c8        0x1 ./gatt_db.o
                0x00000000200038c8                bg_gattdb_data_attribute_field_24_data
 *fill*         0x00000000200038c9        0x3 
 .bss.bg_gattdb_data_attribute_field_28_data
                0x00000000200038cc        0x2 ./gatt_db.o
                0x00000000200038cc                bg_gattdb_data_attribute_field_28_data
 .bss.UARTbufferctr
                0x00000000200038ce        0x1 ./peripherals.o
 *fill*         0x00000000200038cf        0x1 
 .bss.leuartif  0x00000000200038d0        0x4 ./peripherals.o
 .bss.desiredDutyCycle
                0x00000000200038d4        0x4 ./peripherals.o
 .bss.SOFReceived
                0x00000000200038d8        0x4 ./peripherals.o
                0x00000000200038d8                SOFReceived
 .bss.chTable   0x00000000200038dc       0xa0 ./bgapi/dmadrv.o
 .bss.dmaXfer   0x000000002000397c      0x100 ./bgapi/dmadrv.o
 .bss.dcdcEm01LoadCurrent_mA
                0x0000000020003a7c        0x2 ./emlib/em_emu.o
 .bss.dcdcReverseCurrentControl
                0x0000000020003a7e        0x2 ./emlib/em_emu.o
 .bss.dcdcMaxCurrent_mA
                0x0000000020003a80        0x2 ./emlib/em_emu.o
 *fill*         0x0000000020003a82        0x2 
 .bss.errataFixDcdcHsState
                0x0000000020003a84        0x4 ./emlib/em_emu.o
 .bss.__malloc_max_total_mem
                0x0000000020003a88        0x4 /Applications/Simplicity Studio.app/Contents/Eclipse/developer/toolchains/gnu_arm/4.9_2015q3/bin/../lib/gcc/arm-none-eabi/4.9.3/../../../../arm-none-eabi/lib/armv7e-m/softfp/libc.a(lib_a-mallocr.o)
                0x0000000020003a88                __malloc_max_total_mem
 .bss.__malloc_max_sbrked_mem
                0x0000000020003a8c        0x4 /Applications/Simplicity Studio.app/Contents/Eclipse/developer/toolchains/gnu_arm/4.9_2015q3/bin/../lib/gcc/arm-none-eabi/4.9.3/../../../../arm-none-eabi/lib/armv7e-m/softfp/libc.a(lib_a-mallocr.o)
                0x0000000020003a8c                __malloc_max_sbrked_mem
 .bss.__malloc_top_pad
                0x0000000020003a90        0x4 /Applications/Simplicity Studio.app/Contents/Eclipse/developer/toolchains/gnu_arm/4.9_2015q3/bin/../lib/gcc/arm-none-eabi/4.9.3/../../../../arm-none-eabi/lib/armv7e-m/softfp/libc.a(lib_a-mallocr.o)
                0x0000000020003a90                __malloc_top_pad
 .bss.__malloc_current_mallinfo
                0x0000000020003a94       0x28 /Applications/Simplicity Studio.app/Contents/Eclipse/developer/toolchains/gnu_arm/4.9_2015q3/bin/../lib/gcc/arm-none-eabi/4.9.3/../../../../arm-none-eabi/lib/armv7e-m/softfp/libc.a(lib_a-mallocr.o)
                0x0000000020003a94                __malloc_current_mallinfo
 .bss.heap_end.4079
                0x0000000020003abc        0x4 /Applications/Simplicity Studio.app/Contents/Eclipse/developer/toolchains/gnu_arm/4.9_2015q3/bin/../lib/gcc/arm-none-eabi/4.9.3/../../../../arm-none-eabi/lib/armv7e-m/softfp/libnosys.a(sbrk.o)
 *(COMMON)
 COMMON         0x0000000020003ac0       0x48 ./peripherals.o
                0x0000000020003ac0                UARTObj
                0x0000000020003ac4                PWMObj
                0x0000000020003ac8                UARTbuffer
 COMMON         0x0000000020003b08        0x4 /Applications/Simplicity Studio.app/Contents/Eclipse/developer/toolchains/gnu_arm/4.9_2015q3/bin/../lib/gcc/arm-none-eabi/4.9.3/../../../../arm-none-eabi/lib/armv7e-m/softfp/libc.a(lib_a-reent.o)
                0x0000000020003b08                errno
                0x0000000020003b0c                . = ALIGN (0x4)
                0x0000000020003b0c                __bss_end__ = .

.heap           0x0000000020003b10      0xc00
                0x0000000020003b10                __HeapBase = .
                0x0000000020003b10                __end__ = .
                0x0000000020003b10                end = __end__
                0x0000000020003b10                _end = __end__
 *(.heap*)
 .heap          0x0000000020003b10      0xc00 ./device/EFR32_B_1_1_B/gcc/startup_efr32bg1b.o
                0x0000000020004710                __HeapLimit = .

.stack_dummy    0x0000000020004710      0x400
 *(.stack*)
 .stack         0x0000000020004710      0x400 ./device/EFR32_B_1_1_B/gcc/startup_efr32bg1b.o
                0x0000000020007bfc                __StackTop = (ORIGIN (RAM) + 0x4bfc)
                0x00000000200077fc                __StackLimit = (__StackTop - SIZEOF (.stack_dummy))
                0x0000000020007bfc                PROVIDE (__stack, __StackTop)
                0x0000000000000001                ASSERT ((__StackLimit >= __HeapLimit), region RAM overflowed with stack)
OUTPUT(Locoroll-2.axf elf32-littlearm)

.ARM.attributes
                0x0000000000000000       0x2e
 .ARM.attributes
                0x0000000000000000       0x22 /Applications/Simplicity Studio.app/Contents/Eclipse/developer/toolchains/gnu_arm/4.9_2015q3/bin/../lib/gcc/arm-none-eabi/4.9.3/armv7e-m/softfp/crti.o
 .ARM.attributes
                0x0000000000000022       0x32 /Applications/Simplicity Studio.app/Contents/Eclipse/developer/toolchains/gnu_arm/4.9_2015q3/bin/../lib/gcc/arm-none-eabi/4.9.3/armv7e-m/softfp/crtbegin.o
 .ARM.attributes
                0x0000000000000054       0x20 /Applications/Simplicity Studio.app/Contents/Eclipse/developer/toolchains/gnu_arm/4.9_2015q3/bin/../lib/gcc/arm-none-eabi/4.9.3/../../../../arm-none-eabi/lib/armv7e-m/softfp/crt0.o
 .ARM.attributes
                0x0000000000000074       0x37 ./em_timer.o
 .ARM.attributes
                0x00000000000000ab       0x37 ./gatt_db.o
 .ARM.attributes
                0x00000000000000e2       0x37 ./main.o
 .ARM.attributes
                0x0000000000000119       0x37 ./peripherals.o
 .ARM.attributes
                0x0000000000000150       0x37 ./bgapi/dmadrv.o
 .ARM.attributes
                0x0000000000000187       0x37 ./bgapi/em_leuart.o
 .ARM.attributes
                0x00000000000001be       0x37 ./device/EFR32_B_1_1_B/gcc/startup_efr32bg1b.o
 .ARM.attributes
                0x00000000000001f5       0x37 ./emlib/em_cmu.o
 .ARM.attributes
                0x000000000000022c       0x37 ./emlib/em_emu.o
 .ARM.attributes
                0x0000000000000263       0x37 ./emlib/em_gpio.o
 .ARM.attributes
                0x000000000000029a       0x37 ./emlib/em_rtcc.o
 .ARM.attributes
                0x00000000000002d1       0x37 ./emlib/em_system.o
 .ARM.attributes
                0x0000000000000308       0x37 ./src/InitDevice.o
 .ARM.attributes
                0x000000000000033f       0x1c /Applications/Simplicity Studio.app/Contents/Eclipse/developer/sdks/gecko_sdk_suite/v1.0//protocol/bluetooth_2.3/lib/EFR32BG1B/EABI/binbootloader.o
 .ARM.attributes
                0x000000000000035b       0x1c /Applications/Simplicity Studio.app/Contents/Eclipse/developer/sdks/gecko_sdk_suite/v1.0//protocol/bluetooth_2.3/lib/EFR32BG1B/EABI/binstack.o
 .ARM.attributes
                0x0000000000000377       0x22 /Applications/Simplicity Studio.app/Contents/Eclipse/developer/toolchains/gnu_arm/4.9_2015q3/bin/../lib/gcc/arm-none-eabi/4.9.3/armv7e-m/softfp/libgcc.a(_aeabi_uldivmod.o)
 .ARM.attributes
                0x0000000000000399       0x32 /Applications/Simplicity Studio.app/Contents/Eclipse/developer/toolchains/gnu_arm/4.9_2015q3/bin/../lib/gcc/arm-none-eabi/4.9.3/armv7e-m/softfp/libgcc.a(bpabi.o)
 .ARM.attributes
                0x00000000000003cb       0x22 /Applications/Simplicity Studio.app/Contents/Eclipse/developer/toolchains/gnu_arm/4.9_2015q3/bin/../lib/gcc/arm-none-eabi/4.9.3/armv7e-m/softfp/libgcc.a(_dvmd_tls.o)
 .ARM.attributes
                0x00000000000003ed       0x32 /Applications/Simplicity Studio.app/Contents/Eclipse/developer/toolchains/gnu_arm/4.9_2015q3/bin/../lib/gcc/arm-none-eabi/4.9.3/armv7e-m/softfp/libgcc.a(_divdi3.o)
 .ARM.attributes
                0x000000000000041f       0x32 /Applications/Simplicity Studio.app/Contents/Eclipse/developer/toolchains/gnu_arm/4.9_2015q3/bin/../lib/gcc/arm-none-eabi/4.9.3/armv7e-m/softfp/libgcc.a(_udivdi3.o)
 .ARM.attributes
                0x0000000000000451       0x32 /Applications/Simplicity Studio.app/Contents/Eclipse/developer/toolchains/gnu_arm/4.9_2015q3/bin/../lib/gcc/arm-none-eabi/4.9.3/../../../../arm-none-eabi/lib/armv7e-m/softfp/libc.a(lib_a-exit.o)
 .ARM.attributes
                0x0000000000000483       0x32 /Applications/Simplicity Studio.app/Contents/Eclipse/developer/toolchains/gnu_arm/4.9_2015q3/bin/../lib/gcc/arm-none-eabi/4.9.3/../../../../arm-none-eabi/lib/armv7e-m/softfp/libc.a(lib_a-impure.o)
 .ARM.attributes
                0x00000000000004b5       0x32 /Applications/Simplicity Studio.app/Contents/Eclipse/developer/toolchains/gnu_arm/4.9_2015q3/bin/../lib/gcc/arm-none-eabi/4.9.3/../../../../arm-none-eabi/lib/armv7e-m/softfp/libc.a(lib_a-init.o)
 .ARM.attributes
                0x00000000000004e7       0x32 /Applications/Simplicity Studio.app/Contents/Eclipse/developer/toolchains/gnu_arm/4.9_2015q3/bin/../lib/gcc/arm-none-eabi/4.9.3/../../../../arm-none-eabi/lib/armv7e-m/softfp/libc.a(lib_a-memset.o)
 .ARM.attributes
                0x0000000000000519       0x32 /Applications/Simplicity Studio.app/Contents/Eclipse/developer/toolchains/gnu_arm/4.9_2015q3/bin/../lib/gcc/arm-none-eabi/4.9.3/../../../../arm-none-eabi/lib/armv7e-m/softfp/libc.a(lib_a-sprintf.o)
 .ARM.attributes
                0x000000000000054b       0x32 /Applications/Simplicity Studio.app/Contents/Eclipse/developer/toolchains/gnu_arm/4.9_2015q3/bin/../lib/gcc/arm-none-eabi/4.9.3/../../../../arm-none-eabi/lib/armv7e-m/softfp/libc.a(lib_a-svfprintf.o)
 .ARM.attributes
                0x000000000000057d       0x32 /Applications/Simplicity Studio.app/Contents/Eclipse/developer/toolchains/gnu_arm/4.9_2015q3/bin/../lib/gcc/arm-none-eabi/4.9.3/../../../../arm-none-eabi/lib/armv7e-m/softfp/libc.a(lib_a-__call_atexit.o)
 .ARM.attributes
                0x00000000000005af       0x32 /Applications/Simplicity Studio.app/Contents/Eclipse/developer/toolchains/gnu_arm/4.9_2015q3/bin/../lib/gcc/arm-none-eabi/4.9.3/../../../../arm-none-eabi/lib/armv7e-m/softfp/libc.a(lib_a-atexit.o)
 .ARM.attributes
                0x00000000000005e1       0x32 /Applications/Simplicity Studio.app/Contents/Eclipse/developer/toolchains/gnu_arm/4.9_2015q3/bin/../lib/gcc/arm-none-eabi/4.9.3/../../../../arm-none-eabi/lib/armv7e-m/softfp/libc.a(lib_a-dtoa.o)
 .ARM.attributes
                0x0000000000000613       0x32 /Applications/Simplicity Studio.app/Contents/Eclipse/developer/toolchains/gnu_arm/4.9_2015q3/bin/../lib/gcc/arm-none-eabi/4.9.3/../../../../arm-none-eabi/lib/armv7e-m/softfp/libc.a(lib_a-fini.o)
 .ARM.attributes
                0x0000000000000645       0x32 /Applications/Simplicity Studio.app/Contents/Eclipse/developer/toolchains/gnu_arm/4.9_2015q3/bin/../lib/gcc/arm-none-eabi/4.9.3/../../../../arm-none-eabi/lib/armv7e-m/softfp/libc.a(lib_a-locale.o)
 .ARM.attributes
                0x0000000000000677       0x32 /Applications/Simplicity Studio.app/Contents/Eclipse/developer/toolchains/gnu_arm/4.9_2015q3/bin/../lib/gcc/arm-none-eabi/4.9.3/../../../../arm-none-eabi/lib/armv7e-m/softfp/libc.a(lib_a-mallocr.o)
 .ARM.attributes
                0x00000000000006a9       0x32 /Applications/Simplicity Studio.app/Contents/Eclipse/developer/toolchains/gnu_arm/4.9_2015q3/bin/../lib/gcc/arm-none-eabi/4.9.3/../../../../arm-none-eabi/lib/armv7e-m/softfp/libc.a(lib_a-memchr.o)
 .ARM.attributes
                0x00000000000006db       0x20 /Applications/Simplicity Studio.app/Contents/Eclipse/developer/toolchains/gnu_arm/4.9_2015q3/bin/../lib/gcc/arm-none-eabi/4.9.3/../../../../arm-none-eabi/lib/armv7e-m/softfp/libc.a(lib_a-memcpy.o)
 .ARM.attributes
                0x00000000000006fb       0x32 /Applications/Simplicity Studio.app/Contents/Eclipse/developer/toolchains/gnu_arm/4.9_2015q3/bin/../lib/gcc/arm-none-eabi/4.9.3/../../../../arm-none-eabi/lib/armv7e-m/softfp/libc.a(lib_a-mlock.o)
 .ARM.attributes
                0x000000000000072d       0x32 /Applications/Simplicity Studio.app/Contents/Eclipse/developer/toolchains/gnu_arm/4.9_2015q3/bin/../lib/gcc/arm-none-eabi/4.9.3/../../../../arm-none-eabi/lib/armv7e-m/softfp/libc.a(lib_a-mprec.o)
 .ARM.attributes
                0x000000000000075f       0x32 /Applications/Simplicity Studio.app/Contents/Eclipse/developer/toolchains/gnu_arm/4.9_2015q3/bin/../lib/gcc/arm-none-eabi/4.9.3/../../../../arm-none-eabi/lib/armv7e-m/softfp/libc.a(lib_a-s_fpclassify.o)
 .ARM.attributes
                0x0000000000000791       0x32 /Applications/Simplicity Studio.app/Contents/Eclipse/developer/toolchains/gnu_arm/4.9_2015q3/bin/../lib/gcc/arm-none-eabi/4.9.3/../../../../arm-none-eabi/lib/armv7e-m/softfp/libc.a(lib_a-sbrkr.o)
 .ARM.attributes
                0x00000000000007c3       0x20 /Applications/Simplicity Studio.app/Contents/Eclipse/developer/toolchains/gnu_arm/4.9_2015q3/bin/../lib/gcc/arm-none-eabi/4.9.3/../../../../arm-none-eabi/lib/armv7e-m/softfp/libc.a(lib_a-strcmp.o)
 .ARM.attributes
                0x00000000000007e3       0x32 /Applications/Simplicity Studio.app/Contents/Eclipse/developer/toolchains/gnu_arm/4.9_2015q3/bin/../lib/gcc/arm-none-eabi/4.9.3/../../../../arm-none-eabi/lib/armv7e-m/softfp/libc.a(lib_a-strlen.o)
 .ARM.attributes
                0x0000000000000815       0x32 /Applications/Simplicity Studio.app/Contents/Eclipse/developer/toolchains/gnu_arm/4.9_2015q3/bin/../lib/gcc/arm-none-eabi/4.9.3/../../../../arm-none-eabi/lib/armv7e-m/softfp/libc.a(lib_a-svfiprintf.o)
 .ARM.attributes
                0x0000000000000847       0x32 /Applications/Simplicity Studio.app/Contents/Eclipse/developer/toolchains/gnu_arm/4.9_2015q3/bin/../lib/gcc/arm-none-eabi/4.9.3/../../../../arm-none-eabi/lib/armv7e-m/softfp/libc.a(lib_a-__atexit.o)
 .ARM.attributes
                0x0000000000000879       0x32 /Applications/Simplicity Studio.app/Contents/Eclipse/developer/toolchains/gnu_arm/4.9_2015q3/bin/../lib/gcc/arm-none-eabi/4.9.3/../../../../arm-none-eabi/lib/armv7e-m/softfp/libc.a(lib_a-callocr.o)
 .ARM.attributes
                0x00000000000008ab       0x32 /Applications/Simplicity Studio.app/Contents/Eclipse/developer/toolchains/gnu_arm/4.9_2015q3/bin/../lib/gcc/arm-none-eabi/4.9.3/../../../../arm-none-eabi/lib/armv7e-m/softfp/libc.a(lib_a-freer.o)
 .ARM.attributes
                0x00000000000008dd       0x32 /Applications/Simplicity Studio.app/Contents/Eclipse/developer/toolchains/gnu_arm/4.9_2015q3/bin/../lib/gcc/arm-none-eabi/4.9.3/../../../../arm-none-eabi/lib/armv7e-m/softfp/libc.a(lib_a-memmove.o)
 .ARM.attributes
                0x000000000000090f       0x32 /Applications/Simplicity Studio.app/Contents/Eclipse/developer/toolchains/gnu_arm/4.9_2015q3/bin/../lib/gcc/arm-none-eabi/4.9.3/../../../../arm-none-eabi/lib/armv7e-m/softfp/libc.a(lib_a-reallocr.o)
 .ARM.attributes
                0x0000000000000941       0x32 /Applications/Simplicity Studio.app/Contents/Eclipse/developer/toolchains/gnu_arm/4.9_2015q3/bin/../lib/gcc/arm-none-eabi/4.9.3/../../../../arm-none-eabi/lib/armv7e-m/softfp/libc.a(lib_a-reent.o)
 .ARM.attributes
                0x0000000000000973       0x32 /Applications/Simplicity Studio.app/Contents/Eclipse/developer/toolchains/gnu_arm/4.9_2015q3/bin/../lib/gcc/arm-none-eabi/4.9.3/../../../../arm-none-eabi/lib/armv7e-m/softfp/libnosys.a(sbrk.o)
 .ARM.attributes
                0x00000000000009a5       0x32 /Applications/Simplicity Studio.app/Contents/Eclipse/developer/toolchains/gnu_arm/4.9_2015q3/bin/../lib/gcc/arm-none-eabi/4.9.3/../../../../arm-none-eabi/lib/armv7e-m/softfp/libnosys.a(_exit.o)
 .ARM.attributes
                0x00000000000009d7       0x22 /Applications/Simplicity Studio.app/Contents/Eclipse/developer/toolchains/gnu_arm/4.9_2015q3/bin/../lib/gcc/arm-none-eabi/4.9.3/armv7e-m/softfp/libgcc.a(_arm_addsubdf3.o)
 .ARM.attributes
                0x00000000000009f9       0x22 /Applications/Simplicity Studio.app/Contents/Eclipse/developer/toolchains/gnu_arm/4.9_2015q3/bin/../lib/gcc/arm-none-eabi/4.9.3/armv7e-m/softfp/libgcc.a(_arm_muldivdf3.o)
 .ARM.attributes
                0x0000000000000a1b       0x22 /Applications/Simplicity Studio.app/Contents/Eclipse/developer/toolchains/gnu_arm/4.9_2015q3/bin/../lib/gcc/arm-none-eabi/4.9.3/armv7e-m/softfp/libgcc.a(_arm_cmpdf2.o)
 .ARM.attributes
                0x0000000000000a3d       0x22 /Applications/Simplicity Studio.app/Contents/Eclipse/developer/toolchains/gnu_arm/4.9_2015q3/bin/../lib/gcc/arm-none-eabi/4.9.3/armv7e-m/softfp/libgcc.a(_arm_fixdfsi.o)
 .ARM.attributes
                0x0000000000000a5f       0x32 /Applications/Simplicity Studio.app/Contents/Eclipse/developer/toolchains/gnu_arm/4.9_2015q3/bin/../lib/gcc/arm-none-eabi/4.9.3/armv7e-m/softfp/crtend.o
 .ARM.attributes
                0x0000000000000a91       0x22 /Applications/Simplicity Studio.app/Contents/Eclipse/developer/toolchains/gnu_arm/4.9_2015q3/bin/../lib/gcc/arm-none-eabi/4.9.3/armv7e-m/softfp/crtn.o

.comment        0x0000000000000000       0x70
 .comment       0x0000000000000000       0x70 ./em_timer.o
                                         0x71 (size before relaxing)
 .comment       0x0000000000000000       0x71 ./gatt_db.o
 .comment       0x0000000000000000       0x71 ./main.o
 .comment       0x0000000000000000       0x71 ./peripherals.o
 .comment       0x0000000000000000       0x71 ./bgapi/dmadrv.o
 .comment       0x0000000000000000       0x71 ./bgapi/em_leuart.o
 .comment       0x0000000000000000       0x71 ./device/EFR32_B_1_1_B/gcc/startup_efr32bg1b.o
 .comment       0x0000000000000000       0x71 ./emlib/em_cmu.o
 .comment       0x0000000000000000       0x71 ./emlib/em_emu.o
 .comment       0x0000000000000000       0x71 ./emlib/em_gpio.o
 .comment       0x0000000000000000       0x71 ./emlib/em_rtcc.o
 .comment       0x0000000000000000       0x71 ./emlib/em_system.o
 .comment       0x0000000000000000       0x71 ./src/InitDevice.o

.debug_info     0x0000000000000000    0x15821
 .debug_info    0x0000000000000000      0x98e ./em_timer.o
 .debug_info    0x000000000000098e      0x6a5 ./gatt_db.o
 .debug_info    0x0000000000001033     0x4973 ./main.o
 .debug_info    0x00000000000059a6     0x4ad3 ./peripherals.o
 .debug_info    0x000000000000a479     0x1851 ./bgapi/dmadrv.o
 .debug_info    0x000000000000bcca      0xa62 ./bgapi/em_leuart.o
 .debug_info    0x000000000000c72c      0x1c0 ./device/EFR32_B_1_1_B/gcc/startup_efr32bg1b.o
 .debug_info    0x000000000000c8ec     0x31e1 ./emlib/em_cmu.o
 .debug_info    0x000000000000facd     0x27a6 ./emlib/em_emu.o
 .debug_info    0x0000000000012273      0xebd ./emlib/em_gpio.o
 .debug_info    0x0000000000013130      0x6ec ./emlib/em_rtcc.o
 .debug_info    0x000000000001381c      0x26d ./emlib/em_system.o
 .debug_info    0x0000000000013a89     0x1d98 ./src/InitDevice.o

.debug_abbrev   0x0000000000000000     0x2273
 .debug_abbrev  0x0000000000000000      0x1ca ./em_timer.o
 .debug_abbrev  0x00000000000001ca       0xce ./gatt_db.o
 .debug_abbrev  0x0000000000000298      0x258 ./main.o
 .debug_abbrev  0x00000000000004f0      0x439 ./peripherals.o
 .debug_abbrev  0x0000000000000929      0x38f ./bgapi/dmadrv.o
 .debug_abbrev  0x0000000000000cb8      0x2e6 ./bgapi/em_leuart.o
 .debug_abbrev  0x0000000000000f9e      0x104 ./device/EFR32_B_1_1_B/gcc/startup_efr32bg1b.o
 .debug_abbrev  0x00000000000010a2      0x478 ./emlib/em_cmu.o
 .debug_abbrev  0x000000000000151a      0x4a3 ./emlib/em_emu.o
 .debug_abbrev  0x00000000000019bd      0x2d4 ./emlib/em_gpio.o
 .debug_abbrev  0x0000000000001c91      0x1e2 ./emlib/em_rtcc.o
 .debug_abbrev  0x0000000000001e73      0x109 ./emlib/em_system.o
 .debug_abbrev  0x0000000000001f7c      0x2f7 ./src/InitDevice.o

.debug_loc      0x0000000000000000     0x6541
 .debug_loc     0x0000000000000000      0x18c ./em_timer.o
 .debug_loc     0x000000000000018c       0x56 ./main.o
 .debug_loc     0x00000000000001e2      0x2df ./peripherals.o
 .debug_loc     0x00000000000004c1     0x10da ./bgapi/dmadrv.o
 .debug_loc     0x000000000000159b      0x46f ./bgapi/em_leuart.o
 .debug_loc     0x0000000000001a0a       0x4b ./device/EFR32_B_1_1_B/gcc/startup_efr32bg1b.o
 .debug_loc     0x0000000000001a55     0x27cc ./emlib/em_cmu.o
 .debug_loc     0x0000000000004221     0x185c ./emlib/em_emu.o
 .debug_loc     0x0000000000005a7d      0x798 ./emlib/em_gpio.o
 .debug_loc     0x0000000000006215       0xdc ./emlib/em_rtcc.o
 .debug_loc     0x00000000000062f1       0x91 ./emlib/em_system.o
 .debug_loc     0x0000000000006382      0x1bf ./src/InitDevice.o

.debug_aranges  0x0000000000000000      0x5b0
 .debug_aranges
                0x0000000000000000       0x38 ./em_timer.o
 .debug_aranges
                0x0000000000000038       0x18 ./gatt_db.o
 .debug_aranges
                0x0000000000000050       0x20 ./main.o
 .debug_aranges
                0x0000000000000070       0x70 ./peripherals.o
 .debug_aranges
                0x00000000000000e0       0xa0 ./bgapi/dmadrv.o
 .debug_aranges
                0x0000000000000180       0x80 ./bgapi/em_leuart.o
 .debug_aranges
                0x0000000000000200       0x28 ./device/EFR32_B_1_1_B/gcc/startup_efr32bg1b.o
 .debug_aranges
                0x0000000000000228      0x110 ./emlib/em_cmu.o
 .debug_aranges
                0x0000000000000338       0xf8 ./emlib/em_emu.o
 .debug_aranges
                0x0000000000000430       0x48 ./emlib/em_gpio.o
 .debug_aranges
                0x0000000000000478       0x40 ./emlib/em_rtcc.o
 .debug_aranges
                0x00000000000004b8       0x28 ./emlib/em_system.o
 .debug_aranges
                0x00000000000004e0       0xd0 ./src/InitDevice.o

.debug_ranges   0x0000000000000000     0x12c0
 .debug_ranges  0x0000000000000000       0x60 ./em_timer.o
 .debug_ranges  0x0000000000000060       0x10 ./main.o
 .debug_ranges  0x0000000000000070       0xf0 ./peripherals.o
 .debug_ranges  0x0000000000000160       0xa8 ./bgapi/dmadrv.o
 .debug_ranges  0x0000000000000208      0x120 ./bgapi/em_leuart.o
 .debug_ranges  0x0000000000000328       0x18 ./device/EFR32_B_1_1_B/gcc/startup_efr32bg1b.o
 .debug_ranges  0x0000000000000340      0x8b8 ./emlib/em_cmu.o
 .debug_ranges  0x0000000000000bf8      0x3c8 ./emlib/em_emu.o
 .debug_ranges  0x0000000000000fc0      0x180 ./emlib/em_gpio.o
 .debug_ranges  0x0000000000001140       0x70 ./emlib/em_rtcc.o
 .debug_ranges  0x00000000000011b0       0x18 ./emlib/em_system.o
 .debug_ranges  0x00000000000011c8       0xf8 ./src/InitDevice.o

.debug_line     0x0000000000000000     0x4b0c
 .debug_line    0x0000000000000000      0x4ac ./em_timer.o
 .debug_line    0x00000000000004ac      0x1d9 ./gatt_db.o
 .debug_line    0x0000000000000685      0x555 ./main.o
 .debug_line    0x0000000000000bda      0x645 ./peripherals.o
 .debug_line    0x000000000000121f      0x70f ./bgapi/dmadrv.o
 .debug_line    0x000000000000192e      0x532 ./bgapi/em_leuart.o
 .debug_line    0x0000000000001e60      0x1fe ./device/EFR32_B_1_1_B/gcc/startup_efr32bg1b.o
 .debug_line    0x000000000000205e      0xd7e ./emlib/em_cmu.o
 .debug_line    0x0000000000002ddc      0xa59 ./emlib/em_emu.o
 .debug_line    0x0000000000003835      0x4e8 ./emlib/em_gpio.o
 .debug_line    0x0000000000003d1d      0x45e ./emlib/em_rtcc.o
 .debug_line    0x000000000000417b      0x37f ./emlib/em_system.o
 .debug_line    0x00000000000044fa      0x612 ./src/InitDevice.o

.debug_str      0x0000000000000000     0xb4ac
 .debug_str     0x0000000000000000      0x975 ./em_timer.o
                                        0x9e3 (size before relaxing)
 .debug_str     0x0000000000000975      0x7e1 ./gatt_db.o
                                        0x97d (size before relaxing)
 .debug_str     0x0000000000001156     0x605a ./main.o
                                       0x660a (size before relaxing)
 .debug_str     0x00000000000071b0      0x6a3 ./peripherals.o
                                       0x576c (size before relaxing)
 .debug_str     0x0000000000007853      0xf37 ./bgapi/dmadrv.o
                                       0x117c (size before relaxing)
 .debug_str     0x000000000000878a      0x16e ./bgapi/em_leuart.o
                                        0x738 (size before relaxing)
 .debug_str     0x00000000000088f8      0x105 ./device/EFR32_B_1_1_B/gcc/startup_efr32bg1b.o
                                        0x2ba (size before relaxing)
 .debug_str     0x00000000000089fd      0xf36 ./emlib/em_cmu.o
                                       0x13e3 (size before relaxing)
 .debug_str     0x0000000000009933      0xe8b ./emlib/em_emu.o
                                       0x1859 (size before relaxing)
 .debug_str     0x000000000000a7be      0x270 ./emlib/em_gpio.o
                                        0x840 (size before relaxing)
 .debug_str     0x000000000000aa2e      0x5d6 ./emlib/em_rtcc.o
                                        0x808 (size before relaxing)
 .debug_str     0x000000000000b004       0xff ./emlib/em_system.o
                                        0x30d (size before relaxing)
 .debug_str     0x000000000000b103      0x3a9 ./src/InitDevice.o
                                       0x185b (size before relaxing)

.debug_frame    0x0000000000000000     0x18cc
 .debug_frame   0x0000000000000000       0xb0 ./em_timer.o
 .debug_frame   0x00000000000000b0       0x28 ./main.o
 .debug_frame   0x00000000000000d8      0x120 ./peripherals.o
 .debug_frame   0x00000000000001f8      0x22c ./bgapi/dmadrv.o
 .debug_frame   0x0000000000000424      0x11c ./bgapi/em_leuart.o
 .debug_frame   0x0000000000000540       0x38 ./device/EFR32_B_1_1_B/gcc/startup_efr32bg1b.o
 .debug_frame   0x0000000000000578      0x2fc ./emlib/em_cmu.o
 .debug_frame   0x0000000000000874      0x304 ./emlib/em_emu.o
 .debug_frame   0x0000000000000b78       0xa0 ./emlib/em_gpio.o
 .debug_frame   0x0000000000000c18       0x8c ./emlib/em_rtcc.o
 .debug_frame   0x0000000000000ca4       0x30 ./emlib/em_system.o
 .debug_frame   0x0000000000000cd4      0x1ec ./src/InitDevice.o
 .debug_frame   0x0000000000000ec0       0x28 /Applications/Simplicity Studio.app/Contents/Eclipse/developer/toolchains/gnu_arm/4.9_2015q3/bin/../lib/gcc/arm-none-eabi/4.9.3/armv7e-m/softfp/libgcc.a(_aeabi_uldivmod.o)
 .debug_frame   0x0000000000000ee8       0x50 /Applications/Simplicity Studio.app/Contents/Eclipse/developer/toolchains/gnu_arm/4.9_2015q3/bin/../lib/gcc/arm-none-eabi/4.9.3/armv7e-m/softfp/libgcc.a(bpabi.o)
 .debug_frame   0x0000000000000f38       0x34 /Applications/Simplicity Studio.app/Contents/Eclipse/developer/toolchains/gnu_arm/4.9_2015q3/bin/../lib/gcc/arm-none-eabi/4.9.3/armv7e-m/softfp/libgcc.a(_divdi3.o)
 .debug_frame   0x0000000000000f6c       0x30 /Applications/Simplicity Studio.app/Contents/Eclipse/developer/toolchains/gnu_arm/4.9_2015q3/bin/../lib/gcc/arm-none-eabi/4.9.3/armv7e-m/softfp/libgcc.a(_udivdi3.o)
 .debug_frame   0x0000000000000f9c       0x28 /Applications/Simplicity Studio.app/Contents/Eclipse/developer/toolchains/gnu_arm/4.9_2015q3/bin/../lib/gcc/arm-none-eabi/4.9.3/../../../../arm-none-eabi/lib/armv7e-m/softfp/libc.a(lib_a-exit.o)
 .debug_frame   0x0000000000000fc4       0x2c /Applications/Simplicity Studio.app/Contents/Eclipse/developer/toolchains/gnu_arm/4.9_2015q3/bin/../lib/gcc/arm-none-eabi/4.9.3/../../../../arm-none-eabi/lib/armv7e-m/softfp/libc.a(lib_a-init.o)
 .debug_frame   0x0000000000000ff0       0x34 /Applications/Simplicity Studio.app/Contents/Eclipse/developer/toolchains/gnu_arm/4.9_2015q3/bin/../lib/gcc/arm-none-eabi/4.9.3/../../../../arm-none-eabi/lib/armv7e-m/softfp/libc.a(lib_a-memset.o)
 .debug_frame   0x0000000000001024       0x84 /Applications/Simplicity Studio.app/Contents/Eclipse/developer/toolchains/gnu_arm/4.9_2015q3/bin/../lib/gcc/arm-none-eabi/4.9.3/../../../../arm-none-eabi/lib/armv7e-m/softfp/libc.a(lib_a-sprintf.o)
 .debug_frame   0x00000000000010a8       0x40 /Applications/Simplicity Studio.app/Contents/Eclipse/developer/toolchains/gnu_arm/4.9_2015q3/bin/../lib/gcc/arm-none-eabi/4.9.3/../../../../arm-none-eabi/lib/armv7e-m/softfp/libc.a(lib_a-svfprintf.o)
 .debug_frame   0x00000000000010e8       0x50 /Applications/Simplicity Studio.app/Contents/Eclipse/developer/toolchains/gnu_arm/4.9_2015q3/bin/../lib/gcc/arm-none-eabi/4.9.3/../../../../arm-none-eabi/lib/armv7e-m/softfp/libc.a(lib_a-__call_atexit.o)
 .debug_frame   0x0000000000001138       0x20 /Applications/Simplicity Studio.app/Contents/Eclipse/developer/toolchains/gnu_arm/4.9_2015q3/bin/../lib/gcc/arm-none-eabi/4.9.3/../../../../arm-none-eabi/lib/armv7e-m/softfp/libc.a(lib_a-atexit.o)
 .debug_frame   0x0000000000001158       0x88 /Applications/Simplicity Studio.app/Contents/Eclipse/developer/toolchains/gnu_arm/4.9_2015q3/bin/../lib/gcc/arm-none-eabi/4.9.3/../../../../arm-none-eabi/lib/armv7e-m/softfp/libc.a(lib_a-dtoa.o)
 .debug_frame   0x00000000000011e0       0x34 /Applications/Simplicity Studio.app/Contents/Eclipse/developer/toolchains/gnu_arm/4.9_2015q3/bin/../lib/gcc/arm-none-eabi/4.9.3/../../../../arm-none-eabi/lib/armv7e-m/softfp/libc.a(lib_a-fini.o)
 .debug_frame   0x0000000000001214       0x9c /Applications/Simplicity Studio.app/Contents/Eclipse/developer/toolchains/gnu_arm/4.9_2015q3/bin/../lib/gcc/arm-none-eabi/4.9.3/../../../../arm-none-eabi/lib/armv7e-m/softfp/libc.a(lib_a-locale.o)
 .debug_frame   0x00000000000012b0       0x58 /Applications/Simplicity Studio.app/Contents/Eclipse/developer/toolchains/gnu_arm/4.9_2015q3/bin/../lib/gcc/arm-none-eabi/4.9.3/../../../../arm-none-eabi/lib/armv7e-m/softfp/libc.a(lib_a-mallocr.o)
 .debug_frame   0x0000000000001308       0x3c /Applications/Simplicity Studio.app/Contents/Eclipse/developer/toolchains/gnu_arm/4.9_2015q3/bin/../lib/gcc/arm-none-eabi/4.9.3/../../../../arm-none-eabi/lib/armv7e-m/softfp/libc.a(lib_a-memchr.o)
 .debug_frame   0x0000000000001344       0x30 /Applications/Simplicity Studio.app/Contents/Eclipse/developer/toolchains/gnu_arm/4.9_2015q3/bin/../lib/gcc/arm-none-eabi/4.9.3/../../../../arm-none-eabi/lib/armv7e-m/softfp/libc.a(lib_a-mlock.o)
 .debug_frame   0x0000000000001374      0x268 /Applications/Simplicity Studio.app/Contents/Eclipse/developer/toolchains/gnu_arm/4.9_2015q3/bin/../lib/gcc/arm-none-eabi/4.9.3/../../../../arm-none-eabi/lib/armv7e-m/softfp/libc.a(lib_a-mprec.o)
 .debug_frame   0x00000000000015dc       0x34 /Applications/Simplicity Studio.app/Contents/Eclipse/developer/toolchains/gnu_arm/4.9_2015q3/bin/../lib/gcc/arm-none-eabi/4.9.3/../../../../arm-none-eabi/lib/armv7e-m/softfp/libc.a(lib_a-s_fpclassify.o)
 .debug_frame   0x0000000000001610       0x2c /Applications/Simplicity Studio.app/Contents/Eclipse/developer/toolchains/gnu_arm/4.9_2015q3/bin/../lib/gcc/arm-none-eabi/4.9.3/../../../../arm-none-eabi/lib/armv7e-m/softfp/libc.a(lib_a-sbrkr.o)
 .debug_frame   0x000000000000163c       0x20 /Applications/Simplicity Studio.app/Contents/Eclipse/developer/toolchains/gnu_arm/4.9_2015q3/bin/../lib/gcc/arm-none-eabi/4.9.3/../../../../arm-none-eabi/lib/armv7e-m/softfp/libc.a(lib_a-strlen.o)
 .debug_frame   0x000000000000165c       0x78 /Applications/Simplicity Studio.app/Contents/Eclipse/developer/toolchains/gnu_arm/4.9_2015q3/bin/../lib/gcc/arm-none-eabi/4.9.3/../../../../arm-none-eabi/lib/armv7e-m/softfp/libc.a(lib_a-svfiprintf.o)
 .debug_frame   0x00000000000016d4       0x34 /Applications/Simplicity Studio.app/Contents/Eclipse/developer/toolchains/gnu_arm/4.9_2015q3/bin/../lib/gcc/arm-none-eabi/4.9.3/../../../../arm-none-eabi/lib/armv7e-m/softfp/libc.a(lib_a-__atexit.o)
 .debug_frame   0x0000000000001708       0x28 /Applications/Simplicity Studio.app/Contents/Eclipse/developer/toolchains/gnu_arm/4.9_2015q3/bin/../lib/gcc/arm-none-eabi/4.9.3/../../../../arm-none-eabi/lib/armv7e-m/softfp/libc.a(lib_a-callocr.o)
 .debug_frame   0x0000000000001730       0x74 /Applications/Simplicity Studio.app/Contents/Eclipse/developer/toolchains/gnu_arm/4.9_2015q3/bin/../lib/gcc/arm-none-eabi/4.9.3/../../../../arm-none-eabi/lib/armv7e-m/softfp/libc.a(lib_a-freer.o)
 .debug_frame   0x00000000000017a4       0x30 /Applications/Simplicity Studio.app/Contents/Eclipse/developer/toolchains/gnu_arm/4.9_2015q3/bin/../lib/gcc/arm-none-eabi/4.9.3/../../../../arm-none-eabi/lib/armv7e-m/softfp/libc.a(lib_a-memmove.o)
 .debug_frame   0x00000000000017d4       0x60 /Applications/Simplicity Studio.app/Contents/Eclipse/developer/toolchains/gnu_arm/4.9_2015q3/bin/../lib/gcc/arm-none-eabi/4.9.3/../../../../arm-none-eabi/lib/armv7e-m/softfp/libc.a(lib_a-reallocr.o)
 .debug_frame   0x0000000000001834       0x58 /Applications/Simplicity Studio.app/Contents/Eclipse/developer/toolchains/gnu_arm/4.9_2015q3/bin/../lib/gcc/arm-none-eabi/4.9.3/../../../../arm-none-eabi/lib/armv7e-m/softfp/libc.a(lib_a-reent.o)
 .debug_frame   0x000000000000188c       0x20 /Applications/Simplicity Studio.app/Contents/Eclipse/developer/toolchains/gnu_arm/4.9_2015q3/bin/../lib/gcc/arm-none-eabi/4.9.3/../../../../arm-none-eabi/lib/armv7e-m/softfp/libnosys.a(sbrk.o)
 .debug_frame   0x00000000000018ac       0x20 /Applications/Simplicity Studio.app/Contents/Eclipse/developer/toolchains/gnu_arm/4.9_2015q3/bin/../lib/gcc/arm-none-eabi/4.9.3/../../../../arm-none-eabi/lib/armv7e-m/softfp/libnosys.a(_exit.o)
