Archive member included because of file (symbol)

/Applications/Simplicity Studio.app/Contents/Eclipse/developer/stacks/blehomekit/v1.1.0//protocol/bluetooth_2.3/lib/EFR32BG1B/GCC/bgapi.a(gecko_bgapi_hardware.c.obj)
                              ./main.o (gecko_bgapi_class_hardware_init)
/Applications/Simplicity Studio.app/Contents/Eclipse/developer/stacks/blehomekit/v1.1.0//protocol/bluetooth_2.3/lib/EFR32BG1B/GCC/bgapi.a(gecko_bgapi_test.c.obj)
                              ./main.o (gecko_bgapi_class_test_init)
/Applications/Simplicity Studio.app/Contents/Eclipse/developer/stacks/blehomekit/v1.1.0//protocol/bluetooth_2.3/lib/EFR32BG1B/GCC/bgapi.a(gecko_bgapi_util.c.obj)
                              ./main.o (gecko_bgapi_class_util_init)
/Applications/Simplicity Studio.app/Contents/Eclipse/developer/stacks/blehomekit/v1.1.0//protocol/bluetooth_2.3/lib/EFR32BG1B/GCC/bgapi.a(gecko_bgapi_dfu.c.obj)
                              ./main.o (gecko_bgapi_class_dfu_init)
/Applications/Simplicity Studio.app/Contents/Eclipse/developer/stacks/blehomekit/v1.1.0//protocol/bluetooth_2.3/lib/EFR32BG1B/GCC/bgapi.a(gecko_bgapi_gap.c.obj)
                              ./main.o (gecko_bgapi_class_le_gap_init)
/Applications/Simplicity Studio.app/Contents/Eclipse/developer/stacks/blehomekit/v1.1.0//protocol/bluetooth_2.3/lib/EFR32BG1B/GCC/bgapi.a(gecko_bgapi_gatt.c.obj)
                              ./main.o (gecko_bgapi_class_gatt_init)
/Applications/Simplicity Studio.app/Contents/Eclipse/developer/stacks/blehomekit/v1.1.0//protocol/bluetooth_2.3/lib/EFR32BG1B/GCC/bgapi.a(gecko_bgapi_gatt_server.c.obj)
                              ./main.o (gecko_bgapi_class_gatt_server_init)
/Applications/Simplicity Studio.app/Contents/Eclipse/developer/stacks/blehomekit/v1.1.0//protocol/bluetooth_2.3/lib/EFR32BG1B/GCC/bgapi.a(gecko_bgapi_flash.c.obj)
                              ./main.o (gecko_bgapi_class_flash_init)
/Applications/Simplicity Studio.app/Contents/Eclipse/developer/stacks/blehomekit/v1.1.0//protocol/bluetooth_2.3/lib/EFR32BG1B/GCC/bgapi.a(gecko_bgapi_sm.c.obj)
                              ./main.o (gecko_bgapi_class_sm_init)
/Applications/Simplicity Studio.app/Contents/Eclipse/developer/stacks/blehomekit/v1.1.0//protocol/bluetooth_2.3/lib/EFR32BG1B/GCC/bgapi.a(gecko_bgapi_system.c.obj)
                              ./main.o (gecko_bgapi_class_system_init)
/Applications/Simplicity Studio.app/Contents/Eclipse/developer/stacks/blehomekit/v1.1.0//protocol/bluetooth_2.3/lib/EFR32BG1B/GCC/bgapi.a(gecko_bgapi_endpoint.c.obj)
                              ./main.o (gecko_bgapi_class_endpoint_init)
/Applications/Simplicity Studio.app/Contents/Eclipse/developer/stacks/blehomekit/v1.1.0//protocol/bluetooth_2.3/lib/EFR32BG1B/GCC/bgapi.a(gecko_bgapi_le_connection.c.obj)
                              ./main.o (gecko_bgapi_class_le_connection_init)
/Applications/Simplicity Studio.app/Contents/Eclipse/developer/stacks/blehomekit/v1.1.0//protocol/bluetooth_2.3/lib/EFR32BG1B/GCC/bgapi.a(bgapi_hardware_lib.c.obj)
                              /Applications/Simplicity Studio.app/Contents/Eclipse/developer/stacks/blehomekit/v1.1.0//protocol/bluetooth_2.3/lib/EFR32BG1B/GCC/bgapi.a(gecko_bgapi_hardware.c.obj) (gecko_cmd_hardware_read_i2c)
/Applications/Simplicity Studio.app/Contents/Eclipse/developer/stacks/blehomekit/v1.1.0//protocol/bluetooth_2.3/lib/EFR32BG1B/GCC/bgapi.a(bgapi_hardware.c.obj)
                              /Applications/Simplicity Studio.app/Contents/Eclipse/developer/stacks/blehomekit/v1.1.0//protocol/bluetooth_2.3/lib/EFR32BG1B/GCC/bgapi.a(gecko_bgapi_hardware.c.obj) (lib_hardware_handler_init)
/Applications/Simplicity Studio.app/Contents/Eclipse/developer/stacks/blehomekit/v1.1.0//protocol/bluetooth_2.3/lib/EFR32BG1B/GCC/bgapi.a(bgapi_test_lib.c.obj)
                              /Applications/Simplicity Studio.app/Contents/Eclipse/developer/stacks/blehomekit/v1.1.0//protocol/bluetooth_2.3/lib/EFR32BG1B/GCC/bgapi.a(gecko_bgapi_test.c.obj) (lib_test_handler_init)
/Applications/Simplicity Studio.app/Contents/Eclipse/developer/stacks/blehomekit/v1.1.0//protocol/bluetooth_2.3/lib/EFR32BG1B/GCC/bgapi.a(bgapi_util.c.obj)
                              /Applications/Simplicity Studio.app/Contents/Eclipse/developer/stacks/blehomekit/v1.1.0//protocol/bluetooth_2.3/lib/EFR32BG1B/GCC/bgapi.a(gecko_bgapi_util.c.obj) (lib_util_handler_init)
/Applications/Simplicity Studio.app/Contents/Eclipse/developer/stacks/blehomekit/v1.1.0//protocol/bluetooth_2.3/lib/EFR32BG1B/GCC/bgapi.a(bgapi_dfu.c.obj)
                              /Applications/Simplicity Studio.app/Contents/Eclipse/developer/stacks/blehomekit/v1.1.0//protocol/bluetooth_2.3/lib/EFR32BG1B/GCC/bgapi.a(gecko_bgapi_dfu.c.obj) (lib_dfu_handler_init)
/Applications/Simplicity Studio.app/Contents/Eclipse/developer/stacks/blehomekit/v1.1.0//protocol/bluetooth_2.3/lib/EFR32BG1B/GCC/bgapi.a(bgapi_gap.c.obj)
[...]
Memory Configuration

Name             Origin             Length             Attributes
FLASH            0x0000000000000000 0x000000000003f000 xr
RAM              0x0000000020003000 0x0000000000004bfc xrw
*default*        0x0000000000000000 0xffffffffffffffff

Linker script and memory map

LOAD /Applications/Simplicity Studio.app/Contents/Eclipse/developer/toolchains/gnu_arm/4.9_2015q3/bin/../lib/gcc/arm-none-eabi/4.9.3/armv7e-m/softfp/crti.o
LOAD /Applications/Simplicity Studio.app/Contents/Eclipse/developer/toolchains/gnu_arm/4.9_2015q3/bin/../lib/gcc/arm-none-eabi/4.9.3/armv7e-m/softfp/crtbegin.o
LOAD /Applications/Simplicity Studio.app/Contents/Eclipse/developer/toolchains/gnu_arm/4.9_2015q3/bin/../lib/gcc/arm-none-eabi/4.9.3/../../../../arm-none-eabi/lib/armv7e-m/softfp/crt0.o
LOAD ./application_properties.o
LOAD ./ble-callback-stubs.o
LOAD ./ble-callbacks.o
LOAD ./em_timer.o
LOAD ./gatt_db.o
LOAD ./main.o
LOAD ./peripherals.o
LOAD ./bgapi/dmadrv.o
LOAD ./bgapi/em_adc.o
LOAD ./bgapi/em_ldma.o
LOAD ./bgapi/em_leuart.o
LOAD ./device/EFR32_B_1_1_B/gcc/startup_efr32bg1b.o
LOAD ./emlib/em_cmu.o
LOAD ./emlib/em_cryotimer.o
LOAD ./emlib/em_emu.o
LOAD ./emlib/em_gpio.o
LOAD ./emlib/em_i2c.o
LOAD ./emlib/em_letimer.o
LOAD ./emlib/em_msc.o
LOAD ./emlib/em_rtcc.o
LOAD ./emlib/em_system.o
LOAD ./emlib/em_usart.o
LOAD ./kit_flashpwr/BRD4302A/mx25flash_spi.o
LOAD ./src/InitDevice.o
LOAD /Applications/Simplicity Studio.app/Contents/Eclipse/developer/stacks/blehomekit/v1.1.0//protocol/bluetooth_2.3/lib/EFR32BG1B/EABI/stack.a
LOAD /Applications/Simplicity Studio.app/Contents/Eclipse/developer/stacks/blehomekit/v1.1.0//protocol/bluetooth_2.3/lib/EFR32BG1B/EABI/binstack.o
LOAD /Applications/Simplicity Studio.app/Contents/Eclipse/developer/stacks/blehomekit/v1.1.0//protocol/bluetooth_2.3/lib/EFR32BG1B/GCC/bgapi.a
LOAD /Applications/Simplicity Studio.app/Contents/Eclipse/developer/stacks/blehomekit/v1.1.0//protocol/bluetooth_2.3/lib/EFR32BG1B/EABI/binbootloader.o
LOAD /Applications/Simplicity Studio.app/Contents/Eclipse/developer/toolchains/gnu_arm/4.9_2015q3/bin/../lib/gcc/arm-none-eabi/4.9.3/../../../../arm-none-eabi/lib/armv7e-m/softfp/libm.a
START GROUP
LOAD /Applications/Simplicity Studio.app/Contents/Eclipse/developer/toolchains/gnu_arm/4.9_2015q3/bin/../lib/gcc/arm-none-eabi/4.9.3/armv7e-m/softfp/libgcc.a
LOAD /Applications/Simplicity Studio.app/Contents/Eclipse/developer/toolchains/gnu_arm/4.9_2015q3/bin/../lib/gcc/arm-none-eabi/4.9.3/../../../../arm-none-eabi/lib/armv7e-m/softfp/libc.a
LOAD /Applications/Simplicity Studio.app/Contents/Eclipse/developer/toolchains/gnu_arm/4.9_2015q3/bin/../lib/gcc/arm-none-eabi/4.9.3/../../../../arm-none-eabi/lib/armv7e-m/softfp/libnosys.a
END GROUP
START GROUP
LOAD /Applications/Simplicity Studio.app/Contents/Eclipse/developer/toolchains/gnu_arm/4.9_2015q3/bin/../lib/gcc/arm-none-eabi/4.9.3/armv7e-m/softfp/libgcc.a
LOAD /Applications/Simplicity Studio.app/Contents/Eclipse/developer/toolchains/gnu_arm/4.9_2015q3/bin/../lib/gcc/arm-none-eabi/4.9.3/../../../../arm-none-eabi/lib/armv7e-m/softfp/libg.a
LOAD /Applications/Simplicity Studio.app/Contents/Eclipse/developer/toolchains/gnu_arm/4.9_2015q3/bin/../lib/gcc/arm-none-eabi/4.9.3/../../../../arm-none-eabi/lib/armv7e-m/softfp/libc.a
END GROUP
LOAD /Applications/Simplicity Studio.app/Contents/Eclipse/developer/toolchains/gnu_arm/4.9_2015q3/bin/../lib/gcc/arm-none-eabi/4.9.3/armv7e-m/softfp/crtend.o
LOAD /Applications/Simplicity Studio.app/Contents/Eclipse/developer/toolchains/gnu_arm/4.9_2015q3/bin/../lib/gcc/arm-none-eabi/4.9.3/armv7e-m/softfp/crtn.o

.text_bootloader
                0x0000000000000000     0x4000
 *(.binbootloader*)
 .binbootloader
                0x0000000000000000      0x31c /Applications/Simplicity Studio.app/Contents/Eclipse/developer/stacks/blehomekit/v1.1.0//protocol/bluetooth_2.3/lib/EFR32BG1B/EABI/binbootloader.o
                0x0000000000004000                . = ALIGN (0x4000)
 *fill*         0x000000000000031c     0x3ce4 

.text_stack_bin
                0x0000000000004000    0x1d000
 *(.binstack*)
 .binstack      0x0000000000004000    0x1c9e4 /Applications/Simplicity Studio.app/Contents/Eclipse/developer/stacks/blehomekit/v1.1.0//protocol/bluetooth_2.3/lib/EFR32BG1B/EABI/binstack.o
                0x0000000000021000                . = ALIGN (0x800)
 *fill*         0x00000000000209e4      0x61c 
                0x0000000000021000                __text_start__ = .

.text_app       0x0000000000021000     0x9064
 *(.AAT)
 .AAT           0x0000000000021000       0x80 ./main.o
                0x0000000000021000                AppAddressTable
 *(.vectors)
 .vectors       0x0000000000021080       0xc8 ./device/EFR32_B_1_1_B/gcc/startup_efr32bg1b.o
                0x0000000000021080                __Vectors
                0x0000000000021148                __Vectors_End = .
                0x00000000000000c8                __Vectors_Size = (__Vectors_End - __Vectors)
                0x0000000000021148                __end__ = .
 *(.gecko_configuration)
 *(.xo_configuration)
 *(.gatt_header)
 .gatt_header   0x0000000000021148       0x30 ./gatt_db.o
                0x0000000000021148                bg_gattdb_data
 *(.gatt_data)
 .gatt_data     0x0000000000021178      0x3c0 ./gatt_db.o
                0x0000000000021178                bg_gattdb_data_uuidtable_16_map
                0x0000000000021194                bg_gattdb_data_uuidtable_128_map
                0x0000000000021214                bg_gattdb_data_attribute_field_31
                0x000000000002121c                bg_gattdb_data_attribute_field_30
                0x0000000000021234                bg_gattdb_data_attribute_field_29
                0x0000000000021248                bg_gattdb_data_attribute_field_28
                0x0000000000021250                bg_gattdb_data_attribute_field_27
                0x0000000000021268                bg_gattdb_data_attribute_field_26
                0x0000000000021270                bg_gattdb_data_attribute_field_25
                0x0000000000021288                bg_gattdb_data_attribute_field_24
                0x0000000000021290                bg_gattdb_data_attribute_field_23
                0x00000000000212a8                bg_gattdb_data_attribute_field_22
                0x00000000000212b0                bg_gattdb_data_attribute_field_21
                0x00000000000212c8                bg_gattdb_data_attribute_field_20
                0x00000000000212d0                bg_gattdb_data_attribute_field_19
                0x00000000000212e8                bg_gattdb_data_attribute_field_18
                0x00000000000212f0                bg_gattdb_data_attribute_field_17
                0x0000000000021308                bg_gattdb_data_attribute_field_16
                0x000000000002131c                bg_gattdb_data_attribute_field_15
                0x0000000000021324                bg_gattdb_data_attribute_field_14
                0x000000000002132c                bg_gattdb_data_attribute_field_13
                0x0000000000021338                bg_gattdb_data_attribute_field_12
                0x0000000000021340                bg_gattdb_data_attribute_field_11
                0x0000000000021350                bg_gattdb_data_attribute_field_10
                0x0000000000021358                bg_gattdb_data_attribute_field_9
                0x000000000002135c                bg_gattdb_data_attribute_field_8
                0x0000000000021360                bg_gattdb_data_attribute_field_7
                0x0000000000021368                bg_gattdb_data_attribute_field_6
                0x0000000000021370                bg_gattdb_data_attribute_field_5
                0x0000000000021378                bg_gattdb_data_attribute_field_4
                0x000000000002137c                bg_gattdb_data_attribute_field_2
                0x0000000000021384                bg_gattdb_data_attribute_field_1
                0x000000000002138c                bg_gattdb_data_attribute_field_0
                0x0000000000021390                bg_gattdb_data_attributes_map
                0x0000000000021510                bg_gattdb_data_attributes_dynamic_mapping_map
                0x0000000000021524                bg_gattdb_data_adv_uuid16_map
                0x0000000000021528                bg_gattdb_data_adv_uuid128_map
 *(.text*)
 .text          0x0000000000021538       0x5c /Applications/Simplicity Studio.app/Contents/Eclipse/developer/toolchains/gnu_arm/4.9_2015q3/bin/../lib/gcc/arm-none-eabi/4.9.3/armv7e-m/softfp/crtbegin.o
 .text          0x0000000000021594       0x74 /Applications/Simplicity Studio.app/Contents/Eclipse/developer/toolchains/gnu_arm/4.9_2015q3/bin/../lib/gcc/arm-none-eabi/4.9.3/../../../../arm-none-eabi/lib/armv7e-m/softfp/crt0.o
                0x0000000000021594                _mainCRTStartup
                0x0000000000021594                _start
 .text.TIMER_Valid
                0x0000000000021608       0x38 ./em_timer.o
 .text.TIMER_Init
                0x0000000000021640       0xdc ./em_timer.o
                0x0000000000021640                TIMER_Init
 .text.TIMER_InitCC
                0x000000000002171c       0x9c ./em_timer.o
                0x000000000002171c                TIMER_InitCC
 .text.gecko_init
                0x00000000000217b8       0x44 ./main.o
 .text.gecko_cmd_system_reset
                0x00000000000217fc       0x40 ./main.o
 .text.gecko_cmd_system_set_tx_power
                0x000000000002183c       0x48 ./main.o
 .text.gecko_cmd_le_gap_set_mode
                0x0000000000021884       0x58 ./main.o
 .text.gecko_cmd_le_gap_set_adv_parameters
                0x00000000000218dc       0x60 ./main.o
 .text.gecko_cmd_gatt_server_send_user_read_response
                0x000000000002193c       0xac ./main.o
 .text.gecko_cmd_gatt_server_send_user_write_response
                0x00000000000219e8       0x64 ./main.o
 .text.gecko_cmd_endpoint_close
                0x0000000000021a4c       0x48 ./main.o
 .text.gecko_cmd_hardware_set_soft_timer
                0x0000000000021a94       0x60 ./main.o
 .text.GPIO_PinOutToggle
                0x0000000000021af4       0x58 ./main.o
 .text.main     0x0000000000021b4c      0x2ec ./main.o
                0x0000000000021b4c                main
 .text.NVIC_EnableIRQ
                0x0000000000021e38       0x2c ./peripherals.o
 .text.NVIC_ClearPendingIRQ
                0x0000000000021e64       0x30 ./peripherals.o
 .text.TIMER_Valid
                0x0000000000021e94       0x38 ./peripherals.o
 .text.TIMER_MaxCount
                0x0000000000021ecc       0x18 ./peripherals.o
 .text.TIMER_CompareSet
                0x0000000000021ee4       0x28 ./peripherals.o
 .text.TIMER_Enable
                0x0000000000021f0c       0x2c ./peripherals.o
 .text.TIMER_TopSet
                0x0000000000021f38       0x1c ./peripherals.o
 .text.BUS_RegBitWrite
                0x0000000000021f54       0x2c ./peripherals.o
 .text.BUS_RegBitRead
                0x0000000000021f80       0x2c ./peripherals.o
 .text.GPIO_PinInGet
                0x0000000000021fac       0x54 ./peripherals.o
 .text.GPIO_PinOutClear
                0x0000000000022000       0x50 ./peripherals.o
 .text.GPIO_PinOutGet
                0x0000000000022050       0x54 ./peripherals.o
 .text.GPIO_PinOutSet
                0x00000000000220a4       0x50 ./peripherals.o
 .text.LEUART_IntClear
                0x00000000000220f4       0x1c ./peripherals.o
 .text.LEUART_IntEnable
                0x0000000000022110       0x20 ./peripherals.o
 .text.LEUART_IntGet
                0x0000000000022130       0x18 ./peripherals.o
 .text.LETIMER_IntClear
                0x0000000000022148       0x1c ./peripherals.o
 .text.LETIMER_IntEnable
                0x0000000000022164       0x20 ./peripherals.o
 .text.InitGPIO
                0x0000000000022184       0xac ./peripherals.o
                0x0000000000022184                InitGPIO
 .text.SetLED0  0x0000000000022230       0x1c ./peripherals.o
                0x0000000000022230                SetLED0
 .text.ClearLED0
                0x000000000002224c       0x1c ./peripherals.o
                0x000000000002224c                ClearLED0
 .text.GetLED0  0x0000000000022268       0x1c ./peripherals.o
                0x0000000000022268                GetLED0
 .text.SetLED1  0x0000000000022284       0x1c ./peripherals.o
                0x0000000000022284                SetLED1
 .text.ClearLED1
                0x00000000000222a0       0x1c ./peripherals.o
                0x00000000000222a0                ClearLED1
 .text.GetLED1  0x00000000000222bc       0x1c ./peripherals.o
                0x00000000000222bc                GetLED1
 .text.GetPB0   0x00000000000222d8       0x1c ./peripherals.o
                0x00000000000222d8                GetPB0
 .text.GetPB1   0x00000000000222f4       0x1c ./peripherals.o
                0x00000000000222f4                GetPB1
 .text.GPIOHandler
                0x0000000000022310       0xc8 ./peripherals.o
                0x0000000000022310                GPIOHandler
 .text.InitPWM1
                0x00000000000223d8      0x14c ./peripherals.o
                0x00000000000223d8                InitPWM1
 .text.UpdatePWM1
                0x0000000000022524       0x2c ./peripherals.o
                0x0000000000022524                UpdatePWM1
 .text.ChangePWMoutput
                0x0000000000022550       0x84 ./peripherals.o
                0x0000000000022550                ChangePWMoutput
 .text.PWMHandler
                0x00000000000225d4       0x34 ./peripherals.o
                0x00000000000225d4                PWMHandler
 .text.GetPWM1  0x0000000000022608       0x18 ./peripherals.o
                0x0000000000022608                GetPWM1
 .text.InitLEUART0
                0x0000000000022620       0xd0 ./peripherals.o
                0x0000000000022620                InitLEUART0
 .text.UART_Tx  0x00000000000226f0       0x4c ./peripherals.o
                0x00000000000226f0                UART_Tx
 .text.UART_TxOut
                0x000000000002273c       0x3c ./peripherals.o
                0x000000000002273c                UART_TxOut
 .text.LEUART0_IRQHandler
                0x0000000000022778       0x30 ./peripherals.o
                0x0000000000022778                LEUART0_IRQHandler
 .text.ClearSOFReceived
                0x00000000000227a8       0x18 ./peripherals.o
                0x00000000000227a8                ClearSOFReceived
 .text.UART_TXHandler
                0x00000000000227c0       0x3c ./peripherals.o
                0x00000000000227c0                UART_TXHandler
 .text.UART_RXHandler
                0x00000000000227fc       0xa4 ./peripherals.o
                0x00000000000227fc                UART_RXHandler
 .text.LED0onUARTmessage
                0x00000000000228a0       0x24 ./peripherals.o
                0x00000000000228a0                LED0onUARTmessage
 .text.LED0offUARTmessage
                0x00000000000228c4       0x28 ./peripherals.o
                0x00000000000228c4                LED0offUARTmessage
 .text.LED1onUARTmessage
                0x00000000000228ec       0x24 ./peripherals.o
                0x00000000000228ec                LED1onUARTmessage
 .text.LED1offUARTmessage
                0x0000000000022910       0x28 ./peripherals.o
                0x0000000000022910                LED1offUARTmessage
 .text.LETIMER0_IRQHandler
                0x0000000000022938       0x20 ./peripherals.o
                0x0000000000022938                LETIMER0_IRQHandler
 .text.InitLETIMER0
                0x0000000000022958       0x70 ./peripherals.o
                0x0000000000022958                InitLETIMER0
 .text.DMADRV_AllocateChannel
                0x00000000000229c8       0xb4 ./bgapi/dmadrv.o
                0x00000000000229c8                DMADRV_AllocateChannel
 .text.DMADRV_Init
                0x0000000000022a7c       0x84 ./bgapi/dmadrv.o
                0x0000000000022a7c                DMADRV_Init
 .text.DMADRV_MemoryPeripheral
                0x0000000000022b00       0x44 ./bgapi/dmadrv.o
                0x0000000000022b00                DMADRV_MemoryPeripheral
 .text.DMADRV_PeripheralMemory
                0x0000000000022b44       0x44 ./bgapi/dmadrv.o
                0x0000000000022b44                DMADRV_PeripheralMemory
 .text.DMADRV_StopTransfer
                0x0000000000022b88       0x6c ./bgapi/dmadrv.o
                0x0000000000022b88                DMADRV_StopTransfer
 .text.DMADRV_TransferRemainingCount
                0x0000000000022bf4       0x7c ./bgapi/dmadrv.o
                0x0000000000022bf4                DMADRV_TransferRemainingCount
 .text.LDMA_IRQHandler
                0x0000000000022c70       0xe0 ./bgapi/dmadrv.o
                0x0000000000022c70                LDMA_IRQHandler
 .text.StartTransfer
                0x0000000000022d50      0x250 ./bgapi/dmadrv.o
 .text.ADC_IntClear
                0x0000000000022fa0       0x1c ./bgapi/em_adc.o
 .text.BUS_RegBitWrite
                0x0000000000022fbc       0x2c ./bgapi/em_adc.o
 .text.BUS_RegMaskedSet
                0x0000000000022fe8       0x24 ./bgapi/em_adc.o
 .text.BUS_RegMaskedClear
                0x000000000002300c       0x24 ./bgapi/em_adc.o
 .text.BUS_RegMaskedWrite
                0x0000000000023030       0x24 ./bgapi/em_adc.o
 .text.ADC_LoadDevinfoCal
                0x0000000000023054      0x190 ./bgapi/em_adc.o
 .text.ADC_Init
                0x00000000000231e4       0x90 ./bgapi/em_adc.o
                0x00000000000231e4                ADC_Init
 .text.ADC_InitSingle
                0x0000000000023274      0x150 ./bgapi/em_adc.o
                0x0000000000023274                ADC_InitSingle
 .text.ADC_PrescaleCalc
                0x00000000000233c4       0x64 ./bgapi/em_adc.o
                0x00000000000233c4                ADC_PrescaleCalc
 .text.NVIC_EnableIRQ
                0x0000000000023428       0x2c ./bgapi/em_ldma.o
 .text.NVIC_ClearPendingIRQ
                0x0000000000023454       0x30 ./bgapi/em_ldma.o
 .text.NVIC_SetPriority
                0x0000000000023484       0x4c ./bgapi/em_ldma.o
 .text.BUS_RegMaskedClear
                0x00000000000234d0       0x24 ./bgapi/em_ldma.o
 .text.LDMA_Init
                0x00000000000234f4       0x70 ./bgapi/em_ldma.o
                0x00000000000234f4                LDMA_Init
 .text.LDMA_StartTransfer
                0x0000000000023564      0x150 ./bgapi/em_ldma.o
                0x0000000000023564                LDMA_StartTransfer
 .text.LDMA_StopTransfer
                0x00000000000236b4       0x44 ./bgapi/em_ldma.o
                0x00000000000236b4                LDMA_StopTransfer
 .text.LDMA_TransferRemainingCount
                0x00000000000236f8       0x80 ./bgapi/em_ldma.o
                0x00000000000236f8                LDMA_TransferRemainingCount
 .text.LEUART_Sync
                0x0000000000023778       0x30 ./bgapi/em_leuart.o
 .text.LEUART_BaudrateSet
                0x00000000000237a8       0x6c ./bgapi/em_leuart.o
                0x00000000000237a8                LEUART_BaudrateSet
 .text.LEUART_Enable
                0x0000000000023814       0x3c ./bgapi/em_leuart.o
                0x0000000000023814                LEUART_Enable
 .text.LEUART_FreezeEnable
                0x0000000000023850       0x34 ./bgapi/em_leuart.o
                0x0000000000023850                LEUART_FreezeEnable
 .text.LEUART_Init
                0x0000000000023884       0x68 ./bgapi/em_leuart.o
                0x0000000000023884                LEUART_Init
 .text.LEUART_Tx
                0x00000000000238ec       0x30 ./bgapi/em_leuart.o
                0x00000000000238ec                LEUART_Tx
 .text.Reset_Handler
                0x000000000002391c       0x38 ./device/EFR32_B_1_1_B/gcc/startup_efr32bg1b.o
                0x000000000002391c                Reset_Handler
 .text.Default_Handler
                0x0000000000023954        0x8 ./device/EFR32_B_1_1_B/gcc/startup_efr32bg1b.o
                0x0000000000023954                IDAC0_IRQHandler
                0x0000000000023954                USART0_TX_IRQHandler
                0x0000000000023954                I2C0_IRQHandler
                0x0000000000023954                HardFault_Handler
                0x0000000000023954                SysTick_Handler
                0x0000000000023954                USART1_RX_IRQHandler
                0x0000000000023954                PendSV_Handler
                0x0000000000023954                NMI_Handler
                0x0000000000023954                SYNTH_IRQHandler
                0x0000000000023954                WDOG0_IRQHandler
                0x0000000000023954                USART1_TX_IRQHandler
                0x0000000000023954                MSC_IRQHandler
                0x0000000000023954                ADC0_IRQHandler
                0x0000000000023954                UsageFault_Handler
                0x0000000000023954                FPUEH_IRQHandler
                0x0000000000023954                GPIO_EVEN_IRQHandler
                0x0000000000023954                TIMER0_IRQHandler
                0x0000000000023954                TIMER1_IRQHandler
                0x0000000000023954                RFSENSE_IRQHandler
                0x0000000000023954                BUFC_IRQHandler
                0x0000000000023954                MODEM_IRQHandler
                0x0000000000023954                Default_Handler
                0x0000000000023954                RAC_SEQ_IRQHandler
                0x0000000000023954                FRC_PRI_IRQHandler
                0x0000000000023954                EMU_IRQHandler
                0x0000000000023954                FRC_IRQHandler
                0x0000000000023954                CRYOTIMER_IRQHandler
                0x0000000000023954                PCNT0_IRQHandler
                0x0000000000023954                AGC_IRQHandler
                0x0000000000023954                ACMP0_IRQHandler
                0x0000000000023954                USART0_RX_IRQHandler
                0x0000000000023954                MemManage_Handler
                0x0000000000023954                SVC_Handler
                0x0000000000023954                RTCC_IRQHandler
                0x0000000000023954                CRYPTO_IRQHandler
                0x0000000000023954                CMU_IRQHandler
                0x0000000000023954                RAC_RSM_IRQHandler
                0x0000000000023954                GPIO_ODD_IRQHandler
                0x0000000000023954                PROTIMER_IRQHandler
                0x0000000000023954                BusFault_Handler
                0x0000000000023954                DebugMon_Handler
 .text.BUS_RegBitWrite
                0x000000000002395c       0x2c ./emlib/em_cmu.o
 .text.BUS_RegBitRead
                0x0000000000023988       0x2c ./emlib/em_cmu.o
 .text.BUS_RegMaskedSet
                0x00000000000239b4       0x24 ./emlib/em_cmu.o
 .text.BUS_RegMaskedClear
                0x00000000000239d8       0x24 ./emlib/em_cmu.o
 .text.BUS_RegMaskedWrite
                0x00000000000239fc       0x24 ./emlib/em_cmu.o
 .text.BUS_RegMaskedRead
                0x0000000000023a20       0x20 ./emlib/em_cmu.o
 .text.CMU_Log2ToDiv
                0x0000000000023a40       0x1c ./emlib/em_cmu.o
 .text.setHfLeConfig
                0x0000000000023a5c       0x3c ./emlib/em_cmu.o
 .text.getHfLeConfig
                0x0000000000023a98       0x2c ./emlib/em_cmu.o
 .text.auxClkGet
                0x0000000000023ac4       0x20 ./emlib/em_cmu.o
 .text.dbgClkGet
                0x0000000000023ae4       0x3c ./emlib/em_cmu.o
 .text.flashWaitStateControl
                0x0000000000023b20       0x78 ./emlib/em_cmu.o
 .text.flashWaitStateMax
                0x0000000000023b98       0x14 ./emlib/em_cmu.o
 .text.getRegIshUpperVal
                0x0000000000023bac       0x38 ./emlib/em_cmu.o
 .text.lfClkGet
                0x0000000000023be4       0xe8 ./emlib/em_cmu.o
 .text.syncReg  0x0000000000023ccc       0x38 ./emlib/em_cmu.o
 .text.CMU_ClockEnable
                0x0000000000023d04       0xcc ./emlib/em_cmu.o
                0x0000000000023d04                CMU_ClockEnable
 .text.CMU_ClockFreqGet
                0x0000000000023dd0      0x188 ./emlib/em_cmu.o
                0x0000000000023dd0                CMU_ClockFreqGet
 .text.CMU_ClockSelectGet
                0x0000000000023f58      0x14c ./emlib/em_cmu.o
                0x0000000000023f58                CMU_ClockSelectGet
 .text.CMU_ClockSelectSet
                0x00000000000240a4      0x1c4 ./emlib/em_cmu.o
                0x00000000000240a4                CMU_ClockSelectSet
 .text.CMU_HFXOInit
                0x0000000000024268      0x110 ./emlib/em_cmu.o
                0x0000000000024268                CMU_HFXOInit
 .text.CMU_LFXOInit
                0x0000000000024378       0x50 ./emlib/em_cmu.o
                0x0000000000024378                CMU_LFXOInit
 .text.CMU_OscillatorEnable
                0x00000000000243c8      0x180 ./emlib/em_cmu.o
                0x00000000000243c8                CMU_OscillatorEnable
 .text.CMU_OscillatorTuningGet
                0x0000000000024548       0x74 ./emlib/em_cmu.o
                0x0000000000024548                CMU_OscillatorTuningGet
 .text.CMU_OscillatorTuningSet
                0x00000000000245bc       0xfc ./emlib/em_cmu.o
                0x00000000000245bc                CMU_OscillatorTuningSet
 .text.CMU_OscillatorTuningWait
                0x00000000000246b8       0x8c ./emlib/em_cmu.o
                0x00000000000246b8                CMU_OscillatorTuningWait
 .text.CMU_OscillatorTuningOptimize
                0x0000000000024744       0x4c ./emlib/em_cmu.o
                0x0000000000024744                CMU_OscillatorTuningOptimize
 .text.BUS_RegBitWrite
                0x0000000000024790       0x2c ./emlib/em_emu.o
 .text.BUS_RegBitRead
                0x00000000000247bc       0x2c ./emlib/em_emu.o
 .text.SYSTEM_GetDevinfoRev
                0x00000000000247e8       0x18 ./emlib/em_emu.o
 .text.dcdcConstCalibrationLoad
                0x0000000000024800       0xc4 ./emlib/em_emu.o
 .text.dcdcValidatedConfigSet
                0x00000000000248c4       0xb0 ./emlib/em_emu.o
 .text.currentLimitersUpdate
                0x0000000000024974       0xec ./emlib/em_emu.o
 .text.userCurrentLimitsSet
                0x0000000000024a60       0x2c ./emlib/em_emu.o
 .text.compCtrlSet
                0x0000000000024a8c       0x3c ./emlib/em_emu.o
 .text.lpCmpHystCalibrationLoad
                0x0000000000024ac8       0xcc ./emlib/em_emu.o
 .text.lpGetDevinfoVrefLowHigh
                0x0000000000024b94      0x15c ./emlib/em_emu.o
 .text.EMU_DCDCModeSet
                0x0000000000024cf0       0x84 ./emlib/em_emu.o
                0x0000000000024cf0                EMU_DCDCModeSet
 .text.EMU_DCDCInit
                0x0000000000024d74      0x114 ./emlib/em_emu.o
                0x0000000000024d74                EMU_DCDCInit
 .text.EMU_DCDCOutputVoltageSet
                0x0000000000024e88      0x20c ./emlib/em_emu.o
                0x0000000000024e88                EMU_DCDCOutputVoltageSet
 .text.EMU_DCDCOptimizeSlice
                0x0000000000025094       0xd8 ./emlib/em_emu.o
                0x0000000000025094                EMU_DCDCOptimizeSlice
 .text.EMU_DCDCLnRcoBandSet
                0x000000000002516c       0x54 ./emlib/em_emu.o
                0x000000000002516c                EMU_DCDCLnRcoBandSet
 .text.BUS_RegBitWrite
                0x00000000000251c0       0x2c ./emlib/em_gpio.o
 .text.GPIO_PinOutClear
                0x00000000000251ec       0x50 ./emlib/em_gpio.o
 .text.GPIO_PinOutSet
                0x000000000002523c       0x50 ./emlib/em_gpio.o
 .text.GPIO_PinModeSet
                0x000000000002528c      0x108 ./emlib/em_gpio.o
                0x000000000002528c                GPIO_PinModeSet
 .text.BUS_RegBitWrite
                0x0000000000025394       0x2c ./emlib/em_i2c.o
 .text.BUS_RegMaskedSet
                0x00000000000253c0       0x24 ./emlib/em_i2c.o
 .text.BUS_RegMaskedClear
                0x00000000000253e4       0x24 ./emlib/em_i2c.o
 .text.BUS_RegMaskedWrite
                0x0000000000025408       0x24 ./emlib/em_i2c.o
 .text.I2C_BusFreqSet
                0x000000000002542c       0xfc ./emlib/em_i2c.o
                0x000000000002542c                I2C_BusFreqSet
 .text.I2C_Init
                0x0000000000025528       0x5c ./emlib/em_i2c.o
                0x0000000000025528                I2C_Init
 .text.LETIMER_Enable
                0x0000000000025584       0x2c ./emlib/em_letimer.o
                0x0000000000025584                LETIMER_Enable
 .text.LETIMER_Init
                0x00000000000255b0       0xcc ./emlib/em_letimer.o
                0x00000000000255b0                LETIMER_Init
 .text.RTCC_Init
                0x000000000002567c       0x60 ./emlib/em_rtcc.o
                0x000000000002567c                RTCC_Init
 .text.SYSTEM_ChipRevisionGet
                0x00000000000256dc       0x74 ./emlib/em_system.o
                0x00000000000256dc                SYSTEM_ChipRevisionGet
 .text.USART_BaudrateAsyncSet
                0x0000000000025750       0xb0 ./emlib/em_usart.o
                0x0000000000025750                USART_BaudrateAsyncSet
 .text.USART_BaudrateCalc
                0x0000000000025800      0x11c ./emlib/em_usart.o
                0x0000000000025800                USART_BaudrateCalc
 .text.USART_BaudrateGet
                0x000000000002591c       0x50 ./emlib/em_usart.o
                0x000000000002591c                USART_BaudrateGet
 .text.USART_Enable
                0x000000000002596c       0x4c ./emlib/em_usart.o
                0x000000000002596c                USART_Enable
 .text.USART_InitAsync
                0x00000000000259b8       0xbc ./emlib/em_usart.o
                0x00000000000259b8                USART_InitAsync
 .text.USART_Reset
                0x0000000000025a74       0x94 ./emlib/em_usart.o
                0x0000000000025a74                USART_Reset
 .text.SYSTEM_GetProdRev
                0x0000000000025b08       0x1c ./src/InitDevice.o
 .text.CHIP_Init
                0x0000000000025b24       0xa8 ./src/InitDevice.o
 .text.enter_DefaultMode_from_RESET
                0x0000000000025bcc       0x2c ./src/InitDevice.o
                0x0000000000025bcc                enter_DefaultMode_from_RESET
 .text.EMU_enter_DefaultMode_from_RESET
                0x0000000000025bf8       0x4c ./src/InitDevice.o
                0x0000000000025bf8                EMU_enter_DefaultMode_from_RESET
 .text.LFXO_enter_DefaultMode_from_RESET
                0x0000000000025c44        0xc ./src/InitDevice.o
                0x0000000000025c44                LFXO_enter_DefaultMode_from_RESET
 .text.CMU_enter_DefaultMode_from_RESET
                0x0000000000025c50      0x12c ./src/InitDevice.o
                0x0000000000025c50                CMU_enter_DefaultMode_from_RESET
 .text.RTCC_enter_DefaultMode_from_RESET
                0x0000000000025d7c       0x4c ./src/InitDevice.o
                0x0000000000025d7c                RTCC_enter_DefaultMode_from_RESET
 .text.GPCRC_enter_DefaultMode_from_RESET
                0x0000000000025dc8        0xc ./src/InitDevice.o
                0x0000000000025dc8                GPCRC_enter_DefaultMode_from_RESET
 .text.LDMA_enter_DefaultMode_from_RESET
                0x0000000000025dd4        0xc ./src/InitDevice.o
                0x0000000000025dd4                LDMA_enter_DefaultMode_from_RESET
 .text.PRS_enter_DefaultMode_from_RESET
                0x0000000000025de0       0x20 ./src/InitDevice.o
                0x0000000000025de0                PRS_enter_DefaultMode_from_RESET
 .text.PORTIO_enter_DefaultMode_from_RESET
                0x0000000000025e00       0x80 ./src/InitDevice.o
                0x0000000000025e00                PORTIO_enter_DefaultMode_from_RESET
 .text          0x0000000000025e80       0x60 /Applications/Simplicity Studio.app/Contents/Eclipse/developer/stacks/blehomekit/v1.1.0//protocol/bluetooth_2.3/lib/EFR32BG1B/GCC/bgapi.a(gecko_bgapi_hardware.c.obj)
                0x0000000000025ec8                gecko_bgapi_class_hardware_init
 .text          0x0000000000025ee0       0x60 /Applications/Simplicity Studio.app/Contents/Eclipse/developer/stacks/blehomekit/v1.1.0//protocol/bluetooth_2.3/lib/EFR32BG1B/GCC/bgapi.a(gecko_bgapi_test.c.obj)
                0x0000000000025f28                gecko_bgapi_class_test_init
 .text          0x0000000000025f40       0x60 /Applications/Simplicity Studio.app/Contents/Eclipse/developer/stacks/blehomekit/v1.1.0//protocol/bluetooth_2.3/lib/EFR32BG1B/GCC/bgapi.a(gecko_bgapi_util.c.obj)
                0x0000000000025f88                gecko_bgapi_class_util_init
 .text          0x0000000000025fa0       0x60 /Applications/Simplicity Studio.app/Contents/Eclipse/developer/stacks/blehomekit/v1.1.0//protocol/bluetooth_2.3/lib/EFR32BG1B/GCC/bgapi.a(gecko_bgapi_dfu.c.obj)
                0x0000000000025fe8                gecko_bgapi_class_dfu_init
 .text          0x0000000000026000       0x60 /Applications/Simplicity Studio.app/Contents/Eclipse/developer/stacks/blehomekit/v1.1.0//protocol/bluetooth_2.3/lib/EFR32BG1B/GCC/bgapi.a(gecko_bgapi_gap.c.obj)
                0x0000000000026048                gecko_bgapi_class_le_gap_init
 .text          0x0000000000026060       0x60 /Applications/Simplicity Studio.app/Contents/Eclipse/developer/stacks/blehomekit/v1.1.0//protocol/bluetooth_2.3/lib/EFR32BG1B/GCC/bgapi.a(gecko_bgapi_gatt.c.obj)
                0x00000000000260a8                gecko_bgapi_class_gatt_init
 .text          0x00000000000260c0       0x60 /Applications/Simplicity Studio.app/Contents/Eclipse/developer/stacks/blehomekit/v1.1.0//protocol/bluetooth_2.3/lib/EFR32BG1B/GCC/bgapi.a(gecko_bgapi_gatt_server.c.obj)
                0x0000000000026108                gecko_bgapi_class_gatt_server_init
 .text          0x0000000000026120       0x60 /Applications/Simplicity Studio.app/Contents/Eclipse/developer/stacks/blehomekit/v1.1.0//protocol/bluetooth_2.3/lib/EFR32BG1B/GCC/bgapi.a(gecko_bgapi_flash.c.obj)
                0x0000000000026168                gecko_bgapi_class_flash_init
 .text          0x0000000000026180       0x60 /Applications/Simplicity Studio.app/Contents/Eclipse/developer/stacks/blehomekit/v1.1.0//protocol/bluetooth_2.3/lib/EFR32BG1B/GCC/bgapi.a(gecko_bgapi_sm.c.obj)
                0x00000000000261c8                gecko_bgapi_class_sm_init
 .text          0x00000000000261e0       0x60 /Applications/Simplicity Studio.app/Contents/Eclipse/developer/stacks/blehomekit/v1.1.0//protocol/bluetooth_2.3/lib/EFR32BG1B/GCC/bgapi.a(gecko_bgapi_system.c.obj)
                0x0000000000026228                gecko_bgapi_class_system_init
 .text          0x0000000000026240       0x60 /Applications/Simplicity Studio.app/Contents/Eclipse/developer/stacks/blehomekit/v1.1.0//protocol/bluetooth_2.3/lib/EFR32BG1B/GCC/bgapi.a(gecko_bgapi_endpoint.c.obj)
                0x0000000000026288                gecko_bgapi_class_endpoint_init
 .text          0x00000000000262a0       0x60 /Applications/Simplicity Studio.app/Contents/Eclipse/developer/stacks/blehomekit/v1.1.0//protocol/bluetooth_2.3/lib/EFR32BG1B/GCC/bgapi.a(gecko_bgapi_le_connection.c.obj)
                0x00000000000262e8                gecko_bgapi_class_le_connection_init
 .text          0x0000000000026300      0x388 /Applications/Simplicity Studio.app/Contents/Eclipse/developer/stacks/blehomekit/v1.1.0//protocol/bluetooth_2.3/lib/EFR32BG1B/GCC/bgapi.a(bgapi_hardware_lib.c.obj)
                0x0000000000026300                gecko_cmd_hardware_read_i2c
                0x0000000000026368                gecko_cmd_hardware_write_i2c
                0x00000000000263ac                gecko_cmd_hardware_stop_i2c
                0x00000000000263e4                gecko_cmd_hardware_read_adc
                0x0000000000026424                gecko_cmd_hardware_read_adc_channel
                0x0000000000026454                gecko_cmd_hardware_config_adc_reference
                0x0000000000026480                gecko_cmd_hardware_configure_gpio
                0x00000000000264b4                gecko_cmd_hardware_write_gpio
                0x0000000000026518                gecko_cmd_hardware_read_gpio
                0x0000000000026578                gecko_cmd_hardware_set_uart_configuration
                0x00000000000265f0                clock_outputs_init
                0x0000000000026638                bgapi_hardware_init
 .text          0x0000000000026688      0x1d0 /Applications/Simplicity Studio.app/Contents/Eclipse/developer/stacks/blehomekit/v1.1.0//protocol/bluetooth_2.3/lib/EFR32BG1B/GCC/bgapi.a(bgapi_hardware.c.obj)
                0x0000000000026688                soft_timer_comparison
                0x000000000002671c                bgapi_hardware_soft_timer_listener
                0x000000000002675c                lib_hardware_handler_init
                0x0000000000026770                gecko_cmd_hardware_set_soft_timer
                0x00000000000267b0                gecko_cmd_hardware_set_lazy_soft_timer
                0x00000000000267f0                gecko_cmd_hardware_get_time
                0x0000000000026824                gecko_cmd_hardware_enable_dcdc
 .text          0x0000000000026858      0x200 /Applications/Simplicity Studio.app/Contents/Eclipse/developer/stacks/blehomekit/v1.1.0//protocol/bluetooth_2.3/lib/EFR32BG1B/GCC/bgapi.a(bgapi_test_lib.c.obj)
                0x0000000000026858                lib_test_handler_init
                0x000000000002685a                disable_interrupts
                0x000000000002687e                gecko_cmd_test_dtm_tx
                0x00000000000268b0                gecko_cmd_test_dtm_rx
                0x00000000000268e0                gecko_cmd_test_dtm_end
                0x000000000002690c                gecko_cmd_test_debug_command
                0x00000000000269dc                gecko_cmd_test_debug_counter
 .text          0x0000000000026a58      0x158 /Applications/Simplicity Studio.app/Contents/Eclipse/developer/stacks/blehomekit/v1.1.0//protocol/bluetooth_2.3/lib/EFR32BG1B/GCC/bgapi.a(bgapi_util.c.obj)
                0x0000000000026a90                lib_util_handler_init
                0x0000000000026a92                gecko_cmd_util_atoi
                0x0000000000026ae8                gecko_cmd_util_itoa
 .text          0x0000000000026bb0       0x8c /Applications/Simplicity Studio.app/Contents/Eclipse/developer/stacks/blehomekit/v1.1.0//protocol/bluetooth_2.3/lib/EFR32BG1B/GCC/bgapi.a(bgapi_dfu.c.obj)
                0x0000000000026bb0                lib_dfu_handler_init
                0x0000000000026bb2                gecko_cmd_dfu_reset
                0x0000000000026bb8                gecko_cmd_dfu_flash_set_address
                0x0000000000026be4                gecko_cmd_dfu_flash_upload
                0x0000000000026c10                gecko_cmd_dfu_flash_upload_finish
 .text          0x0000000000026c3c      0x308 /Applications/Simplicity Studio.app/Contents/Eclipse/developer/stacks/blehomekit/v1.1.0//protocol/bluetooth_2.3/lib/EFR32BG1B/GCC/bgapi.a(bgapi_gap.c.obj)
                0x0000000000026c3c                lib_le_gap_handler_init
                0x0000000000026c3e                gecko_cmd_le_gap_set_mode
                0x0000000000026c84                gecko_cmd_le_gap_bt5_set_mode
                0x0000000000026cc4                gecko_cmd_le_gap_set_adv_data
                0x0000000000026cf8                gecko_cmd_le_gap_bt5_set_adv_data
                0x0000000000026d2c                gecko_cmd_le_gap_set_adv_timeout
                0x0000000000026d80                gecko_cmd_le_gap_open
                0x0000000000026de8                gecko_cmd_le_gap_discover
                0x0000000000026e14                gecko_cmd_le_gap_end_procedure
                0x0000000000026e40                gecko_cmd_le_gap_set_adv_parameters
                0x0000000000026e74                gecko_cmd_le_gap_bt5_set_adv_parameters
                0x0000000000026eb0                gecko_cmd_le_gap_set_scan_parameters
                0x0000000000026ee0                gecko_cmd_le_gap_set_conn_parameters
                0x0000000000026f18                gecko_cmd_le_gap_set_phy
 .text          0x0000000000026f44      0x644 /Applications/Simplicity Studio.app/Contents/Eclipse/developer/stacks/blehomekit/v1.1.0//protocol/bluetooth_2.3/lib/EFR32BG1B/GCC/bgapi.a(bgapi_gatt_lib.c.obj)
                0x0000000000026f44                lib_gatt_handler_init
                0x0000000000026f46                lib_gatt_server_handler_init
                0x0000000000026f48                gecko_cmd_gatt_set_max_mtu
                0x0000000000026f84                gecko_cmd_gatt_discover_primary_services
                0x0000000000026fb4                gecko_cmd_gatt_discover_primary_services_by_uuid
                0x0000000000026ff0                gecko_cmd_gatt_find_included_services
                0x0000000000027024                gecko_cmd_gatt_discover_characteristics
                0x0000000000027058                gecko_cmd_gatt_discover_characteristics_by_uuid
                0x0000000000027098                gecko_cmd_gatt_read_characteristic_value
                0x00000000000270d0                gecko_cmd_gatt_read_characteristic_value_from_offset
                0x000000000002710c                gecko_cmd_gatt_read_characteristic_value_by_uuid
                0x000000000002714c                gecko_cmd_gatt_read_multiple_characteristic_values
                0x0000000000027180                gecko_cmd_gatt_write_characteristic_value
                0x00000000000271b8                gecko_cmd_gatt_write_characteristic_value_without_response
                0x00000000000271fc                gecko_cmd_gatt_prepare_characteristic_value_write
                0x000000000002724c                gecko_cmd_gatt_execute_characteristic_value_write
                0x0000000000027280                gecko_cmd_gatt_set_characteristic_notification
                0x00000000000272b8                gecko_cmd_gatt_discover_descriptors
                0x00000000000272ec                gecko_cmd_gatt_read_descriptor_value
                0x0000000000027320                gecko_cmd_gatt_write_descriptor_value
                0x0000000000027358                gecko_cmd_gatt_server_read_attribute_value
                0x00000000000273a0                gecko_cmd_gatt_server_read_attribute_type
                0x00000000000273e4                gecko_cmd_gatt_server_find_attribute
                0x0000000000027420                gecko_cmd_gatt_server_write_attribute_value
                0x0000000000027454                gecko_cmd_gatt_server_send_user_read_response
                0x00000000000274a4                gecko_cmd_gatt_server_send_user_write_response
                0x00000000000274dc                gecko_cmd_gatt_server_send_characteristic_notification
                0x0000000000027528                gecko_cmd_gatt_send_characteristic_confirmation
                0x0000000000027558                gecko_cmd_gatt_server_set_database
 .text          0x0000000000027588      0x17c /Applications/Simplicity Studio.app/Contents/Eclipse/developer/stacks/blehomekit/v1.1.0//protocol/bluetooth_2.3/lib/EFR32BG1B/GCC/bgapi.a(bgapi_ps.c.obj)
                0x0000000000027588                lib_flash_handler_init
                0x000000000002758a                gecko_cmd_flash_ps_dump
                0x0000000000027620                gecko_cmd_flash_ps_erase_all
                0x0000000000027650                gecko_cmd_flash_ps_save
                0x000000000002768c                gecko_cmd_flash_ps_load
                0x00000000000276d0                gecko_cmd_flash_ps_erase
 .text          0x0000000000027704      0x3cc /Applications/Simplicity Studio.app/Contents/Eclipse/developer/stacks/blehomekit/v1.1.0//protocol/bluetooth_2.3/lib/EFR32BG1B/GCC/bgapi.a(bgapi_sm.c.obj)
                0x00000000000277cc                lib_sm_handler_init
                0x00000000000277e0                gecko_cmd_sm_list_all_bondings
                0x0000000000027818                gecko_cmd_sm_increase_security
                0x0000000000027848                gecko_cmd_sm_set_bondable_mode
                0x0000000000027874                gecko_cmd_sm_delete_bonding
                0x00000000000278a4                gecko_cmd_sm_delete_bondings
                0x00000000000278d4                gecko_cmd_sm_configure
                0x0000000000027904                gecko_cmd_sm_enter_passkey
                0x0000000000027938                gecko_cmd_sm_set_passkey
                0x0000000000027964                gecko_cmd_sm_passkey_confirm
                0x0000000000027998                gecko_cmd_sm_set_oob_data
                0x00000000000279c8                gecko_cmd_sm_set_sc_remote_oob_data
                0x00000000000279f8                gecko_cmd_sm_use_sc_oob
                0x0000000000027a38                gecko_cmd_sm_store_bonding_configuration
                0x0000000000027a6c                gecko_cmd_sm_bonding_confirm
                0x0000000000027aa0                gecko_cmd_sm_set_debug_mode
 .text          0x0000000000027ad0      0x114 /Applications/Simplicity Studio.app/Contents/Eclipse/developer/stacks/blehomekit/v1.1.0//protocol/bluetooth_2.3/lib/EFR32BG1B/GCC/bgapi.a(bgapi_system.c.obj)
                0x0000000000027ad0                lib_system_handler_init
                0x0000000000027ad2                gecko_cmd_system_get_bt_address
                0x0000000000027b08                gecko_cmd_system_get_random_data
                0x0000000000027b50                gecko_cmd_system_halt
                0x0000000000027b84                gecko_cmd_system_set_tx_power
                0x0000000000027bb4                gecko_cmd_system_hello
                0x0000000000027bdc                gecko_cmd_system_reset
 .text          0x0000000000027be4      0x1ac /Applications/Simplicity Studio.app/Contents/Eclipse/developer/stacks/blehomekit/v1.1.0//protocol/bluetooth_2.3/lib/EFR32BG1B/GCC/bgapi.a(bgapi_endpoint.c.obj)
                0x0000000000027be4                lib_endpoint_handler_init
                0x0000000000027be6                gecko_cmd_endpoint_send
                0x0000000000027c90                gecko_cmd_endpoint_set_streaming_destination
                0x0000000000027ce8                gecko_cmd_endpoint_close
                0x0000000000027d44                gecko_cmd_endpoint_set_flags
                0x0000000000027d46                gecko_cmd_endpoint_clr_flags
                0x0000000000027d48                gecko_cmd_endpoint_read_counters
 .text          0x0000000000027d90      0x104 /Applications/Simplicity Studio.app/Contents/Eclipse/developer/stacks/blehomekit/v1.1.0//protocol/bluetooth_2.3/lib/EFR32BG1B/GCC/bgapi.a(bgapi_le_connection.c.obj)
                0x0000000000027d90                lib_le_connection_handler_init
                0x0000000000027d92                gecko_cmd_le_connection_set_parameters
                0x0000000000027de0                gecko_cmd_le_connection_get_rssi
                0x0000000000027e10                gecko_cmd_le_connection_disable_slave_latency
                0x0000000000027e58                gecko_cmd_le_connection_set_phy
 .text          0x0000000000027e94      0x220 /Applications/Simplicity Studio.app/Contents/Eclipse/developer/stacks/blehomekit/v1.1.0//protocol/bluetooth_2.3/lib/EFR32BG1B/GCC/bgapi.a(uart_endpoint.c.obj)
                0x0000000000027ef4                uart_output_available
                0x0000000000027ef8                uart_transparent_input
                0x0000000000027f36                uart_endpoint_func
                0x0000000000027fea                uart_change_flags
                0x0000000000027ff8                init_uart_endpoints
 .text          0x00000000000280b4      0x17c /Applications/Simplicity Studio.app/Contents/Eclipse/developer/stacks/blehomekit/v1.1.0//protocol/bluetooth_2.3/lib/EFR32BG1B/GCC/bgapi.a(bgapi_endpoint.c.obj)
                0x00000000000281e0                init_bgapi_endpoints
 .text          0x0000000000028230       0xc8 /Applications/Simplicity Studio.app/Contents/Eclipse/developer/stacks/blehomekit/v1.1.0//protocol/bluetooth_2.3/lib/EFR32BG1B/GCC/bgapi.a(adc.c.obj)
                0x0000000000028230                adc_read_channel
                0x0000000000028260                adc_read_port
                0x0000000000028270                adc_config_reference
                0x00000000000282a4                adc_init
 .text          0x00000000000282f8      0x160 /Applications/Simplicity Studio.app/Contents/Eclipse/developer/stacks/blehomekit/v1.1.0//protocol/bluetooth_2.3/lib/EFR32BG1B/GCC/bgapi.a(gpio.c.obj)
                0x0000000000028370                gpio_location_to_port
                0x0000000000028380                gpio_location_to_pin_index
                0x0000000000028394                gpios_init
 .text          0x0000000000028458      0x218 /Applications/Simplicity Studio.app/Contents/Eclipse/developer/stacks/blehomekit/v1.1.0//protocol/bluetooth_2.3/lib/EFR32BG1B/GCC/bgapi.a(i2c.c.obj)
                0x0000000000028458                i2c_init
                0x00000000000284e4                i2c_stop
                0x0000000000028504                i2c_reset
                0x0000000000028524                i2c_read
                0x00000000000285d0                i2c_write
 .text          0x0000000000028670      0x160 /Applications/Simplicity Studio.app/Contents/Eclipse/developer/stacks/blehomekit/v1.1.0//protocol/bluetooth_2.3/lib/EFR32BG1B/GCC/bgapi.a(sleep_signal.c.obj)
                0x00000000000286a0                sleep_signal_init
                0x0000000000028700                sleep_signal_update
                0x000000000002876c                host_wakeup_signal_init
                0x00000000000287a8                host_wakeup_signal_update
 .text          0x00000000000287d0      0x89c /Applications/Simplicity Studio.app/Contents/Eclipse/developer/stacks/blehomekit/v1.1.0//protocol/bluetooth_2.3/lib/EFR32BG1B/GCC/bgapi.a(uart.c.obj)
                0x00000000000287d0                LEUART0_IRQGeckoHandler
                0x00000000000287d2                USART1_TX_IRQGeckoHandler
                0x00000000000288fc                USART0_TX_IRQGeckoHandler
                0x0000000000028aac                USART1_RX_IRQGeckoHandler
                0x0000000000028ab8                USART0_RX_IRQGeckoHandler
                0x0000000000028ad8                uart_update
                0x0000000000028af0                uart_configure
                0x0000000000028bc4                uart_event_register
                0x0000000000028bd4                uarts_init
                0x0000000000028f58                uart_get_flags
                0x0000000000028f68                uart_write_bgbuf
                0x0000000000028fa8                uart_read_bgbuf
                0x0000000000029030                uart_sleep
 .text          0x000000000002906c       0x30 /Applications/Simplicity Studio.app/Contents/Eclipse/developer/toolchains/gnu_arm/4.9_2015q3/bin/../lib/gcc/arm-none-eabi/4.9.3/armv7e-m/softfp/libgcc.a(_aeabi_uldivmod.o)
                0x000000000002906c                __aeabi_uldivmod
 .text          0x000000000002909c       0x60 /Applications/Simplicity Studio.app/Contents/Eclipse/developer/toolchains/gnu_arm/4.9_2015q3/bin/../lib/gcc/arm-none-eabi/4.9.3/armv7e-m/softfp/libgcc.a(bpabi.o)
                0x000000000002909c                __gnu_ldivmod_helper
                0x00000000000290cc                __gnu_uldivmod_helper
 .text          0x00000000000290fc        0x4 /Applications/Simplicity Studio.app/Contents/Eclipse/developer/toolchains/gnu_arm/4.9_2015q3/bin/../lib/gcc/arm-none-eabi/4.9.3/armv7e-m/softfp/libgcc.a(_dvmd_tls.o)
                0x00000000000290fc                __aeabi_ldiv0
                0x00000000000290fc                __aeabi_idiv0
 .text          0x0000000000029100      0x29c /Applications/Simplicity Studio.app/Contents/Eclipse/developer/toolchains/gnu_arm/4.9_2015q3/bin/../lib/gcc/arm-none-eabi/4.9.3/armv7e-m/softfp/libgcc.a(_divdi3.o)
                0x0000000000029100                __divdi3
 .text          0x000000000002939c      0x26c /Applications/Simplicity Studio.app/Contents/Eclipse/developer/toolchains/gnu_arm/4.9_2015q3/bin/../lib/gcc/arm-none-eabi/4.9.3/armv7e-m/softfp/libgcc.a(_udivdi3.o)
                0x000000000002939c                __udivdi3
 .text.exit     0x0000000000029608       0x20 /Applications/Simplicity Studio.app/Contents/Eclipse/developer/toolchains/gnu_arm/4.9_2015q3/bin/../lib/gcc/arm-none-eabi/4.9.3/../../../../arm-none-eabi/lib/armv7e-m/softfp/libc.a(lib_a-exit.o)
                0x0000000000029608                exit
 .text.__libc_init_array
                0x0000000000029628       0x50 /Applications/Simplicity Studio.app/Contents/Eclipse/developer/toolchains/gnu_arm/4.9_2015q3/bin/../lib/gcc/arm-none-eabi/4.9.3/../../../../arm-none-eabi/lib/armv7e-m/softfp/libc.a(lib_a-init.o)
                0x0000000000029628                __libc_init_array
 .text          0x0000000000029678      0x134 /Applications/Simplicity Studio.app/Contents/Eclipse/developer/toolchains/gnu_arm/4.9_2015q3/bin/../lib/gcc/arm-none-eabi/4.9.3/../../../../arm-none-eabi/lib/armv7e-m/softfp/libc.a(lib_a-memcpy.o)
                0x0000000000029678                memcpy
 .text.memset   0x00000000000297ac       0x9c /Applications/Simplicity Studio.app/Contents/Eclipse/developer/toolchains/gnu_arm/4.9_2015q3/bin/../lib/gcc/arm-none-eabi/4.9.3/../../../../arm-none-eabi/lib/armv7e-m/softfp/libc.a(lib_a-memset.o)
                0x00000000000297ac                memset
 .text.startup.register_fini
                0x0000000000029848       0x14 /Applications/Simplicity Studio.app/Contents/Eclipse/developer/toolchains/gnu_arm/4.9_2015q3/bin/../lib/gcc/arm-none-eabi/4.9.3/../../../../arm-none-eabi/lib/armv7e-m/softfp/libc.a(lib_a-__call_atexit.o)
 .text.__call_exitprocs
                0x000000000002985c       0xd4 /Applications/Simplicity Studio.app/Contents/Eclipse/developer/toolchains/gnu_arm/4.9_2015q3/bin/../lib/gcc/arm-none-eabi/4.9.3/../../../../arm-none-eabi/lib/armv7e-m/softfp/libc.a(lib_a-__call_atexit.o)
                0x000000000002985c                __call_exitprocs
 .text.atexit   0x0000000000029930        0xc /Applications/Simplicity Studio.app/Contents/Eclipse/developer/toolchains/gnu_arm/4.9_2015q3/bin/../lib/gcc/arm-none-eabi/4.9.3/../../../../arm-none-eabi/lib/armv7e-m/softfp/libc.a(lib_a-atexit.o)
                0x0000000000029930                atexit
 .text.__libc_fini_array
                0x000000000002993c       0x2c /Applications/Simplicity Studio.app/Contents/Eclipse/developer/toolchains/gnu_arm/4.9_2015q3/bin/../lib/gcc/arm-none-eabi/4.9.3/../../../../arm-none-eabi/lib/armv7e-m/softfp/libc.a(lib_a-fini.o)
                0x000000000002993c                __libc_fini_array
 .text.__register_exitproc
                0x0000000000029968       0xa4 /Applications/Simplicity Studio.app/Contents/Eclipse/developer/toolchains/gnu_arm/4.9_2015q3/bin/../lib/gcc/arm-none-eabi/4.9.3/../../../../arm-none-eabi/lib/armv7e-m/softfp/libc.a(lib_a-__atexit.o)
                0x0000000000029968                __register_exitproc
 .text._exit    0x0000000000029a0c        0x4 /Applications/Simplicity Studio.app/Contents/Eclipse/developer/toolchains/gnu_arm/4.9_2015q3/bin/../lib/gcc/arm-none-eabi/4.9.3/../../../../arm-none-eabi/lib/armv7e-m/softfp/libnosys.a(_exit.o)
                0x0000000000029a0c                _exit
 *(.init)
 .init          0x0000000000029a10        0x4 /Applications/Simplicity Studio.app/Contents/Eclipse/developer/toolchains/gnu_arm/4.9_2015q3/bin/../lib/gcc/arm-none-eabi/4.9.3/armv7e-m/softfp/crti.o
                0x0000000000029a10                _init
 .init          0x0000000000029a14        0x8 /Applications/Simplicity Studio.app/Contents/Eclipse/developer/toolchains/gnu_arm/4.9_2015q3/bin/../lib/gcc/arm-none-eabi/4.9.3/armv7e-m/softfp/crtn.o
 *(.fini)
 .fini          0x0000000000029a1c        0x4 /Applications/Simplicity Studio.app/Contents/Eclipse/developer/toolchains/gnu_arm/4.9_2015q3/bin/../lib/gcc/arm-none-eabi/4.9.3/armv7e-m/softfp/crti.o
                0x0000000000029a1c                _fini
 .fini          0x0000000000029a20        0x8 /Applications/Simplicity Studio.app/Contents/Eclipse/developer/toolchains/gnu_arm/4.9_2015q3/bin/../lib/gcc/arm-none-eabi/4.9.3/armv7e-m/softfp/crtn.o
 *crtbegin.o(.ctors)
 *crtbegin?.o(.ctors)
 *(EXCLUDE_FILE(*crtend.o *crtend?.o) .ctors)
 *(SORT(.ctors.*))
 *(.ctors)
 *crtbegin.o(.dtors)
 *crtbegin?.o(.dtors)
 *(EXCLUDE_FILE(*crtend.o *crtend?.o) .dtors)
 *(SORT(.dtors.*))
 *(.dtors)
 *(.rodata*)
 .rodata.ptiInit
                0x0000000000029a28       0x24 ./main.o
 .rodata        0x0000000000029a4c        0x4 ./main.o
 .rodata.config
                0x0000000000029a50       0xe8 ./main.o
 .rodata        0x0000000000029b38       0x47 ./peripherals.o
 *fill*         0x0000000000029b7f        0x1 
 .rodata        0x0000000000029b80        0x4 ./bgapi/dmadrv.o
 .rodata.i2cNSum
                0x0000000000029b84        0x4 ./emlib/em_i2c.o
 .rodata        0x0000000000029b88       0x68 ./src/InitDevice.o
 .rodata        0x0000000000029bf0       0x78 /Applications/Simplicity Studio.app/Contents/Eclipse/developer/stacks/blehomekit/v1.1.0//protocol/bluetooth_2.3/lib/EFR32BG1B/GCC/bgapi.a(gecko_bgapi_hardware.c.obj)
 .rodata        0x0000000000029c68       0x30 /Applications/Simplicity Studio.app/Contents/Eclipse/developer/stacks/blehomekit/v1.1.0//protocol/bluetooth_2.3/lib/EFR32BG1B/GCC/bgapi.a(gecko_bgapi_test.c.obj)
 .rodata        0x0000000000029c98       0x18 /Applications/Simplicity Studio.app/Contents/Eclipse/developer/stacks/blehomekit/v1.1.0//protocol/bluetooth_2.3/lib/EFR32BG1B/GCC/bgapi.a(gecko_bgapi_util.c.obj)
 .rodata        0x0000000000029cb0       0x28 /Applications/Simplicity Studio.app/Contents/Eclipse/developer/stacks/blehomekit/v1.1.0//protocol/bluetooth_2.3/lib/EFR32BG1B/GCC/bgapi.a(gecko_bgapi_dfu.c.obj)
 .rodata        0x0000000000029cd8       0x70 /Applications/Simplicity Studio.app/Contents/Eclipse/developer/stacks/blehomekit/v1.1.0//protocol/bluetooth_2.3/lib/EFR32BG1B/GCC/bgapi.a(gecko_bgapi_gap.c.obj)
 .rodata        0x0000000000029d48       0xa0 /Applications/Simplicity Studio.app/Contents/Eclipse/developer/stacks/blehomekit/v1.1.0//protocol/bluetooth_2.3/lib/EFR32BG1B/GCC/bgapi.a(gecko_bgapi_gatt.c.obj)
 .rodata        0x0000000000029de8       0x48 /Applications/Simplicity Studio.app/Contents/Eclipse/developer/stacks/blehomekit/v1.1.0//protocol/bluetooth_2.3/lib/EFR32BG1B/GCC/bgapi.a(gecko_bgapi_gatt_server.c.obj)
 .rodata        0x0000000000029e30       0x30 /Applications/Simplicity Studio.app/Contents/Eclipse/developer/stacks/blehomekit/v1.1.0//protocol/bluetooth_2.3/lib/EFR32BG1B/GCC/bgapi.a(gecko_bgapi_flash.c.obj)
 .rodata        0x0000000000029e60       0x80 /Applications/Simplicity Studio.app/Contents/Eclipse/developer/stacks/blehomekit/v1.1.0//protocol/bluetooth_2.3/lib/EFR32BG1B/GCC/bgapi.a(gecko_bgapi_sm.c.obj)
 .rodata        0x0000000000029ee0       0x38 /Applications/Simplicity Studio.app/Contents/Eclipse/developer/stacks/blehomekit/v1.1.0//protocol/bluetooth_2.3/lib/EFR32BG1B/GCC/bgapi.a(gecko_bgapi_system.c.obj)
 .rodata        0x0000000000029f18       0x38 /Applications/Simplicity Studio.app/Contents/Eclipse/developer/stacks/blehomekit/v1.1.0//protocol/bluetooth_2.3/lib/EFR32BG1B/GCC/bgapi.a(gecko_bgapi_endpoint.c.obj)
 .rodata        0x0000000000029f50       0x28 /Applications/Simplicity Studio.app/Contents/Eclipse/developer/stacks/blehomekit/v1.1.0//protocol/bluetooth_2.3/lib/EFR32BG1B/GCC/bgapi.a(gecko_bgapi_le_connection.c.obj)
 .rodata        0x0000000000029f78       0x18 /Applications/Simplicity Studio.app/Contents/Eclipse/developer/stacks/blehomekit/v1.1.0//protocol/bluetooth_2.3/lib/EFR32BG1B/GCC/bgapi.a(bgapi_sm.c.obj)
 .rodata        0x0000000000029f90       0x18 /Applications/Simplicity Studio.app/Contents/Eclipse/developer/stacks/blehomekit/v1.1.0//protocol/bluetooth_2.3/lib/EFR32BG1B/GCC/bgapi.a(adc.c.obj)
 .rodata        0x0000000000029fa8       0x40 /Applications/Simplicity Studio.app/Contents/Eclipse/developer/stacks/blehomekit/v1.1.0//protocol/bluetooth_2.3/lib/EFR32BG1B/GCC/bgapi.a(gpio.c.obj)
 .rodata        0x0000000000029fe8       0x10 /Applications/Simplicity Studio.app/Contents/Eclipse/developer/stacks/blehomekit/v1.1.0//protocol/bluetooth_2.3/lib/EFR32BG1B/GCC/bgapi.a(i2c.c.obj)
 .rodata        0x0000000000029ff8       0x60 /Applications/Simplicity Studio.app/Contents/Eclipse/developer/stacks/blehomekit/v1.1.0//protocol/bluetooth_2.3/lib/EFR32BG1B/GCC/bgapi.a(uart.c.obj)
 .rodata.str1.4
                0x000000000002a058        0x4 /Applications/Simplicity Studio.app/Contents/Eclipse/developer/toolchains/gnu_arm/4.9_2015q3/bin/../lib/gcc/arm-none-eabi/4.9.3/../../../../arm-none-eabi/lib/armv7e-m/softfp/libc.a(lib_a-impure.o)
                                          0x2 (size before relaxing)
 .rodata._global_impure_ptr
                0x000000000002a05c        0x4 /Applications/Simplicity Studio.app/Contents/Eclipse/developer/toolchains/gnu_arm/4.9_2015q3/bin/../lib/gcc/arm-none-eabi/4.9.3/../../../../arm-none-eabi/lib/armv7e-m/softfp/libc.a(lib_a-impure.o)
                0x000000000002a05c                _global_impure_ptr
 *(.eh_frame*)
 .eh_frame      0x000000000002a060        0x0 /Applications/Simplicity Studio.app/Contents/Eclipse/developer/toolchains/gnu_arm/4.9_2015q3/bin/../lib/gcc/arm-none-eabi/4.9.3/armv7e-m/softfp/crtbegin.o
 .eh_frame      0x000000000002a060        0x4 /Applications/Simplicity Studio.app/Contents/Eclipse/developer/toolchains/gnu_arm/4.9_2015q3/bin/../lib/gcc/arm-none-eabi/4.9.3/armv7e-m/softfp/crtend.o
                0x000000000002a064                . = ALIGN (0x4)

.glue_7         0x000000000002a064        0x0
 .glue_7        0x0000000000000000        0x0 linker stubs

.glue_7t        0x000000000002a064        0x0
 .glue_7t       0x0000000000000000        0x0 linker stubs

.vfp11_veneer   0x000000000002a064        0x0
 .vfp11_veneer  0x0000000000000000        0x0 linker stubs

.v4_bx          0x000000000002a064        0x0
 .v4_bx         0x0000000000000000        0x0 linker stubs

.iplt           0x000000000002a064        0x0
 .iplt          0x0000000000000000        0x0 /Applications/Simplicity Studio.app/Contents/Eclipse/developer/toolchains/gnu_arm/4.9_2015q3/bin/../lib/gcc/arm-none-eabi/4.9.3/armv7e-m/softfp/crtbegin.o

.igot.plt       0x000000000002a064        0x0
 .igot.plt      0x0000000000000000        0x0 /Applications/Simplicity Studio.app/Contents/Eclipse/developer/toolchains/gnu_arm/4.9_2015q3/bin/../lib/gcc/arm-none-eabi/4.9.3/armv7e-m/softfp/crtbegin.o

.text_app_ARM.extab
 *(.ARM.extab* .gnu.linkonce.armextab.*)
                0x000000000002a064                __exidx_start = .

.text_app_ARM.exidx
                0x000000000002a064        0x8
 *(.ARM.exidx* .gnu.linkonce.armexidx.*)
 .ARM.exidx     0x000000000002a064        0x8 /Applications/Simplicity Studio.app/Contents/Eclipse/developer/toolchains/gnu_arm/4.9_2015q3/bin/../lib/gcc/arm-none-eabi/4.9.3/../../../../arm-none-eabi/lib/armv7e-m/softfp/crt0.o
 .ARM.exidx     0x000000000002a06c        0x0 /Applications/Simplicity Studio.app/Contents/Eclipse/developer/toolchains/gnu_arm/4.9_2015q3/bin/../lib/gcc/arm-none-eabi/4.9.3/armv7e-m/softfp/libgcc.a(_divdi3.o)
                                          0x8 (size before relaxing)
 .ARM.exidx     0x000000000002a06c        0x0 /Applications/Simplicity Studio.app/Contents/Eclipse/developer/toolchains/gnu_arm/4.9_2015q3/bin/../lib/gcc/arm-none-eabi/4.9.3/armv7e-m/softfp/libgcc.a(_udivdi3.o)
                                          0x8 (size before relaxing)
                0x000000000002a06c                __exidx_end = .
                0x000000000002a06c                __etext = .

.rel.dyn        0x000000000002a06c        0x0
 .rel.iplt      0x0000000000000000        0x0 /Applications/Simplicity Studio.app/Contents/Eclipse/developer/toolchains/gnu_arm/4.9_2015q3/bin/../lib/gcc/arm-none-eabi/4.9.3/armv7e-m/softfp/crtbegin.o

.text_app_data  0x0000000020003000      0x480 load address 0x000000000002a06c
                0x0000000020003000                __data_start__ = .
 *(vtable)
 *(.data*)
 .data.bg_gattdb_data_attribute_field_6_data
                0x0000000020003000        0xd ./gatt_db.o
                0x0000000020003000                bg_gattdb_data_attribute_field_6_data
 *fill*         0x000000002000300d        0x3 
 .data.auxHfrcoFreq
                0x0000000020003010        0x4 ./emlib/em_cmu.o
 .data          0x0000000020003014        0x1 /Applications/Simplicity Studio.app/Contents/Eclipse/developer/stacks/blehomekit/v1.1.0//protocol/bluetooth_2.3/lib/EFR32BG1B/GCC/bgapi.a(bgapi_endpoint.c.obj)
 *fill*         0x0000000020003015        0x3 
 .data          0x0000000020003018       0x30 /Applications/Simplicity Studio.app/Contents/Eclipse/developer/stacks/blehomekit/v1.1.0//protocol/bluetooth_2.3/lib/EFR32BG1B/GCC/bgapi.a(adc.c.obj)
 .data.impure_data
                0x0000000020003048      0x428 /Applications/Simplicity Studio.app/Contents/Eclipse/developer/toolchains/gnu_arm/4.9_2015q3/bin/../lib/gcc/arm-none-eabi/4.9.3/../../../../arm-none-eabi/lib/armv7e-m/softfp/libc.a(lib_a-impure.o)
                0x0000000020003470                . = ALIGN (0x4)
 *(.ram)
                0x0000000020003470                . = ALIGN (0x4)
                0x0000000020003470                PROVIDE (__preinit_array_start, .)
 *(.preinit_array)
                0x0000000020003470                PROVIDE (__preinit_array_end, .)
                0x0000000020003470                . = ALIGN (0x4)
                0x0000000020003470                PROVIDE (__init_array_start, .)
 *(SORT(.init_array.*))
 .init_array.00000
                0x0000000020003470        0x4 /Applications/Simplicity Studio.app/Contents/Eclipse/developer/toolchains/gnu_arm/4.9_2015q3/bin/../lib/gcc/arm-none-eabi/4.9.3/../../../../arm-none-eabi/lib/armv7e-m/softfp/libc.a(lib_a-__call_atexit.o)
 *(.init_array)
 .init_array    0x0000000020003474        0x4 /Applications/Simplicity Studio.app/Contents/Eclipse/developer/toolchains/gnu_arm/4.9_2015q3/bin/../lib/gcc/arm-none-eabi/4.9.3/armv7e-m/softfp/crtbegin.o
                0x0000000020003478                PROVIDE (__init_array_end, .)
                0x0000000020003478                . = ALIGN (0x4)
                0x0000000020003478                PROVIDE (__fini_array_start, .)
 *(SORT(.fini_array.*))
 *(.fini_array)
 .fini_array    0x0000000020003478        0x4 /Applications/Simplicity Studio.app/Contents/Eclipse/developer/toolchains/gnu_arm/4.9_2015q3/bin/../lib/gcc/arm-none-eabi/4.9.3/armv7e-m/softfp/crtbegin.o
                0x000000002000347c                PROVIDE (__fini_array_end, .)
 *(.jcr*)
 .jcr           0x000000002000347c        0x0 /Applications/Simplicity Studio.app/Contents/Eclipse/developer/toolchains/gnu_arm/4.9_2015q3/bin/../lib/gcc/arm-none-eabi/4.9.3/armv7e-m/softfp/crtbegin.o
 .jcr           0x000000002000347c        0x4 /Applications/Simplicity Studio.app/Contents/Eclipse/developer/toolchains/gnu_arm/4.9_2015q3/bin/../lib/gcc/arm-none-eabi/4.9.3/armv7e-m/softfp/crtend.o
                0x0000000020003480                . = ALIGN (0x4)
                0x0000000020003480                __data_end__ = .

.bss            0x0000000020003480     0x1cdc load address 0x000000000002a4ec
                0x0000000020003480                . = ALIGN (0x4)
                0x0000000020003480                __bss_start__ = .
 *(.bss*)
 .bss           0x0000000020003480       0x1c /Applications/Simplicity Studio.app/Contents/Eclipse/developer/toolchains/gnu_arm/4.9_2015q3/bin/../lib/gcc/arm-none-eabi/4.9.3/armv7e-m/softfp/crtbegin.o
 .bss.bg_gattdb_data_attribute_field_2_data
                0x000000002000349c        0x4 ./gatt_db.o
                0x000000002000349c                bg_gattdb_data_attribute_field_2_data
 .bss.boot_to_dfu
                0x00000000200034a0        0x1 ./main.o
                0x00000000200034a0                boot_to_dfu
 .bss.desiredDutyCycle
                0x00000000200034a1        0x1 ./peripherals.o
 *fill*         0x00000000200034a2        0x2 
 .bss.leuartif  0x00000000200034a4        0x4 ./peripherals.o
 .bss.UARTbufferctr
                0x00000000200034a8        0x1 ./peripherals.o
 *fill*         0x00000000200034a9        0x3 
 .bss.SOFReceived
                0x00000000200034ac        0x4 ./peripherals.o
                0x00000000200034ac                SOFReceived
 .bss.initialized
                0x00000000200034b0        0x1 ./bgapi/dmadrv.o
 *fill*         0x00000000200034b1        0x3 
 .bss.chTable   0x00000000200034b4       0xa0 ./bgapi/dmadrv.o
 .bss.dmaXfer   0x0000000020003554      0x100 ./bgapi/dmadrv.o
 .bss.errataFixDcdcHsState
                0x0000000020003654        0x4 ./emlib/em_emu.o
 .bss.dcdcMaxCurrent_mA
                0x0000000020003658        0x2 ./emlib/em_emu.o
 .bss.dcdcEm01LoadCurrent_mA
                0x000000002000365a        0x2 ./emlib/em_emu.o
 .bss.dcdcReverseCurrentControl
                0x000000002000365c        0x2 ./emlib/em_emu.o
 .bss           0x000000002000365e      0x100 /Applications/Simplicity Studio.app/Contents/Eclipse/developer/stacks/blehomekit/v1.1.0//protocol/bluetooth_2.3/lib/EFR32BG1B/GCC/bgapi.a(bgapi_hardware_lib.c.obj)
 *fill*         0x000000002000375e        0x2 
 .bss           0x0000000020003760        0x4 /Applications/Simplicity Studio.app/Contents/Eclipse/developer/stacks/blehomekit/v1.1.0//protocol/bluetooth_2.3/lib/EFR32BG1B/GCC/bgapi.a(bgapi_hardware.c.obj)
 .bss           0x0000000020003764       0x10 /Applications/Simplicity Studio.app/Contents/Eclipse/developer/stacks/blehomekit/v1.1.0//protocol/bluetooth_2.3/lib/EFR32BG1B/GCC/bgapi.a(bgapi_util.c.obj)
 .bss           0x0000000020003774        0x2 /Applications/Simplicity Studio.app/Contents/Eclipse/developer/stacks/blehomekit/v1.1.0//protocol/bluetooth_2.3/lib/EFR32BG1B/GCC/bgapi.a(bgapi_gap.c.obj)
                0x0000000020003774                legacy_maxadv_events
 *fill*         0x0000000020003776        0x2 
 .bss           0x0000000020003778        0x4 /Applications/Simplicity Studio.app/Contents/Eclipse/developer/stacks/blehomekit/v1.1.0//protocol/bluetooth_2.3/lib/EFR32BG1B/GCC/bgapi.a(bgapi_sm.c.obj)
 .bss           0x000000002000377c        0xc /Applications/Simplicity Studio.app/Contents/Eclipse/developer/stacks/blehomekit/v1.1.0//protocol/bluetooth_2.3/lib/EFR32BG1B/GCC/bgapi.a(bgapi_endpoint.c.obj)
 .bss           0x0000000020003788        0x4 /Applications/Simplicity Studio.app/Contents/Eclipse/developer/stacks/blehomekit/v1.1.0//protocol/bluetooth_2.3/lib/EFR32BG1B/GCC/bgapi.a(adc.c.obj)
 .bss           0x000000002000378c        0x2 /Applications/Simplicity Studio.app/Contents/Eclipse/developer/stacks/blehomekit/v1.1.0//protocol/bluetooth_2.3/lib/EFR32BG1B/GCC/bgapi.a(i2c.c.obj)
 *fill*         0x000000002000378e        0x2 
 .bss           0x0000000020003790       0x2c /Applications/Simplicity Studio.app/Contents/Eclipse/developer/stacks/blehomekit/v1.1.0//protocol/bluetooth_2.3/lib/EFR32BG1B/GCC/bgapi.a(sleep_signal.c.obj)
                0x00000000200037a4                sleep_signal_mask
                0x00000000200037b8                host_wakeup_signal_mask
 .bss           0x00000000200037bc       0x70 /Applications/Simplicity Studio.app/Contents/Eclipse/developer/stacks/blehomekit/v1.1.0//protocol/bluetooth_2.3/lib/EFR32BG1B/GCC/bgapi.a(uart.c.obj)
 *(COMMON)
 COMMON         0x000000002000382c     0x18d4 ./main.o
                0x000000002000382c                localPWM
                0x0000000020003830                bluetooth_stack_heap
 COMMON         0x0000000020005100       0x4c ./peripherals.o
                0x0000000020005100                UARTObj
                0x0000000020005104                UserGPIOs
                0x0000000020005108                PWMObj
                0x000000002000510c                UARTbuffer
 COMMON         0x000000002000514c        0xc /Applications/Simplicity Studio.app/Contents/Eclipse/developer/stacks/blehomekit/v1.1.0//protocol/bluetooth_2.3/lib/EFR32BG1B/GCC/bgapi.a(uart_endpoint.c.obj)
                0x000000002000514c                uarts
 COMMON         0x0000000020005158        0x1 /Applications/Simplicity Studio.app/Contents/Eclipse/developer/stacks/blehomekit/v1.1.0//protocol/bluetooth_2.3/lib/EFR32BG1B/GCC/bgapi.a(gpio.c.obj)
                0x0000000020005158                gpio_events
                0x000000002000515c                . = ALIGN (0x4)
 *fill*         0x0000000020005159        0x3 
                0x000000002000515c                __bss_end__ = .

.heap           0x0000000020005160      0xc00
                0x0000000020005160                __HeapBase = .
                0x0000000020005160                __end__ = .
                0x0000000020005160                end = __end__
                0x0000000020005160                _end = __end__
 *(.heap*)
 .heap          0x0000000020005160      0xc00 ./device/EFR32_B_1_1_B/gcc/startup_efr32bg1b.o
                0x0000000020005d60                __HeapLimit = .

.stack_dummy    0x0000000020005d60      0x400
 *(.stack*)
 .stack         0x0000000020005d60      0x400 ./device/EFR32_B_1_1_B/gcc/startup_efr32bg1b.o
                0x0000000020007bfc                __StackTop = (ORIGIN (RAM) + 0x4bfc)
                0x00000000200077fc                __StackLimit = (__StackTop - SIZEOF (.stack_dummy))
                0x0000000020007bfc                PROVIDE (__stack, __StackTop)
                0x0000000000000001                ASSERT ((__StackLimit >= __HeapLimit), region RAM overflowed with stack)
OUTPUT(Locoroll-2.axf elf32-littlearm)

.ARM.attributes
                0x0000000000000000       0x2e
 .ARM.attributes
                0x0000000000000000       0x22 /Applications/Simplicity Studio.app/Contents/Eclipse/developer/toolchains/gnu_arm/4.9_2015q3/bin/../lib/gcc/arm-none-eabi/4.9.3/armv7e-m/softfp/crti.o
 .ARM.attributes
                0x0000000000000022       0x32 /Applications/Simplicity Studio.app/Contents/Eclipse/developer/toolchains/gnu_arm/4.9_2015q3/bin/../lib/gcc/arm-none-eabi/4.9.3/armv7e-m/softfp/crtbegin.o
 .ARM.attributes
                0x0000000000000054       0x20 /Applications/Simplicity Studio.app/Contents/Eclipse/developer/toolchains/gnu_arm/4.9_2015q3/bin/../lib/gcc/arm-none-eabi/4.9.3/../../../../arm-none-eabi/lib/armv7e-m/softfp/crt0.o
 .ARM.attributes
                0x0000000000000074       0x37 ./em_timer.o
 .ARM.attributes
                0x00000000000000ab       0x37 ./gatt_db.o
 .ARM.attributes
                0x00000000000000e2       0x37 ./main.o
 .ARM.attributes
                0x0000000000000119       0x37 ./peripherals.o
 .ARM.attributes
                0x0000000000000150       0x37 ./bgapi/dmadrv.o
 .ARM.attributes
                0x0000000000000187       0x37 ./bgapi/em_adc.o
 .ARM.attributes
                0x00000000000001be       0x37 ./bgapi/em_ldma.o
 .ARM.attributes
                0x00000000000001f5       0x37 ./bgapi/em_leuart.o
 .ARM.attributes
                0x000000000000022c       0x37 ./device/EFR32_B_1_1_B/gcc/startup_efr32bg1b.o
 .ARM.attributes
                0x0000000000000263       0x37 ./emlib/em_cmu.o
 .ARM.attributes
                0x000000000000029a       0x37 ./emlib/em_emu.o
 .ARM.attributes
                0x00000000000002d1       0x37 ./emlib/em_gpio.o
 .ARM.attributes
                0x0000000000000308       0x37 ./emlib/em_i2c.o
 .ARM.attributes
                0x000000000000033f       0x37 ./emlib/em_letimer.o
 .ARM.attributes
                0x0000000000000376       0x37 ./emlib/em_rtcc.o
 .ARM.attributes
                0x00000000000003ad       0x37 ./emlib/em_system.o
 .ARM.attributes
                0x00000000000003e4       0x37 ./emlib/em_usart.o
 .ARM.attributes
                0x000000000000041b       0x37 ./src/InitDevice.o
 .ARM.attributes
                0x0000000000000452       0x1c /Applications/Simplicity Studio.app/Contents/Eclipse/developer/stacks/blehomekit/v1.1.0//protocol/bluetooth_2.3/lib/EFR32BG1B/EABI/binstack.o
 .ARM.attributes
                0x000000000000046e       0x37 /Applications/Simplicity Studio.app/Contents/Eclipse/developer/stacks/blehomekit/v1.1.0//protocol/bluetooth_2.3/lib/EFR32BG1B/GCC/bgapi.a(gecko_bgapi_hardware.c.obj)
 .ARM.attributes
                0x00000000000004a5       0x37 /Applications/Simplicity Studio.app/Contents/Eclipse/developer/stacks/blehomekit/v1.1.0//protocol/bluetooth_2.3/lib/EFR32BG1B/GCC/bgapi.a(gecko_bgapi_test.c.obj)
 .ARM.attributes
                0x00000000000004dc       0x37 /Applications/Simplicity Studio.app/Contents/Eclipse/developer/stacks/blehomekit/v1.1.0//protocol/bluetooth_2.3/lib/EFR32BG1B/GCC/bgapi.a(gecko_bgapi_util.c.obj)
 .ARM.attributes
                0x0000000000000513       0x37 /Applications/Simplicity Studio.app/Contents/Eclipse/developer/stacks/blehomekit/v1.1.0//protocol/bluetooth_2.3/lib/EFR32BG1B/GCC/bgapi.a(gecko_bgapi_dfu.c.obj)
 .ARM.attributes
                0x000000000000054a       0x37 /Applications/Simplicity Studio.app/Contents/Eclipse/developer/stacks/blehomekit/v1.1.0//protocol/bluetooth_2.3/lib/EFR32BG1B/GCC/bgapi.a(gecko_bgapi_gap.c.obj)
 .ARM.attributes
                0x0000000000000581       0x37 /Applications/Simplicity Studio.app/Contents/Eclipse/developer/stacks/blehomekit/v1.1.0//protocol/bluetooth_2.3/lib/EFR32BG1B/GCC/bgapi.a(gecko_bgapi_gatt.c.obj)
 .ARM.attributes
                0x00000000000005b8       0x37 /Applications/Simplicity Studio.app/Contents/Eclipse/developer/stacks/blehomekit/v1.1.0//protocol/bluetooth_2.3/lib/EFR32BG1B/GCC/bgapi.a(gecko_bgapi_gatt_server.c.obj)
 .ARM.attributes
                0x00000000000005ef       0x37 /Applications/Simplicity Studio.app/Contents/Eclipse/developer/stacks/blehomekit/v1.1.0//protocol/bluetooth_2.3/lib/EFR32BG1B/GCC/bgapi.a(gecko_bgapi_flash.c.obj)
 .ARM.attributes
                0x0000000000000626       0x37 /Applications/Simplicity Studio.app/Contents/Eclipse/developer/stacks/blehomekit/v1.1.0//protocol/bluetooth_2.3/lib/EFR32BG1B/GCC/bgapi.a(gecko_bgapi_sm.c.obj)
 .ARM.attributes
                0x000000000000065d       0x37 /Applications/Simplicity Studio.app/Contents/Eclipse/developer/stacks/blehomekit/v1.1.0//protocol/bluetooth_2.3/lib/EFR32BG1B/GCC/bgapi.a(gecko_bgapi_system.c.obj)
 .ARM.attributes
                0x0000000000000694       0x37 /Applications/Simplicity Studio.app/Contents/Eclipse/developer/stacks/blehomekit/v1.1.0//protocol/bluetooth_2.3/lib/EFR32BG1B/GCC/bgapi.a(gecko_bgapi_endpoint.c.obj)
 .ARM.attributes
                0x00000000000006cb       0x37 /Applications/Simplicity Studio.app/Contents/Eclipse/developer/stacks/blehomekit/v1.1.0//protocol/bluetooth_2.3/lib/EFR32BG1B/GCC/bgapi.a(gecko_bgapi_le_connection.c.obj)
 .ARM.attributes
                0x0000000000000702       0x37 /Applications/Simplicity Studio.app/Contents/Eclipse/developer/stacks/blehomekit/v1.1.0//protocol/bluetooth_2.3/lib/EFR32BG1B/GCC/bgapi.a(bgapi_hardware_lib.c.obj)
 .ARM.attributes
                0x0000000000000739       0x37 /Applications/Simplicity Studio.app/Contents/Eclipse/developer/stacks/blehomekit/v1.1.0//protocol/bluetooth_2.3/lib/EFR32BG1B/GCC/bgapi.a(bgapi_hardware.c.obj)
 .ARM.attributes
                0x0000000000000770       0x37 /Applications/Simplicity Studio.app/Contents/Eclipse/developer/stacks/blehomekit/v1.1.0//protocol/bluetooth_2.3/lib/EFR32BG1B/GCC/bgapi.a(bgapi_test_lib.c.obj)
 .ARM.attributes
                0x00000000000007a7       0x37 /Applications/Simplicity Studio.app/Contents/Eclipse/developer/stacks/blehomekit/v1.1.0//protocol/bluetooth_2.3/lib/EFR32BG1B/GCC/bgapi.a(bgapi_util.c.obj)
 .ARM.attributes
                0x00000000000007de       0x37 /Applications/Simplicity Studio.app/Contents/Eclipse/developer/stacks/blehomekit/v1.1.0//protocol/bluetooth_2.3/lib/EFR32BG1B/GCC/bgapi.a(bgapi_dfu.c.obj)
 .ARM.attributes
                0x0000000000000815       0x37 /Applications/Simplicity Studio.app/Contents/Eclipse/developer/stacks/blehomekit/v1.1.0//protocol/bluetooth_2.3/lib/EFR32BG1B/GCC/bgapi.a(bgapi_gap.c.obj)
 .ARM.attributes
                0x000000000000084c       0x37 /Applications/Simplicity Studio.app/Contents/Eclipse/developer/stacks/blehomekit/v1.1.0//protocol/bluetooth_2.3/lib/EFR32BG1B/GCC/bgapi.a(bgapi_gatt_lib.c.obj)
 .ARM.attributes
                0x0000000000000883       0x37 /Applications/Simplicity Studio.app/Contents/Eclipse/developer/stacks/blehomekit/v1.1.0//protocol/bluetooth_2.3/lib/EFR32BG1B/GCC/bgapi.a(bgapi_ps.c.obj)
 .ARM.attributes
                0x00000000000008ba       0x37 /Applications/Simplicity Studio.app/Contents/Eclipse/developer/stacks/blehomekit/v1.1.0//protocol/bluetooth_2.3/lib/EFR32BG1B/GCC/bgapi.a(bgapi_sm.c.obj)
 .ARM.attributes
                0x00000000000008f1       0x37 /Applications/Simplicity Studio.app/Contents/Eclipse/developer/stacks/blehomekit/v1.1.0//protocol/bluetooth_2.3/lib/EFR32BG1B/GCC/bgapi.a(bgapi_system.c.obj)
 .ARM.attributes
                0x0000000000000928       0x37 /Applications/Simplicity Studio.app/Contents/Eclipse/developer/stacks/blehomekit/v1.1.0//protocol/bluetooth_2.3/lib/EFR32BG1B/GCC/bgapi.a(bgapi_endpoint.c.obj)
 .ARM.attributes
                0x000000000000095f       0x37 /Applications/Simplicity Studio.app/Contents/Eclipse/developer/stacks/blehomekit/v1.1.0//protocol/bluetooth_2.3/lib/EFR32BG1B/GCC/bgapi.a(bgapi_le_connection.c.obj)
 .ARM.attributes
                0x0000000000000996       0x37 /Applications/Simplicity Studio.app/Contents/Eclipse/developer/stacks/blehomekit/v1.1.0//protocol/bluetooth_2.3/lib/EFR32BG1B/GCC/bgapi.a(uart_endpoint.c.obj)
 .ARM.attributes
                0x00000000000009cd       0x37 /Applications/Simplicity Studio.app/Contents/Eclipse/developer/stacks/blehomekit/v1.1.0//protocol/bluetooth_2.3/lib/EFR32BG1B/GCC/bgapi.a(bgapi_endpoint.c.obj)
 .ARM.attributes
                0x0000000000000a04       0x37 /Applications/Simplicity Studio.app/Contents/Eclipse/developer/stacks/blehomekit/v1.1.0//protocol/bluetooth_2.3/lib/EFR32BG1B/GCC/bgapi.a(adc.c.obj)
 .ARM.attributes
                0x0000000000000a3b       0x37 /Applications/Simplicity Studio.app/Contents/Eclipse/developer/stacks/blehomekit/v1.1.0//protocol/bluetooth_2.3/lib/EFR32BG1B/GCC/bgapi.a(gpio.c.obj)
 .ARM.attributes
                0x0000000000000a72       0x37 /Applications/Simplicity Studio.app/Contents/Eclipse/developer/stacks/blehomekit/v1.1.0//protocol/bluetooth_2.3/lib/EFR32BG1B/GCC/bgapi.a(i2c.c.obj)
 .ARM.attributes
                0x0000000000000aa9       0x37 /Applications/Simplicity Studio.app/Contents/Eclipse/developer/stacks/blehomekit/v1.1.0//protocol/bluetooth_2.3/lib/EFR32BG1B/GCC/bgapi.a(sleep_signal.c.obj)
 .ARM.attributes
                0x0000000000000ae0       0x37 /Applications/Simplicity Studio.app/Contents/Eclipse/developer/stacks/blehomekit/v1.1.0//protocol/bluetooth_2.3/lib/EFR32BG1B/GCC/bgapi.a(uart.c.obj)
 .ARM.attributes
                0x0000000000000b17       0x1c /Applications/Simplicity Studio.app/Contents/Eclipse/developer/stacks/blehomekit/v1.1.0//protocol/bluetooth_2.3/lib/EFR32BG1B/EABI/binbootloader.o
 .ARM.attributes
                0x0000000000000b33       0x22 /Applications/Simplicity Studio.app/Contents/Eclipse/developer/toolchains/gnu_arm/4.9_2015q3/bin/../lib/gcc/arm-none-eabi/4.9.3/armv7e-m/softfp/libgcc.a(_aeabi_uldivmod.o)
 .ARM.attributes
                0x0000000000000b55       0x32 /Applications/Simplicity Studio.app/Contents/Eclipse/developer/toolchains/gnu_arm/4.9_2015q3/bin/../lib/gcc/arm-none-eabi/4.9.3/armv7e-m/softfp/libgcc.a(bpabi.o)
 .ARM.attributes
                0x0000000000000b87       0x22 /Applications/Simplicity Studio.app/Contents/Eclipse/developer/toolchains/gnu_arm/4.9_2015q3/bin/../lib/gcc/arm-none-eabi/4.9.3/armv7e-m/softfp/libgcc.a(_dvmd_tls.o)
 .ARM.attributes
                0x0000000000000ba9       0x32 /Applications/Simplicity Studio.app/Contents/Eclipse/developer/toolchains/gnu_arm/4.9_2015q3/bin/../lib/gcc/arm-none-eabi/4.9.3/armv7e-m/softfp/libgcc.a(_divdi3.o)
 .ARM.attributes
                0x0000000000000bdb       0x32 /Applications/Simplicity Studio.app/Contents/Eclipse/developer/toolchains/gnu_arm/4.9_2015q3/bin/../lib/gcc/arm-none-eabi/4.9.3/armv7e-m/softfp/libgcc.a(_udivdi3.o)
 .ARM.attributes
                0x0000000000000c0d       0x32 /Applications/Simplicity Studio.app/Contents/Eclipse/developer/toolchains/gnu_arm/4.9_2015q3/bin/../lib/gcc/arm-none-eabi/4.9.3/../../../../arm-none-eabi/lib/armv7e-m/softfp/libc.a(lib_a-exit.o)
 .ARM.attributes
                0x0000000000000c3f       0x32 /Applications/Simplicity Studio.app/Contents/Eclipse/developer/toolchains/gnu_arm/4.9_2015q3/bin/../lib/gcc/arm-none-eabi/4.9.3/../../../../arm-none-eabi/lib/armv7e-m/softfp/libc.a(lib_a-impure.o)
 .ARM.attributes
                0x0000000000000c71       0x32 /Applications/Simplicity Studio.app/Contents/Eclipse/developer/toolchains/gnu_arm/4.9_2015q3/bin/../lib/gcc/arm-none-eabi/4.9.3/../../../../arm-none-eabi/lib/armv7e-m/softfp/libc.a(lib_a-init.o)
 .ARM.attributes
                0x0000000000000ca3       0x20 /Applications/Simplicity Studio.app/Contents/Eclipse/developer/toolchains/gnu_arm/4.9_2015q3/bin/../lib/gcc/arm-none-eabi/4.9.3/../../../../arm-none-eabi/lib/armv7e-m/softfp/libc.a(lib_a-memcpy.o)
 .ARM.attributes
                0x0000000000000cc3       0x32 /Applications/Simplicity Studio.app/Contents/Eclipse/developer/toolchains/gnu_arm/4.9_2015q3/bin/../lib/gcc/arm-none-eabi/4.9.3/../../../../arm-none-eabi/lib/armv7e-m/softfp/libc.a(lib_a-memset.o)
 .ARM.attributes
                0x0000000000000cf5       0x32 /Applications/Simplicity Studio.app/Contents/Eclipse/developer/toolchains/gnu_arm/4.9_2015q3/bin/../lib/gcc/arm-none-eabi/4.9.3/../../../../arm-none-eabi/lib/armv7e-m/softfp/libc.a(lib_a-__call_atexit.o)
 .ARM.attributes
                0x0000000000000d27       0x32 /Applications/Simplicity Studio.app/Contents/Eclipse/developer/toolchains/gnu_arm/4.9_2015q3/bin/../lib/gcc/arm-none-eabi/4.9.3/../../../../arm-none-eabi/lib/armv7e-m/softfp/libc.a(lib_a-atexit.o)
 .ARM.attributes
                0x0000000000000d59       0x32 /Applications/Simplicity Studio.app/Contents/Eclipse/developer/toolchains/gnu_arm/4.9_2015q3/bin/../lib/gcc/arm-none-eabi/4.9.3/../../../../arm-none-eabi/lib/armv7e-m/softfp/libc.a(lib_a-fini.o)
 .ARM.attributes
                0x0000000000000d8b       0x32 /Applications/Simplicity Studio.app/Contents/Eclipse/developer/toolchains/gnu_arm/4.9_2015q3/bin/../lib/gcc/arm-none-eabi/4.9.3/../../../../arm-none-eabi/lib/armv7e-m/softfp/libc.a(lib_a-__atexit.o)
 .ARM.attributes
                0x0000000000000dbd       0x32 /Applications/Simplicity Studio.app/Contents/Eclipse/developer/toolchains/gnu_arm/4.9_2015q3/bin/../lib/gcc/arm-none-eabi/4.9.3/../../../../arm-none-eabi/lib/armv7e-m/softfp/libnosys.a(_exit.o)
 .ARM.attributes
                0x0000000000000def       0x32 /Applications/Simplicity Studio.app/Contents/Eclipse/developer/toolchains/gnu_arm/4.9_2015q3/bin/../lib/gcc/arm-none-eabi/4.9.3/armv7e-m/softfp/crtend.o
 .ARM.attributes
                0x0000000000000e21       0x22 /Applications/Simplicity Studio.app/Contents/Eclipse/developer/toolchains/gnu_arm/4.9_2015q3/bin/../lib/gcc/arm-none-eabi/4.9.3/armv7e-m/softfp/crtn.o

.comment        0x0000000000000000       0xde
 .comment       0x0000000000000000       0x70 ./em_timer.o
                                         0x71 (size before relaxing)
 .comment       0x0000000000000000       0x71 ./gatt_db.o
 .comment       0x0000000000000000       0x71 ./main.o
 .comment       0x0000000000000000       0x71 ./peripherals.o
 .comment       0x0000000000000000       0x71 ./bgapi/dmadrv.o
 .comment       0x0000000000000000       0x71 ./bgapi/em_adc.o
 .comment       0x0000000000000000       0x71 ./bgapi/em_ldma.o
 .comment       0x0000000000000000       0x71 ./bgapi/em_leuart.o
 .comment       0x0000000000000000       0x71 ./device/EFR32_B_1_1_B/gcc/startup_efr32bg1b.o
 .comment       0x0000000000000000       0x71 ./emlib/em_cmu.o
 .comment       0x0000000000000000       0x71 ./emlib/em_emu.o
 .comment       0x0000000000000000       0x71 ./emlib/em_gpio.o
 .comment       0x0000000000000000       0x71 ./emlib/em_i2c.o
 .comment       0x0000000000000000       0x71 ./emlib/em_letimer.o
 .comment       0x0000000000000000       0x71 ./emlib/em_rtcc.o
 .comment       0x0000000000000000       0x71 ./emlib/em_system.o
 .comment       0x0000000000000000       0x71 ./emlib/em_usart.o
 .comment       0x0000000000000000       0x71 ./src/InitDevice.o
 .comment       0x0000000000000070       0x6e /Applications/Simplicity Studio.app/Contents/Eclipse/developer/stacks/blehomekit/v1.1.0//protocol/bluetooth_2.3/lib/EFR32BG1B/GCC/bgapi.a(gecko_bgapi_hardware.c.obj)
                                         0x6f (size before relaxing)
 .comment       0x0000000000000000       0x6f /Applications/Simplicity Studio.app/Contents/Eclipse/developer/stacks/blehomekit/v1.1.0//protocol/bluetooth_2.3/lib/EFR32BG1B/GCC/bgapi.a(gecko_bgapi_test.c.obj)
 .comment       0x0000000000000000       0x6f /Applications/Simplicity Studio.app/Contents/Eclipse/developer/stacks/blehomekit/v1.1.0//protocol/bluetooth_2.3/lib/EFR32BG1B/GCC/bgapi.a(gecko_bgapi_util.c.obj)
 .comment       0x0000000000000000       0x6f /Applications/Simplicity Studio.app/Contents/Eclipse/developer/stacks/blehomekit/v1.1.0//protocol/bluetooth_2.3/lib/EFR32BG1B/GCC/bgapi.a(gecko_bgapi_dfu.c.obj)
 .comment       0x0000000000000000       0x6f /Applications/Simplicity Studio.app/Contents/Eclipse/developer/stacks/blehomekit/v1.1.0//protocol/bluetooth_2.3/lib/EFR32BG1B/GCC/bgapi.a(gecko_bgapi_gap.c.obj)
 .comment       0x0000000000000000       0x6f /Applications/Simplicity Studio.app/Contents/Eclipse/developer/stacks/blehomekit/v1.1.0//protocol/bluetooth_2.3/lib/EFR32BG1B/GCC/bgapi.a(gecko_bgapi_gatt.c.obj)
 .comment       0x0000000000000000       0x6f /Applications/Simplicity Studio.app/Contents/Eclipse/developer/stacks/blehomekit/v1.1.0//protocol/bluetooth_2.3/lib/EFR32BG1B/GCC/bgapi.a(gecko_bgapi_gatt_server.c.obj)
 .comment       0x0000000000000000       0x6f /Applications/Simplicity Studio.app/Contents/Eclipse/developer/stacks/blehomekit/v1.1.0//protocol/bluetooth_2.3/lib/EFR32BG1B/GCC/bgapi.a(gecko_bgapi_flash.c.obj)
 .comment       0x0000000000000000       0x6f /Applications/Simplicity Studio.app/Contents/Eclipse/developer/stacks/blehomekit/v1.1.0//protocol/bluetooth_2.3/lib/EFR32BG1B/GCC/bgapi.a(gecko_bgapi_sm.c.obj)
 .comment       0x0000000000000000       0x6f /Applications/Simplicity Studio.app/Contents/Eclipse/developer/stacks/blehomekit/v1.1.0//protocol/bluetooth_2.3/lib/EFR32BG1B/GCC/bgapi.a(gecko_bgapi_system.c.obj)
 .comment       0x0000000000000000       0x6f /Applications/Simplicity Studio.app/Contents/Eclipse/developer/stacks/blehomekit/v1.1.0//protocol/bluetooth_2.3/lib/EFR32BG1B/GCC/bgapi.a(gecko_bgapi_endpoint.c.obj)
 .comment       0x0000000000000000       0x6f /Applications/Simplicity Studio.app/Contents/Eclipse/developer/stacks/blehomekit/v1.1.0//protocol/bluetooth_2.3/lib/EFR32BG1B/GCC/bgapi.a(gecko_bgapi_le_connection.c.obj)
 .comment       0x0000000000000000       0x6f /Applications/Simplicity Studio.app/Contents/Eclipse/developer/stacks/blehomekit/v1.1.0//protocol/bluetooth_2.3/lib/EFR32BG1B/GCC/bgapi.a(bgapi_hardware_lib.c.obj)
 .comment       0x0000000000000000       0x6f /Applications/Simplicity Studio.app/Contents/Eclipse/developer/stacks/blehomekit/v1.1.0//protocol/bluetooth_2.3/lib/EFR32BG1B/GCC/bgapi.a(bgapi_hardware.c.obj)
 .comment       0x0000000000000000       0x6f /Applications/Simplicity Studio.app/Contents/Eclipse/developer/stacks/blehomekit/v1.1.0//protocol/bluetooth_2.3/lib/EFR32BG1B/GCC/bgapi.a(bgapi_test_lib.c.obj)
 .comment       0x0000000000000000       0x6f /Applications/Simplicity Studio.app/Contents/Eclipse/developer/stacks/blehomekit/v1.1.0//protocol/bluetooth_2.3/lib/EFR32BG1B/GCC/bgapi.a(bgapi_util.c.obj)
 .comment       0x0000000000000000       0x6f /Applications/Simplicity Studio.app/Contents/Eclipse/developer/stacks/blehomekit/v1.1.0//protocol/bluetooth_2.3/lib/EFR32BG1B/GCC/bgapi.a(bgapi_dfu.c.obj)
 .comment       0x0000000000000000       0x6f /Applications/Simplicity Studio.app/Contents/Eclipse/developer/stacks/blehomekit/v1.1.0//protocol/bluetooth_2.3/lib/EFR32BG1B/GCC/bgapi.a(bgapi_gap.c.obj)
 .comment       0x0000000000000000       0x6f /Applications/Simplicity Studio.app/Contents/Eclipse/developer/stacks/blehomekit/v1.1.0//protocol/bluetooth_2.3/lib/EFR32BG1B/GCC/bgapi.a(bgapi_gatt_lib.c.obj)
 .comment       0x0000000000000000       0x6f /Applications/Simplicity Studio.app/Contents/Eclipse/developer/stacks/blehomekit/v1.1.0//protocol/bluetooth_2.3/lib/EFR32BG1B/GCC/bgapi.a(bgapi_ps.c.obj)
 .comment       0x0000000000000000       0x6f /Applications/Simplicity Studio.app/Contents/Eclipse/developer/stacks/blehomekit/v1.1.0//protocol/bluetooth_2.3/lib/EFR32BG1B/GCC/bgapi.a(bgapi_sm.c.obj)
 .comment       0x0000000000000000       0x6f /Applications/Simplicity Studio.app/Contents/Eclipse/developer/stacks/blehomekit/v1.1.0//protocol/bluetooth_2.3/lib/EFR32BG1B/GCC/bgapi.a(bgapi_system.c.obj)
 .comment       0x0000000000000000       0x6f /Applications/Simplicity Studio.app/Contents/Eclipse/developer/stacks/blehomekit/v1.1.0//protocol/bluetooth_2.3/lib/EFR32BG1B/GCC/bgapi.a(bgapi_endpoint.c.obj)
 .comment       0x0000000000000000       0x6f /Applications/Simplicity Studio.app/Contents/Eclipse/developer/stacks/blehomekit/v1.1.0//protocol/bluetooth_2.3/lib/EFR32BG1B/GCC/bgapi.a(bgapi_le_connection.c.obj)
 .comment       0x0000000000000000       0x6f /Applications/Simplicity Studio.app/Contents/Eclipse/developer/stacks/blehomekit/v1.1.0//protocol/bluetooth_2.3/lib/EFR32BG1B/GCC/bgapi.a(uart_endpoint.c.obj)
 .comment       0x0000000000000000       0x6f /Applications/Simplicity Studio.app/Contents/Eclipse/developer/stacks/blehomekit/v1.1.0//protocol/bluetooth_2.3/lib/EFR32BG1B/GCC/bgapi.a(bgapi_endpoint.c.obj)