Archive member included because of file (symbol)

/Applications/Simplicity Studio.app/Contents/Eclipse/developer/toolchains/gnu_arm/4.9_2015q3/bin/../lib/gcc/arm-none-eabi/4.9.3/armv7e-m/softfp/libgcc.a(_aeabi_uldivmod.o)
                              ./emlib/em_usart.o (__aeabi_uldivmod)
/Applications/Simplicity Studio.app/Contents/Eclipse/developer/toolchains/gnu_arm/4.9_2015q3/bin/../lib/gcc/arm-none-eabi/4.9.3/armv7e-m/softfp/libgcc.a(bpabi.o)
                              /Applications/Simplicity Studio.app/Contents/Eclipse/developer/toolchains/gnu_arm/4.9_2015q3/bin/../lib/gcc/arm-none-eabi/4.9.3/armv7e-m/softfp/libgcc.a(_aeabi_uldivmod.o) (__gnu_uldivmod_helper)
/Applications/Simplicity Studio.app/Contents/Eclipse/developer/toolchains/gnu_arm/4.9_2015q3/bin/../lib/gcc/arm-none-eabi/4.9.3/armv7e-m/softfp/libgcc.a(_dvmd_tls.o)
                              /Applications/Simplicity Studio.app/Contents/Eclipse/developer/toolchains/gnu_arm/4.9_2015q3/bin/../lib/gcc/arm-none-eabi/4.9.3/armv7e-m/softfp/libgcc.a(_aeabi_uldivmod.o) (__aeabi_ldiv0)
/Applications/Simplicity Studio.app/Contents/Eclipse/developer/toolchains/gnu_arm/4.9_2015q3/bin/../lib/gcc/arm-none-eabi/4.9.3/armv7e-m/softfp/libgcc.a(_divdi3.o)
                              /Applications/Simplicity Studio.app/Contents/Eclipse/developer/toolchains/gnu_arm/4.9_2015q3/bin/../lib/gcc/arm-none-eabi/4.9.3/armv7e-m/softfp/libgcc.a(bpabi.o) (__divdi3)
/Applications/Simplicity Studio.app/Contents/Eclipse/developer/toolchains/gnu_arm/4.9_2015q3/bin/../lib/gcc/arm-none-eabi/4.9.3/armv7e-m/softfp/libgcc.a(_udivdi3.o)
                              /Applications/Simplicity Studio.app/Contents/Eclipse/developer/toolchains/gnu_arm/4.9_2015q3/bin/../lib/gcc/arm-none-eabi/4.9.3/armv7e-m/softfp/libgcc.a(bpabi.o) (__udivdi3)
/Applications/Simplicity Studio.app/Contents/Eclipse/developer/toolchains/gnu_arm/4.9_2015q3/bin/../lib/gcc/arm-none-eabi/4.9.3/../../../../arm-none-eabi/lib/armv7e-m/softfp/libc.a(lib_a-exit.o)
                              /Applications/Simplicity Studio.app/Contents/Eclipse/developer/toolchains/gnu_arm/4.9_2015q3/bin/../lib/gcc/arm-none-eabi/4.9.3/../../../../arm-none-eabi/lib/armv7e-m/softfp/crt0.o (exit)
/Applications/Simplicity Studio.app/Contents/Eclipse/developer/toolchains/gnu_arm/4.9_2015q3/bin/../lib/gcc/arm-none-eabi/4.9.3/../../../../arm-none-eabi/lib/armv7e-m/softfp/libc.a(lib_a-impure.o)
                              /Applications/Simplicity Studio.app/Contents/Eclipse/developer/toolchains/gnu_arm/4.9_2015q3/bin/../lib/gcc/arm-none-eabi/4.9.3/../../../../arm-none-eabi/lib/armv7e-m/softfp/libc.a(lib_a-exit.o) (_global_impure_ptr)
/Applications/Simplicity Studio.app/Contents/Eclipse/developer/toolchains/gnu_arm/4.9_2015q3/bin/../lib/gcc/arm-none-eabi/4.9.3/../../../../arm-none-eabi/lib/armv7e-m/softfp/libc.a(lib_a-init.o)
                              /Applications/Simplicity Studio.app/Contents/Eclipse/developer/toolchains/gnu_arm/4.9_2015q3/bin/../lib/gcc/arm-none-eabi/4.9.3/../../../../arm-none-eabi/lib/armv7e-m/softfp/crt0.o (__libc_init_array)
/Applications/Simplicity Studio.app/Contents/Eclipse/developer/toolchains/gnu_arm/4.9_2015q3/bin/../lib/gcc/arm-none-eabi/4.9.3/../../../../arm-none-eabi/lib/armv7e-m/softfp/libc.a(lib_a-memset.o)
                              /Applications/Simplicity Studio.app/Contents/Eclipse/developer/toolchains/gnu_arm/4.9_2015q3/bin/../lib/gcc/arm-none-eabi/4.9.3/../../../../arm-none-eabi/lib/armv7e-m/softfp/crt0.o (memset)
/Applications/Simplicity Studio.app/Contents/Eclipse/developer/toolchains/gnu_arm/4.9_2015q3/bin/../lib/gcc/arm-none-eabi/4.9.3/../../../../arm-none-eabi/lib/armv7e-m/softfp/libc.a(lib_a-__call_atexit.o)
                              /Applications/Simplicity Studio.app/Contents/Eclipse/developer/toolchains/gnu_arm/4.9_2015q3/bin/../lib/gcc/arm-none-eabi/4.9.3/../../../../arm-none-eabi/lib/armv7e-m/softfp/libc.a(lib_a-exit.o) (__call_exitprocs)
/Applications/Simplicity Studio.app/Contents/Eclipse/developer/toolchains/gnu_arm/4.9_2015q3/bin/../lib/gcc/arm-none-eabi/4.9.3/../../../../arm-none-eabi/lib/armv7e-m/softfp/libc.a(lib_a-atexit.o)
                              /Applications/Simplicity Studio.app/Contents/Eclipse/developer/toolchains/gnu_arm/4.9_2015q3/bin/../lib/gcc/arm-none-eabi/4.9.3/../../../../arm-none-eabi/lib/armv7e-m/softfp/libc.a(lib_a-__call_atexit.o) (atexit)
/Applications/Simplicity Studio.app/Contents/Eclipse/developer/toolchains/gnu_arm/4.9_2015q3/bin/../lib/gcc/arm-none-eabi/4.9.3/../../../../arm-none-eabi/lib/armv7e-m/softfp/libc.a(lib_a-fini.o)
                              /Applications/Simplicity Studio.app/Contents/Eclipse/developer/toolchains/gnu_arm/4.9_2015q3/bin/../lib/gcc/arm-none-eabi/4.9.3/../../../../arm-none-eabi/lib/armv7e-m/softfp/libc.a(lib_a-__call_atexit.o) (__libc_fini_array)
[...]
Memory Configuration

Name             Origin             Length             Attributes
FLASH            0x0000000000000000 0x000000000003f000 xr
RAM              0x0000000020003000 0x0000000000004bfc xrw
*default*        0x0000000000000000 0xffffffffffffffff

Linker script and memory map

LOAD /Applications/Simplicity Studio.app/Contents/Eclipse/developer/toolchains/gnu_arm/4.9_2015q3/bin/../lib/gcc/arm-none-eabi/4.9.3/armv7e-m/softfp/crti.o
LOAD /Applications/Simplicity Studio.app/Contents/Eclipse/developer/toolchains/gnu_arm/4.9_2015q3/bin/../lib/gcc/arm-none-eabi/4.9.3/armv7e-m/softfp/crtbegin.o
LOAD /Applications/Simplicity Studio.app/Contents/Eclipse/developer/toolchains/gnu_arm/4.9_2015q3/bin/../lib/gcc/arm-none-eabi/4.9.3/../../../../arm-none-eabi/lib/armv7e-m/softfp/crt0.o
LOAD ./application_properties.o
LOAD ./ble-callback-stubs.o
LOAD ./ble-callbacks.o
LOAD ./em_timer.o
LOAD ./gatt_db.o
LOAD ./main.o
LOAD ./peripherals.o
LOAD ./bgapi/dmadrv.o
LOAD ./bgapi/em_adc.o
LOAD ./bgapi/em_ldma.o
LOAD ./bgapi/em_leuart.o
LOAD ./device/EFR32_B_1_1_B/gcc/startup_efr32bg1b.o
LOAD ./emlib/em_cmu.o
LOAD ./emlib/em_cryotimer.o
LOAD ./emlib/em_emu.o
LOAD ./emlib/em_gpio.o
LOAD ./emlib/em_i2c.o
LOAD ./emlib/em_msc.o
LOAD ./emlib/em_rtcc.o
LOAD ./emlib/em_system.o
LOAD ./emlib/em_usart.o
LOAD ./kit_flashpwr/BRD4302A/mx25flash_spi.o
LOAD ./src/InitDevice.o
LOAD /Applications/Simplicity Studio.app/Contents/Eclipse/developer/sdks/gecko_sdk_suite/v1.0//protocol/bluetooth_2.3/lib/EFR32BG1B/EABI/binbootloader.o
LOAD /Applications/Simplicity Studio.app/Contents/Eclipse/developer/sdks/gecko_sdk_suite/v1.0//protocol/bluetooth_2.3/lib/EFR32BG1B/GCC/bgapi.a
LOAD /Applications/Simplicity Studio.app/Contents/Eclipse/developer/sdks/gecko_sdk_suite/v1.0//protocol/bluetooth_2.3/lib/EFR32BG1B/EABI/stack.a
LOAD /Applications/Simplicity Studio.app/Contents/Eclipse/developer/sdks/gecko_sdk_suite/v1.0//protocol/bluetooth_2.3/lib/EFR32BG1B/EABI/binstack.o
LOAD /Applications/Simplicity Studio.app/Contents/Eclipse/developer/toolchains/gnu_arm/4.9_2015q3/bin/../lib/gcc/arm-none-eabi/4.9.3/../../../../arm-none-eabi/lib/armv7e-m/softfp/libm.a
START GROUP
LOAD /Applications/Simplicity Studio.app/Contents/Eclipse/developer/toolchains/gnu_arm/4.9_2015q3/bin/../lib/gcc/arm-none-eabi/4.9.3/armv7e-m/softfp/libgcc.a
LOAD /Applications/Simplicity Studio.app/Contents/Eclipse/developer/toolchains/gnu_arm/4.9_2015q3/bin/../lib/gcc/arm-none-eabi/4.9.3/../../../../arm-none-eabi/lib/armv7e-m/softfp/libc.a
LOAD /Applications/Simplicity Studio.app/Contents/Eclipse/developer/toolchains/gnu_arm/4.9_2015q3/bin/../lib/gcc/arm-none-eabi/4.9.3/../../../../arm-none-eabi/lib/armv7e-m/softfp/libnosys.a
END GROUP
START GROUP
LOAD /Applications/Simplicity Studio.app/Contents/Eclipse/developer/toolchains/gnu_arm/4.9_2015q3/bin/../lib/gcc/arm-none-eabi/4.9.3/armv7e-m/softfp/libgcc.a
LOAD /Applications/Simplicity Studio.app/Contents/Eclipse/developer/toolchains/gnu_arm/4.9_2015q3/bin/../lib/gcc/arm-none-eabi/4.9.3/../../../../arm-none-eabi/lib/armv7e-m/softfp/libg.a
LOAD /Applications/Simplicity Studio.app/Contents/Eclipse/developer/toolchains/gnu_arm/4.9_2015q3/bin/../lib/gcc/arm-none-eabi/4.9.3/../../../../arm-none-eabi/lib/armv7e-m/softfp/libc.a
END GROUP
LOAD /Applications/Simplicity Studio.app/Contents/Eclipse/developer/toolchains/gnu_arm/4.9_2015q3/bin/../lib/gcc/arm-none-eabi/4.9.3/armv7e-m/softfp/crtend.o
LOAD /Applications/Simplicity Studio.app/Contents/Eclipse/developer/toolchains/gnu_arm/4.9_2015q3/bin/../lib/gcc/arm-none-eabi/4.9.3/armv7e-m/softfp/crtn.o

.text_bootloader
                0x0000000000000000     0x4000
 *(.binbootloader*)
 .binbootloader
                0x0000000000000000      0x31c /Applications/Simplicity Studio.app/Contents/Eclipse/developer/sdks/gecko_sdk_suite/v1.0//protocol/bluetooth_2.3/lib/EFR32BG1B/EABI/binbootloader.o
                0x0000000000004000                . = ALIGN (0x4000)
 *fill*         0x000000000000031c     0x3ce4 

.text_stack_bin
                0x0000000000004000    0x1d000
 *(.binstack*)
 .binstack      0x0000000000004000    0x1c9e4 /Applications/Simplicity Studio.app/Contents/Eclipse/developer/sdks/gecko_sdk_suite/v1.0//protocol/bluetooth_2.3/lib/EFR32BG1B/EABI/binstack.o
                0x0000000000021000                . = ALIGN (0x800)
 *fill*         0x00000000000209e4      0x61c 
                0x0000000000021000                __text_start__ = .

.text_app       0x0000000000021000     0x2014
 *(.AAT)
 .AAT           0x0000000000021000       0x80 ./main.o
                0x0000000000021000                AppAddressTable
 *(.vectors)
 .vectors       0x0000000000021080       0xc8 ./device/EFR32_B_1_1_B/gcc/startup_efr32bg1b.o
                0x0000000000021080                __Vectors
                0x0000000000021148                __Vectors_End = .
                0x00000000000000c8                __Vectors_Size = (__Vectors_End - __Vectors)
                0x0000000000021148                __end__ = .
 *(.gecko_configuration)
 *(.xo_configuration)
 *(.gatt_header)
 .gatt_header   0x0000000000021148       0x30 ./gatt_db.o
                0x0000000000021148                bg_gattdb_data
 *(.gatt_data)
 .gatt_data     0x0000000000021178      0x38a ./gatt_db.o
                0x0000000000021178                bg_gattdb_data_adv_uuid128_map
                0x0000000000021188                bg_gattdb_data_adv_uuid16_map
                0x000000000002118c                bg_gattdb_data_attributes_dynamic_mapping_map
                0x000000000002119c                bg_gattdb_data_attributes_map
                0x000000000002131c                bg_gattdb_data_attribute_field_0
                0x0000000000021320                bg_gattdb_data_attribute_field_1
                0x0000000000021328                bg_gattdb_data_attribute_field_2
                0x0000000000021330                bg_gattdb_data_attribute_field_4
                0x0000000000021334                bg_gattdb_data_attribute_field_5
                0x000000000002133c                bg_gattdb_data_attribute_field_6
                0x0000000000021344                bg_gattdb_data_attribute_field_7
                0x000000000002134c                bg_gattdb_data_attribute_field_8
                0x0000000000021350                bg_gattdb_data_attribute_field_9
                0x0000000000021354                bg_gattdb_data_attribute_field_10
                0x000000000002135c                bg_gattdb_data_attribute_field_11
                0x000000000002136c                bg_gattdb_data_attribute_field_12
                0x0000000000021374                bg_gattdb_data_attribute_field_13
                0x0000000000021380                bg_gattdb_data_attribute_field_14
                0x0000000000021388                bg_gattdb_data_attribute_field_15
                0x0000000000021390                bg_gattdb_data_attribute_field_16
                0x00000000000213a4                bg_gattdb_data_attribute_field_17
                0x00000000000213bc                bg_gattdb_data_attribute_field_18
                0x00000000000213c4                bg_gattdb_data_attribute_field_20
                0x00000000000213dc                bg_gattdb_data_attribute_field_21
                0x00000000000213e4                bg_gattdb_data_attribute_field_23
                0x00000000000213fc                bg_gattdb_data_attribute_field_24
                0x0000000000021404                bg_gattdb_data_attribute_field_25
                0x000000000002141c                bg_gattdb_data_attribute_field_26
                0x0000000000021424                bg_gattdb_data_attribute_field_27
                0x000000000002143c                bg_gattdb_data_attribute_field_28
                0x0000000000021444                bg_gattdb_data_attribute_field_29
                0x0000000000021458                bg_gattdb_data_attribute_field_30
                0x0000000000021470                bg_gattdb_data_attribute_field_31
                0x0000000000021478                bg_gattdb_data_uuidtable_128_map
                0x00000000000214e8                bg_gattdb_data_uuidtable_16_map
 *(.text*)
 *fill*         0x0000000000021502        0x2 
 .text          0x0000000000021504       0x5c /Applications/Simplicity Studio.app/Contents/Eclipse/developer/toolchains/gnu_arm/4.9_2015q3/bin/../lib/gcc/arm-none-eabi/4.9.3/armv7e-m/softfp/crtbegin.o
 .text          0x0000000000021560       0x74 /Applications/Simplicity Studio.app/Contents/Eclipse/developer/toolchains/gnu_arm/4.9_2015q3/bin/../lib/gcc/arm-none-eabi/4.9.3/../../../../arm-none-eabi/lib/armv7e-m/softfp/crt0.o
                0x0000000000021560                _mainCRTStartup
                0x0000000000021560                _start
 .text.TIMER_Init
                0x00000000000215d4       0xb0 ./em_timer.o
                0x00000000000215d4                TIMER_Init
 .text.TIMER_InitCC
                0x0000000000021684       0x84 ./em_timer.o
                0x0000000000021684                TIMER_InitCC
 .text.startup.main
                0x0000000000021708       0x6c ./main.o
                0x0000000000021708                main
 .text.GPIOHandler
                0x0000000000021774       0x90 ./peripherals.o
                0x0000000000021774                GPIOHandler
 .text.InitPWM1
                0x0000000000021804       0xa0 ./peripherals.o
                0x0000000000021804                InitPWM1
 .text.UpdatePWM1
                0x00000000000218a4       0x18 ./peripherals.o
                0x00000000000218a4                UpdatePWM1
 .text.ChangePWMoutput
                0x00000000000218bc       0x48 ./peripherals.o
                0x00000000000218bc                ChangePWMoutput
 .text.PWMHandler
                0x0000000000021904       0x24 ./peripherals.o
                0x0000000000021904                PWMHandler
 .text.InitLEUART0
                0x0000000000021928       0xa0 ./peripherals.o
                0x0000000000021928                InitLEUART0
 .text.UART_Tx  0x00000000000219c8       0x2c ./peripherals.o
                0x00000000000219c8                UART_Tx
 .text.LEUART0_IRQHandler
                0x00000000000219f4       0x18 ./peripherals.o
                0x00000000000219f4                LEUART0_IRQHandler
 .text.UART_TXHandler
                0x0000000000021a0c       0x38 ./peripherals.o
                0x0000000000021a0c                UART_TXHandler
 .text.UART_RXHandler
                0x0000000000021a44       0x80 ./peripherals.o
                0x0000000000021a44                UART_RXHandler
 .text.LDMA_IRQHandler
                0x0000000000021ac4       0x7c ./bgapi/dmadrv.o
                0x0000000000021ac4                LDMA_IRQHandler
 .text.LEUART_BaudrateSet
                0x0000000000021b40       0x54 ./bgapi/em_leuart.o
                0x0000000000021b40                LEUART_BaudrateSet
 .text.LEUART_Init
                0x0000000000021b94       0x4c ./bgapi/em_leuart.o
                0x0000000000021b94                LEUART_Init
 .text.LEUART_Tx
                0x0000000000021be0       0x18 ./bgapi/em_leuart.o
                0x0000000000021be0                LEUART_Tx
 .text.Default_Handler
                0x0000000000021bf8        0x4 ./device/EFR32_B_1_1_B/gcc/startup_efr32bg1b.o
                0x0000000000021bf8                IDAC0_IRQHandler
                0x0000000000021bf8                USART0_TX_IRQHandler
                0x0000000000021bf8                I2C0_IRQHandler
                0x0000000000021bf8                HardFault_Handler
                0x0000000000021bf8                SysTick_Handler
                0x0000000000021bf8                USART1_RX_IRQHandler
                0x0000000000021bf8                PendSV_Handler
                0x0000000000021bf8                NMI_Handler
                0x0000000000021bf8                SYNTH_IRQHandler
                0x0000000000021bf8                WDOG0_IRQHandler
                0x0000000000021bf8                USART1_TX_IRQHandler
                0x0000000000021bf8                MSC_IRQHandler
                0x0000000000021bf8                ADC0_IRQHandler
                0x0000000000021bf8                UsageFault_Handler
                0x0000000000021bf8                FPUEH_IRQHandler
                0x0000000000021bf8                GPIO_EVEN_IRQHandler
                0x0000000000021bf8                TIMER0_IRQHandler
                0x0000000000021bf8                LETIMER0_IRQHandler
                0x0000000000021bf8                TIMER1_IRQHandler
                0x0000000000021bf8                RFSENSE_IRQHandler
                0x0000000000021bf8                BUFC_IRQHandler
                0x0000000000021bf8                MODEM_IRQHandler
                0x0000000000021bf8                Default_Handler
                0x0000000000021bf8                RAC_SEQ_IRQHandler
                0x0000000000021bf8                FRC_PRI_IRQHandler
                0x0000000000021bf8                EMU_IRQHandler
                0x0000000000021bf8                FRC_IRQHandler
                0x0000000000021bf8                CRYOTIMER_IRQHandler
                0x0000000000021bf8                PCNT0_IRQHandler
                0x0000000000021bf8                AGC_IRQHandler
                0x0000000000021bf8                ACMP0_IRQHandler
                0x0000000000021bf8                USART0_RX_IRQHandler
                0x0000000000021bf8                MemManage_Handler
                0x0000000000021bf8                SVC_Handler
                0x0000000000021bf8                RTCC_IRQHandler
                0x0000000000021bf8                CRYPTO_IRQHandler
                0x0000000000021bf8                CMU_IRQHandler
                0x0000000000021bf8                RAC_RSM_IRQHandler
                0x0000000000021bf8                GPIO_ODD_IRQHandler
                0x0000000000021bf8                PROTIMER_IRQHandler
                0x0000000000021bf8                BusFault_Handler
                0x0000000000021bf8                DebugMon_Handler
 .text.Reset_Handler
                0x0000000000021bfc       0x34 ./device/EFR32_B_1_1_B/gcc/startup_efr32bg1b.o
                0x0000000000021bfc                Reset_Handler
 .text.flashWaitStateMax
                0x0000000000021c30       0x40 ./emlib/em_cmu.o
 .text.CMU_OscillatorTuningSet.part.2
                0x0000000000021c70       0x44 ./emlib/em_cmu.o
 .text.CMU_ClockEnable
                0x0000000000021cb4       0x8c ./emlib/em_cmu.o
                0x0000000000021cb4                CMU_ClockEnable
 .text.CMU_ClockSelectGet
                0x0000000000021d40       0xa4 ./emlib/em_cmu.o
                0x0000000000021d40                CMU_ClockSelectGet
 .text.lfClkGet
                0x0000000000021de4       0x94 ./emlib/em_cmu.o
 .text.CMU_ClockFreqGet
                0x0000000000021e78      0x128 ./emlib/em_cmu.o
                0x0000000000021e78                CMU_ClockFreqGet
 .text.CMU_OscillatorTuningWait
                0x0000000000021fa0       0x60 ./emlib/em_cmu.o
                0x0000000000021fa0                CMU_OscillatorTuningWait
 .text.CMU_OscillatorEnable
                0x0000000000022000      0x110 ./emlib/em_cmu.o
                0x0000000000022000                CMU_OscillatorEnable
 .text.CMU_ClockSelectSet
                0x0000000000022110      0x158 ./emlib/em_cmu.o
                0x0000000000022110                CMU_ClockSelectSet
 .text.CMU_HFXOInit
                0x0000000000022268       0xec ./emlib/em_cmu.o
                0x0000000000022268                CMU_HFXOInit
 .text.CMU_LFXOInit
                0x0000000000022354       0x40 ./emlib/em_cmu.o
                0x0000000000022354                CMU_LFXOInit
 .text.currentLimitersUpdate
                0x0000000000022394       0x74 ./emlib/em_emu.o
 .text.EMU_DCDCModeSet
                0x0000000000022408       0x4c ./emlib/em_emu.o
                0x0000000000022408                EMU_DCDCModeSet
 .text.EMU_DCDCOutputVoltageSet
                0x0000000000022454      0x1cc ./emlib/em_emu.o
                0x0000000000022454                EMU_DCDCOutputVoltageSet
 .text.EMU_DCDCOptimizeSlice
                0x0000000000022620       0x94 ./emlib/em_emu.o
                0x0000000000022620                EMU_DCDCOptimizeSlice
 .text.EMU_DCDCLnRcoBandSet
                0x00000000000226b4       0x24 ./emlib/em_emu.o
                0x00000000000226b4                EMU_DCDCLnRcoBandSet
 .text.EMU_DCDCInit
                0x00000000000226d8      0x18c ./emlib/em_emu.o
                0x00000000000226d8                EMU_DCDCInit
 .text.GPIO_PinModeSet
                0x0000000000022864       0x8c ./emlib/em_gpio.o
                0x0000000000022864                GPIO_PinModeSet
 .text.RTCC_Init
                0x00000000000228f0       0x48 ./emlib/em_rtcc.o
                0x00000000000228f0                RTCC_Init
 .text.SYSTEM_ChipRevisionGet
                0x0000000000022938       0x34 ./emlib/em_system.o
                0x0000000000022938                SYSTEM_ChipRevisionGet
 .text.EMU_enter_DefaultMode_from_RESET
                0x000000000002296c       0x54 ./src/InitDevice.o
                0x000000000002296c                EMU_enter_DefaultMode_from_RESET
 .text.CMU_enter_DefaultMode_from_RESET
                0x00000000000229c0      0x114 ./src/InitDevice.o
                0x00000000000229c0                CMU_enter_DefaultMode_from_RESET
 .text.RTCC_enter_DefaultMode_from_RESET
                0x0000000000022ad4       0x44 ./src/InitDevice.o
                0x0000000000022ad4                RTCC_enter_DefaultMode_from_RESET
 .text.PORTIO_enter_DefaultMode_from_RESET
                0x0000000000022b18       0x80 ./src/InitDevice.o
                0x0000000000022b18                PORTIO_enter_DefaultMode_from_RESET
 .text.enter_DefaultMode_from_RESET
                0x0000000000022b98       0x9c ./src/InitDevice.o
                0x0000000000022b98                enter_DefaultMode_from_RESET
 .text.exit     0x0000000000022c34       0x20 /Applications/Simplicity Studio.app/Contents/Eclipse/developer/toolchains/gnu_arm/4.9_2015q3/bin/../lib/gcc/arm-none-eabi/4.9.3/../../../../arm-none-eabi/lib/armv7e-m/softfp/libc.a(lib_a-exit.o)
                0x0000000000022c34                exit
 .text.__libc_init_array
                0x0000000000022c54       0x50 /Applications/Simplicity Studio.app/Contents/Eclipse/developer/toolchains/gnu_arm/4.9_2015q3/bin/../lib/gcc/arm-none-eabi/4.9.3/../../../../arm-none-eabi/lib/armv7e-m/softfp/libc.a(lib_a-init.o)
                0x0000000000022c54                __libc_init_array
 .text.memset   0x0000000000022ca4       0x9c /Applications/Simplicity Studio.app/Contents/Eclipse/developer/toolchains/gnu_arm/4.9_2015q3/bin/../lib/gcc/arm-none-eabi/4.9.3/../../../../arm-none-eabi/lib/armv7e-m/softfp/libc.a(lib_a-memset.o)
                0x0000000000022ca4                memset
 .text.startup.register_fini
                0x0000000000022d40       0x14 /Applications/Simplicity Studio.app/Contents/Eclipse/developer/toolchains/gnu_arm/4.9_2015q3/bin/../lib/gcc/arm-none-eabi/4.9.3/../../../../arm-none-eabi/lib/armv7e-m/softfp/libc.a(lib_a-__call_atexit.o)
 .text.__call_exitprocs
                0x0000000000022d54       0xd4 /Applications/Simplicity Studio.app/Contents/Eclipse/developer/toolchains/gnu_arm/4.9_2015q3/bin/../lib/gcc/arm-none-eabi/4.9.3/../../../../arm-none-eabi/lib/armv7e-m/softfp/libc.a(lib_a-__call_atexit.o)
                0x0000000000022d54                __call_exitprocs
 .text.atexit   0x0000000000022e28        0xc /Applications/Simplicity Studio.app/Contents/Eclipse/developer/toolchains/gnu_arm/4.9_2015q3/bin/../lib/gcc/arm-none-eabi/4.9.3/../../../../arm-none-eabi/lib/armv7e-m/softfp/libc.a(lib_a-atexit.o)
                0x0000000000022e28                atexit
 .text.__libc_fini_array
                0x0000000000022e34       0x2c /Applications/Simplicity Studio.app/Contents/Eclipse/developer/toolchains/gnu_arm/4.9_2015q3/bin/../lib/gcc/arm-none-eabi/4.9.3/../../../../arm-none-eabi/lib/armv7e-m/softfp/libc.a(lib_a-fini.o)
                0x0000000000022e34                __libc_fini_array
 .text.__register_exitproc
                0x0000000000022e60       0xa4 /Applications/Simplicity Studio.app/Contents/Eclipse/developer/toolchains/gnu_arm/4.9_2015q3/bin/../lib/gcc/arm-none-eabi/4.9.3/../../../../arm-none-eabi/lib/armv7e-m/softfp/libc.a(lib_a-__atexit.o)
                0x0000000000022e60                __register_exitproc
 .text._exit    0x0000000000022f04        0x4 /Applications/Simplicity Studio.app/Contents/Eclipse/developer/toolchains/gnu_arm/4.9_2015q3/bin/../lib/gcc/arm-none-eabi/4.9.3/../../../../arm-none-eabi/lib/armv7e-m/softfp/libnosys.a(_exit.o)
                0x0000000000022f04                _exit
 *(.init)
 .init          0x0000000000022f08        0x4 /Applications/Simplicity Studio.app/Contents/Eclipse/developer/toolchains/gnu_arm/4.9_2015q3/bin/../lib/gcc/arm-none-eabi/4.9.3/armv7e-m/softfp/crti.o
                0x0000000000022f08                _init
 .init          0x0000000000022f0c        0x8 /Applications/Simplicity Studio.app/Contents/Eclipse/developer/toolchains/gnu_arm/4.9_2015q3/bin/../lib/gcc/arm-none-eabi/4.9.3/armv7e-m/softfp/crtn.o
 *(.fini)
 .fini          0x0000000000022f14        0x4 /Applications/Simplicity Studio.app/Contents/Eclipse/developer/toolchains/gnu_arm/4.9_2015q3/bin/../lib/gcc/arm-none-eabi/4.9.3/armv7e-m/softfp/crti.o
                0x0000000000022f14                _fini
 .fini          0x0000000000022f18        0x8 /Applications/Simplicity Studio.app/Contents/Eclipse/developer/toolchains/gnu_arm/4.9_2015q3/bin/../lib/gcc/arm-none-eabi/4.9.3/armv7e-m/softfp/crtn.o
 *crtbegin.o(.ctors)
 *crtbegin?.o(.ctors)
 *(EXCLUDE_FILE(*crtend.o *crtend?.o) .ctors)
 *(SORT(.ctors.*))
 *(.ctors)
 *crtbegin.o(.dtors)
 *crtbegin?.o(.dtors)
 *(EXCLUDE_FILE(*crtend.o *crtend?.o) .dtors)
 *(SORT(.dtors.*))
 *(.dtors)
 *(.rodata*)
 .rodata.str1.4
                0x0000000000022f20       0x2b ./main.o
 *fill*         0x0000000000022f4b        0x1 
 .rodata        0x0000000000022f4c       0x18 ./peripherals.o
 .rodata.CSWTCH.45
                0x0000000000022f64        0xc ./emlib/em_cmu.o
 .rodata.CSWTCH.46
                0x0000000000022f70       0x10 ./emlib/em_cmu.o
 .rodata.CSWTCH.47
                0x0000000000022f80       0x10 ./emlib/em_cmu.o
 .rodata.CSWTCH.48
                0x0000000000022f90       0x10 ./emlib/em_cmu.o
 .rodata        0x0000000000022fa0       0x68 ./src/InitDevice.o
 .rodata.str1.4
                0x0000000000023008        0x4 /Applications/Simplicity Studio.app/Contents/Eclipse/developer/toolchains/gnu_arm/4.9_2015q3/bin/../lib/gcc/arm-none-eabi/4.9.3/../../../../arm-none-eabi/lib/armv7e-m/softfp/libc.a(lib_a-impure.o)
                                          0x2 (size before relaxing)
 .rodata._global_impure_ptr
                0x000000000002300c        0x4 /Applications/Simplicity Studio.app/Contents/Eclipse/developer/toolchains/gnu_arm/4.9_2015q3/bin/../lib/gcc/arm-none-eabi/4.9.3/../../../../arm-none-eabi/lib/armv7e-m/softfp/libc.a(lib_a-impure.o)
                0x000000000002300c                _global_impure_ptr
 *(.eh_frame*)
 .eh_frame      0x0000000000023010        0x0 /Applications/Simplicity Studio.app/Contents/Eclipse/developer/toolchains/gnu_arm/4.9_2015q3/bin/../lib/gcc/arm-none-eabi/4.9.3/armv7e-m/softfp/crtbegin.o
 .eh_frame      0x0000000000023010        0x4 /Applications/Simplicity Studio.app/Contents/Eclipse/developer/toolchains/gnu_arm/4.9_2015q3/bin/../lib/gcc/arm-none-eabi/4.9.3/armv7e-m/softfp/crtend.o
                0x0000000000023014                . = ALIGN (0x4)

.glue_7         0x0000000000023014        0x0
 .glue_7        0x0000000000000000        0x0 linker stubs

.glue_7t        0x0000000000023014        0x0
 .glue_7t       0x0000000000000000        0x0 linker stubs

.vfp11_veneer   0x0000000000023014        0x0
 .vfp11_veneer  0x0000000000000000        0x0 linker stubs

.v4_bx          0x0000000000023014        0x0
 .v4_bx         0x0000000000000000        0x0 linker stubs

.iplt           0x0000000000023014        0x0
 .iplt          0x0000000000000000        0x0 /Applications/Simplicity Studio.app/Contents/Eclipse/developer/toolchains/gnu_arm/4.9_2015q3/bin/../lib/gcc/arm-none-eabi/4.9.3/armv7e-m/softfp/crtbegin.o

.igot.plt       0x0000000000023014        0x0
 .igot.plt      0x0000000000000000        0x0 /Applications/Simplicity Studio.app/Contents/Eclipse/developer/toolchains/gnu_arm/4.9_2015q3/bin/../lib/gcc/arm-none-eabi/4.9.3/armv7e-m/softfp/crtbegin.o

.text_app_ARM.extab
 *(.ARM.extab* .gnu.linkonce.armextab.*)
                0x0000000000023014                __exidx_start = .

.text_app_ARM.exidx
                0x0000000000023014        0x8
 *(.ARM.exidx* .gnu.linkonce.armexidx.*)
 .ARM.exidx     0x0000000000023014        0x8 /Applications/Simplicity Studio.app/Contents/Eclipse/developer/toolchains/gnu_arm/4.9_2015q3/bin/../lib/gcc/arm-none-eabi/4.9.3/../../../../arm-none-eabi/lib/armv7e-m/softfp/crt0.o
                0x000000000002301c                __exidx_end = .
                0x000000000002301c                __etext = .

.rel.dyn        0x000000000002301c        0x0
 .rel.iplt      0x0000000000000000        0x0 /Applications/Simplicity Studio.app/Contents/Eclipse/developer/toolchains/gnu_arm/4.9_2015q3/bin/../lib/gcc/arm-none-eabi/4.9.3/armv7e-m/softfp/crtbegin.o

.text_app_data  0x0000000020003000      0x450 load address 0x000000000002301c
                0x0000000020003000                __data_start__ = .
 *(vtable)
 *(.data*)
 .data.bg_gattdb_data_attribute_field_6_data
                0x0000000020003000        0xd ./gatt_db.o
                0x0000000020003000                bg_gattdb_data_attribute_field_6_data
 *fill*         0x000000002000300d        0x3 
 .data.auxHfrcoFreq
                0x0000000020003010        0x4 ./emlib/em_cmu.o
 *fill*         0x0000000020003014        0x4 
 .data.impure_data
                0x0000000020003018      0x428 /Applications/Simplicity Studio.app/Contents/Eclipse/developer/toolchains/gnu_arm/4.9_2015q3/bin/../lib/gcc/arm-none-eabi/4.9.3/../../../../arm-none-eabi/lib/armv7e-m/softfp/libc.a(lib_a-impure.o)
                0x0000000020003440                . = ALIGN (0x4)
 *(.ram)
                0x0000000020003440                . = ALIGN (0x4)
                0x0000000020003440                PROVIDE (__preinit_array_start, .)
 *(.preinit_array)
                0x0000000020003440                PROVIDE (__preinit_array_end, .)
                0x0000000020003440                . = ALIGN (0x4)
                0x0000000020003440                PROVIDE (__init_array_start, .)
 *(SORT(.init_array.*))
 .init_array.00000
                0x0000000020003440        0x4 /Applications/Simplicity Studio.app/Contents/Eclipse/developer/toolchains/gnu_arm/4.9_2015q3/bin/../lib/gcc/arm-none-eabi/4.9.3/../../../../arm-none-eabi/lib/armv7e-m/softfp/libc.a(lib_a-__call_atexit.o)
 *(.init_array)
 .init_array    0x0000000020003444        0x4 /Applications/Simplicity Studio.app/Contents/Eclipse/developer/toolchains/gnu_arm/4.9_2015q3/bin/../lib/gcc/arm-none-eabi/4.9.3/armv7e-m/softfp/crtbegin.o
                0x0000000020003448                PROVIDE (__init_array_end, .)
                0x0000000020003448                . = ALIGN (0x4)
                0x0000000020003448                PROVIDE (__fini_array_start, .)
 *(SORT(.fini_array.*))
 *(.fini_array)
 .fini_array    0x0000000020003448        0x4 /Applications/Simplicity Studio.app/Contents/Eclipse/developer/toolchains/gnu_arm/4.9_2015q3/bin/../lib/gcc/arm-none-eabi/4.9.3/armv7e-m/softfp/crtbegin.o
                0x000000002000344c                PROVIDE (__fini_array_end, .)
 *(.jcr*)
 .jcr           0x000000002000344c        0x0 /Applications/Simplicity Studio.app/Contents/Eclipse/developer/toolchains/gnu_arm/4.9_2015q3/bin/../lib/gcc/arm-none-eabi/4.9.3/armv7e-m/softfp/crtbegin.o
 .jcr           0x000000002000344c        0x4 /Applications/Simplicity Studio.app/Contents/Eclipse/developer/toolchains/gnu_arm/4.9_2015q3/bin/../lib/gcc/arm-none-eabi/4.9.3/armv7e-m/softfp/crtend.o
                0x0000000020003450                . = ALIGN (0x4)
                0x0000000020003450                __data_end__ = .

.bss            0x0000000020003450      0x238 load address 0x000000000002346c
                0x0000000020003450                . = ALIGN (0x4)
                0x0000000020003450                __bss_start__ = .
 *(.bss*)
 .bss           0x0000000020003450       0x1c /Applications/Simplicity Studio.app/Contents/Eclipse/developer/toolchains/gnu_arm/4.9_2015q3/bin/../lib/gcc/arm-none-eabi/4.9.3/armv7e-m/softfp/crtbegin.o
 .bss.bg_gattdb_data_attribute_field_26_data
                0x000000002000346c        0x1 ./gatt_db.o
                0x000000002000346c                bg_gattdb_data_attribute_field_26_data
 *fill*         0x000000002000346d        0x3 
 .bss.bg_gattdb_data_attribute_field_2_data
                0x0000000020003470        0x4 ./gatt_db.o
                0x0000000020003470                bg_gattdb_data_attribute_field_2_data
 .bss.bg_gattdb_data_attribute_field_18_data
                0x0000000020003474        0x1 ./gatt_db.o
                0x0000000020003474                bg_gattdb_data_attribute_field_18_data
 *fill*         0x0000000020003475        0x3 
 .bss.bg_gattdb_data_attribute_field_21_data
                0x0000000020003478        0x1 ./gatt_db.o
                0x0000000020003478                bg_gattdb_data_attribute_field_21_data
 *fill*         0x0000000020003479        0x3 
 .bss.bg_gattdb_data_attribute_field_24_data
                0x000000002000347c        0x1 ./gatt_db.o
                0x000000002000347c                bg_gattdb_data_attribute_field_24_data
 *fill*         0x000000002000347d        0x3 
 .bss.bg_gattdb_data_attribute_field_28_data
                0x0000000020003480        0x2 ./gatt_db.o
                0x0000000020003480                bg_gattdb_data_attribute_field_28_data
 .bss.UARTbufferctr
                0x0000000020003482        0x1 ./peripherals.o
 *fill*         0x0000000020003483        0x1 
 .bss.leuartif  0x0000000020003484        0x4 ./peripherals.o
 .bss.desiredDutyCycle
                0x0000000020003488        0x4 ./peripherals.o
 .bss.SOFReceived
                0x000000002000348c        0x4 ./peripherals.o
                0x000000002000348c                SOFReceived
 .bss.chTable   0x0000000020003490       0xa0 ./bgapi/dmadrv.o
 .bss.dmaXfer   0x0000000020003530      0x100 ./bgapi/dmadrv.o
 .bss.dcdcEm01LoadCurrent_mA
                0x0000000020003630        0x2 ./emlib/em_emu.o
 .bss.dcdcReverseCurrentControl
                0x0000000020003632        0x2 ./emlib/em_emu.o
 .bss.dcdcMaxCurrent_mA
                0x0000000020003634        0x2 ./emlib/em_emu.o
 *fill*         0x0000000020003636        0x2 
 .bss.errataFixDcdcHsState
                0x0000000020003638        0x4 ./emlib/em_emu.o
 *(COMMON)
 COMMON         0x000000002000363c       0x4c ./peripherals.o
                0x000000002000363c                UARTObj
                0x0000000020003640                UserGPIOs
                0x0000000020003644                PWMObj
                0x0000000020003648                UARTbuffer
                0x0000000020003688                . = ALIGN (0x4)
                0x0000000020003688                __bss_end__ = .

.heap           0x0000000020003688      0xc00
                0x0000000020003688                __HeapBase = .
                0x0000000020003688                __end__ = .
                0x0000000020003688                end = __end__
                0x0000000020003688                _end = __end__
 *(.heap*)
 .heap          0x0000000020003688      0xc00 ./device/EFR32_B_1_1_B/gcc/startup_efr32bg1b.o
                0x0000000020004288                __HeapLimit = .

.stack_dummy    0x0000000020004288      0x400
 *(.stack*)
 .stack         0x0000000020004288      0x400 ./device/EFR32_B_1_1_B/gcc/startup_efr32bg1b.o
                0x0000000020007bfc                __StackTop = (ORIGIN (RAM) + 0x4bfc)
                0x00000000200077fc                __StackLimit = (__StackTop - SIZEOF (.stack_dummy))
                0x0000000020007bfc                PROVIDE (__stack, __StackTop)
                0x0000000000000001                ASSERT ((__StackLimit >= __HeapLimit), region RAM overflowed with stack)
OUTPUT(Locoroll-2.axf elf32-littlearm)

.ARM.attributes
                0x0000000000000000       0x2e
 .ARM.attributes
                0x0000000000000000       0x22 /Applications/Simplicity Studio.app/Contents/Eclipse/developer/toolchains/gnu_arm/4.9_2015q3/bin/../lib/gcc/arm-none-eabi/4.9.3/armv7e-m/softfp/crti.o
 .ARM.attributes
                0x0000000000000022       0x32 /Applications/Simplicity Studio.app/Contents/Eclipse/developer/toolchains/gnu_arm/4.9_2015q3/bin/../lib/gcc/arm-none-eabi/4.9.3/armv7e-m/softfp/crtbegin.o
 .ARM.attributes
                0x0000000000000054       0x20 /Applications/Simplicity Studio.app/Contents/Eclipse/developer/toolchains/gnu_arm/4.9_2015q3/bin/../lib/gcc/arm-none-eabi/4.9.3/../../../../arm-none-eabi/lib/armv7e-m/softfp/crt0.o
 .ARM.attributes
                0x0000000000000074       0x37 ./em_timer.o
 .ARM.attributes
                0x00000000000000ab       0x37 ./gatt_db.o
 .ARM.attributes
                0x00000000000000e2       0x37 ./main.o
 .ARM.attributes
                0x0000000000000119       0x37 ./peripherals.o
 .ARM.attributes
                0x0000000000000150       0x37 ./bgapi/dmadrv.o
 .ARM.attributes
                0x0000000000000187       0x37 ./bgapi/em_leuart.o
 .ARM.attributes
                0x00000000000001be       0x37 ./device/EFR32_B_1_1_B/gcc/startup_efr32bg1b.o
 .ARM.attributes
                0x00000000000001f5       0x37 ./emlib/em_cmu.o
 .ARM.attributes
                0x000000000000022c       0x37 ./emlib/em_emu.o
 .ARM.attributes
                0x0000000000000263       0x37 ./emlib/em_gpio.o
 .ARM.attributes
                0x000000000000029a       0x37 ./emlib/em_rtcc.o
 .ARM.attributes
                0x00000000000002d1       0x37 ./emlib/em_system.o
 .ARM.attributes
                0x0000000000000308       0x37 ./src/InitDevice.o
 .ARM.attributes
                0x000000000000033f       0x1c /Applications/Simplicity Studio.app/Contents/Eclipse/developer/sdks/gecko_sdk_suite/v1.0//protocol/bluetooth_2.3/lib/EFR32BG1B/EABI/binbootloader.o
 .ARM.attributes
                0x000000000000035b       0x1c /Applications/Simplicity Studio.app/Contents/Eclipse/developer/sdks/gecko_sdk_suite/v1.0//protocol/bluetooth_2.3/lib/EFR32BG1B/EABI/binstack.o
 .ARM.attributes
                0x0000000000000377       0x32 /Applications/Simplicity Studio.app/Contents/Eclipse/developer/toolchains/gnu_arm/4.9_2015q3/bin/../lib/gcc/arm-none-eabi/4.9.3/../../../../arm-none-eabi/lib/armv7e-m/softfp/libc.a(lib_a-exit.o)
 .ARM.attributes
                0x00000000000003a9       0x32 /Applications/Simplicity Studio.app/Contents/Eclipse/developer/toolchains/gnu_arm/4.9_2015q3/bin/../lib/gcc/arm-none-eabi/4.9.3/../../../../arm-none-eabi/lib/armv7e-m/softfp/libc.a(lib_a-impure.o)
 .ARM.attributes
                0x00000000000003db       0x32 /Applications/Simplicity Studio.app/Contents/Eclipse/developer/toolchains/gnu_arm/4.9_2015q3/bin/../lib/gcc/arm-none-eabi/4.9.3/../../../../arm-none-eabi/lib/armv7e-m/softfp/libc.a(lib_a-init.o)
 .ARM.attributes
                0x000000000000040d       0x32 /Applications/Simplicity Studio.app/Contents/Eclipse/developer/toolchains/gnu_arm/4.9_2015q3/bin/../lib/gcc/arm-none-eabi/4.9.3/../../../../arm-none-eabi/lib/armv7e-m/softfp/libc.a(lib_a-memset.o)
 .ARM.attributes
                0x000000000000043f       0x32 /Applications/Simplicity Studio.app/Contents/Eclipse/developer/toolchains/gnu_arm/4.9_2015q3/bin/../lib/gcc/arm-none-eabi/4.9.3/../../../../arm-none-eabi/lib/armv7e-m/softfp/libc.a(lib_a-__call_atexit.o)
 .ARM.attributes
                0x0000000000000471       0x32 /Applications/Simplicity Studio.app/Contents/Eclipse/developer/toolchains/gnu_arm/4.9_2015q3/bin/../lib/gcc/arm-none-eabi/4.9.3/../../../../arm-none-eabi/lib/armv7e-m/softfp/libc.a(lib_a-atexit.o)
 .ARM.attributes
                0x00000000000004a3       0x32 /Applications/Simplicity Studio.app/Contents/Eclipse/developer/toolchains/gnu_arm/4.9_2015q3/bin/../lib/gcc/arm-none-eabi/4.9.3/../../../../arm-none-eabi/lib/armv7e-m/softfp/libc.a(lib_a-fini.o)
 .ARM.attributes
                0x00000000000004d5       0x32 /Applications/Simplicity Studio.app/Contents/Eclipse/developer/toolchains/gnu_arm/4.9_2015q3/bin/../lib/gcc/arm-none-eabi/4.9.3/../../../../arm-none-eabi/lib/armv7e-m/softfp/libc.a(lib_a-__atexit.o)
 .ARM.attributes
                0x0000000000000507       0x32 /Applications/Simplicity Studio.app/Contents/Eclipse/developer/toolchains/gnu_arm/4.9_2015q3/bin/../lib/gcc/arm-none-eabi/4.9.3/../../../../arm-none-eabi/lib/armv7e-m/softfp/libnosys.a(_exit.o)
 .ARM.attributes
                0x0000000000000539       0x32 /Applications/Simplicity Studio.app/Contents/Eclipse/developer/toolchains/gnu_arm/4.9_2015q3/bin/../lib/gcc/arm-none-eabi/4.9.3/armv7e-m/softfp/crtend.o
 .ARM.attributes
                0x000000000000056b       0x22 /Applications/Simplicity Studio.app/Contents/Eclipse/developer/toolchains/gnu_arm/4.9_2015q3/bin/../lib/gcc/arm-none-eabi/4.9.3/armv7e-m/softfp/crtn.o

.comment        0x0000000000000000       0x70
 .comment       0x0000000000000000       0x70 ./em_timer.o
                                         0x71 (size before relaxing)
 .comment       0x0000000000000000       0x71 ./gatt_db.o
 .comment       0x0000000000000000       0x71 ./main.o
 .comment       0x0000000000000000       0x71 ./peripherals.o
 .comment       0x0000000000000000       0x71 ./bgapi/dmadrv.o
 .comment       0x0000000000000000       0x71 ./bgapi/em_leuart.o
 .comment       0x0000000000000000       0x71 ./device/EFR32_B_1_1_B/gcc/startup_efr32bg1b.o
 .comment       0x0000000000000000       0x71 ./emlib/em_cmu.o
 .comment       0x0000000000000000       0x71 ./emlib/em_emu.o
 .comment       0x0000000000000000       0x71 ./emlib/em_gpio.o
 .comment       0x0000000000000000       0x71 ./emlib/em_rtcc.o
 .comment       0x0000000000000000       0x71 ./emlib/em_system.o
 .comment       0x0000000000000000       0x71 ./src/InitDevice.o

.debug_info     0x0000000000000000    0x160e4
 .debug_info    0x0000000000000000      0x98e ./em_timer.o
 .debug_info    0x000000000000098e      0x6a5 ./gatt_db.o
 .debug_info    0x0000000000001033     0x4940 ./main.o
 .debug_info    0x0000000000005973     0x53c9 ./peripherals.o
 .debug_info    0x000000000000ad3c     0x1851 ./bgapi/dmadrv.o
 .debug_info    0x000000000000c58d      0xa62 ./bgapi/em_leuart.o
 .debug_info    0x000000000000cfef      0x1c0 ./device/EFR32_B_1_1_B/gcc/startup_efr32bg1b.o
 .debug_info    0x000000000000d1af     0x31e1 ./emlib/em_cmu.o
 .debug_info    0x0000000000010390     0x27a6 ./emlib/em_emu.o
 .debug_info    0x0000000000012b36      0xebd ./emlib/em_gpio.o
 .debug_info    0x00000000000139f3      0x6ec ./emlib/em_rtcc.o
 .debug_info    0x00000000000140df      0x26d ./emlib/em_system.o
 .debug_info    0x000000000001434c     0x1d98 ./src/InitDevice.o

.debug_abbrev   0x0000000000000000     0x22c3
 .debug_abbrev  0x0000000000000000      0x1ca ./em_timer.o
 .debug_abbrev  0x00000000000001ca       0xce ./gatt_db.o
 .debug_abbrev  0x0000000000000298      0x23e ./main.o
 .debug_abbrev  0x00000000000004d6      0x4a3 ./peripherals.o
 .debug_abbrev  0x0000000000000979      0x38f ./bgapi/dmadrv.o
 .debug_abbrev  0x0000000000000d08      0x2e6 ./bgapi/em_leuart.o
 .debug_abbrev  0x0000000000000fee      0x104 ./device/EFR32_B_1_1_B/gcc/startup_efr32bg1b.o
 .debug_abbrev  0x00000000000010f2      0x478 ./emlib/em_cmu.o
 .debug_abbrev  0x000000000000156a      0x4a3 ./emlib/em_emu.o
 .debug_abbrev  0x0000000000001a0d      0x2d4 ./emlib/em_gpio.o
 .debug_abbrev  0x0000000000001ce1      0x1e2 ./emlib/em_rtcc.o
 .debug_abbrev  0x0000000000001ec3      0x109 ./emlib/em_system.o
 .debug_abbrev  0x0000000000001fcc      0x2f7 ./src/InitDevice.o

.debug_loc      0x0000000000000000     0x67d5
 .debug_loc     0x0000000000000000      0x18c ./em_timer.o
 .debug_loc     0x000000000000018c       0x56 ./main.o
 .debug_loc     0x00000000000001e2      0x573 ./peripherals.o
 .debug_loc     0x0000000000000755     0x10da ./bgapi/dmadrv.o
 .debug_loc     0x000000000000182f      0x46f ./bgapi/em_leuart.o
 .debug_loc     0x0000000000001c9e       0x4b ./device/EFR32_B_1_1_B/gcc/startup_efr32bg1b.o
 .debug_loc     0x0000000000001ce9     0x27cc ./emlib/em_cmu.o
 .debug_loc     0x00000000000044b5     0x185c ./emlib/em_emu.o
 .debug_loc     0x0000000000005d11      0x798 ./emlib/em_gpio.o
 .debug_loc     0x00000000000064a9       0xdc ./emlib/em_rtcc.o
 .debug_loc     0x0000000000006585       0x91 ./emlib/em_system.o
 .debug_loc     0x0000000000006616      0x1bf ./src/InitDevice.o

.debug_aranges  0x0000000000000000      0x5c0
 .debug_aranges
                0x0000000000000000       0x38 ./em_timer.o
 .debug_aranges
                0x0000000000000038       0x18 ./gatt_db.o
 .debug_aranges
                0x0000000000000050       0x20 ./main.o
 .debug_aranges
                0x0000000000000070       0x80 ./peripherals.o
 .debug_aranges
                0x00000000000000f0       0xa0 ./bgapi/dmadrv.o
 .debug_aranges
                0x0000000000000190       0x80 ./bgapi/em_leuart.o
 .debug_aranges
                0x0000000000000210       0x28 ./device/EFR32_B_1_1_B/gcc/startup_efr32bg1b.o
 .debug_aranges
                0x0000000000000238      0x110 ./emlib/em_cmu.o
 .debug_aranges
                0x0000000000000348       0xf8 ./emlib/em_emu.o
 .debug_aranges
                0x0000000000000440       0x48 ./emlib/em_gpio.o
 .debug_aranges
                0x0000000000000488       0x40 ./emlib/em_rtcc.o
 .debug_aranges
                0x00000000000004c8       0x28 ./emlib/em_system.o
 .debug_aranges
                0x00000000000004f0       0xd0 ./src/InitDevice.o

.debug_ranges   0x0000000000000000     0x1318
 .debug_ranges  0x0000000000000000       0x60 ./em_timer.o
 .debug_ranges  0x0000000000000060       0x10 ./main.o
 .debug_ranges  0x0000000000000070      0x148 ./peripherals.o
 .debug_ranges  0x00000000000001b8       0xa8 ./bgapi/dmadrv.o
 .debug_ranges  0x0000000000000260      0x120 ./bgapi/em_leuart.o
 .debug_ranges  0x0000000000000380       0x18 ./device/EFR32_B_1_1_B/gcc/startup_efr32bg1b.o
 .debug_ranges  0x0000000000000398      0x8b8 ./emlib/em_cmu.o
 .debug_ranges  0x0000000000000c50      0x3c8 ./emlib/em_emu.o
 .debug_ranges  0x0000000000001018      0x180 ./emlib/em_gpio.o
 .debug_ranges  0x0000000000001198       0x70 ./emlib/em_rtcc.o
 .debug_ranges  0x0000000000001208       0x18 ./emlib/em_system.o
 .debug_ranges  0x0000000000001220       0xf8 ./src/InitDevice.o

.debug_line     0x0000000000000000     0x4b92
 .debug_line    0x0000000000000000      0x4ac ./em_timer.o
 .debug_line    0x00000000000004ac      0x1d9 ./gatt_db.o
 .debug_line    0x0000000000000685      0x4d7 ./main.o
 .debug_line    0x0000000000000b5c      0x749 ./peripherals.o
 .debug_line    0x00000000000012a5      0x70f ./bgapi/dmadrv.o
 .debug_line    0x00000000000019b4      0x532 ./bgapi/em_leuart.o
 .debug_line    0x0000000000001ee6      0x1fe ./device/EFR32_B_1_1_B/gcc/startup_efr32bg1b.o
 .debug_line    0x00000000000020e4      0xd7e ./emlib/em_cmu.o
 .debug_line    0x0000000000002e62      0xa59 ./emlib/em_emu.o
 .debug_line    0x00000000000038bb      0x4e8 ./emlib/em_gpio.o
 .debug_line    0x0000000000003da3      0x45e ./emlib/em_rtcc.o
 .debug_line    0x0000000000004201      0x37f ./emlib/em_system.o
 .debug_line    0x0000000000004580      0x612 ./src/InitDevice.o

.debug_str      0x0000000000000000     0xb53b
 .debug_str     0x0000000000000000      0x975 ./em_timer.o
                                        0x9e3 (size before relaxing)
 .debug_str     0x0000000000000975      0x7e1 ./gatt_db.o
                                        0x97d (size before relaxing)
 .debug_str     0x0000000000001156     0x605e ./main.o
                                       0x660e (size before relaxing)
 .debug_str     0x00000000000071b4      0x7dd ./peripherals.o
                                       0x58e9 (size before relaxing)
 .debug_str     0x0000000000007991      0xf37 ./bgapi/dmadrv.o
                                       0x117c (size before relaxing)
 .debug_str     0x00000000000088c8      0x16e ./bgapi/em_leuart.o
                                        0x738 (size before relaxing)
 .debug_str     0x0000000000008a36      0x105 ./device/EFR32_B_1_1_B/gcc/startup_efr32bg1b.o
                                        0x2ba (size before relaxing)
 .debug_str     0x0000000000008b3b      0xf0d ./emlib/em_cmu.o
                                       0x13e3 (size before relaxing)
 .debug_str     0x0000000000009a48      0xe8b ./emlib/em_emu.o
                                       0x1859 (size before relaxing)
 .debug_str     0x000000000000a8d3      0x1ea ./emlib/em_gpio.o
                                        0x840 (size before relaxing)
 .debug_str     0x000000000000aabd      0x5d6 ./emlib/em_rtcc.o
                                        0x808 (size before relaxing)
 .debug_str     0x000000000000b093       0xff ./emlib/em_system.o
                                        0x30d (size before relaxing)
 .debug_str     0x000000000000b192      0x3a9 ./src/InitDevice.o
                                       0x185b (size before relaxing)

.debug_frame    0x0000000000000000     0x1090
 .debug_frame   0x0000000000000000       0xb0 ./em_timer.o
 .debug_frame   0x00000000000000b0       0x30 ./main.o
 .debug_frame   0x00000000000000e0      0x168 ./peripherals.o
 .debug_frame   0x0000000000000248      0x22c ./bgapi/dmadrv.o
 .debug_frame   0x0000000000000474      0x11c ./bgapi/em_leuart.o
 .debug_frame   0x0000000000000590       0x38 ./device/EFR32_B_1_1_B/gcc/startup_efr32bg1b.o
 .debug_frame   0x00000000000005c8      0x2fc ./emlib/em_cmu.o
 .debug_frame   0x00000000000008c4      0x304 ./emlib/em_emu.o
 .debug_frame   0x0000000000000bc8       0xa0 ./emlib/em_gpio.o
 .debug_frame   0x0000000000000c68       0x8c ./emlib/em_rtcc.o
 .debug_frame   0x0000000000000cf4       0x30 ./emlib/em_system.o
 .debug_frame   0x0000000000000d24      0x1ec ./src/InitDevice.o
 .debug_frame   0x0000000000000f10       0x28 /Applications/Simplicity Studio.app/Contents/Eclipse/developer/toolchains/gnu_arm/4.9_2015q3/bin/../lib/gcc/arm-none-eabi/4.9.3/../../../../arm-none-eabi/lib/armv7e-m/softfp/libc.a(lib_a-exit.o)
 .debug_frame   0x0000000000000f38       0x2c /Applications/Simplicity Studio.app/Contents/Eclipse/developer/toolchains/gnu_arm/4.9_2015q3/bin/../lib/gcc/arm-none-eabi/4.9.3/../../../../arm-none-eabi/lib/armv7e-m/softfp/libc.a(lib_a-init.o)
 .debug_frame   0x0000000000000f64       0x34 /Applications/Simplicity Studio.app/Contents/Eclipse/developer/toolchains/gnu_arm/4.9_2015q3/bin/../lib/gcc/arm-none-eabi/4.9.3/../../../../arm-none-eabi/lib/armv7e-m/softfp/libc.a(lib_a-memset.o)
 .debug_frame   0x0000000000000f98       0x50 /Applications/Simplicity Studio.app/Contents/Eclipse/developer/toolchains/gnu_arm/4.9_2015q3/bin/../lib/gcc/arm-none-eabi/4.9.3/../../../../arm-none-eabi/lib/armv7e-m/softfp/libc.a(lib_a-__call_atexit.o)
 .debug_frame   0x0000000000000fe8       0x20 /Applications/Simplicity Studio.app/Contents/Eclipse/developer/toolchains/gnu_arm/4.9_2015q3/bin/../lib/gcc/arm-none-eabi/4.9.3/../../../../arm-none-eabi/lib/armv7e-m/softfp/libc.a(lib_a-atexit.o)
 .debug_frame   0x0000000000001008       0x34 /Applications/Simplicity Studio.app/Contents/Eclipse/developer/toolchains/gnu_arm/4.9_2015q3/bin/../lib/gcc/arm-none-eabi/4.9.3/../../../../arm-none-eabi/lib/armv7e-m/softfp/libc.a(lib_a-fini.o)
 .debug_frame   0x000000000000103c       0x34 /Applications/Simplicity Studio.app/Contents/Eclipse/developer/toolchains/gnu_arm/4.9_2015q3/bin/../lib/gcc/arm-none-eabi/4.9.3/../../../../arm-none-eabi/lib/armv7e-m/softfp/libc.a(lib_a-__atexit.o)
 .debug_frame   0x0000000000001070       0x20 /Applications/Simplicity Studio.app/Contents/Eclipse/developer/toolchains/gnu_arm/4.9_2015q3/bin/../lib/gcc/arm-none-eabi/4.9.3/../../../../arm-none-eabi/lib/armv7e-m/softfp/libnosys.a(_exit.o)
