Archive member included because of file (symbol)

/Applications/Simplicity Studio.app/Contents/Eclipse/developer/sdks/gecko_sdk_suite/v1.0//protocol/bluetooth_2.3/lib/EFR32BG1B/GCC/bgapi.a(gecko_bgapi_hardware.c.obj)
                              ./main.o (gecko_bgapi_class_hardware_init)
/Applications/Simplicity Studio.app/Contents/Eclipse/developer/sdks/gecko_sdk_suite/v1.0//protocol/bluetooth_2.3/lib/EFR32BG1B/GCC/bgapi.a(gecko_bgapi_test.c.obj)
                              ./main.o (gecko_bgapi_class_test_init)
/Applications/Simplicity Studio.app/Contents/Eclipse/developer/sdks/gecko_sdk_suite/v1.0//protocol/bluetooth_2.3/lib/EFR32BG1B/GCC/bgapi.a(gecko_bgapi_util.c.obj)
                              ./main.o (gecko_bgapi_class_util_init)
/Applications/Simplicity Studio.app/Contents/Eclipse/developer/sdks/gecko_sdk_suite/v1.0//protocol/bluetooth_2.3/lib/EFR32BG1B/GCC/bgapi.a(gecko_bgapi_dfu.c.obj)
                              ./main.o (gecko_bgapi_class_dfu_init)
/Applications/Simplicity Studio.app/Contents/Eclipse/developer/sdks/gecko_sdk_suite/v1.0//protocol/bluetooth_2.3/lib/EFR32BG1B/GCC/bgapi.a(gecko_bgapi_gap.c.obj)
                              ./main.o (gecko_bgapi_class_le_gap_init)
/Applications/Simplicity Studio.app/Contents/Eclipse/developer/sdks/gecko_sdk_suite/v1.0//protocol/bluetooth_2.3/lib/EFR32BG1B/GCC/bgapi.a(gecko_bgapi_gatt.c.obj)
                              ./main.o (gecko_bgapi_class_gatt_init)
/Applications/Simplicity Studio.app/Contents/Eclipse/developer/sdks/gecko_sdk_suite/v1.0//protocol/bluetooth_2.3/lib/EFR32BG1B/GCC/bgapi.a(gecko_bgapi_gatt_server.c.obj)
                              ./main.o (gecko_bgapi_class_gatt_server_init)
/Applications/Simplicity Studio.app/Contents/Eclipse/developer/sdks/gecko_sdk_suite/v1.0//protocol/bluetooth_2.3/lib/EFR32BG1B/GCC/bgapi.a(gecko_bgapi_flash.c.obj)
                              ./main.o (gecko_bgapi_class_flash_init)
/Applications/Simplicity Studio.app/Contents/Eclipse/developer/sdks/gecko_sdk_suite/v1.0//protocol/bluetooth_2.3/lib/EFR32BG1B/GCC/bgapi.a(gecko_bgapi_sm.c.obj)
                              ./main.o (gecko_bgapi_class_sm_init)
/Applications/Simplicity Studio.app/Contents/Eclipse/developer/sdks/gecko_sdk_suite/v1.0//protocol/bluetooth_2.3/lib/EFR32BG1B/GCC/bgapi.a(gecko_bgapi_system.c.obj)
                              ./main.o (gecko_bgapi_class_system_init)
/Applications/Simplicity Studio.app/Contents/Eclipse/developer/sdks/gecko_sdk_suite/v1.0//protocol/bluetooth_2.3/lib/EFR32BG1B/GCC/bgapi.a(gecko_bgapi_endpoint.c.obj)
                              ./main.o (gecko_bgapi_class_endpoint_init)
/Applications/Simplicity Studio.app/Contents/Eclipse/developer/sdks/gecko_sdk_suite/v1.0//protocol/bluetooth_2.3/lib/EFR32BG1B/GCC/bgapi.a(gecko_bgapi_le_connection.c.obj)
                              ./main.o (gecko_bgapi_class_le_connection_init)
/Applications/Simplicity Studio.app/Contents/Eclipse/developer/sdks/gecko_sdk_suite/v1.0//protocol/bluetooth_2.3/lib/EFR32BG1B/GCC/bgapi.a(bgapi_hardware_lib.c.obj)
                              /Applications/Simplicity Studio.app/Contents/Eclipse/developer/sdks/gecko_sdk_suite/v1.0//protocol/bluetooth_2.3/lib/EFR32BG1B/GCC/bgapi.a(gecko_bgapi_hardware.c.obj) (gecko_cmd_hardware_read_i2c)
/Applications/Simplicity Studio.app/Contents/Eclipse/developer/sdks/gecko_sdk_suite/v1.0//protocol/bluetooth_2.3/lib/EFR32BG1B/GCC/bgapi.a(bgapi_hardware.c.obj)
                              /Applications/Simplicity Studio.app/Contents/Eclipse/developer/sdks/gecko_sdk_suite/v1.0//protocol/bluetooth_2.3/lib/EFR32BG1B/GCC/bgapi.a(gecko_bgapi_hardware.c.obj) (lib_hardware_handler_init)
/Applications/Simplicity Studio.app/Contents/Eclipse/developer/sdks/gecko_sdk_suite/v1.0//protocol/bluetooth_2.3/lib/EFR32BG1B/GCC/bgapi.a(bgapi_test_lib.c.obj)
                              /Applications/Simplicity Studio.app/Contents/Eclipse/developer/sdks/gecko_sdk_suite/v1.0//protocol/bluetooth_2.3/lib/EFR32BG1B/GCC/bgapi.a(gecko_bgapi_test.c.obj) (lib_test_handler_init)
/Applications/Simplicity Studio.app/Contents/Eclipse/developer/sdks/gecko_sdk_suite/v1.0//protocol/bluetooth_2.3/lib/EFR32BG1B/GCC/bgapi.a(bgapi_util.c.obj)
                              /Applications/Simplicity Studio.app/Contents/Eclipse/developer/sdks/gecko_sdk_suite/v1.0//protocol/bluetooth_2.3/lib/EFR32BG1B/GCC/bgapi.a(gecko_bgapi_util.c.obj) (lib_util_handler_init)
/Applications/Simplicity Studio.app/Contents/Eclipse/developer/sdks/gecko_sdk_suite/v1.0//protocol/bluetooth_2.3/lib/EFR32BG1B/GCC/bgapi.a(bgapi_dfu.c.obj)
                              /Applications/Simplicity Studio.app/Contents/Eclipse/developer/sdks/gecko_sdk_suite/v1.0//protocol/bluetooth_2.3/lib/EFR32BG1B/GCC/bgapi.a(gecko_bgapi_dfu.c.obj) (lib_dfu_handler_init)
/Applications/Simplicity Studio.app/Contents/Eclipse/developer/sdks/gecko_sdk_suite/v1.0//protocol/bluetooth_2.3/lib/EFR32BG1B/GCC/bgapi.a(bgapi_gap.c.obj)
[...]
Memory Configuration

Name             Origin             Length             Attributes
FLASH            0x0000000000000000 0x000000000003f000 xr
RAM              0x0000000020003000 0x0000000000004bfc xrw
*default*        0x0000000000000000 0xffffffffffffffff

Linker script and memory map

LOAD /Applications/Simplicity Studio.app/Contents/Eclipse/developer/toolchains/gnu_arm/4.9_2015q3/bin/../lib/gcc/arm-none-eabi/4.9.3/armv7e-m/softfp/crti.o
LOAD /Applications/Simplicity Studio.app/Contents/Eclipse/developer/toolchains/gnu_arm/4.9_2015q3/bin/../lib/gcc/arm-none-eabi/4.9.3/armv7e-m/softfp/crtbegin.o
LOAD /Applications/Simplicity Studio.app/Contents/Eclipse/developer/toolchains/gnu_arm/4.9_2015q3/bin/../lib/gcc/arm-none-eabi/4.9.3/../../../../arm-none-eabi/lib/armv7e-m/softfp/crt0.o
LOAD ./application_properties.o
LOAD ./ble-callback-stubs.o
LOAD ./ble-callbacks.o
LOAD ./em_timer.o
LOAD ./gatt_db.o
LOAD ./main.o
LOAD ./peripherals.o
LOAD ./bgapi/dmadrv.o
LOAD ./bgapi/em_adc.o
LOAD ./bgapi/em_ldma.o
LOAD ./bgapi/em_leuart.o
LOAD ./device/EFR32_B_1_1_B/gcc/startup_efr32bg1b.o
LOAD ./emlib/em_cmu.o
LOAD ./emlib/em_cryotimer.o
LOAD ./emlib/em_emu.o
LOAD ./emlib/em_gpio.o
LOAD ./emlib/em_i2c.o
LOAD ./emlib/em_msc.o
LOAD ./emlib/em_rtcc.o
LOAD ./emlib/em_system.o
LOAD ./emlib/em_usart.o
LOAD ./kit_flashpwr/BRD4302A/mx25flash_spi.o
LOAD ./src/InitDevice.o
LOAD /Applications/Simplicity Studio.app/Contents/Eclipse/developer/sdks/gecko_sdk_suite/v1.0//protocol/bluetooth_2.3/lib/EFR32BG1B/EABI/stack.a
LOAD /Applications/Simplicity Studio.app/Contents/Eclipse/developer/sdks/gecko_sdk_suite/v1.0//protocol/bluetooth_2.3/lib/EFR32BG1B/EABI/binstack.o
LOAD /Applications/Simplicity Studio.app/Contents/Eclipse/developer/sdks/gecko_sdk_suite/v1.0//protocol/bluetooth_2.3/lib/EFR32BG1B/GCC/bgapi.a
LOAD /Applications/Simplicity Studio.app/Contents/Eclipse/developer/sdks/gecko_sdk_suite/v1.0//protocol/bluetooth_2.3/lib/EFR32BG1B/EABI/binbootloader.o
LOAD /Applications/Simplicity Studio.app/Contents/Eclipse/developer/toolchains/gnu_arm/4.9_2015q3/bin/../lib/gcc/arm-none-eabi/4.9.3/../../../../arm-none-eabi/lib/armv7e-m/softfp/libm.a
START GROUP
LOAD /Applications/Simplicity Studio.app/Contents/Eclipse/developer/toolchains/gnu_arm/4.9_2015q3/bin/../lib/gcc/arm-none-eabi/4.9.3/armv7e-m/softfp/libgcc.a
LOAD /Applications/Simplicity Studio.app/Contents/Eclipse/developer/toolchains/gnu_arm/4.9_2015q3/bin/../lib/gcc/arm-none-eabi/4.9.3/../../../../arm-none-eabi/lib/armv7e-m/softfp/libc.a
LOAD /Applications/Simplicity Studio.app/Contents/Eclipse/developer/toolchains/gnu_arm/4.9_2015q3/bin/../lib/gcc/arm-none-eabi/4.9.3/../../../../arm-none-eabi/lib/armv7e-m/softfp/libnosys.a
END GROUP
START GROUP
LOAD /Applications/Simplicity Studio.app/Contents/Eclipse/developer/toolchains/gnu_arm/4.9_2015q3/bin/../lib/gcc/arm-none-eabi/4.9.3/armv7e-m/softfp/libgcc.a
LOAD /Applications/Simplicity Studio.app/Contents/Eclipse/developer/toolchains/gnu_arm/4.9_2015q3/bin/../lib/gcc/arm-none-eabi/4.9.3/../../../../arm-none-eabi/lib/armv7e-m/softfp/libg.a
LOAD /Applications/Simplicity Studio.app/Contents/Eclipse/developer/toolchains/gnu_arm/4.9_2015q3/bin/../lib/gcc/arm-none-eabi/4.9.3/../../../../arm-none-eabi/lib/armv7e-m/softfp/libc.a
END GROUP
LOAD /Applications/Simplicity Studio.app/Contents/Eclipse/developer/toolchains/gnu_arm/4.9_2015q3/bin/../lib/gcc/arm-none-eabi/4.9.3/armv7e-m/softfp/crtend.o
LOAD /Applications/Simplicity Studio.app/Contents/Eclipse/developer/toolchains/gnu_arm/4.9_2015q3/bin/../lib/gcc/arm-none-eabi/4.9.3/armv7e-m/softfp/crtn.o

.text_bootloader
                0x0000000000000000     0x4000
 *(.binbootloader*)
 .binbootloader
                0x0000000000000000      0x31c /Applications/Simplicity Studio.app/Contents/Eclipse/developer/sdks/gecko_sdk_suite/v1.0//protocol/bluetooth_2.3/lib/EFR32BG1B/EABI/binbootloader.o
                0x0000000000004000                . = ALIGN (0x4000)
 *fill*         0x000000000000031c     0x3ce4 

.text_stack_bin
                0x0000000000004000    0x1d000
 *(.binstack*)
 .binstack      0x0000000000004000    0x1c9e4 /Applications/Simplicity Studio.app/Contents/Eclipse/developer/sdks/gecko_sdk_suite/v1.0//protocol/bluetooth_2.3/lib/EFR32BG1B/EABI/binstack.o
                0x0000000000021000                . = ALIGN (0x800)
 *fill*         0x00000000000209e4      0x61c 
                0x0000000000021000                __text_start__ = .

.text_app       0x0000000000021000     0x6d04
 *(.AAT)
 .AAT           0x0000000000021000       0x80 ./main.o
                0x0000000000021000                AppAddressTable
 *(.vectors)
 .vectors       0x0000000000021080       0xc8 ./device/EFR32_B_1_1_B/gcc/startup_efr32bg1b.o
                0x0000000000021080                __Vectors
                0x0000000000021148                __Vectors_End = .
                0x00000000000000c8                __Vectors_Size = (__Vectors_End - __Vectors)
                0x0000000000021148                __end__ = .
 *(.gecko_configuration)
 *(.xo_configuration)
 *(.gatt_header)
 .gatt_header   0x0000000000021148       0x30 ./gatt_db.o
                0x0000000000021148                bg_gattdb_data
 *(.gatt_data)
 .gatt_data     0x0000000000021178      0x3be ./gatt_db.o
                0x0000000000021178                bg_gattdb_data_adv_uuid128_map
                0x0000000000021188                bg_gattdb_data_adv_uuid16_map
                0x000000000002118c                bg_gattdb_data_attributes_dynamic_mapping_map
                0x00000000000211a0                bg_gattdb_data_attributes_map
                0x0000000000021320                bg_gattdb_data_attribute_field_0
                0x0000000000021324                bg_gattdb_data_attribute_field_1
                0x000000000002132c                bg_gattdb_data_attribute_field_2
                0x0000000000021334                bg_gattdb_data_attribute_field_4
                0x0000000000021338                bg_gattdb_data_attribute_field_5
                0x0000000000021340                bg_gattdb_data_attribute_field_6
                0x0000000000021348                bg_gattdb_data_attribute_field_7
                0x0000000000021350                bg_gattdb_data_attribute_field_8
                0x0000000000021354                bg_gattdb_data_attribute_field_9
                0x0000000000021358                bg_gattdb_data_attribute_field_10
                0x0000000000021360                bg_gattdb_data_attribute_field_11
                0x0000000000021370                bg_gattdb_data_attribute_field_12
                0x0000000000021378                bg_gattdb_data_attribute_field_13
                0x0000000000021384                bg_gattdb_data_attribute_field_14
                0x000000000002138c                bg_gattdb_data_attribute_field_15
                0x0000000000021394                bg_gattdb_data_attribute_field_16
                0x00000000000213a8                bg_gattdb_data_attribute_field_17
                0x00000000000213c0                bg_gattdb_data_attribute_field_18
                0x00000000000213c8                bg_gattdb_data_attribute_field_19
                0x00000000000213e0                bg_gattdb_data_attribute_field_20
                0x00000000000213e8                bg_gattdb_data_attribute_field_21
                0x0000000000021400                bg_gattdb_data_attribute_field_22
                0x0000000000021408                bg_gattdb_data_attribute_field_23
                0x0000000000021420                bg_gattdb_data_attribute_field_24
                0x0000000000021428                bg_gattdb_data_attribute_field_25
                0x0000000000021440                bg_gattdb_data_attribute_field_26
                0x0000000000021448                bg_gattdb_data_attribute_field_27
                0x0000000000021460                bg_gattdb_data_attribute_field_28
                0x0000000000021468                bg_gattdb_data_attribute_field_29
                0x000000000002147c                bg_gattdb_data_attribute_field_30
                0x0000000000021494                bg_gattdb_data_attribute_field_31
                0x000000000002149c                bg_gattdb_data_uuidtable_128_map
                0x000000000002151c                bg_gattdb_data_uuidtable_16_map
 *(.text*)
 *fill*         0x0000000000021536        0x2 
 .text          0x0000000000021538       0x5c /Applications/Simplicity Studio.app/Contents/Eclipse/developer/toolchains/gnu_arm/4.9_2015q3/bin/../lib/gcc/arm-none-eabi/4.9.3/armv7e-m/softfp/crtbegin.o
 .text          0x0000000000021594       0x74 /Applications/Simplicity Studio.app/Contents/Eclipse/developer/toolchains/gnu_arm/4.9_2015q3/bin/../lib/gcc/arm-none-eabi/4.9.3/../../../../arm-none-eabi/lib/armv7e-m/softfp/crt0.o
                0x0000000000021594                _mainCRTStartup
                0x0000000000021594                _start
 .text.TIMER_Init
                0x0000000000021608       0xb0 ./em_timer.o
                0x0000000000021608                TIMER_Init
 .text.TIMER_InitCC
                0x00000000000216b8       0x84 ./em_timer.o
                0x00000000000216b8                TIMER_InitCC
 .text.startup.main
                0x000000000002173c      0x420 ./main.o
                0x000000000002173c                main
 .text.InitGPIO
                0x0000000000021b5c       0xa4 ./peripherals.o
                0x0000000000021b5c                InitGPIO
 .text.SetLED0  0x0000000000021c00       0x10 ./peripherals.o
                0x0000000000021c00                SetLED0
 .text.ClearLED0
                0x0000000000021c10       0x10 ./peripherals.o
                0x0000000000021c10                ClearLED0
 .text.GetLED0  0x0000000000021c20       0x10 ./peripherals.o
                0x0000000000021c20                GetLED0
 .text.SetLED1  0x0000000000021c30       0x10 ./peripherals.o
                0x0000000000021c30                SetLED1
 .text.ClearLED1
                0x0000000000021c40       0x10 ./peripherals.o
                0x0000000000021c40                ClearLED1
 .text.GetLED1  0x0000000000021c50       0x10 ./peripherals.o
                0x0000000000021c50                GetLED1
 .text.GetPB0   0x0000000000021c60       0x10 ./peripherals.o
                0x0000000000021c60                GetPB0
 .text.GetPB1   0x0000000000021c70       0x10 ./peripherals.o
                0x0000000000021c70                GetPB1
 .text.GPIOHandler
                0x0000000000021c80       0x90 ./peripherals.o
                0x0000000000021c80                GPIOHandler
 .text.InitPWM1
                0x0000000000021d10       0xa0 ./peripherals.o
                0x0000000000021d10                InitPWM1
 .text.UpdatePWM1
                0x0000000000021db0       0x18 ./peripherals.o
                0x0000000000021db0                UpdatePWM1
 .text.ChangePWMoutput
                0x0000000000021dc8       0x44 ./peripherals.o
                0x0000000000021dc8                ChangePWMoutput
 .text.PWMHandler
                0x0000000000021e0c       0x24 ./peripherals.o
                0x0000000000021e0c                PWMHandler
 .text.GetPWM1  0x0000000000021e30        0xc ./peripherals.o
                0x0000000000021e30                GetPWM1
 .text.InitLEUART0
                0x0000000000021e3c       0xa0 ./peripherals.o
                0x0000000000021e3c                InitLEUART0
 .text.UART_Tx  0x0000000000021edc       0x2c ./peripherals.o
                0x0000000000021edc                UART_Tx
 .text.LEUART0_IRQHandler
                0x0000000000021f08       0x18 ./peripherals.o
                0x0000000000021f08                LEUART0_IRQHandler
 .text.UART_TXHandler
                0x0000000000021f20       0x38 ./peripherals.o
                0x0000000000021f20                UART_TXHandler
 .text.UART_RXHandler
                0x0000000000021f58       0x80 ./peripherals.o
                0x0000000000021f58                UART_RXHandler
 .text.LED0onUARTmessage
                0x0000000000021fd8       0x40 ./peripherals.o
                0x0000000000021fd8                LED0onUARTmessage
 .text.LED0offUARTmessage
                0x0000000000022018       0x40 ./peripherals.o
                0x0000000000022018                LED0offUARTmessage
 .text.LED1onUARTmessage
                0x0000000000022058       0x40 ./peripherals.o
                0x0000000000022058                LED1onUARTmessage
 .text.LED1offUARTmessage
                0x0000000000022098       0x40 ./peripherals.o
                0x0000000000022098                LED1offUARTmessage
 .text.StartTransfer
                0x00000000000220d8      0x1dc ./bgapi/dmadrv.o
 .text.DMADRV_AllocateChannel
                0x00000000000222b4       0x60 ./bgapi/dmadrv.o
                0x00000000000222b4                DMADRV_AllocateChannel
 .text.DMADRV_Init
                0x0000000000022314       0x60 ./bgapi/dmadrv.o
                0x0000000000022314                DMADRV_Init
 .text.DMADRV_MemoryPeripheral
                0x0000000000022374       0x34 ./bgapi/dmadrv.o
                0x0000000000022374                DMADRV_MemoryPeripheral
 .text.DMADRV_PeripheralMemory
                0x00000000000223a8       0x34 ./bgapi/dmadrv.o
                0x00000000000223a8                DMADRV_PeripheralMemory
 .text.DMADRV_StopTransfer
                0x00000000000223dc       0x44 ./bgapi/dmadrv.o
                0x00000000000223dc                DMADRV_StopTransfer
 .text.DMADRV_TransferRemainingCount
                0x0000000000022420       0x50 ./bgapi/dmadrv.o
                0x0000000000022420                DMADRV_TransferRemainingCount
 .text.LDMA_IRQHandler
                0x0000000000022470       0x7c ./bgapi/dmadrv.o
                0x0000000000022470                LDMA_IRQHandler
 .text.ADC_LoadDevinfoCal
                0x00000000000224ec       0xf4 ./bgapi/em_adc.o
 .text.ADC_InitSingle
                0x00000000000225e0       0xb4 ./bgapi/em_adc.o
                0x00000000000225e0                ADC_InitSingle
 .text.ADC_PrescaleCalc
                0x0000000000022694       0x4c ./bgapi/em_adc.o
                0x0000000000022694                ADC_PrescaleCalc
 .text.ADC_Init
                0x00000000000226e0       0x68 ./bgapi/em_adc.o
                0x00000000000226e0                ADC_Init
 .text.LDMA_Init
                0x0000000000022748       0x58 ./bgapi/em_ldma.o
                0x0000000000022748                LDMA_Init
 .text.LDMA_StartTransfer
                0x00000000000227a0       0xa8 ./bgapi/em_ldma.o
                0x00000000000227a0                LDMA_StartTransfer
 .text.LDMA_StopTransfer
                0x0000000000022848       0x28 ./bgapi/em_ldma.o
                0x0000000000022848                LDMA_StopTransfer
 .text.LDMA_TransferRemainingCount
                0x0000000000022870       0x40 ./bgapi/em_ldma.o
                0x0000000000022870                LDMA_TransferRemainingCount
 .text.LEUART_BaudrateSet
                0x00000000000228b0       0x54 ./bgapi/em_leuart.o
                0x00000000000228b0                LEUART_BaudrateSet
 .text.LEUART_Enable
                0x0000000000022904       0x1c ./bgapi/em_leuart.o
                0x0000000000022904                LEUART_Enable
 .text.LEUART_Init
                0x0000000000022920       0x4c ./bgapi/em_leuart.o
                0x0000000000022920                LEUART_Init
 .text.LEUART_Tx
                0x000000000002296c       0x18 ./bgapi/em_leuart.o
                0x000000000002296c                LEUART_Tx
 .text.Default_Handler
                0x0000000000022984        0x4 ./device/EFR32_B_1_1_B/gcc/startup_efr32bg1b.o
                0x0000000000022984                IDAC0_IRQHandler
                0x0000000000022984                USART0_TX_IRQHandler
                0x0000000000022984                I2C0_IRQHandler
                0x0000000000022984                HardFault_Handler
                0x0000000000022984                SysTick_Handler
                0x0000000000022984                USART1_RX_IRQHandler
                0x0000000000022984                PendSV_Handler
                0x0000000000022984                NMI_Handler
                0x0000000000022984                SYNTH_IRQHandler
                0x0000000000022984                WDOG0_IRQHandler
                0x0000000000022984                USART1_TX_IRQHandler
                0x0000000000022984                MSC_IRQHandler
                0x0000000000022984                ADC0_IRQHandler
                0x0000000000022984                UsageFault_Handler
                0x0000000000022984                FPUEH_IRQHandler
                0x0000000000022984                GPIO_EVEN_IRQHandler
                0x0000000000022984                TIMER0_IRQHandler
                0x0000000000022984                LETIMER0_IRQHandler
                0x0000000000022984                TIMER1_IRQHandler
                0x0000000000022984                RFSENSE_IRQHandler
                0x0000000000022984                BUFC_IRQHandler
                0x0000000000022984                MODEM_IRQHandler
                0x0000000000022984                Default_Handler
                0x0000000000022984                RAC_SEQ_IRQHandler
                0x0000000000022984                FRC_PRI_IRQHandler
                0x0000000000022984                EMU_IRQHandler
                0x0000000000022984                FRC_IRQHandler
                0x0000000000022984                CRYOTIMER_IRQHandler
                0x0000000000022984                PCNT0_IRQHandler
                0x0000000000022984                AGC_IRQHandler
                0x0000000000022984                ACMP0_IRQHandler
                0x0000000000022984                USART0_RX_IRQHandler
                0x0000000000022984                MemManage_Handler
                0x0000000000022984                SVC_Handler
                0x0000000000022984                RTCC_IRQHandler
                0x0000000000022984                CRYPTO_IRQHandler
                0x0000000000022984                CMU_IRQHandler
                0x0000000000022984                RAC_RSM_IRQHandler
                0x0000000000022984                GPIO_ODD_IRQHandler
                0x0000000000022984                PROTIMER_IRQHandler
                0x0000000000022984                BusFault_Handler
                0x0000000000022984                DebugMon_Handler
 .text.Reset_Handler
                0x0000000000022988       0x34 ./device/EFR32_B_1_1_B/gcc/startup_efr32bg1b.o
                0x0000000000022988                Reset_Handler
 .text.flashWaitStateMax
                0x00000000000229bc       0x40 ./emlib/em_cmu.o
 .text.CMU_OscillatorTuningSet.part.2
                0x00000000000229fc       0x44 ./emlib/em_cmu.o
 .text.CMU_ClockEnable
                0x0000000000022a40       0x8c ./emlib/em_cmu.o
                0x0000000000022a40                CMU_ClockEnable
 .text.CMU_ClockSelectGet
                0x0000000000022acc       0xa4 ./emlib/em_cmu.o
                0x0000000000022acc                CMU_ClockSelectGet
 .text.lfClkGet
                0x0000000000022b70       0x94 ./emlib/em_cmu.o
 .text.CMU_ClockFreqGet
                0x0000000000022c04      0x128 ./emlib/em_cmu.o
                0x0000000000022c04                CMU_ClockFreqGet
 .text.CMU_OscillatorTuningWait
                0x0000000000022d2c       0x60 ./emlib/em_cmu.o
                0x0000000000022d2c                CMU_OscillatorTuningWait
 .text.CMU_OscillatorEnable
                0x0000000000022d8c      0x110 ./emlib/em_cmu.o
                0x0000000000022d8c                CMU_OscillatorEnable
 .text.CMU_ClockSelectSet
                0x0000000000022e9c      0x158 ./emlib/em_cmu.o
                0x0000000000022e9c                CMU_ClockSelectSet
 .text.CMU_HFXOInit
                0x0000000000022ff4       0xec ./emlib/em_cmu.o
                0x0000000000022ff4                CMU_HFXOInit
 .text.CMU_LFXOInit
                0x00000000000230e0       0x40 ./emlib/em_cmu.o
                0x00000000000230e0                CMU_LFXOInit
 .text.currentLimitersUpdate
                0x0000000000023120       0x74 ./emlib/em_emu.o
 .text.EMU_DCDCModeSet
                0x0000000000023194       0x4c ./emlib/em_emu.o
                0x0000000000023194                EMU_DCDCModeSet
 .text.EMU_DCDCOutputVoltageSet
                0x00000000000231e0      0x1cc ./emlib/em_emu.o
                0x00000000000231e0                EMU_DCDCOutputVoltageSet
 .text.EMU_DCDCOptimizeSlice
                0x00000000000233ac       0x94 ./emlib/em_emu.o
                0x00000000000233ac                EMU_DCDCOptimizeSlice
 .text.EMU_DCDCLnRcoBandSet
                0x0000000000023440       0x24 ./emlib/em_emu.o
                0x0000000000023440                EMU_DCDCLnRcoBandSet
 .text.EMU_DCDCInit
                0x0000000000023464      0x18c ./emlib/em_emu.o
                0x0000000000023464                EMU_DCDCInit
 .text.GPIO_PinModeSet
                0x00000000000235f0       0x8c ./emlib/em_gpio.o
                0x00000000000235f0                GPIO_PinModeSet
 .text.I2C_BusFreqSet.part.0
                0x000000000002367c       0x60 ./emlib/em_i2c.o
 .text.I2C_Init
                0x00000000000236dc       0x3c ./emlib/em_i2c.o
                0x00000000000236dc                I2C_Init
 .text.RTCC_Init
                0x0000000000023718       0x48 ./emlib/em_rtcc.o
                0x0000000000023718                RTCC_Init
 .text.SYSTEM_ChipRevisionGet
                0x0000000000023760       0x34 ./emlib/em_system.o
                0x0000000000023760                SYSTEM_ChipRevisionGet
 .text.USART_BaudrateAsyncSet
                0x0000000000023794       0x68 ./emlib/em_usart.o
                0x0000000000023794                USART_BaudrateAsyncSet
 .text.USART_BaudrateCalc
                0x00000000000237fc       0x7c ./emlib/em_usart.o
                0x00000000000237fc                USART_BaudrateCalc
 .text.USART_BaudrateGet
                0x0000000000023878       0x24 ./emlib/em_usart.o
                0x0000000000023878                USART_BaudrateGet
 .text.USART_Enable
                0x000000000002389c       0x10 ./emlib/em_usart.o
                0x000000000002389c                USART_Enable
 .text.USART_InitAsync
                0x00000000000238ac       0xa4 ./emlib/em_usart.o
                0x00000000000238ac                USART_InitAsync
 .text.EMU_enter_DefaultMode_from_RESET
                0x0000000000023950       0x54 ./src/InitDevice.o
                0x0000000000023950                EMU_enter_DefaultMode_from_RESET
 .text.CMU_enter_DefaultMode_from_RESET
                0x00000000000239a4      0x114 ./src/InitDevice.o
                0x00000000000239a4                CMU_enter_DefaultMode_from_RESET
 .text.RTCC_enter_DefaultMode_from_RESET
                0x0000000000023ab8       0x44 ./src/InitDevice.o
                0x0000000000023ab8                RTCC_enter_DefaultMode_from_RESET
 .text.PORTIO_enter_DefaultMode_from_RESET
                0x0000000000023afc       0x80 ./src/InitDevice.o
                0x0000000000023afc                PORTIO_enter_DefaultMode_from_RESET
 .text.enter_DefaultMode_from_RESET
                0x0000000000023b7c       0x9c ./src/InitDevice.o
                0x0000000000023b7c                enter_DefaultMode_from_RESET
 .text          0x0000000000023c18       0x60 /Applications/Simplicity Studio.app/Contents/Eclipse/developer/sdks/gecko_sdk_suite/v1.0//protocol/bluetooth_2.3/lib/EFR32BG1B/GCC/bgapi.a(gecko_bgapi_hardware.c.obj)
                0x0000000000023c60                gecko_bgapi_class_hardware_init
 .text          0x0000000000023c78       0x60 /Applications/Simplicity Studio.app/Contents/Eclipse/developer/sdks/gecko_sdk_suite/v1.0//protocol/bluetooth_2.3/lib/EFR32BG1B/GCC/bgapi.a(gecko_bgapi_test.c.obj)
                0x0000000000023cc0                gecko_bgapi_class_test_init
 .text          0x0000000000023cd8       0x60 /Applications/Simplicity Studio.app/Contents/Eclipse/developer/sdks/gecko_sdk_suite/v1.0//protocol/bluetooth_2.3/lib/EFR32BG1B/GCC/bgapi.a(gecko_bgapi_util.c.obj)
                0x0000000000023d20                gecko_bgapi_class_util_init
 .text          0x0000000000023d38       0x60 /Applications/Simplicity Studio.app/Contents/Eclipse/developer/sdks/gecko_sdk_suite/v1.0//protocol/bluetooth_2.3/lib/EFR32BG1B/GCC/bgapi.a(gecko_bgapi_dfu.c.obj)
                0x0000000000023d80                gecko_bgapi_class_dfu_init
 .text          0x0000000000023d98       0x60 /Applications/Simplicity Studio.app/Contents/Eclipse/developer/sdks/gecko_sdk_suite/v1.0//protocol/bluetooth_2.3/lib/EFR32BG1B/GCC/bgapi.a(gecko_bgapi_gap.c.obj)
                0x0000000000023de0                gecko_bgapi_class_le_gap_init
 .text          0x0000000000023df8       0x60 /Applications/Simplicity Studio.app/Contents/Eclipse/developer/sdks/gecko_sdk_suite/v1.0//protocol/bluetooth_2.3/lib/EFR32BG1B/GCC/bgapi.a(gecko_bgapi_gatt.c.obj)
                0x0000000000023e40                gecko_bgapi_class_gatt_init
 .text          0x0000000000023e58       0x60 /Applications/Simplicity Studio.app/Contents/Eclipse/developer/sdks/gecko_sdk_suite/v1.0//protocol/bluetooth_2.3/lib/EFR32BG1B/GCC/bgapi.a(gecko_bgapi_gatt_server.c.obj)
                0x0000000000023ea0                gecko_bgapi_class_gatt_server_init
 .text          0x0000000000023eb8       0x60 /Applications/Simplicity Studio.app/Contents/Eclipse/developer/sdks/gecko_sdk_suite/v1.0//protocol/bluetooth_2.3/lib/EFR32BG1B/GCC/bgapi.a(gecko_bgapi_flash.c.obj)
                0x0000000000023f00                gecko_bgapi_class_flash_init
 .text          0x0000000000023f18       0x60 /Applications/Simplicity Studio.app/Contents/Eclipse/developer/sdks/gecko_sdk_suite/v1.0//protocol/bluetooth_2.3/lib/EFR32BG1B/GCC/bgapi.a(gecko_bgapi_sm.c.obj)
                0x0000000000023f60                gecko_bgapi_class_sm_init
 .text          0x0000000000023f78       0x60 /Applications/Simplicity Studio.app/Contents/Eclipse/developer/sdks/gecko_sdk_suite/v1.0//protocol/bluetooth_2.3/lib/EFR32BG1B/GCC/bgapi.a(gecko_bgapi_system.c.obj)
                0x0000000000023fc0                gecko_bgapi_class_system_init
 .text          0x0000000000023fd8       0x60 /Applications/Simplicity Studio.app/Contents/Eclipse/developer/sdks/gecko_sdk_suite/v1.0//protocol/bluetooth_2.3/lib/EFR32BG1B/GCC/bgapi.a(gecko_bgapi_endpoint.c.obj)
                0x0000000000024020                gecko_bgapi_class_endpoint_init
 .text          0x0000000000024038       0x60 /Applications/Simplicity Studio.app/Contents/Eclipse/developer/sdks/gecko_sdk_suite/v1.0//protocol/bluetooth_2.3/lib/EFR32BG1B/GCC/bgapi.a(gecko_bgapi_le_connection.c.obj)
                0x0000000000024080                gecko_bgapi_class_le_connection_init
 .text          0x0000000000024098      0x388 /Applications/Simplicity Studio.app/Contents/Eclipse/developer/sdks/gecko_sdk_suite/v1.0//protocol/bluetooth_2.3/lib/EFR32BG1B/GCC/bgapi.a(bgapi_hardware_lib.c.obj)
                0x0000000000024098                gecko_cmd_hardware_read_i2c
                0x0000000000024100                gecko_cmd_hardware_write_i2c
                0x0000000000024144                gecko_cmd_hardware_stop_i2c
                0x000000000002417c                gecko_cmd_hardware_read_adc
                0x00000000000241bc                gecko_cmd_hardware_read_adc_channel
                0x00000000000241ec                gecko_cmd_hardware_config_adc_reference
                0x0000000000024218                gecko_cmd_hardware_configure_gpio
                0x000000000002424c                gecko_cmd_hardware_write_gpio
                0x00000000000242b0                gecko_cmd_hardware_read_gpio
                0x0000000000024310                gecko_cmd_hardware_set_uart_configuration
                0x0000000000024388                clock_outputs_init
                0x00000000000243d0                bgapi_hardware_init
 .text          0x0000000000024420      0x1d0 /Applications/Simplicity Studio.app/Contents/Eclipse/developer/sdks/gecko_sdk_suite/v1.0//protocol/bluetooth_2.3/lib/EFR32BG1B/GCC/bgapi.a(bgapi_hardware.c.obj)
                0x0000000000024420                soft_timer_comparison
                0x00000000000244b4                bgapi_hardware_soft_timer_listener
                0x00000000000244f4                lib_hardware_handler_init
                0x0000000000024508                gecko_cmd_hardware_set_soft_timer
                0x0000000000024548                gecko_cmd_hardware_set_lazy_soft_timer
                0x0000000000024588                gecko_cmd_hardware_get_time
                0x00000000000245bc                gecko_cmd_hardware_enable_dcdc
 .text          0x00000000000245f0      0x200 /Applications/Simplicity Studio.app/Contents/Eclipse/developer/sdks/gecko_sdk_suite/v1.0//protocol/bluetooth_2.3/lib/EFR32BG1B/GCC/bgapi.a(bgapi_test_lib.c.obj)
                0x00000000000245f0                lib_test_handler_init
                0x00000000000245f2                disable_interrupts
                0x0000000000024616                gecko_cmd_test_dtm_tx
                0x0000000000024648                gecko_cmd_test_dtm_rx
                0x0000000000024678                gecko_cmd_test_dtm_end
                0x00000000000246a4                gecko_cmd_test_debug_command
                0x0000000000024774                gecko_cmd_test_debug_counter
 .text          0x00000000000247f0      0x158 /Applications/Simplicity Studio.app/Contents/Eclipse/developer/sdks/gecko_sdk_suite/v1.0//protocol/bluetooth_2.3/lib/EFR32BG1B/GCC/bgapi.a(bgapi_util.c.obj)
                0x0000000000024828                lib_util_handler_init
                0x000000000002482a                gecko_cmd_util_atoi
                0x0000000000024880                gecko_cmd_util_itoa
 .text          0x0000000000024948       0x8c /Applications/Simplicity Studio.app/Contents/Eclipse/developer/sdks/gecko_sdk_suite/v1.0//protocol/bluetooth_2.3/lib/EFR32BG1B/GCC/bgapi.a(bgapi_dfu.c.obj)
                0x0000000000024948                lib_dfu_handler_init
                0x000000000002494a                gecko_cmd_dfu_reset
                0x0000000000024950                gecko_cmd_dfu_flash_set_address
                0x000000000002497c                gecko_cmd_dfu_flash_upload
                0x00000000000249a8                gecko_cmd_dfu_flash_upload_finish
 .text          0x00000000000249d4      0x308 /Applications/Simplicity Studio.app/Contents/Eclipse/developer/sdks/gecko_sdk_suite/v1.0//protocol/bluetooth_2.3/lib/EFR32BG1B/GCC/bgapi.a(bgapi_gap.c.obj)
                0x00000000000249d4                lib_le_gap_handler_init
                0x00000000000249d6                gecko_cmd_le_gap_set_mode
                0x0000000000024a1c                gecko_cmd_le_gap_bt5_set_mode
                0x0000000000024a5c                gecko_cmd_le_gap_set_adv_data
                0x0000000000024a90                gecko_cmd_le_gap_bt5_set_adv_data
                0x0000000000024ac4                gecko_cmd_le_gap_set_adv_timeout
                0x0000000000024b18                gecko_cmd_le_gap_open
                0x0000000000024b80                gecko_cmd_le_gap_discover
                0x0000000000024bac                gecko_cmd_le_gap_end_procedure
                0x0000000000024bd8                gecko_cmd_le_gap_set_adv_parameters
                0x0000000000024c0c                gecko_cmd_le_gap_bt5_set_adv_parameters
                0x0000000000024c48                gecko_cmd_le_gap_set_scan_parameters
                0x0000000000024c78                gecko_cmd_le_gap_set_conn_parameters
                0x0000000000024cb0                gecko_cmd_le_gap_set_phy
 .text          0x0000000000024cdc      0x644 /Applications/Simplicity Studio.app/Contents/Eclipse/developer/sdks/gecko_sdk_suite/v1.0//protocol/bluetooth_2.3/lib/EFR32BG1B/GCC/bgapi.a(bgapi_gatt_lib.c.obj)
                0x0000000000024cdc                lib_gatt_handler_init
                0x0000000000024cde                lib_gatt_server_handler_init
                0x0000000000024ce0                gecko_cmd_gatt_set_max_mtu
                0x0000000000024d1c                gecko_cmd_gatt_discover_primary_services
                0x0000000000024d4c                gecko_cmd_gatt_discover_primary_services_by_uuid
                0x0000000000024d88                gecko_cmd_gatt_find_included_services
                0x0000000000024dbc                gecko_cmd_gatt_discover_characteristics
                0x0000000000024df0                gecko_cmd_gatt_discover_characteristics_by_uuid
                0x0000000000024e30                gecko_cmd_gatt_read_characteristic_value
                0x0000000000024e68                gecko_cmd_gatt_read_characteristic_value_from_offset
                0x0000000000024ea4                gecko_cmd_gatt_read_characteristic_value_by_uuid
                0x0000000000024ee4                gecko_cmd_gatt_read_multiple_characteristic_values
                0x0000000000024f18                gecko_cmd_gatt_write_characteristic_value
                0x0000000000024f50                gecko_cmd_gatt_write_characteristic_value_without_response
                0x0000000000024f94                gecko_cmd_gatt_prepare_characteristic_value_write
                0x0000000000024fe4                gecko_cmd_gatt_execute_characteristic_value_write
                0x0000000000025018                gecko_cmd_gatt_set_characteristic_notification
                0x0000000000025050                gecko_cmd_gatt_discover_descriptors
                0x0000000000025084                gecko_cmd_gatt_read_descriptor_value
                0x00000000000250b8                gecko_cmd_gatt_write_descriptor_value
                0x00000000000250f0                gecko_cmd_gatt_server_read_attribute_value
                0x0000000000025138                gecko_cmd_gatt_server_read_attribute_type
                0x000000000002517c                gecko_cmd_gatt_server_find_attribute
                0x00000000000251b8                gecko_cmd_gatt_server_write_attribute_value
                0x00000000000251ec                gecko_cmd_gatt_server_send_user_read_response
                0x000000000002523c                gecko_cmd_gatt_server_send_user_write_response
                0x0000000000025274                gecko_cmd_gatt_server_send_characteristic_notification
                0x00000000000252c0                gecko_cmd_gatt_send_characteristic_confirmation
                0x00000000000252f0                gecko_cmd_gatt_server_set_database
 .text          0x0000000000025320      0x17c /Applications/Simplicity Studio.app/Contents/Eclipse/developer/sdks/gecko_sdk_suite/v1.0//protocol/bluetooth_2.3/lib/EFR32BG1B/GCC/bgapi.a(bgapi_ps.c.obj)
                0x0000000000025320                lib_flash_handler_init
                0x0000000000025322                gecko_cmd_flash_ps_dump
                0x00000000000253b8                gecko_cmd_flash_ps_erase_all
                0x00000000000253e8                gecko_cmd_flash_ps_save
                0x0000000000025424                gecko_cmd_flash_ps_load
                0x0000000000025468                gecko_cmd_flash_ps_erase
 .text          0x000000000002549c      0x3cc /Applications/Simplicity Studio.app/Contents/Eclipse/developer/sdks/gecko_sdk_suite/v1.0//protocol/bluetooth_2.3/lib/EFR32BG1B/GCC/bgapi.a(bgapi_sm.c.obj)
                0x0000000000025564                lib_sm_handler_init
                0x0000000000025578                gecko_cmd_sm_list_all_bondings
                0x00000000000255b0                gecko_cmd_sm_increase_security
                0x00000000000255e0                gecko_cmd_sm_set_bondable_mode
                0x000000000002560c                gecko_cmd_sm_delete_bonding
                0x000000000002563c                gecko_cmd_sm_delete_bondings
                0x000000000002566c                gecko_cmd_sm_configure
                0x000000000002569c                gecko_cmd_sm_enter_passkey
                0x00000000000256d0                gecko_cmd_sm_set_passkey
                0x00000000000256fc                gecko_cmd_sm_passkey_confirm
                0x0000000000025730                gecko_cmd_sm_set_oob_data
                0x0000000000025760                gecko_cmd_sm_set_sc_remote_oob_data
                0x0000000000025790                gecko_cmd_sm_use_sc_oob
                0x00000000000257d0                gecko_cmd_sm_store_bonding_configuration
                0x0000000000025804                gecko_cmd_sm_bonding_confirm
                0x0000000000025838                gecko_cmd_sm_set_debug_mode
 .text          0x0000000000025868      0x114 /Applications/Simplicity Studio.app/Contents/Eclipse/developer/sdks/gecko_sdk_suite/v1.0//protocol/bluetooth_2.3/lib/EFR32BG1B/GCC/bgapi.a(bgapi_system.c.obj)
                0x0000000000025868                lib_system_handler_init
                0x000000000002586a                gecko_cmd_system_get_bt_address
                0x00000000000258a0                gecko_cmd_system_get_random_data
                0x00000000000258e8                gecko_cmd_system_halt
                0x000000000002591c                gecko_cmd_system_set_tx_power
                0x000000000002594c                gecko_cmd_system_hello
                0x0000000000025974                gecko_cmd_system_reset
 .text          0x000000000002597c      0x1ac /Applications/Simplicity Studio.app/Contents/Eclipse/developer/sdks/gecko_sdk_suite/v1.0//protocol/bluetooth_2.3/lib/EFR32BG1B/GCC/bgapi.a(bgapi_endpoint.c.obj)
                0x000000000002597c                lib_endpoint_handler_init
                0x000000000002597e                gecko_cmd_endpoint_send
                0x0000000000025a28                gecko_cmd_endpoint_set_streaming_destination
                0x0000000000025a80                gecko_cmd_endpoint_close
                0x0000000000025adc                gecko_cmd_endpoint_set_flags
                0x0000000000025ade                gecko_cmd_endpoint_clr_flags
                0x0000000000025ae0                gecko_cmd_endpoint_read_counters
 .text          0x0000000000025b28      0x104 /Applications/Simplicity Studio.app/Contents/Eclipse/developer/sdks/gecko_sdk_suite/v1.0//protocol/bluetooth_2.3/lib/EFR32BG1B/GCC/bgapi.a(bgapi_le_connection.c.obj)
                0x0000000000025b28                lib_le_connection_handler_init
                0x0000000000025b2a                gecko_cmd_le_connection_set_parameters
                0x0000000000025b78                gecko_cmd_le_connection_get_rssi
                0x0000000000025ba8                gecko_cmd_le_connection_disable_slave_latency
                0x0000000000025bf0                gecko_cmd_le_connection_set_phy
 .text          0x0000000000025c2c      0x220 /Applications/Simplicity Studio.app/Contents/Eclipse/developer/sdks/gecko_sdk_suite/v1.0//protocol/bluetooth_2.3/lib/EFR32BG1B/GCC/bgapi.a(uart_endpoint.c.obj)
                0x0000000000025c8c                uart_output_available
                0x0000000000025c90                uart_transparent_input
                0x0000000000025cce                uart_endpoint_func
                0x0000000000025d82                uart_change_flags
                0x0000000000025d90                init_uart_endpoints
 .text          0x0000000000025e4c      0x17c /Applications/Simplicity Studio.app/Contents/Eclipse/developer/sdks/gecko_sdk_suite/v1.0//protocol/bluetooth_2.3/lib/EFR32BG1B/GCC/bgapi.a(bgapi_endpoint.c.obj)
                0x0000000000025f78                init_bgapi_endpoints
 .text          0x0000000000025fc8       0xc8 /Applications/Simplicity Studio.app/Contents/Eclipse/developer/sdks/gecko_sdk_suite/v1.0//protocol/bluetooth_2.3/lib/EFR32BG1B/GCC/bgapi.a(adc.c.obj)
                0x0000000000025fc8                adc_read_channel
                0x0000000000025ff8                adc_read_port
                0x0000000000026008                adc_config_reference
                0x000000000002603c                adc_init
 .text          0x0000000000026090      0x160 /Applications/Simplicity Studio.app/Contents/Eclipse/developer/sdks/gecko_sdk_suite/v1.0//protocol/bluetooth_2.3/lib/EFR32BG1B/GCC/bgapi.a(gpio.c.obj)
                0x0000000000026108                gpio_location_to_port
                0x0000000000026118                gpio_location_to_pin_index
                0x000000000002612c                gpios_init
 .text          0x00000000000261f0      0x218 /Applications/Simplicity Studio.app/Contents/Eclipse/developer/sdks/gecko_sdk_suite/v1.0//protocol/bluetooth_2.3/lib/EFR32BG1B/GCC/bgapi.a(i2c.c.obj)
                0x00000000000261f0                i2c_init
                0x000000000002627c                i2c_stop
                0x000000000002629c                i2c_reset
                0x00000000000262bc                i2c_read
                0x0000000000026368                i2c_write
 .text          0x0000000000026408      0x160 /Applications/Simplicity Studio.app/Contents/Eclipse/developer/sdks/gecko_sdk_suite/v1.0//protocol/bluetooth_2.3/lib/EFR32BG1B/GCC/bgapi.a(sleep_signal.c.obj)
                0x0000000000026438                sleep_signal_init
                0x0000000000026498                sleep_signal_update
                0x0000000000026504                host_wakeup_signal_init
                0x0000000000026540                host_wakeup_signal_update
 .text          0x0000000000026568      0x89c /Applications/Simplicity Studio.app/Contents/Eclipse/developer/sdks/gecko_sdk_suite/v1.0//protocol/bluetooth_2.3/lib/EFR32BG1B/GCC/bgapi.a(uart.c.obj)
                0x0000000000026568                LEUART0_IRQGeckoHandler
                0x000000000002656a                USART1_TX_IRQGeckoHandler
                0x0000000000026694                USART0_TX_IRQGeckoHandler
                0x0000000000026844                USART1_RX_IRQGeckoHandler
                0x0000000000026850                USART0_RX_IRQGeckoHandler
                0x0000000000026870                uart_update
                0x0000000000026888                uart_configure
                0x000000000002695c                uart_event_register
                0x000000000002696c                uarts_init
                0x0000000000026cf0                uart_get_flags
                0x0000000000026d00                uart_write_bgbuf
                0x0000000000026d40                uart_read_bgbuf
                0x0000000000026dc8                uart_sleep
 .text          0x0000000000026e04       0x30 /Applications/Simplicity Studio.app/Contents/Eclipse/developer/toolchains/gnu_arm/4.9_2015q3/bin/../lib/gcc/arm-none-eabi/4.9.3/armv7e-m/softfp/libgcc.a(_aeabi_uldivmod.o)
                0x0000000000026e04                __aeabi_uldivmod
 .text          0x0000000000026e34       0x60 /Applications/Simplicity Studio.app/Contents/Eclipse/developer/toolchains/gnu_arm/4.9_2015q3/bin/../lib/gcc/arm-none-eabi/4.9.3/armv7e-m/softfp/libgcc.a(bpabi.o)
                0x0000000000026e34                __gnu_ldivmod_helper
                0x0000000000026e64                __gnu_uldivmod_helper
 .text          0x0000000000026e94        0x4 /Applications/Simplicity Studio.app/Contents/Eclipse/developer/toolchains/gnu_arm/4.9_2015q3/bin/../lib/gcc/arm-none-eabi/4.9.3/armv7e-m/softfp/libgcc.a(_dvmd_tls.o)
                0x0000000000026e94                __aeabi_ldiv0
                0x0000000000026e94                __aeabi_idiv0
 .text          0x0000000000026e98      0x29c /Applications/Simplicity Studio.app/Contents/Eclipse/developer/toolchains/gnu_arm/4.9_2015q3/bin/../lib/gcc/arm-none-eabi/4.9.3/armv7e-m/softfp/libgcc.a(_divdi3.o)
                0x0000000000026e98                __divdi3
 .text          0x0000000000027134      0x26c /Applications/Simplicity Studio.app/Contents/Eclipse/developer/toolchains/gnu_arm/4.9_2015q3/bin/../lib/gcc/arm-none-eabi/4.9.3/armv7e-m/softfp/libgcc.a(_udivdi3.o)
                0x0000000000027134                __udivdi3
 .text.exit     0x00000000000273a0       0x20 /Applications/Simplicity Studio.app/Contents/Eclipse/developer/toolchains/gnu_arm/4.9_2015q3/bin/../lib/gcc/arm-none-eabi/4.9.3/../../../../arm-none-eabi/lib/armv7e-m/softfp/libc.a(lib_a-exit.o)
                0x00000000000273a0                exit
 .text.__libc_init_array
                0x00000000000273c0       0x50 /Applications/Simplicity Studio.app/Contents/Eclipse/developer/toolchains/gnu_arm/4.9_2015q3/bin/../lib/gcc/arm-none-eabi/4.9.3/../../../../arm-none-eabi/lib/armv7e-m/softfp/libc.a(lib_a-init.o)
                0x00000000000273c0                __libc_init_array
 .text.memset   0x0000000000027410       0x9c /Applications/Simplicity Studio.app/Contents/Eclipse/developer/toolchains/gnu_arm/4.9_2015q3/bin/../lib/gcc/arm-none-eabi/4.9.3/../../../../arm-none-eabi/lib/armv7e-m/softfp/libc.a(lib_a-memset.o)
                0x0000000000027410                memset
 .text.startup.register_fini
                0x00000000000274ac       0x14 /Applications/Simplicity Studio.app/Contents/Eclipse/developer/toolchains/gnu_arm/4.9_2015q3/bin/../lib/gcc/arm-none-eabi/4.9.3/../../../../arm-none-eabi/lib/armv7e-m/softfp/libc.a(lib_a-__call_atexit.o)
 .text.__call_exitprocs
                0x00000000000274c0       0xd4 /Applications/Simplicity Studio.app/Contents/Eclipse/developer/toolchains/gnu_arm/4.9_2015q3/bin/../lib/gcc/arm-none-eabi/4.9.3/../../../../arm-none-eabi/lib/armv7e-m/softfp/libc.a(lib_a-__call_atexit.o)
                0x00000000000274c0                __call_exitprocs
 .text.atexit   0x0000000000027594        0xc /Applications/Simplicity Studio.app/Contents/Eclipse/developer/toolchains/gnu_arm/4.9_2015q3/bin/../lib/gcc/arm-none-eabi/4.9.3/../../../../arm-none-eabi/lib/armv7e-m/softfp/libc.a(lib_a-atexit.o)
                0x0000000000027594                atexit
 .text.__libc_fini_array
                0x00000000000275a0       0x2c /Applications/Simplicity Studio.app/Contents/Eclipse/developer/toolchains/gnu_arm/4.9_2015q3/bin/../lib/gcc/arm-none-eabi/4.9.3/../../../../arm-none-eabi/lib/armv7e-m/softfp/libc.a(lib_a-fini.o)
                0x00000000000275a0                __libc_fini_array
 .text.__register_exitproc
                0x00000000000275cc       0xa4 /Applications/Simplicity Studio.app/Contents/Eclipse/developer/toolchains/gnu_arm/4.9_2015q3/bin/../lib/gcc/arm-none-eabi/4.9.3/../../../../arm-none-eabi/lib/armv7e-m/softfp/libc.a(lib_a-__atexit.o)
                0x00000000000275cc                __register_exitproc
 .text._exit    0x0000000000027670        0x4 /Applications/Simplicity Studio.app/Contents/Eclipse/developer/toolchains/gnu_arm/4.9_2015q3/bin/../lib/gcc/arm-none-eabi/4.9.3/../../../../arm-none-eabi/lib/armv7e-m/softfp/libnosys.a(_exit.o)
                0x0000000000027670                _exit
 *(.init)
 .init          0x0000000000027674        0x4 /Applications/Simplicity Studio.app/Contents/Eclipse/developer/toolchains/gnu_arm/4.9_2015q3/bin/../lib/gcc/arm-none-eabi/4.9.3/armv7e-m/softfp/crti.o
                0x0000000000027674                _init
 .init          0x0000000000027678        0x8 /Applications/Simplicity Studio.app/Contents/Eclipse/developer/toolchains/gnu_arm/4.9_2015q3/bin/../lib/gcc/arm-none-eabi/4.9.3/armv7e-m/softfp/crtn.o
 *(.fini)
 .fini          0x0000000000027680        0x4 /Applications/Simplicity Studio.app/Contents/Eclipse/developer/toolchains/gnu_arm/4.9_2015q3/bin/../lib/gcc/arm-none-eabi/4.9.3/armv7e-m/softfp/crti.o
                0x0000000000027680                _fini
 .fini          0x0000000000027684        0x8 /Applications/Simplicity Studio.app/Contents/Eclipse/developer/toolchains/gnu_arm/4.9_2015q3/bin/../lib/gcc/arm-none-eabi/4.9.3/armv7e-m/softfp/crtn.o
 *crtbegin.o(.ctors)
 *crtbegin?.o(.ctors)
 *(EXCLUDE_FILE(*crtend.o *crtend?.o) .ctors)
 *(SORT(.ctors.*))
 *(.ctors)
 *crtbegin.o(.dtors)
 *crtbegin?.o(.dtors)
 *(EXCLUDE_FILE(*crtend.o *crtend?.o) .dtors)
 *(SORT(.dtors.*))
 *(.dtors)
 *(.rodata*)
 .rodata.ptiInit
                0x000000000002768c       0x24 ./main.o
 .rodata.config
                0x00000000000276b0       0xe8 ./main.o
 .rodata.str1.4
                0x0000000000027798        0x4 ./main.o
 .rodata        0x000000000002779c       0x18 ./peripherals.o
 .rodata.str1.4
                0x00000000000277b4       0x2f ./peripherals.o
 *fill*         0x00000000000277e3        0x1 
 .rodata        0x00000000000277e4        0x4 ./bgapi/dmadrv.o
 .rodata.CSWTCH.45
                0x00000000000277e8        0xc ./emlib/em_cmu.o
 .rodata.CSWTCH.46
                0x00000000000277f4       0x10 ./emlib/em_cmu.o
 .rodata.CSWTCH.47
                0x0000000000027804       0x10 ./emlib/em_cmu.o
 .rodata.CSWTCH.48
                0x0000000000027814       0x10 ./emlib/em_cmu.o
 .rodata.i2cNSum
                0x0000000000027824        0x4 ./emlib/em_i2c.o
 .rodata        0x0000000000027828       0x68 ./src/InitDevice.o
 .rodata        0x0000000000027890       0x78 /Applications/Simplicity Studio.app/Contents/Eclipse/developer/sdks/gecko_sdk_suite/v1.0//protocol/bluetooth_2.3/lib/EFR32BG1B/GCC/bgapi.a(gecko_bgapi_hardware.c.obj)
 .rodata        0x0000000000027908       0x30 /Applications/Simplicity Studio.app/Contents/Eclipse/developer/sdks/gecko_sdk_suite/v1.0//protocol/bluetooth_2.3/lib/EFR32BG1B/GCC/bgapi.a(gecko_bgapi_test.c.obj)
 .rodata        0x0000000000027938       0x18 /Applications/Simplicity Studio.app/Contents/Eclipse/developer/sdks/gecko_sdk_suite/v1.0//protocol/bluetooth_2.3/lib/EFR32BG1B/GCC/bgapi.a(gecko_bgapi_util.c.obj)
 .rodata        0x0000000000027950       0x28 /Applications/Simplicity Studio.app/Contents/Eclipse/developer/sdks/gecko_sdk_suite/v1.0//protocol/bluetooth_2.3/lib/EFR32BG1B/GCC/bgapi.a(gecko_bgapi_dfu.c.obj)
 .rodata        0x0000000000027978       0x70 /Applications/Simplicity Studio.app/Contents/Eclipse/developer/sdks/gecko_sdk_suite/v1.0//protocol/bluetooth_2.3/lib/EFR32BG1B/GCC/bgapi.a(gecko_bgapi_gap.c.obj)
 .rodata        0x00000000000279e8       0xa0 /Applications/Simplicity Studio.app/Contents/Eclipse/developer/sdks/gecko_sdk_suite/v1.0//protocol/bluetooth_2.3/lib/EFR32BG1B/GCC/bgapi.a(gecko_bgapi_gatt.c.obj)
 .rodata        0x0000000000027a88       0x48 /Applications/Simplicity Studio.app/Contents/Eclipse/developer/sdks/gecko_sdk_suite/v1.0//protocol/bluetooth_2.3/lib/EFR32BG1B/GCC/bgapi.a(gecko_bgapi_gatt_server.c.obj)
 .rodata        0x0000000000027ad0       0x30 /Applications/Simplicity Studio.app/Contents/Eclipse/developer/sdks/gecko_sdk_suite/v1.0//protocol/bluetooth_2.3/lib/EFR32BG1B/GCC/bgapi.a(gecko_bgapi_flash.c.obj)
 .rodata        0x0000000000027b00       0x80 /Applications/Simplicity Studio.app/Contents/Eclipse/developer/sdks/gecko_sdk_suite/v1.0//protocol/bluetooth_2.3/lib/EFR32BG1B/GCC/bgapi.a(gecko_bgapi_sm.c.obj)
 .rodata        0x0000000000027b80       0x38 /Applications/Simplicity Studio.app/Contents/Eclipse/developer/sdks/gecko_sdk_suite/v1.0//protocol/bluetooth_2.3/lib/EFR32BG1B/GCC/bgapi.a(gecko_bgapi_system.c.obj)
 .rodata        0x0000000000027bb8       0x38 /Applications/Simplicity Studio.app/Contents/Eclipse/developer/sdks/gecko_sdk_suite/v1.0//protocol/bluetooth_2.3/lib/EFR32BG1B/GCC/bgapi.a(gecko_bgapi_endpoint.c.obj)
 .rodata        0x0000000000027bf0       0x28 /Applications/Simplicity Studio.app/Contents/Eclipse/developer/sdks/gecko_sdk_suite/v1.0//protocol/bluetooth_2.3/lib/EFR32BG1B/GCC/bgapi.a(gecko_bgapi_le_connection.c.obj)
 .rodata        0x0000000000027c18       0x18 /Applications/Simplicity Studio.app/Contents/Eclipse/developer/sdks/gecko_sdk_suite/v1.0//protocol/bluetooth_2.3/lib/EFR32BG1B/GCC/bgapi.a(bgapi_sm.c.obj)
 .rodata        0x0000000000027c30       0x18 /Applications/Simplicity Studio.app/Contents/Eclipse/developer/sdks/gecko_sdk_suite/v1.0//protocol/bluetooth_2.3/lib/EFR32BG1B/GCC/bgapi.a(adc.c.obj)
 .rodata        0x0000000000027c48       0x40 /Applications/Simplicity Studio.app/Contents/Eclipse/developer/sdks/gecko_sdk_suite/v1.0//protocol/bluetooth_2.3/lib/EFR32BG1B/GCC/bgapi.a(gpio.c.obj)
 .rodata        0x0000000000027c88       0x10 /Applications/Simplicity Studio.app/Contents/Eclipse/developer/sdks/gecko_sdk_suite/v1.0//protocol/bluetooth_2.3/lib/EFR32BG1B/GCC/bgapi.a(i2c.c.obj)
 .rodata        0x0000000000027c98       0x60 /Applications/Simplicity Studio.app/Contents/Eclipse/developer/sdks/gecko_sdk_suite/v1.0//protocol/bluetooth_2.3/lib/EFR32BG1B/GCC/bgapi.a(uart.c.obj)
 .rodata.str1.4
                0x0000000000027cf8        0x4 /Applications/Simplicity Studio.app/Contents/Eclipse/developer/toolchains/gnu_arm/4.9_2015q3/bin/../lib/gcc/arm-none-eabi/4.9.3/../../../../arm-none-eabi/lib/armv7e-m/softfp/libc.a(lib_a-impure.o)
                                          0x2 (size before relaxing)
 .rodata._global_impure_ptr
                0x0000000000027cfc        0x4 /Applications/Simplicity Studio.app/Contents/Eclipse/developer/toolchains/gnu_arm/4.9_2015q3/bin/../lib/gcc/arm-none-eabi/4.9.3/../../../../arm-none-eabi/lib/armv7e-m/softfp/libc.a(lib_a-impure.o)
                0x0000000000027cfc                _global_impure_ptr
 *(.eh_frame*)
 .eh_frame      0x0000000000027d00        0x0 /Applications/Simplicity Studio.app/Contents/Eclipse/developer/toolchains/gnu_arm/4.9_2015q3/bin/../lib/gcc/arm-none-eabi/4.9.3/armv7e-m/softfp/crtbegin.o
 .eh_frame      0x0000000000027d00        0x4 /Applications/Simplicity Studio.app/Contents/Eclipse/developer/toolchains/gnu_arm/4.9_2015q3/bin/../lib/gcc/arm-none-eabi/4.9.3/armv7e-m/softfp/crtend.o
                0x0000000000027d04                . = ALIGN (0x4)

.glue_7         0x0000000000027d04        0x0
 .glue_7        0x0000000000000000        0x0 linker stubs

.glue_7t        0x0000000000027d04        0x0
 .glue_7t       0x0000000000000000        0x0 linker stubs

.vfp11_veneer   0x0000000000027d04        0x0
 .vfp11_veneer  0x0000000000000000        0x0 linker stubs

.v4_bx          0x0000000000027d04        0x0
 .v4_bx         0x0000000000000000        0x0 linker stubs

.iplt           0x0000000000027d04        0x0
 .iplt          0x0000000000000000        0x0 /Applications/Simplicity Studio.app/Contents/Eclipse/developer/toolchains/gnu_arm/4.9_2015q3/bin/../lib/gcc/arm-none-eabi/4.9.3/armv7e-m/softfp/crtbegin.o

.igot.plt       0x0000000000027d04        0x0
 .igot.plt      0x0000000000000000        0x0 /Applications/Simplicity Studio.app/Contents/Eclipse/developer/toolchains/gnu_arm/4.9_2015q3/bin/../lib/gcc/arm-none-eabi/4.9.3/armv7e-m/softfp/crtbegin.o

.text_app_ARM.extab
 *(.ARM.extab* .gnu.linkonce.armextab.*)
                0x0000000000027d04                __exidx_start = .

.text_app_ARM.exidx
                0x0000000000027d04        0x8
 *(.ARM.exidx* .gnu.linkonce.armexidx.*)
 .ARM.exidx     0x0000000000027d04        0x8 /Applications/Simplicity Studio.app/Contents/Eclipse/developer/toolchains/gnu_arm/4.9_2015q3/bin/../lib/gcc/arm-none-eabi/4.9.3/../../../../arm-none-eabi/lib/armv7e-m/softfp/crt0.o
 .ARM.exidx     0x0000000000027d0c        0x0 /Applications/Simplicity Studio.app/Contents/Eclipse/developer/toolchains/gnu_arm/4.9_2015q3/bin/../lib/gcc/arm-none-eabi/4.9.3/armv7e-m/softfp/libgcc.a(_divdi3.o)
                                          0x8 (size before relaxing)
 .ARM.exidx     0x0000000000027d0c        0x0 /Applications/Simplicity Studio.app/Contents/Eclipse/developer/toolchains/gnu_arm/4.9_2015q3/bin/../lib/gcc/arm-none-eabi/4.9.3/armv7e-m/softfp/libgcc.a(_udivdi3.o)
                                          0x8 (size before relaxing)
                0x0000000000027d0c                __exidx_end = .
                0x0000000000027d0c                __etext = .

.rel.dyn        0x0000000000027d0c        0x0
 .rel.iplt      0x0000000000000000        0x0 /Applications/Simplicity Studio.app/Contents/Eclipse/developer/toolchains/gnu_arm/4.9_2015q3/bin/../lib/gcc/arm-none-eabi/4.9.3/armv7e-m/softfp/crtbegin.o

.text_app_data  0x0000000020003000      0x480 load address 0x0000000000027d0c
                0x0000000020003000                __data_start__ = .
 *(vtable)
 *(.data*)
 .data.bg_gattdb_data_attribute_field_6_data
                0x0000000020003000        0xd ./gatt_db.o
                0x0000000020003000                bg_gattdb_data_attribute_field_6_data
 *fill*         0x000000002000300d        0x3 
 .data.auxHfrcoFreq
                0x0000000020003010        0x4 ./emlib/em_cmu.o
 .data          0x0000000020003014        0x1 /Applications/Simplicity Studio.app/Contents/Eclipse/developer/sdks/gecko_sdk_suite/v1.0//protocol/bluetooth_2.3/lib/EFR32BG1B/GCC/bgapi.a(bgapi_endpoint.c.obj)
 *fill*         0x0000000020003015        0x3 
 .data          0x0000000020003018       0x30 /Applications/Simplicity Studio.app/Contents/Eclipse/developer/sdks/gecko_sdk_suite/v1.0//protocol/bluetooth_2.3/lib/EFR32BG1B/GCC/bgapi.a(adc.c.obj)
 .data.impure_data
                0x0000000020003048      0x428 /Applications/Simplicity Studio.app/Contents/Eclipse/developer/toolchains/gnu_arm/4.9_2015q3/bin/../lib/gcc/arm-none-eabi/4.9.3/../../../../arm-none-eabi/lib/armv7e-m/softfp/libc.a(lib_a-impure.o)
                0x0000000020003470                . = ALIGN (0x4)
 *(.ram)
                0x0000000020003470                . = ALIGN (0x4)
                0x0000000020003470                PROVIDE (__preinit_array_start, .)
 *(.preinit_array)
                0x0000000020003470                PROVIDE (__preinit_array_end, .)
                0x0000000020003470                . = ALIGN (0x4)
                0x0000000020003470                PROVIDE (__init_array_start, .)
 *(SORT(.init_array.*))
 .init_array.00000
                0x0000000020003470        0x4 /Applications/Simplicity Studio.app/Contents/Eclipse/developer/toolchains/gnu_arm/4.9_2015q3/bin/../lib/gcc/arm-none-eabi/4.9.3/../../../../arm-none-eabi/lib/armv7e-m/softfp/libc.a(lib_a-__call_atexit.o)
 *(.init_array)
 .init_array    0x0000000020003474        0x4 /Applications/Simplicity Studio.app/Contents/Eclipse/developer/toolchains/gnu_arm/4.9_2015q3/bin/../lib/gcc/arm-none-eabi/4.9.3/armv7e-m/softfp/crtbegin.o
                0x0000000020003478                PROVIDE (__init_array_end, .)
                0x0000000020003478                . = ALIGN (0x4)
                0x0000000020003478                PROVIDE (__fini_array_start, .)
 *(SORT(.fini_array.*))
 *(.fini_array)
 .fini_array    0x0000000020003478        0x4 /Applications/Simplicity Studio.app/Contents/Eclipse/developer/toolchains/gnu_arm/4.9_2015q3/bin/../lib/gcc/arm-none-eabi/4.9.3/armv7e-m/softfp/crtbegin.o
                0x000000002000347c                PROVIDE (__fini_array_end, .)
 *(.jcr*)
 .jcr           0x000000002000347c        0x0 /Applications/Simplicity Studio.app/Contents/Eclipse/developer/toolchains/gnu_arm/4.9_2015q3/bin/../lib/gcc/arm-none-eabi/4.9.3/armv7e-m/softfp/crtbegin.o
 .jcr           0x000000002000347c        0x4 /Applications/Simplicity Studio.app/Contents/Eclipse/developer/toolchains/gnu_arm/4.9_2015q3/bin/../lib/gcc/arm-none-eabi/4.9.3/armv7e-m/softfp/crtend.o
                0x0000000020003480                . = ALIGN (0x4)
                0x0000000020003480                __data_end__ = .

.bss            0x0000000020003480     0x1cdc load address 0x000000000002818c
                0x0000000020003480                . = ALIGN (0x4)
                0x0000000020003480                __bss_start__ = .
 *(.bss*)
 .bss           0x0000000020003480       0x1c /Applications/Simplicity Studio.app/Contents/Eclipse/developer/toolchains/gnu_arm/4.9_2015q3/bin/../lib/gcc/arm-none-eabi/4.9.3/armv7e-m/softfp/crtbegin.o
 .bss.bg_gattdb_data_attribute_field_2_data
                0x000000002000349c        0x4 ./gatt_db.o
                0x000000002000349c                bg_gattdb_data_attribute_field_2_data
 .bss.boot_to_dfu
                0x00000000200034a0        0x1 ./main.o
                0x00000000200034a0                boot_to_dfu
 .bss.UARTbufferctr
                0x00000000200034a1        0x1 ./peripherals.o
 *fill*         0x00000000200034a2        0x2 
 .bss.leuartif  0x00000000200034a4        0x4 ./peripherals.o
 .bss.desiredDutyCycle
                0x00000000200034a8        0x1 ./peripherals.o
 *fill*         0x00000000200034a9        0x3 
 .bss.SOFReceived
                0x00000000200034ac        0x4 ./peripherals.o
                0x00000000200034ac                SOFReceived
 .bss.chTable   0x00000000200034b0       0xa0 ./bgapi/dmadrv.o
 .bss.initialized
                0x0000000020003550        0x1 ./bgapi/dmadrv.o
 *fill*         0x0000000020003551        0x3 
 .bss.dmaXfer   0x0000000020003554      0x100 ./bgapi/dmadrv.o
 .bss.dcdcEm01LoadCurrent_mA
                0x0000000020003654        0x2 ./emlib/em_emu.o
 .bss.dcdcReverseCurrentControl
                0x0000000020003656        0x2 ./emlib/em_emu.o
 .bss.dcdcMaxCurrent_mA
                0x0000000020003658        0x2 ./emlib/em_emu.o
 *fill*         0x000000002000365a        0x2 
 .bss.errataFixDcdcHsState
                0x000000002000365c        0x4 ./emlib/em_emu.o
 .bss           0x0000000020003660      0x100 /Applications/Simplicity Studio.app/Contents/Eclipse/developer/sdks/gecko_sdk_suite/v1.0//protocol/bluetooth_2.3/lib/EFR32BG1B/GCC/bgapi.a(bgapi_hardware_lib.c.obj)
 .bss           0x0000000020003760        0x4 /Applications/Simplicity Studio.app/Contents/Eclipse/developer/sdks/gecko_sdk_suite/v1.0//protocol/bluetooth_2.3/lib/EFR32BG1B/GCC/bgapi.a(bgapi_hardware.c.obj)
 .bss           0x0000000020003764       0x10 /Applications/Simplicity Studio.app/Contents/Eclipse/developer/sdks/gecko_sdk_suite/v1.0//protocol/bluetooth_2.3/lib/EFR32BG1B/GCC/bgapi.a(bgapi_util.c.obj)
 .bss           0x0000000020003774        0x2 /Applications/Simplicity Studio.app/Contents/Eclipse/developer/sdks/gecko_sdk_suite/v1.0//protocol/bluetooth_2.3/lib/EFR32BG1B/GCC/bgapi.a(bgapi_gap.c.obj)
                0x0000000020003774                legacy_maxadv_events
 *fill*         0x0000000020003776        0x2 
 .bss           0x0000000020003778        0x4 /Applications/Simplicity Studio.app/Contents/Eclipse/developer/sdks/gecko_sdk_suite/v1.0//protocol/bluetooth_2.3/lib/EFR32BG1B/GCC/bgapi.a(bgapi_sm.c.obj)
 .bss           0x000000002000377c        0xc /Applications/Simplicity Studio.app/Contents/Eclipse/developer/sdks/gecko_sdk_suite/v1.0//protocol/bluetooth_2.3/lib/EFR32BG1B/GCC/bgapi.a(bgapi_endpoint.c.obj)
 .bss           0x0000000020003788        0x4 /Applications/Simplicity Studio.app/Contents/Eclipse/developer/sdks/gecko_sdk_suite/v1.0//protocol/bluetooth_2.3/lib/EFR32BG1B/GCC/bgapi.a(adc.c.obj)
 .bss           0x000000002000378c        0x2 /Applications/Simplicity Studio.app/Contents/Eclipse/developer/sdks/gecko_sdk_suite/v1.0//protocol/bluetooth_2.3/lib/EFR32BG1B/GCC/bgapi.a(i2c.c.obj)
 *fill*         0x000000002000378e        0x2 
 .bss           0x0000000020003790       0x2c /Applications/Simplicity Studio.app/Contents/Eclipse/developer/sdks/gecko_sdk_suite/v1.0//protocol/bluetooth_2.3/lib/EFR32BG1B/GCC/bgapi.a(sleep_signal.c.obj)
                0x00000000200037a4                sleep_signal_mask
                0x00000000200037b8                host_wakeup_signal_mask
 .bss           0x00000000200037bc       0x70 /Applications/Simplicity Studio.app/Contents/Eclipse/developer/sdks/gecko_sdk_suite/v1.0//protocol/bluetooth_2.3/lib/EFR32BG1B/GCC/bgapi.a(uart.c.obj)
 *(COMMON)
 COMMON         0x000000002000382c     0x18d4 ./main.o
                0x000000002000382c                localPWM
                0x0000000020003830                bluetooth_stack_heap
 COMMON         0x0000000020005100       0x4c ./peripherals.o
                0x0000000020005100                UARTObj
                0x0000000020005104                UserGPIOs
                0x0000000020005108                PWMObj
                0x000000002000510c                UARTbuffer
 COMMON         0x000000002000514c        0xc /Applications/Simplicity Studio.app/Contents/Eclipse/developer/sdks/gecko_sdk_suite/v1.0//protocol/bluetooth_2.3/lib/EFR32BG1B/GCC/bgapi.a(uart_endpoint.c.obj)
                0x000000002000514c                uarts
 COMMON         0x0000000020005158        0x1 /Applications/Simplicity Studio.app/Contents/Eclipse/developer/sdks/gecko_sdk_suite/v1.0//protocol/bluetooth_2.3/lib/EFR32BG1B/GCC/bgapi.a(gpio.c.obj)
                0x0000000020005158                gpio_events
                0x000000002000515c                . = ALIGN (0x4)
 *fill*         0x0000000020005159        0x3 
                0x000000002000515c                __bss_end__ = .

.heap           0x0000000020005160      0xc00
                0x0000000020005160                __HeapBase = .
                0x0000000020005160                __end__ = .
                0x0000000020005160                end = __end__
                0x0000000020005160                _end = __end__
 *(.heap*)
 .heap          0x0000000020005160      0xc00 ./device/EFR32_B_1_1_B/gcc/startup_efr32bg1b.o
                0x0000000020005d60                __HeapLimit = .

.stack_dummy    0x0000000020005d60      0x400
 *(.stack*)
 .stack         0x0000000020005d60      0x400 ./device/EFR32_B_1_1_B/gcc/startup_efr32bg1b.o
                0x0000000020007bfc                __StackTop = (ORIGIN (RAM) + 0x4bfc)
                0x00000000200077fc                __StackLimit = (__StackTop - SIZEOF (.stack_dummy))
                0x0000000020007bfc                PROVIDE (__stack, __StackTop)
                0x0000000000000001                ASSERT ((__StackLimit >= __HeapLimit), region RAM overflowed with stack)
OUTPUT(Locoroll-2.axf elf32-littlearm)

.ARM.attributes
                0x0000000000000000       0x2e
 .ARM.attributes
                0x0000000000000000       0x22 /Applications/Simplicity Studio.app/Contents/Eclipse/developer/toolchains/gnu_arm/4.9_2015q3/bin/../lib/gcc/arm-none-eabi/4.9.3/armv7e-m/softfp/crti.o
 .ARM.attributes
                0x0000000000000022       0x32 /Applications/Simplicity Studio.app/Contents/Eclipse/developer/toolchains/gnu_arm/4.9_2015q3/bin/../lib/gcc/arm-none-eabi/4.9.3/armv7e-m/softfp/crtbegin.o
 .ARM.attributes
                0x0000000000000054       0x20 /Applications/Simplicity Studio.app/Contents/Eclipse/developer/toolchains/gnu_arm/4.9_2015q3/bin/../lib/gcc/arm-none-eabi/4.9.3/../../../../arm-none-eabi/lib/armv7e-m/softfp/crt0.o
 .ARM.attributes
                0x0000000000000074       0x37 ./em_timer.o
 .ARM.attributes
                0x00000000000000ab       0x37 ./gatt_db.o
 .ARM.attributes
                0x00000000000000e2       0x37 ./main.o
 .ARM.attributes
                0x0000000000000119       0x37 ./peripherals.o
 .ARM.attributes
                0x0000000000000150       0x37 ./bgapi/dmadrv.o
 .ARM.attributes
                0x0000000000000187       0x37 ./bgapi/em_adc.o
 .ARM.attributes
                0x00000000000001be       0x37 ./bgapi/em_ldma.o
 .ARM.attributes
                0x00000000000001f5       0x37 ./bgapi/em_leuart.o
 .ARM.attributes
                0x000000000000022c       0x37 ./device/EFR32_B_1_1_B/gcc/startup_efr32bg1b.o
 .ARM.attributes
                0x0000000000000263       0x37 ./emlib/em_cmu.o
 .ARM.attributes
                0x000000000000029a       0x37 ./emlib/em_emu.o
 .ARM.attributes
                0x00000000000002d1       0x37 ./emlib/em_gpio.o
 .ARM.attributes
                0x0000000000000308       0x37 ./emlib/em_i2c.o
 .ARM.attributes
                0x000000000000033f       0x37 ./emlib/em_rtcc.o
 .ARM.attributes
                0x0000000000000376       0x37 ./emlib/em_system.o
 .ARM.attributes
                0x00000000000003ad       0x37 ./emlib/em_usart.o
 .ARM.attributes
                0x00000000000003e4       0x37 ./src/InitDevice.o
 .ARM.attributes
                0x000000000000041b       0x1c /Applications/Simplicity Studio.app/Contents/Eclipse/developer/sdks/gecko_sdk_suite/v1.0//protocol/bluetooth_2.3/lib/EFR32BG1B/EABI/binstack.o
 .ARM.attributes
                0x0000000000000437       0x37 /Applications/Simplicity Studio.app/Contents/Eclipse/developer/sdks/gecko_sdk_suite/v1.0//protocol/bluetooth_2.3/lib/EFR32BG1B/GCC/bgapi.a(gecko_bgapi_hardware.c.obj)
 .ARM.attributes
                0x000000000000046e       0x37 /Applications/Simplicity Studio.app/Contents/Eclipse/developer/sdks/gecko_sdk_suite/v1.0//protocol/bluetooth_2.3/lib/EFR32BG1B/GCC/bgapi.a(gecko_bgapi_test.c.obj)
 .ARM.attributes
                0x00000000000004a5       0x37 /Applications/Simplicity Studio.app/Contents/Eclipse/developer/sdks/gecko_sdk_suite/v1.0//protocol/bluetooth_2.3/lib/EFR32BG1B/GCC/bgapi.a(gecko_bgapi_util.c.obj)
 .ARM.attributes
                0x00000000000004dc       0x37 /Applications/Simplicity Studio.app/Contents/Eclipse/developer/sdks/gecko_sdk_suite/v1.0//protocol/bluetooth_2.3/lib/EFR32BG1B/GCC/bgapi.a(gecko_bgapi_dfu.c.obj)
 .ARM.attributes
                0x0000000000000513       0x37 /Applications/Simplicity Studio.app/Contents/Eclipse/developer/sdks/gecko_sdk_suite/v1.0//protocol/bluetooth_2.3/lib/EFR32BG1B/GCC/bgapi.a(gecko_bgapi_gap.c.obj)
 .ARM.attributes
                0x000000000000054a       0x37 /Applications/Simplicity Studio.app/Contents/Eclipse/developer/sdks/gecko_sdk_suite/v1.0//protocol/bluetooth_2.3/lib/EFR32BG1B/GCC/bgapi.a(gecko_bgapi_gatt.c.obj)
 .ARM.attributes
                0x0000000000000581       0x37 /Applications/Simplicity Studio.app/Contents/Eclipse/developer/sdks/gecko_sdk_suite/v1.0//protocol/bluetooth_2.3/lib/EFR32BG1B/GCC/bgapi.a(gecko_bgapi_gatt_server.c.obj)
 .ARM.attributes
                0x00000000000005b8       0x37 /Applications/Simplicity Studio.app/Contents/Eclipse/developer/sdks/gecko_sdk_suite/v1.0//protocol/bluetooth_2.3/lib/EFR32BG1B/GCC/bgapi.a(gecko_bgapi_flash.c.obj)
 .ARM.attributes
                0x00000000000005ef       0x37 /Applications/Simplicity Studio.app/Contents/Eclipse/developer/sdks/gecko_sdk_suite/v1.0//protocol/bluetooth_2.3/lib/EFR32BG1B/GCC/bgapi.a(gecko_bgapi_sm.c.obj)
 .ARM.attributes
                0x0000000000000626       0x37 /Applications/Simplicity Studio.app/Contents/Eclipse/developer/sdks/gecko_sdk_suite/v1.0//protocol/bluetooth_2.3/lib/EFR32BG1B/GCC/bgapi.a(gecko_bgapi_system.c.obj)
 .ARM.attributes
                0x000000000000065d       0x37 /Applications/Simplicity Studio.app/Contents/Eclipse/developer/sdks/gecko_sdk_suite/v1.0//protocol/bluetooth_2.3/lib/EFR32BG1B/GCC/bgapi.a(gecko_bgapi_endpoint.c.obj)
 .ARM.attributes
                0x0000000000000694       0x37 /Applications/Simplicity Studio.app/Contents/Eclipse/developer/sdks/gecko_sdk_suite/v1.0//protocol/bluetooth_2.3/lib/EFR32BG1B/GCC/bgapi.a(gecko_bgapi_le_connection.c.obj)
 .ARM.attributes
                0x00000000000006cb       0x37 /Applications/Simplicity Studio.app/Contents/Eclipse/developer/sdks/gecko_sdk_suite/v1.0//protocol/bluetooth_2.3/lib/EFR32BG1B/GCC/bgapi.a(bgapi_hardware_lib.c.obj)
 .ARM.attributes
                0x0000000000000702       0x37 /Applications/Simplicity Studio.app/Contents/Eclipse/developer/sdks/gecko_sdk_suite/v1.0//protocol/bluetooth_2.3/lib/EFR32BG1B/GCC/bgapi.a(bgapi_hardware.c.obj)
 .ARM.attributes
                0x0000000000000739       0x37 /Applications/Simplicity Studio.app/Contents/Eclipse/developer/sdks/gecko_sdk_suite/v1.0//protocol/bluetooth_2.3/lib/EFR32BG1B/GCC/bgapi.a(bgapi_test_lib.c.obj)
 .ARM.attributes
                0x0000000000000770       0x37 /Applications/Simplicity Studio.app/Contents/Eclipse/developer/sdks/gecko_sdk_suite/v1.0//protocol/bluetooth_2.3/lib/EFR32BG1B/GCC/bgapi.a(bgapi_util.c.obj)
 .ARM.attributes
                0x00000000000007a7       0x37 /Applications/Simplicity Studio.app/Contents/Eclipse/developer/sdks/gecko_sdk_suite/v1.0//protocol/bluetooth_2.3/lib/EFR32BG1B/GCC/bgapi.a(bgapi_dfu.c.obj)
 .ARM.attributes
                0x00000000000007de       0x37 /Applications/Simplicity Studio.app/Contents/Eclipse/developer/sdks/gecko_sdk_suite/v1.0//protocol/bluetooth_2.3/lib/EFR32BG1B/GCC/bgapi.a(bgapi_gap.c.obj)
 .ARM.attributes
                0x0000000000000815       0x37 /Applications/Simplicity Studio.app/Contents/Eclipse/developer/sdks/gecko_sdk_suite/v1.0//protocol/bluetooth_2.3/lib/EFR32BG1B/GCC/bgapi.a(bgapi_gatt_lib.c.obj)
 .ARM.attributes
                0x000000000000084c       0x37 /Applications/Simplicity Studio.app/Contents/Eclipse/developer/sdks/gecko_sdk_suite/v1.0//protocol/bluetooth_2.3/lib/EFR32BG1B/GCC/bgapi.a(bgapi_ps.c.obj)
 .ARM.attributes
                0x0000000000000883       0x37 /Applications/Simplicity Studio.app/Contents/Eclipse/developer/sdks/gecko_sdk_suite/v1.0//protocol/bluetooth_2.3/lib/EFR32BG1B/GCC/bgapi.a(bgapi_sm.c.obj)
 .ARM.attributes
                0x00000000000008ba       0x37 /Applications/Simplicity Studio.app/Contents/Eclipse/developer/sdks/gecko_sdk_suite/v1.0//protocol/bluetooth_2.3/lib/EFR32BG1B/GCC/bgapi.a(bgapi_system.c.obj)
 .ARM.attributes
                0x00000000000008f1       0x37 /Applications/Simplicity Studio.app/Contents/Eclipse/developer/sdks/gecko_sdk_suite/v1.0//protocol/bluetooth_2.3/lib/EFR32BG1B/GCC/bgapi.a(bgapi_endpoint.c.obj)
 .ARM.attributes
                0x0000000000000928       0x37 /Applications/Simplicity Studio.app/Contents/Eclipse/developer/sdks/gecko_sdk_suite/v1.0//protocol/bluetooth_2.3/lib/EFR32BG1B/GCC/bgapi.a(bgapi_le_connection.c.obj)
 .ARM.attributes
                0x000000000000095f       0x37 /Applications/Simplicity Studio.app/Contents/Eclipse/developer/sdks/gecko_sdk_suite/v1.0//protocol/bluetooth_2.3/lib/EFR32BG1B/GCC/bgapi.a(uart_endpoint.c.obj)
 .ARM.attributes
                0x0000000000000996       0x37 /Applications/Simplicity Studio.app/Contents/Eclipse/developer/sdks/gecko_sdk_suite/v1.0//protocol/bluetooth_2.3/lib/EFR32BG1B/GCC/bgapi.a(bgapi_endpoint.c.obj)
 .ARM.attributes
                0x00000000000009cd       0x37 /Applications/Simplicity Studio.app/Contents/Eclipse/developer/sdks/gecko_sdk_suite/v1.0//protocol/bluetooth_2.3/lib/EFR32BG1B/GCC/bgapi.a(adc.c.obj)
 .ARM.attributes
                0x0000000000000a04       0x37 /Applications/Simplicity Studio.app/Contents/Eclipse/developer/sdks/gecko_sdk_suite/v1.0//protocol/bluetooth_2.3/lib/EFR32BG1B/GCC/bgapi.a(gpio.c.obj)
 .ARM.attributes
                0x0000000000000a3b       0x37 /Applications/Simplicity Studio.app/Contents/Eclipse/developer/sdks/gecko_sdk_suite/v1.0//protocol/bluetooth_2.3/lib/EFR32BG1B/GCC/bgapi.a(i2c.c.obj)
 .ARM.attributes
                0x0000000000000a72       0x37 /Applications/Simplicity Studio.app/Contents/Eclipse/developer/sdks/gecko_sdk_suite/v1.0//protocol/bluetooth_2.3/lib/EFR32BG1B/GCC/bgapi.a(sleep_signal.c.obj)
 .ARM.attributes
                0x0000000000000aa9       0x37 /Applications/Simplicity Studio.app/Contents/Eclipse/developer/sdks/gecko_sdk_suite/v1.0//protocol/bluetooth_2.3/lib/EFR32BG1B/GCC/bgapi.a(uart.c.obj)
 .ARM.attributes
                0x0000000000000ae0       0x1c /Applications/Simplicity Studio.app/Contents/Eclipse/developer/sdks/gecko_sdk_suite/v1.0//protocol/bluetooth_2.3/lib/EFR32BG1B/EABI/binbootloader.o
 .ARM.attributes
                0x0000000000000afc       0x22 /Applications/Simplicity Studio.app/Contents/Eclipse/developer/toolchains/gnu_arm/4.9_2015q3/bin/../lib/gcc/arm-none-eabi/4.9.3/armv7e-m/softfp/libgcc.a(_aeabi_uldivmod.o)
 .ARM.attributes
                0x0000000000000b1e       0x32 /Applications/Simplicity Studio.app/Contents/Eclipse/developer/toolchains/gnu_arm/4.9_2015q3/bin/../lib/gcc/arm-none-eabi/4.9.3/armv7e-m/softfp/libgcc.a(bpabi.o)
 .ARM.attributes
                0x0000000000000b50       0x22 /Applications/Simplicity Studio.app/Contents/Eclipse/developer/toolchains/gnu_arm/4.9_2015q3/bin/../lib/gcc/arm-none-eabi/4.9.3/armv7e-m/softfp/libgcc.a(_dvmd_tls.o)
 .ARM.attributes
                0x0000000000000b72       0x32 /Applications/Simplicity Studio.app/Contents/Eclipse/developer/toolchains/gnu_arm/4.9_2015q3/bin/../lib/gcc/arm-none-eabi/4.9.3/armv7e-m/softfp/libgcc.a(_divdi3.o)
 .ARM.attributes
                0x0000000000000ba4       0x32 /Applications/Simplicity Studio.app/Contents/Eclipse/developer/toolchains/gnu_arm/4.9_2015q3/bin/../lib/gcc/arm-none-eabi/4.9.3/armv7e-m/softfp/libgcc.a(_udivdi3.o)
 .ARM.attributes
                0x0000000000000bd6       0x32 /Applications/Simplicity Studio.app/Contents/Eclipse/developer/toolchains/gnu_arm/4.9_2015q3/bin/../lib/gcc/arm-none-eabi/4.9.3/../../../../arm-none-eabi/lib/armv7e-m/softfp/libc.a(lib_a-exit.o)
 .ARM.attributes
                0x0000000000000c08       0x32 /Applications/Simplicity Studio.app/Contents/Eclipse/developer/toolchains/gnu_arm/4.9_2015q3/bin/../lib/gcc/arm-none-eabi/4.9.3/../../../../arm-none-eabi/lib/armv7e-m/softfp/libc.a(lib_a-impure.o)
 .ARM.attributes
                0x0000000000000c3a       0x32 /Applications/Simplicity Studio.app/Contents/Eclipse/developer/toolchains/gnu_arm/4.9_2015q3/bin/../lib/gcc/arm-none-eabi/4.9.3/../../../../arm-none-eabi/lib/armv7e-m/softfp/libc.a(lib_a-init.o)
 .ARM.attributes
                0x0000000000000c6c       0x32 /Applications/Simplicity Studio.app/Contents/Eclipse/developer/toolchains/gnu_arm/4.9_2015q3/bin/../lib/gcc/arm-none-eabi/4.9.3/../../../../arm-none-eabi/lib/armv7e-m/softfp/libc.a(lib_a-memset.o)
 .ARM.attributes
                0x0000000000000c9e       0x32 /Applications/Simplicity Studio.app/Contents/Eclipse/developer/toolchains/gnu_arm/4.9_2015q3/bin/../lib/gcc/arm-none-eabi/4.9.3/../../../../arm-none-eabi/lib/armv7e-m/softfp/libc.a(lib_a-__call_atexit.o)
 .ARM.attributes
                0x0000000000000cd0       0x32 /Applications/Simplicity Studio.app/Contents/Eclipse/developer/toolchains/gnu_arm/4.9_2015q3/bin/../lib/gcc/arm-none-eabi/4.9.3/../../../../arm-none-eabi/lib/armv7e-m/softfp/libc.a(lib_a-atexit.o)
 .ARM.attributes
                0x0000000000000d02       0x32 /Applications/Simplicity Studio.app/Contents/Eclipse/developer/toolchains/gnu_arm/4.9_2015q3/bin/../lib/gcc/arm-none-eabi/4.9.3/../../../../arm-none-eabi/lib/armv7e-m/softfp/libc.a(lib_a-fini.o)
 .ARM.attributes
                0x0000000000000d34       0x32 /Applications/Simplicity Studio.app/Contents/Eclipse/developer/toolchains/gnu_arm/4.9_2015q3/bin/../lib/gcc/arm-none-eabi/4.9.3/../../../../arm-none-eabi/lib/armv7e-m/softfp/libc.a(lib_a-__atexit.o)
 .ARM.attributes
                0x0000000000000d66       0x32 /Applications/Simplicity Studio.app/Contents/Eclipse/developer/toolchains/gnu_arm/4.9_2015q3/bin/../lib/gcc/arm-none-eabi/4.9.3/../../../../arm-none-eabi/lib/armv7e-m/softfp/libnosys.a(_exit.o)
 .ARM.attributes
                0x0000000000000d98       0x32 /Applications/Simplicity Studio.app/Contents/Eclipse/developer/toolchains/gnu_arm/4.9_2015q3/bin/../lib/gcc/arm-none-eabi/4.9.3/armv7e-m/softfp/crtend.o
 .ARM.attributes
                0x0000000000000dca       0x22 /Applications/Simplicity Studio.app/Contents/Eclipse/developer/toolchains/gnu_arm/4.9_2015q3/bin/../lib/gcc/arm-none-eabi/4.9.3/armv7e-m/softfp/crtn.o

.comment        0x0000000000000000       0xde
 .comment       0x0000000000000000       0x70 ./em_timer.o
                                         0x71 (size before relaxing)
 .comment       0x0000000000000000       0x71 ./gatt_db.o
 .comment       0x0000000000000000       0x71 ./main.o
 .comment       0x0000000000000000       0x71 ./peripherals.o
 .comment       0x0000000000000000       0x71 ./bgapi/dmadrv.o
 .comment       0x0000000000000000       0x71 ./bgapi/em_adc.o
 .comment       0x0000000000000000       0x71 ./bgapi/em_ldma.o
 .comment       0x0000000000000000       0x71 ./bgapi/em_leuart.o
 .comment       0x0000000000000000       0x71 ./device/EFR32_B_1_1_B/gcc/startup_efr32bg1b.o
 .comment       0x0000000000000000       0x71 ./emlib/em_cmu.o
 .comment       0x0000000000000000       0x71 ./emlib/em_emu.o
 .comment       0x0000000000000000       0x71 ./emlib/em_gpio.o
 .comment       0x0000000000000000       0x71 ./emlib/em_i2c.o
 .comment       0x0000000000000000       0x71 ./emlib/em_rtcc.o
 .comment       0x0000000000000000       0x71 ./emlib/em_system.o
 .comment       0x0000000000000000       0x71 ./emlib/em_usart.o
 .comment       0x0000000000000000       0x71 ./src/InitDevice.o
 .comment       0x0000000000000070       0x6e /Applications/Simplicity Studio.app/Contents/Eclipse/developer/sdks/gecko_sdk_suite/v1.0//protocol/bluetooth_2.3/lib/EFR32BG1B/GCC/bgapi.a(gecko_bgapi_hardware.c.obj)
                                         0x6f (size before relaxing)
 .comment       0x0000000000000000       0x6f /Applications/Simplicity Studio.app/Contents/Eclipse/developer/sdks/gecko_sdk_suite/v1.0//protocol/bluetooth_2.3/lib/EFR32BG1B/GCC/bgapi.a(gecko_bgapi_test.c.obj)
 .comment       0x0000000000000000       0x6f /Applications/Simplicity Studio.app/Contents/Eclipse/developer/sdks/gecko_sdk_suite/v1.0//protocol/bluetooth_2.3/lib/EFR32BG1B/GCC/bgapi.a(gecko_bgapi_util.c.obj)
 .comment       0x0000000000000000       0x6f /Applications/Simplicity Studio.app/Contents/Eclipse/developer/sdks/gecko_sdk_suite/v1.0//protocol/bluetooth_2.3/lib/EFR32BG1B/GCC/bgapi.a(gecko_bgapi_dfu.c.obj)
 .comment       0x0000000000000000       0x6f /Applications/Simplicity Studio.app/Contents/Eclipse/developer/sdks/gecko_sdk_suite/v1.0//protocol/bluetooth_2.3/lib/EFR32BG1B/GCC/bgapi.a(gecko_bgapi_gap.c.obj)
 .comment       0x0000000000000000       0x6f /Applications/Simplicity Studio.app/Contents/Eclipse/developer/sdks/gecko_sdk_suite/v1.0//protocol/bluetooth_2.3/lib/EFR32BG1B/GCC/bgapi.a(gecko_bgapi_gatt.c.obj)
 .comment       0x0000000000000000       0x6f /Applications/Simplicity Studio.app/Contents/Eclipse/developer/sdks/gecko_sdk_suite/v1.0//protocol/bluetooth_2.3/lib/EFR32BG1B/GCC/bgapi.a(gecko_bgapi_gatt_server.c.obj)
 .comment       0x0000000000000000       0x6f /Applications/Simplicity Studio.app/Contents/Eclipse/developer/sdks/gecko_sdk_suite/v1.0//protocol/bluetooth_2.3/lib/EFR32BG1B/GCC/bgapi.a(gecko_bgapi_flash.c.obj)
 .comment       0x0000000000000000       0x6f /Applications/Simplicity Studio.app/Contents/Eclipse/developer/sdks/gecko_sdk_suite/v1.0//protocol/bluetooth_2.3/lib/EFR32BG1B/GCC/bgapi.a(gecko_bgapi_sm.c.obj)
 .comment       0x0000000000000000       0x6f /Applications/Simplicity Studio.app/Contents/Eclipse/developer/sdks/gecko_sdk_suite/v1.0//protocol/bluetooth_2.3/lib/EFR32BG1B/GCC/bgapi.a(gecko_bgapi_system.c.obj)
 .comment       0x0000000000000000       0x6f /Applications/Simplicity Studio.app/Contents/Eclipse/developer/sdks/gecko_sdk_suite/v1.0//protocol/bluetooth_2.3/lib/EFR32BG1B/GCC/bgapi.a(gecko_bgapi_endpoint.c.obj)
 .comment       0x0000000000000000       0x6f /Applications/Simplicity Studio.app/Contents/Eclipse/developer/sdks/gecko_sdk_suite/v1.0//protocol/bluetooth_2.3/lib/EFR32BG1B/GCC/bgapi.a(gecko_bgapi_le_connection.c.obj)
 .comment       0x0000000000000000       0x6f /Applications/Simplicity Studio.app/Contents/Eclipse/developer/sdks/gecko_sdk_suite/v1.0//protocol/bluetooth_2.3/lib/EFR32BG1B/GCC/bgapi.a(bgapi_hardware_lib.c.obj)
 .comment       0x0000000000000000       0x6f /Applications/Simplicity Studio.app/Contents/Eclipse/developer/sdks/gecko_sdk_suite/v1.0//protocol/bluetooth_2.3/lib/EFR32BG1B/GCC/bgapi.a(bgapi_hardware.c.obj)
 .comment       0x0000000000000000       0x6f /Applications/Simplicity Studio.app/Contents/Eclipse/developer/sdks/gecko_sdk_suite/v1.0//protocol/bluetooth_2.3/lib/EFR32BG1B/GCC/bgapi.a(bgapi_test_lib.c.obj)
 .comment       0x0000000000000000       0x6f /Applications/Simplicity Studio.app/Contents/Eclipse/developer/sdks/gecko_sdk_suite/v1.0//protocol/bluetooth_2.3/lib/EFR32BG1B/GCC/bgapi.a(bgapi_util.c.obj)
 .comment       0x0000000000000000       0x6f /Applications/Simplicity Studio.app/Contents/Eclipse/developer/sdks/gecko_sdk_suite/v1.0//protocol/bluetooth_2.3/lib/EFR32BG1B/GCC/bgapi.a(bgapi_dfu.c.obj)
 .comment       0x0000000000000000       0x6f /Applications/Simplicity Studio.app/Contents/Eclipse/developer/sdks/gecko_sdk_suite/v1.0//protocol/bluetooth_2.3/lib/EFR32BG1B/GCC/bgapi.a(bgapi_gap.c.obj)
 .comment       0x0000000000000000       0x6f /Applications/Simplicity Studio.app/Contents/Eclipse/developer/sdks/gecko_sdk_suite/v1.0//protocol/bluetooth_2.3/lib/EFR32BG1B/GCC/bgapi.a(bgapi_gatt_lib.c.obj)
 .comment       0x0000000000000000       0x6f /Applications/Simplicity Studio.app/Contents/Eclipse/developer/sdks/gecko_sdk_suite/v1.0//protocol/bluetooth_2.3/lib/EFR32BG1B/GCC/bgapi.a(bgapi_ps.c.obj)
 .comment       0x0000000000000000       0x6f /Applications/Simplicity Studio.app/Contents/Eclipse/developer/sdks/gecko_sdk_suite/v1.0//protocol/bluetooth_2.3/lib/EFR32BG1B/GCC/bgapi.a(bgapi_sm.c.obj)
 .comment       0x0000000000000000       0x6f /Applications/Simplicity Studio.app/Contents/Eclipse/developer/sdks/gecko_sdk_suite/v1.0//protocol/bluetooth_2.3/lib/EFR32BG1B/GCC/bgapi.a(bgapi_system.c.obj)
 .comment       0x0000000000000000       0x6f /Applications/Simplicity Studio.app/Contents/Eclipse/developer/sdks/gecko_sdk_suite/v1.0//protocol/bluetooth_2.3/lib/EFR32BG1B/GCC/bgapi.a(bgapi_endpoint.c.obj)
 .comment       0x0000000000000000       0x6f /Applications/Simplicity Studio.app/Contents/Eclipse/developer/sdks/gecko_sdk_suite/v1.0//protocol/bluetooth_2.3/lib/EFR32BG1B/GCC/bgapi.a(bgapi_le_connection.c.obj)
 .comment       0x0000000000000000       0x6f /Applications/Simplicity Studio.app/Contents/Eclipse/developer/sdks/gecko_sdk_suite/v1.0//protocol/bluetooth_2.3/lib/EFR32BG1B/GCC/bgapi.a(uart_endpoint.c.obj)
 .comment       0x0000000000000000       0x6f /Applications/Simplicity Studio.app/Contents/Eclipse/developer/sdks/gecko_sdk_suite/v1.0//protocol/bluetooth_2.3/lib/EFR32BG1B/GCC/bgapi.a(bgapi_endpoint.c.obj)
 .comment       0x0000000000000000       0x6f /Applications/Simplicity Studio.app/Contents/Eclipse/developer/sdks/gecko_sdk_suite/v1.0//protocol/bluetooth_2.3/lib/EFR32BG1B/GCC/bgapi.a(adc.c.obj)
 .comment       0x0000000000000000       0x6f /Applications/Simplicity Studio.app/Contents/Eclipse/developer/sdks/gecko_sdk_suite/v1.0//protocol/bluetooth_2.3/lib/EFR32BG1B/GCC/bgapi.a(gpio.c.obj)
 .comment       0x0000000000000000       0x6f /Applications/Simplicity Studio.app/Contents/Eclipse/developer/sdks/gecko_sdk_suite/v1.0//protocol/bluetooth_2.3/lib/EFR32BG1B/GCC/bgapi.a(i2c.c.obj)
 .comment       0x0000000000000000       0x6f /Applications/Simplicity Studio.app/Contents/Eclipse/developer/sdks/gecko_sdk_suite/v1.0//protocol/bluetooth_2.3/lib/EFR32BG1B/GCC/bgapi.a(sleep_signal.c.obj)
 .comment       0x0000000000000000       0x6f /Applications/Simplicity Studio.app/Contents/Eclipse/developer/sdks/gecko_sdk_suite/v1.0//protocol/bluetooth_2.3/lib/EFR32BG1B/GCC/bgapi.a(uart.c.obj)

.debug_info     0x0000000000000000    0x1ba32
 .debug_info    0x0000000000000000      0x98e ./em_timer.o
 .debug_info    0x000000000000098e      0x662 ./gatt_db.o
 .debug_info    0x0000000000000ff0     0x546c ./main.o
 .debug_info    0x000000000000645c     0x5626 ./peripherals.o
 .debug_info    0x000000000000ba82     0x1851 ./bgapi/dmadrv.o
 .debug_info    0x000000000000d2d3     0x1c90 ./bgapi/em_adc.o
 .debug_info    0x000000000000ef63     0x1289 ./bgapi/em_ldma.o
 .debug_info    0x00000000000101ec      0xa62 ./bgapi/em_leuart.o
 .debug_info    0x0000000000010c4e      0x1c0 ./device/EFR32_B_1_1_B/gcc/startup_efr32bg1b.o
 .debug_info    0x0000000000010e0e     0x31e1 ./emlib/em_cmu.o
 .debug_info    0x0000000000013fef     0x27a6 ./emlib/em_emu.o
 .debug_info    0x0000000000016795      0xebd ./emlib/em_gpio.o
 .debug_info    0x0000000000017652      0xb27 ./emlib/em_i2c.o
 .debug_info    0x0000000000018179      0x6ec ./emlib/em_rtcc.o
 .debug_info    0x0000000000018865      0x26d ./emlib/em_system.o
 .debug_info    0x0000000000018ad2     0x11c8 ./emlib/em_usart.o
 .debug_info    0x0000000000019c9a     0x1d98 ./src/InitDevice.o

.debug_abbrev   0x0000000000000000     0x31fe
 .debug_abbrev  0x0000000000000000      0x1ca ./em_timer.o
 .debug_abbrev  0x00000000000001ca       0xce ./gatt_db.o
 .debug_abbrev  0x0000000000000298      0x34a ./main.o
 .debug_abbrev  0x00000000000005e2      0x528 ./peripherals.o
 .debug_abbrev  0x0000000000000b0a      0x38f ./bgapi/dmadrv.o
 .debug_abbrev  0x0000000000000e99      0x313 ./bgapi/em_adc.o
 .debug_abbrev  0x00000000000011ac      0x392 ./bgapi/em_ldma.o
 .debug_abbrev  0x000000000000153e      0x2e6 ./bgapi/em_leuart.o
 .debug_abbrev  0x0000000000001824      0x104 ./device/EFR32_B_1_1_B/gcc/startup_efr32bg1b.o
 .debug_abbrev  0x0000000000001928      0x478 ./emlib/em_cmu.o
 .debug_abbrev  0x0000000000001da0      0x4a3 ./emlib/em_emu.o
 .debug_abbrev  0x0000000000002243      0x2d4 ./emlib/em_gpio.o
 .debug_abbrev  0x0000000000002517      0x395 ./emlib/em_i2c.o
 .debug_abbrev  0x00000000000028ac      0x1e2 ./emlib/em_rtcc.o
 .debug_abbrev  0x0000000000002a8e      0x109 ./emlib/em_system.o
 .debug_abbrev  0x0000000000002b97      0x370 ./emlib/em_usart.o
 .debug_abbrev  0x0000000000002f07      0x2f7 ./src/InitDevice.o

.debug_loc      0x0000000000000000     0x929e
 .debug_loc     0x0000000000000000      0x18c ./em_timer.o
 .debug_loc     0x000000000000018c      0x67e ./main.o
 .debug_loc     0x000000000000080a      0x83c ./peripherals.o
 .debug_loc     0x0000000000001046     0x10da ./bgapi/dmadrv.o
 .debug_loc     0x0000000000002120      0xd59 ./bgapi/em_adc.o
 .debug_loc     0x0000000000002e79      0x46d ./bgapi/em_ldma.o
 .debug_loc     0x00000000000032e6      0x46f ./bgapi/em_leuart.o
 .debug_loc     0x0000000000003755       0x4b ./device/EFR32_B_1_1_B/gcc/startup_efr32bg1b.o
 .debug_loc     0x00000000000037a0     0x27cc ./emlib/em_cmu.o
 .debug_loc     0x0000000000005f6c     0x185c ./emlib/em_emu.o
 .debug_loc     0x00000000000077c8      0x798 ./emlib/em_gpio.o
 .debug_loc     0x0000000000007f60      0x859 ./emlib/em_i2c.o
 .debug_loc     0x00000000000087b9       0xdc ./emlib/em_rtcc.o
 .debug_loc     0x0000000000008895       0x91 ./emlib/em_system.o
 .debug_loc     0x0000000000008926      0x7b9 ./emlib/em_usart.o
 .debug_loc     0x00000000000090df      0x1bf ./src/InitDevice.o

.debug_aranges  0x0000000000000000      0x808
 .debug_aranges
                0x0000000000000000       0x38 ./em_timer.o
 .debug_aranges
                0x0000000000000038       0x18 ./gatt_db.o
 .debug_aranges
                0x0000000000000050       0x20 ./main.o
 .debug_aranges
                0x0000000000000070       0xf8 ./peripherals.o
 .debug_aranges
                0x0000000000000168       0xa0 ./bgapi/dmadrv.o
 .debug_aranges
                0x0000000000000208       0x70 ./bgapi/em_adc.o
 .debug_aranges
                0x0000000000000278       0x50 ./bgapi/em_ldma.o
 .debug_aranges
                0x00000000000002c8       0x80 ./bgapi/em_leuart.o
 .debug_aranges
                0x0000000000000348       0x28 ./device/EFR32_B_1_1_B/gcc/startup_efr32bg1b.o
 .debug_aranges
                0x0000000000000370      0x110 ./emlib/em_cmu.o
 .debug_aranges
                0x0000000000000480       0xf8 ./emlib/em_emu.o
 .debug_aranges
                0x0000000000000578       0x48 ./emlib/em_gpio.o
 .debug_aranges
                0x00000000000005c0       0x58 ./emlib/em_i2c.o
 .debug_aranges
                0x0000000000000618       0x40 ./emlib/em_rtcc.o
 .debug_aranges
                0x0000000000000658       0x28 ./emlib/em_system.o
 .debug_aranges
                0x0000000000000680       0xb8 ./emlib/em_usart.o
 .debug_aranges
                0x0000000000000738       0xd0 ./src/InitDevice.o

.debug_ranges   0x0000000000000000     0x1978
 .debug_ranges  0x0000000000000000       0x60 ./em_timer.o
 .debug_ranges  0x0000000000000060      0x198 ./main.o
 .debug_ranges  0x00000000000001f8      0x1c0 ./peripherals.o
 .debug_ranges  0x00000000000003b8       0xa8 ./bgapi/dmadrv.o
 .debug_ranges  0x0000000000000460      0x128 ./bgapi/em_adc.o
 .debug_ranges  0x0000000000000588       0xf0 ./bgapi/em_ldma.o
 .debug_ranges  0x0000000000000678      0x120 ./bgapi/em_leuart.o
 .debug_ranges  0x0000000000000798       0x18 ./device/EFR32_B_1_1_B/gcc/startup_efr32bg1b.o
 .debug_ranges  0x00000000000007b0      0x8b8 ./emlib/em_cmu.o
 .debug_ranges  0x0000000000001068      0x3c8 ./emlib/em_emu.o
 .debug_ranges  0x0000000000001430      0x180 ./emlib/em_gpio.o
 .debug_ranges  0x00000000000015b0      0x100 ./emlib/em_i2c.o
 .debug_ranges  0x00000000000016b0       0x70 ./emlib/em_rtcc.o
 .debug_ranges  0x0000000000001720       0x18 ./emlib/em_system.o
 .debug_ranges  0x0000000000001738      0x148 ./emlib/em_usart.o
 .debug_ranges  0x0000000000001880       0xf8 ./src/InitDevice.o

.debug_line     0x0000000000000000     0x65fc
 .debug_line    0x0000000000000000      0x4ac ./em_timer.o
 .debug_line    0x00000000000004ac      0x1d9 ./gatt_db.o
 .debug_line    0x0000000000000685      0x703 ./main.o
 .debug_line    0x0000000000000d88      0x86e ./peripherals.o
 .debug_line    0x00000000000015f6      0x70f ./bgapi/dmadrv.o
 .debug_line    0x0000000000001d05      0x5ed ./bgapi/em_adc.o
 .debug_line    0x00000000000022f2      0x4f7 ./bgapi/em_ldma.o
 .debug_line    0x00000000000027e9      0x532 ./bgapi/em_leuart.o
 .debug_line    0x0000000000002d1b      0x1fe ./device/EFR32_B_1_1_B/gcc/startup_efr32bg1b.o
 .debug_line    0x0000000000002f19      0xd7e ./emlib/em_cmu.o
 .debug_line    0x0000000000003c97      0xa59 ./emlib/em_emu.o
 .debug_line    0x00000000000046f0      0x4e8 ./emlib/em_gpio.o
 .debug_line    0x0000000000004bd8      0x5ae ./emlib/em_i2c.o
 .debug_line    0x0000000000005186      0x45e ./emlib/em_rtcc.o
 .debug_line    0x00000000000055e4      0x37f ./emlib/em_system.o
 .debug_line    0x0000000000005963      0x687 ./emlib/em_usart.o
 .debug_line    0x0000000000005fea      0x612 ./src/InitDevice.o

.debug_str      0x0000000000000000     0xeadc
 .debug_str     0x0000000000000000      0x96b ./em_timer.o
                                        0x9e3 (size before relaxing)
 .debug_str     0x000000000000096b      0x762 ./gatt_db.o
                                        0x8fe (size before relaxing)
 .debug_str     0x00000000000010cd     0x630c ./main.o
                                       0x699c (size before relaxing)
 .debug_str     0x00000000000073d9      0x7e0 ./peripherals.o
                                       0x5993 (size before relaxing)
 .debug_str     0x0000000000007bb9      0xf2f ./bgapi/dmadrv.o
                                       0x117c (size before relaxing)