Archive member included because of file (symbol)

/Applications/Simplicity Studio.app/Contents/Eclipse/developer/toolchains/gnu_arm/4.9_2015q3/bin/../lib/gcc/arm-none-eabi/4.9.3/armv7e-m/softfp/libgcc.a(_aeabi_uldivmod.o)
                              ./emlib/em_usart.o (__aeabi_uldivmod)
/Applications/Simplicity Studio.app/Contents/Eclipse/developer/toolchains/gnu_arm/4.9_2015q3/bin/../lib/gcc/arm-none-eabi/4.9.3/armv7e-m/softfp/libgcc.a(bpabi.o)
                              /Applications/Simplicity Studio.app/Contents/Eclipse/developer/toolchains/gnu_arm/4.9_2015q3/bin/../lib/gcc/arm-none-eabi/4.9.3/armv7e-m/softfp/libgcc.a(_aeabi_uldivmod.o) (__gnu_uldivmod_helper)
/Applications/Simplicity Studio.app/Contents/Eclipse/developer/toolchains/gnu_arm/4.9_2015q3/bin/../lib/gcc/arm-none-eabi/4.9.3/armv7e-m/softfp/libgcc.a(_dvmd_tls.o)
                              /Applications/Simplicity Studio.app/Contents/Eclipse/developer/toolchains/gnu_arm/4.9_2015q3/bin/../lib/gcc/arm-none-eabi/4.9.3/armv7e-m/softfp/libgcc.a(_aeabi_uldivmod.o) (__aeabi_ldiv0)
/Applications/Simplicity Studio.app/Contents/Eclipse/developer/toolchains/gnu_arm/4.9_2015q3/bin/../lib/gcc/arm-none-eabi/4.9.3/armv7e-m/softfp/libgcc.a(_divdi3.o)
                              /Applications/Simplicity Studio.app/Contents/Eclipse/developer/toolchains/gnu_arm/4.9_2015q3/bin/../lib/gcc/arm-none-eabi/4.9.3/armv7e-m/softfp/libgcc.a(bpabi.o) (__divdi3)
/Applications/Simplicity Studio.app/Contents/Eclipse/developer/toolchains/gnu_arm/4.9_2015q3/bin/../lib/gcc/arm-none-eabi/4.9.3/armv7e-m/softfp/libgcc.a(_udivdi3.o)
                              /Applications/Simplicity Studio.app/Contents/Eclipse/developer/toolchains/gnu_arm/4.9_2015q3/bin/../lib/gcc/arm-none-eabi/4.9.3/armv7e-m/softfp/libgcc.a(bpabi.o) (__udivdi3)
/Applications/Simplicity Studio.app/Contents/Eclipse/developer/toolchains/gnu_arm/4.9_2015q3/bin/../lib/gcc/arm-none-eabi/4.9.3/../../../../arm-none-eabi/lib/armv7e-m/softfp/libc.a(lib_a-exit.o)
                              /Applications/Simplicity Studio.app/Contents/Eclipse/developer/toolchains/gnu_arm/4.9_2015q3/bin/../lib/gcc/arm-none-eabi/4.9.3/../../../../arm-none-eabi/lib/armv7e-m/softfp/crt0.o (exit)
/Applications/Simplicity Studio.app/Contents/Eclipse/developer/toolchains/gnu_arm/4.9_2015q3/bin/../lib/gcc/arm-none-eabi/4.9.3/../../../../arm-none-eabi/lib/armv7e-m/softfp/libc.a(lib_a-impure.o)
                              /Applications/Simplicity Studio.app/Contents/Eclipse/developer/toolchains/gnu_arm/4.9_2015q3/bin/../lib/gcc/arm-none-eabi/4.9.3/../../../../arm-none-eabi/lib/armv7e-m/softfp/libc.a(lib_a-exit.o) (_global_impure_ptr)
/Applications/Simplicity Studio.app/Contents/Eclipse/developer/toolchains/gnu_arm/4.9_2015q3/bin/../lib/gcc/arm-none-eabi/4.9.3/../../../../arm-none-eabi/lib/armv7e-m/softfp/libc.a(lib_a-init.o)
                              /Applications/Simplicity Studio.app/Contents/Eclipse/developer/toolchains/gnu_arm/4.9_2015q3/bin/../lib/gcc/arm-none-eabi/4.9.3/../../../../arm-none-eabi/lib/armv7e-m/softfp/crt0.o (__libc_init_array)
/Applications/Simplicity Studio.app/Contents/Eclipse/developer/toolchains/gnu_arm/4.9_2015q3/bin/../lib/gcc/arm-none-eabi/4.9.3/../../../../arm-none-eabi/lib/armv7e-m/softfp/libc.a(lib_a-memset.o)
                              /Applications/Simplicity Studio.app/Contents/Eclipse/developer/toolchains/gnu_arm/4.9_2015q3/bin/../lib/gcc/arm-none-eabi/4.9.3/../../../../arm-none-eabi/lib/armv7e-m/softfp/crt0.o (memset)
/Applications/Simplicity Studio.app/Contents/Eclipse/developer/toolchains/gnu_arm/4.9_2015q3/bin/../lib/gcc/arm-none-eabi/4.9.3/../../../../arm-none-eabi/lib/armv7e-m/softfp/libc.a(lib_a-__call_atexit.o)
                              /Applications/Simplicity Studio.app/Contents/Eclipse/developer/toolchains/gnu_arm/4.9_2015q3/bin/../lib/gcc/arm-none-eabi/4.9.3/../../../../arm-none-eabi/lib/armv7e-m/softfp/libc.a(lib_a-exit.o) (__call_exitprocs)
/Applications/Simplicity Studio.app/Contents/Eclipse/developer/toolchains/gnu_arm/4.9_2015q3/bin/../lib/gcc/arm-none-eabi/4.9.3/../../../../arm-none-eabi/lib/armv7e-m/softfp/libc.a(lib_a-atexit.o)
                              /Applications/Simplicity Studio.app/Contents/Eclipse/developer/toolchains/gnu_arm/4.9_2015q3/bin/../lib/gcc/arm-none-eabi/4.9.3/../../../../arm-none-eabi/lib/armv7e-m/softfp/libc.a(lib_a-__call_atexit.o) (atexit)
/Applications/Simplicity Studio.app/Contents/Eclipse/developer/toolchains/gnu_arm/4.9_2015q3/bin/../lib/gcc/arm-none-eabi/4.9.3/../../../../arm-none-eabi/lib/armv7e-m/softfp/libc.a(lib_a-fini.o)
                              /Applications/Simplicity Studio.app/Contents/Eclipse/developer/toolchains/gnu_arm/4.9_2015q3/bin/../lib/gcc/arm-none-eabi/4.9.3/../../../../arm-none-eabi/lib/armv7e-m/softfp/libc.a(lib_a-__call_atexit.o) (__libc_fini_array)
[...]
Memory Configuration

Name             Origin             Length             Attributes
FLASH            0x0000000000000000 0x000000000003f000 xr
RAM              0x0000000020003000 0x0000000000004bfc xrw
*default*        0x0000000000000000 0xffffffffffffffff

Linker script and memory map

LOAD /Applications/Simplicity Studio.app/Contents/Eclipse/developer/toolchains/gnu_arm/4.9_2015q3/bin/../lib/gcc/arm-none-eabi/4.9.3/armv7e-m/softfp/crti.o
LOAD /Applications/Simplicity Studio.app/Contents/Eclipse/developer/toolchains/gnu_arm/4.9_2015q3/bin/../lib/gcc/arm-none-eabi/4.9.3/armv7e-m/softfp/crtbegin.o
LOAD /Applications/Simplicity Studio.app/Contents/Eclipse/developer/toolchains/gnu_arm/4.9_2015q3/bin/../lib/gcc/arm-none-eabi/4.9.3/../../../../arm-none-eabi/lib/armv7e-m/softfp/crt0.o
LOAD ./application_properties.o
LOAD ./ble-callback-stubs.o
LOAD ./ble-callbacks.o
LOAD ./em_timer.o
LOAD ./gatt_db.o
LOAD ./main.o
LOAD ./peripherals.o
LOAD ./bgapi/dmadrv.o
LOAD ./bgapi/em_adc.o
LOAD ./bgapi/em_ldma.o
LOAD ./bgapi/em_leuart.o
LOAD ./device/EFR32_B_1_1_B/gcc/startup_efr32bg1b.o
LOAD ./emlib/em_cmu.o
LOAD ./emlib/em_cryotimer.o
LOAD ./emlib/em_emu.o
LOAD ./emlib/em_gpio.o
LOAD ./emlib/em_i2c.o
LOAD ./emlib/em_msc.o
LOAD ./emlib/em_rtcc.o
LOAD ./emlib/em_system.o
LOAD ./emlib/em_usart.o
LOAD ./kit_flashpwr/BRD4302A/mx25flash_spi.o
LOAD ./src/InitDevice.o
LOAD /Applications/Simplicity Studio.app/Contents/Eclipse/developer/sdks/gecko_sdk_suite/v1.0//protocol/bluetooth_2.3/lib/EFR32BG1B/EABI/binbootloader.o
LOAD /Applications/Simplicity Studio.app/Contents/Eclipse/developer/sdks/gecko_sdk_suite/v1.0//protocol/bluetooth_2.3/lib/EFR32BG1B/GCC/bgapi.a
LOAD /Applications/Simplicity Studio.app/Contents/Eclipse/developer/sdks/gecko_sdk_suite/v1.0//protocol/bluetooth_2.3/lib/EFR32BG1B/EABI/stack.a
LOAD /Applications/Simplicity Studio.app/Contents/Eclipse/developer/sdks/gecko_sdk_suite/v1.0//protocol/bluetooth_2.3/lib/EFR32BG1B/EABI/binstack.o
LOAD /Applications/Simplicity Studio.app/Contents/Eclipse/developer/toolchains/gnu_arm/4.9_2015q3/bin/../lib/gcc/arm-none-eabi/4.9.3/../../../../arm-none-eabi/lib/armv7e-m/softfp/libm.a
START GROUP
LOAD /Applications/Simplicity Studio.app/Contents/Eclipse/developer/toolchains/gnu_arm/4.9_2015q3/bin/../lib/gcc/arm-none-eabi/4.9.3/armv7e-m/softfp/libgcc.a
LOAD /Applications/Simplicity Studio.app/Contents/Eclipse/developer/toolchains/gnu_arm/4.9_2015q3/bin/../lib/gcc/arm-none-eabi/4.9.3/../../../../arm-none-eabi/lib/armv7e-m/softfp/libc.a
LOAD /Applications/Simplicity Studio.app/Contents/Eclipse/developer/toolchains/gnu_arm/4.9_2015q3/bin/../lib/gcc/arm-none-eabi/4.9.3/../../../../arm-none-eabi/lib/armv7e-m/softfp/libnosys.a
END GROUP
START GROUP
LOAD /Applications/Simplicity Studio.app/Contents/Eclipse/developer/toolchains/gnu_arm/4.9_2015q3/bin/../lib/gcc/arm-none-eabi/4.9.3/armv7e-m/softfp/libgcc.a
LOAD /Applications/Simplicity Studio.app/Contents/Eclipse/developer/toolchains/gnu_arm/4.9_2015q3/bin/../lib/gcc/arm-none-eabi/4.9.3/../../../../arm-none-eabi/lib/armv7e-m/softfp/libg.a
LOAD /Applications/Simplicity Studio.app/Contents/Eclipse/developer/toolchains/gnu_arm/4.9_2015q3/bin/../lib/gcc/arm-none-eabi/4.9.3/../../../../arm-none-eabi/lib/armv7e-m/softfp/libc.a
END GROUP
LOAD /Applications/Simplicity Studio.app/Contents/Eclipse/developer/toolchains/gnu_arm/4.9_2015q3/bin/../lib/gcc/arm-none-eabi/4.9.3/armv7e-m/softfp/crtend.o
LOAD /Applications/Simplicity Studio.app/Contents/Eclipse/developer/toolchains/gnu_arm/4.9_2015q3/bin/../lib/gcc/arm-none-eabi/4.9.3/armv7e-m/softfp/crtn.o

.text_bootloader
                0x0000000000000000     0x4000
 *(.binbootloader*)
 .binbootloader
                0x0000000000000000      0x31c /Applications/Simplicity Studio.app/Contents/Eclipse/developer/sdks/gecko_sdk_suite/v1.0//protocol/bluetooth_2.3/lib/EFR32BG1B/EABI/binbootloader.o
                0x0000000000004000                . = ALIGN (0x4000)
 *fill*         0x000000000000031c     0x3ce4 

.text_stack_bin
                0x0000000000004000    0x1d000
 *(.binstack*)
 .binstack      0x0000000000004000    0x1c9e4 /Applications/Simplicity Studio.app/Contents/Eclipse/developer/sdks/gecko_sdk_suite/v1.0//protocol/bluetooth_2.3/lib/EFR32BG1B/EABI/binstack.o
                0x0000000000021000                . = ALIGN (0x800)
 *fill*         0x00000000000209e4      0x61c 
                0x0000000000021000                __text_start__ = .

.text_app       0x0000000000021000     0x1f88
 *(.AAT)
 .AAT           0x0000000000021000       0x80 ./main.o
                0x0000000000021000                AppAddressTable
 *(.vectors)
 .vectors       0x0000000000021080       0xc8 ./device/EFR32_B_1_1_B/gcc/startup_efr32bg1b.o
                0x0000000000021080                __Vectors
                0x0000000000021148                __Vectors_End = .
                0x00000000000000c8                __Vectors_Size = (__Vectors_End - __Vectors)
                0x0000000000021148                __end__ = .
 *(.gecko_configuration)
 *(.xo_configuration)
 *(.gatt_header)
 .gatt_header   0x0000000000021148       0x30 ./gatt_db.o
                0x0000000000021148                bg_gattdb_data
 *(.gatt_data)
 .gatt_data     0x0000000000021178      0x38a ./gatt_db.o
                0x0000000000021178                bg_gattdb_data_adv_uuid128_map
                0x0000000000021188                bg_gattdb_data_adv_uuid16_map
                0x000000000002118c                bg_gattdb_data_attributes_dynamic_mapping_map
                0x000000000002119c                bg_gattdb_data_attributes_map
                0x000000000002131c                bg_gattdb_data_attribute_field_0
                0x0000000000021320                bg_gattdb_data_attribute_field_1
                0x0000000000021328                bg_gattdb_data_attribute_field_2
                0x0000000000021330                bg_gattdb_data_attribute_field_4
                0x0000000000021334                bg_gattdb_data_attribute_field_5
                0x000000000002133c                bg_gattdb_data_attribute_field_6
                0x0000000000021344                bg_gattdb_data_attribute_field_7
                0x000000000002134c                bg_gattdb_data_attribute_field_8
                0x0000000000021350                bg_gattdb_data_attribute_field_9
                0x0000000000021354                bg_gattdb_data_attribute_field_10
                0x000000000002135c                bg_gattdb_data_attribute_field_11
                0x000000000002136c                bg_gattdb_data_attribute_field_12
                0x0000000000021374                bg_gattdb_data_attribute_field_13
                0x0000000000021380                bg_gattdb_data_attribute_field_14
                0x0000000000021388                bg_gattdb_data_attribute_field_15
                0x0000000000021390                bg_gattdb_data_attribute_field_16
                0x00000000000213a4                bg_gattdb_data_attribute_field_17
                0x00000000000213bc                bg_gattdb_data_attribute_field_18
                0x00000000000213c4                bg_gattdb_data_attribute_field_20
                0x00000000000213dc                bg_gattdb_data_attribute_field_21
                0x00000000000213e4                bg_gattdb_data_attribute_field_23
                0x00000000000213fc                bg_gattdb_data_attribute_field_24
                0x0000000000021404                bg_gattdb_data_attribute_field_25
                0x000000000002141c                bg_gattdb_data_attribute_field_26
                0x0000000000021424                bg_gattdb_data_attribute_field_27
                0x000000000002143c                bg_gattdb_data_attribute_field_28
                0x0000000000021444                bg_gattdb_data_attribute_field_29
                0x0000000000021458                bg_gattdb_data_attribute_field_30
                0x0000000000021470                bg_gattdb_data_attribute_field_31
                0x0000000000021478                bg_gattdb_data_uuidtable_128_map
                0x00000000000214e8                bg_gattdb_data_uuidtable_16_map
 *(.text*)
 *fill*         0x0000000000021502        0x2 
 .text          0x0000000000021504       0x5c /Applications/Simplicity Studio.app/Contents/Eclipse/developer/toolchains/gnu_arm/4.9_2015q3/bin/../lib/gcc/arm-none-eabi/4.9.3/armv7e-m/softfp/crtbegin.o
 .text          0x0000000000021560       0x74 /Applications/Simplicity Studio.app/Contents/Eclipse/developer/toolchains/gnu_arm/4.9_2015q3/bin/../lib/gcc/arm-none-eabi/4.9.3/../../../../arm-none-eabi/lib/armv7e-m/softfp/crt0.o
                0x0000000000021560                _mainCRTStartup
                0x0000000000021560                _start
 .text.TIMER_Init
                0x00000000000215d4       0xb0 ./em_timer.o
                0x00000000000215d4                TIMER_Init
 .text.TIMER_InitCC
                0x0000000000021684       0x84 ./em_timer.o
                0x0000000000021684                TIMER_InitCC
 .text.startup.main
                0x0000000000021708       0x68 ./main.o
                0x0000000000021708                main
 .text.InitPWM1
                0x0000000000021770       0xa4 ./peripherals.o
                0x0000000000021770                InitPWM1
 .text.UpdatePWM1
                0x0000000000021814       0x18 ./peripherals.o
                0x0000000000021814                UpdatePWM1
 .text.ChangePWMoutput
                0x000000000002182c       0x48 ./peripherals.o
                0x000000000002182c                ChangePWMoutput
 .text.PWMHandler
                0x0000000000021874       0x24 ./peripherals.o
                0x0000000000021874                PWMHandler
 .text.InitLEUART0
                0x0000000000021898       0xa4 ./peripherals.o
                0x0000000000021898                InitLEUART0
 .text.UART_Tx  0x000000000002193c       0x2c ./peripherals.o
                0x000000000002193c                UART_Tx
 .text.LEUART0_IRQHandler
                0x0000000000021968       0x18 ./peripherals.o
                0x0000000000021968                LEUART0_IRQHandler
 .text.UART_TXHandler
                0x0000000000021980       0x38 ./peripherals.o
                0x0000000000021980                UART_TXHandler
 .text.UART_RXHandler
                0x00000000000219b8       0x80 ./peripherals.o
                0x00000000000219b8                UART_RXHandler
 .text.LDMA_IRQHandler
                0x0000000000021a38       0x7c ./bgapi/dmadrv.o
                0x0000000000021a38                LDMA_IRQHandler
 .text.LEUART_BaudrateSet
                0x0000000000021ab4       0x54 ./bgapi/em_leuart.o
                0x0000000000021ab4                LEUART_BaudrateSet
 .text.LEUART_Init
                0x0000000000021b08       0x4c ./bgapi/em_leuart.o
                0x0000000000021b08                LEUART_Init
 .text.LEUART_Tx
                0x0000000000021b54       0x18 ./bgapi/em_leuart.o
                0x0000000000021b54                LEUART_Tx
 .text.Default_Handler
                0x0000000000021b6c        0x4 ./device/EFR32_B_1_1_B/gcc/startup_efr32bg1b.o
                0x0000000000021b6c                IDAC0_IRQHandler
                0x0000000000021b6c                USART0_TX_IRQHandler
                0x0000000000021b6c                I2C0_IRQHandler
                0x0000000000021b6c                HardFault_Handler
                0x0000000000021b6c                SysTick_Handler
                0x0000000000021b6c                USART1_RX_IRQHandler
                0x0000000000021b6c                PendSV_Handler
                0x0000000000021b6c                NMI_Handler
                0x0000000000021b6c                SYNTH_IRQHandler
                0x0000000000021b6c                WDOG0_IRQHandler
                0x0000000000021b6c                USART1_TX_IRQHandler
                0x0000000000021b6c                MSC_IRQHandler
                0x0000000000021b6c                ADC0_IRQHandler
                0x0000000000021b6c                UsageFault_Handler
                0x0000000000021b6c                FPUEH_IRQHandler
                0x0000000000021b6c                GPIO_EVEN_IRQHandler
                0x0000000000021b6c                TIMER0_IRQHandler
                0x0000000000021b6c                LETIMER0_IRQHandler
                0x0000000000021b6c                TIMER1_IRQHandler
                0x0000000000021b6c                RFSENSE_IRQHandler
                0x0000000000021b6c                BUFC_IRQHandler
                0x0000000000021b6c                MODEM_IRQHandler
                0x0000000000021b6c                Default_Handler
                0x0000000000021b6c                RAC_SEQ_IRQHandler
                0x0000000000021b6c                FRC_PRI_IRQHandler
                0x0000000000021b6c                EMU_IRQHandler
                0x0000000000021b6c                FRC_IRQHandler
                0x0000000000021b6c                CRYOTIMER_IRQHandler
                0x0000000000021b6c                PCNT0_IRQHandler
                0x0000000000021b6c                AGC_IRQHandler
                0x0000000000021b6c                ACMP0_IRQHandler
                0x0000000000021b6c                USART0_RX_IRQHandler
                0x0000000000021b6c                MemManage_Handler
                0x0000000000021b6c                SVC_Handler
                0x0000000000021b6c                RTCC_IRQHandler
                0x0000000000021b6c                CRYPTO_IRQHandler
                0x0000000000021b6c                CMU_IRQHandler
                0x0000000000021b6c                RAC_RSM_IRQHandler
                0x0000000000021b6c                GPIO_ODD_IRQHandler
                0x0000000000021b6c                PROTIMER_IRQHandler
                0x0000000000021b6c                BusFault_Handler
                0x0000000000021b6c                DebugMon_Handler
 .text.Reset_Handler
                0x0000000000021b70       0x34 ./device/EFR32_B_1_1_B/gcc/startup_efr32bg1b.o
                0x0000000000021b70                Reset_Handler
 .text.flashWaitStateMax
                0x0000000000021ba4       0x40 ./emlib/em_cmu.o
 .text.CMU_OscillatorTuningSet.part.2
                0x0000000000021be4       0x44 ./emlib/em_cmu.o
 .text.CMU_ClockEnable
                0x0000000000021c28       0x8c ./emlib/em_cmu.o
                0x0000000000021c28                CMU_ClockEnable
 .text.CMU_ClockSelectGet
                0x0000000000021cb4       0xa4 ./emlib/em_cmu.o
                0x0000000000021cb4                CMU_ClockSelectGet
 .text.lfClkGet
                0x0000000000021d58       0x94 ./emlib/em_cmu.o
 .text.CMU_ClockFreqGet
                0x0000000000021dec      0x128 ./emlib/em_cmu.o
                0x0000000000021dec                CMU_ClockFreqGet
 .text.CMU_OscillatorTuningWait
                0x0000000000021f14       0x60 ./emlib/em_cmu.o
                0x0000000000021f14                CMU_OscillatorTuningWait
 .text.CMU_OscillatorEnable
                0x0000000000021f74      0x110 ./emlib/em_cmu.o
                0x0000000000021f74                CMU_OscillatorEnable
 .text.CMU_ClockSelectSet
                0x0000000000022084      0x158 ./emlib/em_cmu.o
                0x0000000000022084                CMU_ClockSelectSet
 .text.CMU_HFXOInit
                0x00000000000221dc       0xec ./emlib/em_cmu.o
                0x00000000000221dc                CMU_HFXOInit
 .text.CMU_LFXOInit
                0x00000000000222c8       0x40 ./emlib/em_cmu.o
                0x00000000000222c8                CMU_LFXOInit
 .text.currentLimitersUpdate
                0x0000000000022308       0x74 ./emlib/em_emu.o
 .text.EMU_DCDCModeSet
                0x000000000002237c       0x4c ./emlib/em_emu.o
                0x000000000002237c                EMU_DCDCModeSet
 .text.EMU_DCDCOutputVoltageSet
                0x00000000000223c8      0x1cc ./emlib/em_emu.o
                0x00000000000223c8                EMU_DCDCOutputVoltageSet
 .text.EMU_DCDCOptimizeSlice
                0x0000000000022594       0x94 ./emlib/em_emu.o
                0x0000000000022594                EMU_DCDCOptimizeSlice
 .text.EMU_DCDCLnRcoBandSet
                0x0000000000022628       0x24 ./emlib/em_emu.o
                0x0000000000022628                EMU_DCDCLnRcoBandSet
 .text.EMU_DCDCInit
                0x000000000002264c      0x18c ./emlib/em_emu.o
                0x000000000002264c                EMU_DCDCInit
 .text.GPIO_PinModeSet
                0x00000000000227d8       0x8c ./emlib/em_gpio.o
                0x00000000000227d8                GPIO_PinModeSet
 .text.RTCC_Init
                0x0000000000022864       0x48 ./emlib/em_rtcc.o
                0x0000000000022864                RTCC_Init
 .text.SYSTEM_ChipRevisionGet
                0x00000000000228ac       0x34 ./emlib/em_system.o
                0x00000000000228ac                SYSTEM_ChipRevisionGet
 .text.EMU_enter_DefaultMode_from_RESET
                0x00000000000228e0       0x54 ./src/InitDevice.o
                0x00000000000228e0                EMU_enter_DefaultMode_from_RESET
 .text.CMU_enter_DefaultMode_from_RESET
                0x0000000000022934      0x114 ./src/InitDevice.o
                0x0000000000022934                CMU_enter_DefaultMode_from_RESET
 .text.RTCC_enter_DefaultMode_from_RESET
                0x0000000000022a48       0x44 ./src/InitDevice.o
                0x0000000000022a48                RTCC_enter_DefaultMode_from_RESET
 .text.PORTIO_enter_DefaultMode_from_RESET
                0x0000000000022a8c       0x80 ./src/InitDevice.o
                0x0000000000022a8c                PORTIO_enter_DefaultMode_from_RESET
 .text.enter_DefaultMode_from_RESET
                0x0000000000022b0c       0x9c ./src/InitDevice.o
                0x0000000000022b0c                enter_DefaultMode_from_RESET
 .text.exit     0x0000000000022ba8       0x20 /Applications/Simplicity Studio.app/Contents/Eclipse/developer/toolchains/gnu_arm/4.9_2015q3/bin/../lib/gcc/arm-none-eabi/4.9.3/../../../../arm-none-eabi/lib/armv7e-m/softfp/libc.a(lib_a-exit.o)
                0x0000000000022ba8                exit
 .text.__libc_init_array
                0x0000000000022bc8       0x50 /Applications/Simplicity Studio.app/Contents/Eclipse/developer/toolchains/gnu_arm/4.9_2015q3/bin/../lib/gcc/arm-none-eabi/4.9.3/../../../../arm-none-eabi/lib/armv7e-m/softfp/libc.a(lib_a-init.o)
                0x0000000000022bc8                __libc_init_array
 .text.memset   0x0000000000022c18       0x9c /Applications/Simplicity Studio.app/Contents/Eclipse/developer/toolchains/gnu_arm/4.9_2015q3/bin/../lib/gcc/arm-none-eabi/4.9.3/../../../../arm-none-eabi/lib/armv7e-m/softfp/libc.a(lib_a-memset.o)
                0x0000000000022c18                memset
 .text.startup.register_fini
                0x0000000000022cb4       0x14 /Applications/Simplicity Studio.app/Contents/Eclipse/developer/toolchains/gnu_arm/4.9_2015q3/bin/../lib/gcc/arm-none-eabi/4.9.3/../../../../arm-none-eabi/lib/armv7e-m/softfp/libc.a(lib_a-__call_atexit.o)
 .text.__call_exitprocs
                0x0000000000022cc8       0xd4 /Applications/Simplicity Studio.app/Contents/Eclipse/developer/toolchains/gnu_arm/4.9_2015q3/bin/../lib/gcc/arm-none-eabi/4.9.3/../../../../arm-none-eabi/lib/armv7e-m/softfp/libc.a(lib_a-__call_atexit.o)
                0x0000000000022cc8                __call_exitprocs
 .text.atexit   0x0000000000022d9c        0xc /Applications/Simplicity Studio.app/Contents/Eclipse/developer/toolchains/gnu_arm/4.9_2015q3/bin/../lib/gcc/arm-none-eabi/4.9.3/../../../../arm-none-eabi/lib/armv7e-m/softfp/libc.a(lib_a-atexit.o)
                0x0000000000022d9c                atexit
 .text.__libc_fini_array
                0x0000000000022da8       0x2c /Applications/Simplicity Studio.app/Contents/Eclipse/developer/toolchains/gnu_arm/4.9_2015q3/bin/../lib/gcc/arm-none-eabi/4.9.3/../../../../arm-none-eabi/lib/armv7e-m/softfp/libc.a(lib_a-fini.o)
                0x0000000000022da8                __libc_fini_array
 .text.__register_exitproc
                0x0000000000022dd4       0xa4 /Applications/Simplicity Studio.app/Contents/Eclipse/developer/toolchains/gnu_arm/4.9_2015q3/bin/../lib/gcc/arm-none-eabi/4.9.3/../../../../arm-none-eabi/lib/armv7e-m/softfp/libc.a(lib_a-__atexit.o)
                0x0000000000022dd4                __register_exitproc
 .text._exit    0x0000000000022e78        0x4 /Applications/Simplicity Studio.app/Contents/Eclipse/developer/toolchains/gnu_arm/4.9_2015q3/bin/../lib/gcc/arm-none-eabi/4.9.3/../../../../arm-none-eabi/lib/armv7e-m/softfp/libnosys.a(_exit.o)
                0x0000000000022e78                _exit
 *(.init)
 .init          0x0000000000022e7c        0x4 /Applications/Simplicity Studio.app/Contents/Eclipse/developer/toolchains/gnu_arm/4.9_2015q3/bin/../lib/gcc/arm-none-eabi/4.9.3/armv7e-m/softfp/crti.o
                0x0000000000022e7c                _init
 .init          0x0000000000022e80        0x8 /Applications/Simplicity Studio.app/Contents/Eclipse/developer/toolchains/gnu_arm/4.9_2015q3/bin/../lib/gcc/arm-none-eabi/4.9.3/armv7e-m/softfp/crtn.o
 *(.fini)
 .fini          0x0000000000022e88        0x4 /Applications/Simplicity Studio.app/Contents/Eclipse/developer/toolchains/gnu_arm/4.9_2015q3/bin/../lib/gcc/arm-none-eabi/4.9.3/armv7e-m/softfp/crti.o
                0x0000000000022e88                _fini
 .fini          0x0000000000022e8c        0x8 /Applications/Simplicity Studio.app/Contents/Eclipse/developer/toolchains/gnu_arm/4.9_2015q3/bin/../lib/gcc/arm-none-eabi/4.9.3/armv7e-m/softfp/crtn.o
 *crtbegin.o(.ctors)
 *crtbegin?.o(.ctors)
 *(EXCLUDE_FILE(*crtend.o *crtend?.o) .ctors)
 *(SORT(.ctors.*))
 *(.ctors)
 *crtbegin.o(.dtors)
 *crtbegin?.o(.dtors)
 *(EXCLUDE_FILE(*crtend.o *crtend?.o) .dtors)
 *(SORT(.dtors.*))
 *(.dtors)
 *(.rodata*)
 .rodata.str1.4
                0x0000000000022e94       0x2b ./main.o
 *fill*         0x0000000000022ebf        0x1 
 .rodata        0x0000000000022ec0       0x18 ./peripherals.o
 .rodata.CSWTCH.45
                0x0000000000022ed8        0xc ./emlib/em_cmu.o
 .rodata.CSWTCH.46
                0x0000000000022ee4       0x10 ./emlib/em_cmu.o
 .rodata.CSWTCH.47
                0x0000000000022ef4       0x10 ./emlib/em_cmu.o
 .rodata.CSWTCH.48
                0x0000000000022f04       0x10 ./emlib/em_cmu.o
 .rodata        0x0000000000022f14       0x68 ./src/InitDevice.o
 .rodata.str1.4
                0x0000000000022f7c        0x4 /Applications/Simplicity Studio.app/Contents/Eclipse/developer/toolchains/gnu_arm/4.9_2015q3/bin/../lib/gcc/arm-none-eabi/4.9.3/../../../../arm-none-eabi/lib/armv7e-m/softfp/libc.a(lib_a-impure.o)
                                          0x2 (size before relaxing)
 .rodata._global_impure_ptr
                0x0000000000022f80        0x4 /Applications/Simplicity Studio.app/Contents/Eclipse/developer/toolchains/gnu_arm/4.9_2015q3/bin/../lib/gcc/arm-none-eabi/4.9.3/../../../../arm-none-eabi/lib/armv7e-m/softfp/libc.a(lib_a-impure.o)
                0x0000000000022f80                _global_impure_ptr
 *(.eh_frame*)
 .eh_frame      0x0000000000022f84        0x0 /Applications/Simplicity Studio.app/Contents/Eclipse/developer/toolchains/gnu_arm/4.9_2015q3/bin/../lib/gcc/arm-none-eabi/4.9.3/armv7e-m/softfp/crtbegin.o
 .eh_frame      0x0000000000022f84        0x4 /Applications/Simplicity Studio.app/Contents/Eclipse/developer/toolchains/gnu_arm/4.9_2015q3/bin/../lib/gcc/arm-none-eabi/4.9.3/armv7e-m/softfp/crtend.o
                0x0000000000022f88                . = ALIGN (0x4)

.glue_7         0x0000000000022f88        0x0
 .glue_7        0x0000000000000000        0x0 linker stubs

.glue_7t        0x0000000000022f88        0x0
 .glue_7t       0x0000000000000000        0x0 linker stubs

.vfp11_veneer   0x0000000000022f88        0x0
 .vfp11_veneer  0x0000000000000000        0x0 linker stubs

.v4_bx          0x0000000000022f88        0x0
 .v4_bx         0x0000000000000000        0x0 linker stubs

.iplt           0x0000000000022f88        0x0
 .iplt          0x0000000000000000        0x0 /Applications/Simplicity Studio.app/Contents/Eclipse/developer/toolchains/gnu_arm/4.9_2015q3/bin/../lib/gcc/arm-none-eabi/4.9.3/armv7e-m/softfp/crtbegin.o

.igot.plt       0x0000000000022f88        0x0
 .igot.plt      0x0000000000000000        0x0 /Applications/Simplicity Studio.app/Contents/Eclipse/developer/toolchains/gnu_arm/4.9_2015q3/bin/../lib/gcc/arm-none-eabi/4.9.3/armv7e-m/softfp/crtbegin.o

.text_app_ARM.extab
 *(.ARM.extab* .gnu.linkonce.armextab.*)
                0x0000000000022f88                __exidx_start = .

.text_app_ARM.exidx
                0x0000000000022f88        0x8
 *(.ARM.exidx* .gnu.linkonce.armexidx.*)
 .ARM.exidx     0x0000000000022f88        0x8 /Applications/Simplicity Studio.app/Contents/Eclipse/developer/toolchains/gnu_arm/4.9_2015q3/bin/../lib/gcc/arm-none-eabi/4.9.3/../../../../arm-none-eabi/lib/armv7e-m/softfp/crt0.o
                0x0000000000022f90                __exidx_end = .
                0x0000000000022f90                __etext = .

.rel.dyn        0x0000000000022f90        0x0
 .rel.iplt      0x0000000000000000        0x0 /Applications/Simplicity Studio.app/Contents/Eclipse/developer/toolchains/gnu_arm/4.9_2015q3/bin/../lib/gcc/arm-none-eabi/4.9.3/armv7e-m/softfp/crtbegin.o

.text_app_data  0x0000000020003000      0x450 load address 0x0000000000022f90
                0x0000000020003000                __data_start__ = .
 *(vtable)
 *(.data*)
 .data.bg_gattdb_data_attribute_field_6_data
                0x0000000020003000        0xd ./gatt_db.o
                0x0000000020003000                bg_gattdb_data_attribute_field_6_data
 *fill*         0x000000002000300d        0x3 
 .data.auxHfrcoFreq
                0x0000000020003010        0x4 ./emlib/em_cmu.o
 *fill*         0x0000000020003014        0x4 
 .data.impure_data
                0x0000000020003018      0x428 /Applications/Simplicity Studio.app/Contents/Eclipse/developer/toolchains/gnu_arm/4.9_2015q3/bin/../lib/gcc/arm-none-eabi/4.9.3/../../../../arm-none-eabi/lib/armv7e-m/softfp/libc.a(lib_a-impure.o)
                0x0000000020003440                . = ALIGN (0x4)
 *(.ram)
                0x0000000020003440                . = ALIGN (0x4)
                0x0000000020003440                PROVIDE (__preinit_array_start, .)
 *(.preinit_array)
                0x0000000020003440                PROVIDE (__preinit_array_end, .)
                0x0000000020003440                . = ALIGN (0x4)
                0x0000000020003440                PROVIDE (__init_array_start, .)
 *(SORT(.init_array.*))
 .init_array.00000
                0x0000000020003440        0x4 /Applications/Simplicity Studio.app/Contents/Eclipse/developer/toolchains/gnu_arm/4.9_2015q3/bin/../lib/gcc/arm-none-eabi/4.9.3/../../../../arm-none-eabi/lib/armv7e-m/softfp/libc.a(lib_a-__call_atexit.o)
 *(.init_array)
 .init_array    0x0000000020003444        0x4 /Applications/Simplicity Studio.app/Contents/Eclipse/developer/toolchains/gnu_arm/4.9_2015q3/bin/../lib/gcc/arm-none-eabi/4.9.3/armv7e-m/softfp/crtbegin.o
                0x0000000020003448                PROVIDE (__init_array_end, .)
                0x0000000020003448                . = ALIGN (0x4)
                0x0000000020003448                PROVIDE (__fini_array_start, .)
 *(SORT(.fini_array.*))
 *(.fini_array)
 .fini_array    0x0000000020003448        0x4 /Applications/Simplicity Studio.app/Contents/Eclipse/developer/toolchains/gnu_arm/4.9_2015q3/bin/../lib/gcc/arm-none-eabi/4.9.3/armv7e-m/softfp/crtbegin.o
                0x000000002000344c                PROVIDE (__fini_array_end, .)
 *(.jcr*)
 .jcr           0x000000002000344c        0x0 /Applications/Simplicity Studio.app/Contents/Eclipse/developer/toolchains/gnu_arm/4.9_2015q3/bin/../lib/gcc/arm-none-eabi/4.9.3/armv7e-m/softfp/crtbegin.o
 .jcr           0x000000002000344c        0x4 /Applications/Simplicity Studio.app/Contents/Eclipse/developer/toolchains/gnu_arm/4.9_2015q3/bin/../lib/gcc/arm-none-eabi/4.9.3/armv7e-m/softfp/crtend.o
                0x0000000020003450                . = ALIGN (0x4)
                0x0000000020003450                __data_end__ = .

.bss            0x0000000020003450      0x234 load address 0x00000000000233e0
                0x0000000020003450                . = ALIGN (0x4)
                0x0000000020003450                __bss_start__ = .
 *(.bss*)
 .bss           0x0000000020003450       0x1c /Applications/Simplicity Studio.app/Contents/Eclipse/developer/toolchains/gnu_arm/4.9_2015q3/bin/../lib/gcc/arm-none-eabi/4.9.3/armv7e-m/softfp/crtbegin.o
 .bss.bg_gattdb_data_attribute_field_26_data
                0x000000002000346c        0x1 ./gatt_db.o
                0x000000002000346c                bg_gattdb_data_attribute_field_26_data
 *fill*         0x000000002000346d        0x3 
 .bss.bg_gattdb_data_attribute_field_2_data
                0x0000000020003470        0x4 ./gatt_db.o
                0x0000000020003470                bg_gattdb_data_attribute_field_2_data
 .bss.bg_gattdb_data_attribute_field_18_data
                0x0000000020003474        0x1 ./gatt_db.o
                0x0000000020003474                bg_gattdb_data_attribute_field_18_data
 *fill*         0x0000000020003475        0x3 
 .bss.bg_gattdb_data_attribute_field_21_data
                0x0000000020003478        0x1 ./gatt_db.o
                0x0000000020003478                bg_gattdb_data_attribute_field_21_data
 *fill*         0x0000000020003479        0x3 
 .bss.bg_gattdb_data_attribute_field_24_data
                0x000000002000347c        0x1 ./gatt_db.o
                0x000000002000347c                bg_gattdb_data_attribute_field_24_data
 *fill*         0x000000002000347d        0x3 
 .bss.bg_gattdb_data_attribute_field_28_data
                0x0000000020003480        0x2 ./gatt_db.o
                0x0000000020003480                bg_gattdb_data_attribute_field_28_data
 .bss.UARTbufferctr
                0x0000000020003482        0x1 ./peripherals.o
 *fill*         0x0000000020003483        0x1 
 .bss.leuartif  0x0000000020003484        0x4 ./peripherals.o
 .bss.desiredDutyCycle
                0x0000000020003488        0x4 ./peripherals.o
 .bss.SOFReceived
                0x000000002000348c        0x4 ./peripherals.o
                0x000000002000348c                SOFReceived
 .bss.chTable   0x0000000020003490       0xa0 ./bgapi/dmadrv.o
 .bss.dmaXfer   0x0000000020003530      0x100 ./bgapi/dmadrv.o
 .bss.dcdcEm01LoadCurrent_mA
                0x0000000020003630        0x2 ./emlib/em_emu.o
 .bss.dcdcReverseCurrentControl
                0x0000000020003632        0x2 ./emlib/em_emu.o
 .bss.dcdcMaxCurrent_mA
                0x0000000020003634        0x2 ./emlib/em_emu.o
 *fill*         0x0000000020003636        0x2 
 .bss.errataFixDcdcHsState
                0x0000000020003638        0x4 ./emlib/em_emu.o
 *(COMMON)
 COMMON         0x000000002000363c       0x48 ./peripherals.o
                0x000000002000363c                UARTObj
                0x0000000020003640                PWMObj
                0x0000000020003644                UARTbuffer
                0x0000000020003684                . = ALIGN (0x4)
                0x0000000020003684                __bss_end__ = .

.heap           0x0000000020003688      0xc00
                0x0000000020003688                __HeapBase = .
                0x0000000020003688                __end__ = .
                0x0000000020003688                end = __end__
                0x0000000020003688                _end = __end__
 *(.heap*)
 .heap          0x0000000020003688      0xc00 ./device/EFR32_B_1_1_B/gcc/startup_efr32bg1b.o
                0x0000000020004288                __HeapLimit = .

.stack_dummy    0x0000000020004288      0x400
 *(.stack*)
 .stack         0x0000000020004288      0x400 ./device/EFR32_B_1_1_B/gcc/startup_efr32bg1b.o
                0x0000000020007bfc                __StackTop = (ORIGIN (RAM) + 0x4bfc)
                0x00000000200077fc                __StackLimit = (__StackTop - SIZEOF (.stack_dummy))
                0x0000000020007bfc                PROVIDE (__stack, __StackTop)
                0x0000000000000001                ASSERT ((__StackLimit >= __HeapLimit), region RAM overflowed with stack)
OUTPUT(Locoroll-2.axf elf32-littlearm)

.ARM.attributes
                0x0000000000000000       0x2e
 .ARM.attributes
                0x0000000000000000       0x22 /Applications/Simplicity Studio.app/Contents/Eclipse/developer/toolchains/gnu_arm/4.9_2015q3/bin/../lib/gcc/arm-none-eabi/4.9.3/armv7e-m/softfp/crti.o
 .ARM.attributes
                0x0000000000000022       0x32 /Applications/Simplicity Studio.app/Contents/Eclipse/developer/toolchains/gnu_arm/4.9_2015q3/bin/../lib/gcc/arm-none-eabi/4.9.3/armv7e-m/softfp/crtbegin.o
 .ARM.attributes
                0x0000000000000054       0x20 /Applications/Simplicity Studio.app/Contents/Eclipse/developer/toolchains/gnu_arm/4.9_2015q3/bin/../lib/gcc/arm-none-eabi/4.9.3/../../../../arm-none-eabi/lib/armv7e-m/softfp/crt0.o
 .ARM.attributes
                0x0000000000000074       0x37 ./em_timer.o
 .ARM.attributes
                0x00000000000000ab       0x37 ./gatt_db.o
 .ARM.attributes
                0x00000000000000e2       0x37 ./main.o
 .ARM.attributes
                0x0000000000000119       0x37 ./peripherals.o
 .ARM.attributes
                0x0000000000000150       0x37 ./bgapi/dmadrv.o
 .ARM.attributes
                0x0000000000000187       0x37 ./bgapi/em_leuart.o
 .ARM.attributes
                0x00000000000001be       0x37 ./device/EFR32_B_1_1_B/gcc/startup_efr32bg1b.o
 .ARM.attributes
                0x00000000000001f5       0x37 ./emlib/em_cmu.o
 .ARM.attributes
                0x000000000000022c       0x37 ./emlib/em_emu.o
 .ARM.attributes
                0x0000000000000263       0x37 ./emlib/em_gpio.o
 .ARM.attributes
                0x000000000000029a       0x37 ./emlib/em_rtcc.o
 .ARM.attributes
                0x00000000000002d1       0x37 ./emlib/em_system.o
 .ARM.attributes
                0x0000000000000308       0x37 ./src/InitDevice.o
 .ARM.attributes
                0x000000000000033f       0x1c /Applications/Simplicity Studio.app/Contents/Eclipse/developer/sdks/gecko_sdk_suite/v1.0//protocol/bluetooth_2.3/lib/EFR32BG1B/EABI/binbootloader.o
 .ARM.attributes
                0x000000000000035b       0x1c /Applications/Simplicity Studio.app/Contents/Eclipse/developer/sdks/gecko_sdk_suite/v1.0//protocol/bluetooth_2.3/lib/EFR32BG1B/EABI/binstack.o
 .ARM.attributes
                0x0000000000000377       0x32 /Applications/Simplicity Studio.app/Contents/Eclipse/developer/toolchains/gnu_arm/4.9_2015q3/bin/../lib/gcc/arm-none-eabi/4.9.3/../../../../arm-none-eabi/lib/armv7e-m/softfp/libc.a(lib_a-exit.o)
 .ARM.attributes
                0x00000000000003a9       0x32 /Applications/Simplicity Studio.app/Contents/Eclipse/developer/toolchains/gnu_arm/4.9_2015q3/bin/../lib/gcc/arm-none-eabi/4.9.3/../../../../arm-none-eabi/lib/armv7e-m/softfp/libc.a(lib_a-impure.o)
 .ARM.attributes
                0x00000000000003db       0x32 /Applications/Simplicity Studio.app/Contents/Eclipse/developer/toolchains/gnu_arm/4.9_2015q3/bin/../lib/gcc/arm-none-eabi/4.9.3/../../../../arm-none-eabi/lib/armv7e-m/softfp/libc.a(lib_a-init.o)
 .ARM.attributes
                0x000000000000040d       0x32 /Applications/Simplicity Studio.app/Contents/Eclipse/developer/toolchains/gnu_arm/4.9_2015q3/bin/../lib/gcc/arm-none-eabi/4.9.3/../../../../arm-none-eabi/lib/armv7e-m/softfp/libc.a(lib_a-memset.o)
 .ARM.attributes
                0x000000000000043f       0x32 /Applications/Simplicity Studio.app/Contents/Eclipse/developer/toolchains/gnu_arm/4.9_2015q3/bin/../lib/gcc/arm-none-eabi/4.9.3/../../../../arm-none-eabi/lib/armv7e-m/softfp/libc.a(lib_a-__call_atexit.o)
 .ARM.attributes
                0x0000000000000471       0x32 /Applications/Simplicity Studio.app/Contents/Eclipse/developer/toolchains/gnu_arm/4.9_2015q3/bin/../lib/gcc/arm-none-eabi/4.9.3/../../../../arm-none-eabi/lib/armv7e-m/softfp/libc.a(lib_a-atexit.o)
 .ARM.attributes
                0x00000000000004a3       0x32 /Applications/Simplicity Studio.app/Contents/Eclipse/developer/toolchains/gnu_arm/4.9_2015q3/bin/../lib/gcc/arm-none-eabi/4.9.3/../../../../arm-none-eabi/lib/armv7e-m/softfp/libc.a(lib_a-fini.o)
 .ARM.attributes
                0x00000000000004d5       0x32 /Applications/Simplicity Studio.app/Contents/Eclipse/developer/toolchains/gnu_arm/4.9_2015q3/bin/../lib/gcc/arm-none-eabi/4.9.3/../../../../arm-none-eabi/lib/armv7e-m/softfp/libc.a(lib_a-__atexit.o)
 .ARM.attributes
                0x0000000000000507       0x32 /Applications/Simplicity Studio.app/Contents/Eclipse/developer/toolchains/gnu_arm/4.9_2015q3/bin/../lib/gcc/arm-none-eabi/4.9.3/../../../../arm-none-eabi/lib/armv7e-m/softfp/libnosys.a(_exit.o)
 .ARM.attributes
                0x0000000000000539       0x32 /Applications/Simplicity Studio.app/Contents/Eclipse/developer/toolchains/gnu_arm/4.9_2015q3/bin/../lib/gcc/arm-none-eabi/4.9.3/armv7e-m/softfp/crtend.o
 .ARM.attributes
                0x000000000000056b       0x22 /Applications/Simplicity Studio.app/Contents/Eclipse/developer/toolchains/gnu_arm/4.9_2015q3/bin/../lib/gcc/arm-none-eabi/4.9.3/armv7e-m/softfp/crtn.o

.comment        0x0000000000000000       0x70
 .comment       0x0000000000000000       0x70 ./em_timer.o
                                         0x71 (size before relaxing)
 .comment       0x0000000000000000       0x71 ./gatt_db.o
 .comment       0x0000000000000000       0x71 ./main.o
 .comment       0x0000000000000000       0x71 ./peripherals.o
 .comment       0x0000000000000000       0x71 ./bgapi/dmadrv.o
 .comment       0x0000000000000000       0x71 ./bgapi/em_leuart.o
 .comment       0x0000000000000000       0x71 ./device/EFR32_B_1_1_B/gcc/startup_efr32bg1b.o
 .comment       0x0000000000000000       0x71 ./emlib/em_cmu.o
 .comment       0x0000000000000000       0x71 ./emlib/em_emu.o
 .comment       0x0000000000000000       0x71 ./emlib/em_gpio.o
 .comment       0x0000000000000000       0x71 ./emlib/em_rtcc.o
 .comment       0x0000000000000000       0x71 ./emlib/em_system.o
 .comment       0x0000000000000000       0x71 ./src/InitDevice.o

.debug_info     0x0000000000000000    0x15964
 .debug_info    0x0000000000000000      0x98e ./em_timer.o
 .debug_info    0x000000000000098e      0x6a5 ./gatt_db.o
 .debug_info    0x0000000000001033     0x492d ./main.o
 .debug_info    0x0000000000005960     0x4c5c ./peripherals.o
 .debug_info    0x000000000000a5bc     0x1851 ./bgapi/dmadrv.o
 .debug_info    0x000000000000be0d      0xa62 ./bgapi/em_leuart.o
 .debug_info    0x000000000000c86f      0x1c0 ./device/EFR32_B_1_1_B/gcc/startup_efr32bg1b.o
 .debug_info    0x000000000000ca2f     0x31e1 ./emlib/em_cmu.o
 .debug_info    0x000000000000fc10     0x27a6 ./emlib/em_emu.o
 .debug_info    0x00000000000123b6      0xebd ./emlib/em_gpio.o
 .debug_info    0x0000000000013273      0x6ec ./emlib/em_rtcc.o
 .debug_info    0x000000000001395f      0x26d ./emlib/em_system.o
 .debug_info    0x0000000000013bcc     0x1d98 ./src/InitDevice.o

.debug_abbrev   0x0000000000000000     0x2266
 .debug_abbrev  0x0000000000000000      0x1ca ./em_timer.o
 .debug_abbrev  0x00000000000001ca       0xce ./gatt_db.o
 .debug_abbrev  0x0000000000000298      0x23e ./main.o
 .debug_abbrev  0x00000000000004d6      0x446 ./peripherals.o
 .debug_abbrev  0x000000000000091c      0x38f ./bgapi/dmadrv.o
 .debug_abbrev  0x0000000000000cab      0x2e6 ./bgapi/em_leuart.o
 .debug_abbrev  0x0000000000000f91      0x104 ./device/EFR32_B_1_1_B/gcc/startup_efr32bg1b.o
 .debug_abbrev  0x0000000000001095      0x478 ./emlib/em_cmu.o
 .debug_abbrev  0x000000000000150d      0x4a3 ./emlib/em_emu.o
 .debug_abbrev  0x00000000000019b0      0x2d4 ./emlib/em_gpio.o
 .debug_abbrev  0x0000000000001c84      0x1e2 ./emlib/em_rtcc.o
 .debug_abbrev  0x0000000000001e66      0x109 ./emlib/em_system.o
 .debug_abbrev  0x0000000000001f6f      0x2f7 ./src/InitDevice.o

.debug_loc      0x0000000000000000     0x656d
 .debug_loc     0x0000000000000000      0x18c ./em_timer.o
 .debug_loc     0x000000000000018c       0x56 ./main.o
 .debug_loc     0x00000000000001e2      0x30b ./peripherals.o
 .debug_loc     0x00000000000004ed     0x10da ./bgapi/dmadrv.o
 .debug_loc     0x00000000000015c7      0x46f ./bgapi/em_leuart.o
 .debug_loc     0x0000000000001a36       0x4b ./device/EFR32_B_1_1_B/gcc/startup_efr32bg1b.o
 .debug_loc     0x0000000000001a81     0x27cc ./emlib/em_cmu.o
 .debug_loc     0x000000000000424d     0x185c ./emlib/em_emu.o
 .debug_loc     0x0000000000005aa9      0x798 ./emlib/em_gpio.o
 .debug_loc     0x0000000000006241       0xdc ./emlib/em_rtcc.o
 .debug_loc     0x000000000000631d       0x91 ./emlib/em_system.o
 .debug_loc     0x00000000000063ae      0x1bf ./src/InitDevice.o

.debug_aranges  0x0000000000000000      0x5b8
 .debug_aranges
                0x0000000000000000       0x38 ./em_timer.o
 .debug_aranges
                0x0000000000000038       0x18 ./gatt_db.o
 .debug_aranges
                0x0000000000000050       0x20 ./main.o
 .debug_aranges
                0x0000000000000070       0x78 ./peripherals.o
 .debug_aranges
                0x00000000000000e8       0xa0 ./bgapi/dmadrv.o
 .debug_aranges
                0x0000000000000188       0x80 ./bgapi/em_leuart.o
 .debug_aranges
                0x0000000000000208       0x28 ./device/EFR32_B_1_1_B/gcc/startup_efr32bg1b.o
 .debug_aranges
                0x0000000000000230      0x110 ./emlib/em_cmu.o
 .debug_aranges
                0x0000000000000340       0xf8 ./emlib/em_emu.o
 .debug_aranges
                0x0000000000000438       0x48 ./emlib/em_gpio.o
 .debug_aranges
                0x0000000000000480       0x40 ./emlib/em_rtcc.o
 .debug_aranges
                0x00000000000004c0       0x28 ./emlib/em_system.o
 .debug_aranges
                0x00000000000004e8       0xd0 ./src/InitDevice.o

.debug_ranges   0x0000000000000000     0x12c8
 .debug_ranges  0x0000000000000000       0x60 ./em_timer.o
 .debug_ranges  0x0000000000000060       0x10 ./main.o
 .debug_ranges  0x0000000000000070       0xf8 ./peripherals.o
 .debug_ranges  0x0000000000000168       0xa8 ./bgapi/dmadrv.o
 .debug_ranges  0x0000000000000210      0x120 ./bgapi/em_leuart.o
 .debug_ranges  0x0000000000000330       0x18 ./device/EFR32_B_1_1_B/gcc/startup_efr32bg1b.o
 .debug_ranges  0x0000000000000348      0x8b8 ./emlib/em_cmu.o
 .debug_ranges  0x0000000000000c00      0x3c8 ./emlib/em_emu.o
 .debug_ranges  0x0000000000000fc8      0x180 ./emlib/em_gpio.o
 .debug_ranges  0x0000000000001148       0x70 ./emlib/em_rtcc.o
 .debug_ranges  0x00000000000011b8       0x18 ./emlib/em_system.o
 .debug_ranges  0x00000000000011d0       0xf8 ./src/InitDevice.o

.debug_line     0x0000000000000000     0x4abc
 .debug_line    0x0000000000000000      0x4ac ./em_timer.o
 .debug_line    0x00000000000004ac      0x1d9 ./gatt_db.o
 .debug_line    0x0000000000000685      0x4d6 ./main.o
 .debug_line    0x0000000000000b5b      0x674 ./peripherals.o
 .debug_line    0x00000000000011cf      0x70f ./bgapi/dmadrv.o
 .debug_line    0x00000000000018de      0x532 ./bgapi/em_leuart.o
 .debug_line    0x0000000000001e10      0x1fe ./device/EFR32_B_1_1_B/gcc/startup_efr32bg1b.o
 .debug_line    0x000000000000200e      0xd7e ./emlib/em_cmu.o
 .debug_line    0x0000000000002d8c      0xa59 ./emlib/em_emu.o
 .debug_line    0x00000000000037e5      0x4e8 ./emlib/em_gpio.o
 .debug_line    0x0000000000003ccd      0x45e ./emlib/em_rtcc.o
 .debug_line    0x000000000000412b      0x37f ./emlib/em_system.o
 .debug_line    0x00000000000044aa      0x612 ./src/InitDevice.o

.debug_str      0x0000000000000000     0xb4b3
 .debug_str     0x0000000000000000      0x975 ./em_timer.o
                                        0x9e3 (size before relaxing)
 .debug_str     0x0000000000000975      0x7e1 ./gatt_db.o
                                        0x97d (size before relaxing)
 .debug_str     0x0000000000001156     0x6052 ./main.o
                                       0x6602 (size before relaxing)
 .debug_str     0x00000000000071a8      0x6b2 ./peripherals.o
                                       0x577b (size before relaxing)
 .debug_str     0x000000000000785a      0xf37 ./bgapi/dmadrv.o
                                       0x117c (size before relaxing)
 .debug_str     0x0000000000008791      0x16e ./bgapi/em_leuart.o
                                        0x738 (size before relaxing)
 .debug_str     0x00000000000088ff      0x105 ./device/EFR32_B_1_1_B/gcc/startup_efr32bg1b.o
                                        0x2ba (size before relaxing)
 .debug_str     0x0000000000008a04      0xf36 ./emlib/em_cmu.o
                                       0x13e3 (size before relaxing)
 .debug_str     0x000000000000993a      0xe8b ./emlib/em_emu.o
                                       0x1859 (size before relaxing)
 .debug_str     0x000000000000a7c5      0x270 ./emlib/em_gpio.o
                                        0x840 (size before relaxing)
 .debug_str     0x000000000000aa35      0x5d6 ./emlib/em_rtcc.o
                                        0x808 (size before relaxing)
 .debug_str     0x000000000000b00b       0xff ./emlib/em_system.o
                                        0x30d (size before relaxing)
 .debug_str     0x000000000000b10a      0x3a9 ./src/InitDevice.o
                                       0x185b (size before relaxing)

.debug_frame    0x0000000000000000     0x1064
 .debug_frame   0x0000000000000000       0xb0 ./em_timer.o
 .debug_frame   0x00000000000000b0       0x30 ./main.o
 .debug_frame   0x00000000000000e0      0x13c ./peripherals.o
 .debug_frame   0x000000000000021c      0x22c ./bgapi/dmadrv.o
 .debug_frame   0x0000000000000448      0x11c ./bgapi/em_leuart.o
 .debug_frame   0x0000000000000564       0x38 ./device/EFR32_B_1_1_B/gcc/startup_efr32bg1b.o
 .debug_frame   0x000000000000059c      0x2fc ./emlib/em_cmu.o
 .debug_frame   0x0000000000000898      0x304 ./emlib/em_emu.o
 .debug_frame   0x0000000000000b9c       0xa0 ./emlib/em_gpio.o
 .debug_frame   0x0000000000000c3c       0x8c ./emlib/em_rtcc.o
 .debug_frame   0x0000000000000cc8       0x30 ./emlib/em_system.o
 .debug_frame   0x0000000000000cf8      0x1ec ./src/InitDevice.o
 .debug_frame   0x0000000000000ee4       0x28 /Applications/Simplicity Studio.app/Contents/Eclipse/developer/toolchains/gnu_arm/4.9_2015q3/bin/../lib/gcc/arm-none-eabi/4.9.3/../../../../arm-none-eabi/lib/armv7e-m/softfp/libc.a(lib_a-exit.o)
 .debug_frame   0x0000000000000f0c       0x2c /Applications/Simplicity Studio.app/Contents/Eclipse/developer/toolchains/gnu_arm/4.9_2015q3/bin/../lib/gcc/arm-none-eabi/4.9.3/../../../../arm-none-eabi/lib/armv7e-m/softfp/libc.a(lib_a-init.o)
 .debug_frame   0x0000000000000f38       0x34 /Applications/Simplicity Studio.app/Contents/Eclipse/developer/toolchains/gnu_arm/4.9_2015q3/bin/../lib/gcc/arm-none-eabi/4.9.3/../../../../arm-none-eabi/lib/armv7e-m/softfp/libc.a(lib_a-memset.o)
 .debug_frame   0x0000000000000f6c       0x50 /Applications/Simplicity Studio.app/Contents/Eclipse/developer/toolchains/gnu_arm/4.9_2015q3/bin/../lib/gcc/arm-none-eabi/4.9.3/../../../../arm-none-eabi/lib/armv7e-m/softfp/libc.a(lib_a-__call_atexit.o)
 .debug_frame   0x0000000000000fbc       0x20 /Applications/Simplicity Studio.app/Contents/Eclipse/developer/toolchains/gnu_arm/4.9_2015q3/bin/../lib/gcc/arm-none-eabi/4.9.3/../../../../arm-none-eabi/lib/armv7e-m/softfp/libc.a(lib_a-atexit.o)
 .debug_frame   0x0000000000000fdc       0x34 /Applications/Simplicity Studio.app/Contents/Eclipse/developer/toolchains/gnu_arm/4.9_2015q3/bin/../lib/gcc/arm-none-eabi/4.9.3/../../../../arm-none-eabi/lib/armv7e-m/softfp/libc.a(lib_a-fini.o)
 .debug_frame   0x0000000000001010       0x34 /Applications/Simplicity Studio.app/Contents/Eclipse/developer/toolchains/gnu_arm/4.9_2015q3/bin/../lib/gcc/arm-none-eabi/4.9.3/../../../../arm-none-eabi/lib/armv7e-m/softfp/libc.a(lib_a-__atexit.o)
 .debug_frame   0x0000000000001044       0x20 /Applications/Simplicity Studio.app/Contents/Eclipse/developer/toolchains/gnu_arm/4.9_2015q3/bin/../lib/gcc/arm-none-eabi/4.9.3/../../../../arm-none-eabi/lib/armv7e-m/softfp/libnosys.a(_exit.o)
