Archive member included because of file (symbol)

/Applications/Simplicity Studio.app/Contents/Eclipse/developer/stacks/blehomekit/v1.1.0//protocol/bluetooth_2.3/lib/EFR32BG1B/GCC/bgapi.a(gecko_bgapi_hardware.c.obj)
                              ./main.o (gecko_bgapi_class_hardware_init)
/Applications/Simplicity Studio.app/Contents/Eclipse/developer/stacks/blehomekit/v1.1.0//protocol/bluetooth_2.3/lib/EFR32BG1B/GCC/bgapi.a(gecko_bgapi_test.c.obj)
                              ./main.o (gecko_bgapi_class_test_init)
/Applications/Simplicity Studio.app/Contents/Eclipse/developer/stacks/blehomekit/v1.1.0//protocol/bluetooth_2.3/lib/EFR32BG1B/GCC/bgapi.a(gecko_bgapi_util.c.obj)
                              ./main.o (gecko_bgapi_class_util_init)
/Applications/Simplicity Studio.app/Contents/Eclipse/developer/stacks/blehomekit/v1.1.0//protocol/bluetooth_2.3/lib/EFR32BG1B/GCC/bgapi.a(gecko_bgapi_dfu.c.obj)
                              ./main.o (gecko_bgapi_class_dfu_init)
/Applications/Simplicity Studio.app/Contents/Eclipse/developer/stacks/blehomekit/v1.1.0//protocol/bluetooth_2.3/lib/EFR32BG1B/GCC/bgapi.a(gecko_bgapi_gap.c.obj)
                              ./main.o (gecko_bgapi_class_le_gap_init)
/Applications/Simplicity Studio.app/Contents/Eclipse/developer/stacks/blehomekit/v1.1.0//protocol/bluetooth_2.3/lib/EFR32BG1B/GCC/bgapi.a(gecko_bgapi_gatt.c.obj)
                              ./main.o (gecko_bgapi_class_gatt_init)
/Applications/Simplicity Studio.app/Contents/Eclipse/developer/stacks/blehomekit/v1.1.0//protocol/bluetooth_2.3/lib/EFR32BG1B/GCC/bgapi.a(gecko_bgapi_gatt_server.c.obj)
                              ./main.o (gecko_bgapi_class_gatt_server_init)
/Applications/Simplicity Studio.app/Contents/Eclipse/developer/stacks/blehomekit/v1.1.0//protocol/bluetooth_2.3/lib/EFR32BG1B/GCC/bgapi.a(gecko_bgapi_flash.c.obj)
                              ./main.o (gecko_bgapi_class_flash_init)
/Applications/Simplicity Studio.app/Contents/Eclipse/developer/stacks/blehomekit/v1.1.0//protocol/bluetooth_2.3/lib/EFR32BG1B/GCC/bgapi.a(gecko_bgapi_sm.c.obj)
                              ./main.o (gecko_bgapi_class_sm_init)
/Applications/Simplicity Studio.app/Contents/Eclipse/developer/stacks/blehomekit/v1.1.0//protocol/bluetooth_2.3/lib/EFR32BG1B/GCC/bgapi.a(gecko_bgapi_system.c.obj)
                              ./main.o (gecko_bgapi_class_system_init)
/Applications/Simplicity Studio.app/Contents/Eclipse/developer/stacks/blehomekit/v1.1.0//protocol/bluetooth_2.3/lib/EFR32BG1B/GCC/bgapi.a(gecko_bgapi_endpoint.c.obj)
                              ./main.o (gecko_bgapi_class_endpoint_init)
/Applications/Simplicity Studio.app/Contents/Eclipse/developer/stacks/blehomekit/v1.1.0//protocol/bluetooth_2.3/lib/EFR32BG1B/GCC/bgapi.a(gecko_bgapi_le_connection.c.obj)
                              ./main.o (gecko_bgapi_class_le_connection_init)
/Applications/Simplicity Studio.app/Contents/Eclipse/developer/stacks/blehomekit/v1.1.0//protocol/bluetooth_2.3/lib/EFR32BG1B/GCC/bgapi.a(bgapi_hardware_lib.c.obj)
                              /Applications/Simplicity Studio.app/Contents/Eclipse/developer/stacks/blehomekit/v1.1.0//protocol/bluetooth_2.3/lib/EFR32BG1B/GCC/bgapi.a(gecko_bgapi_hardware.c.obj) (gecko_cmd_hardware_read_i2c)
/Applications/Simplicity Studio.app/Contents/Eclipse/developer/stacks/blehomekit/v1.1.0//protocol/bluetooth_2.3/lib/EFR32BG1B/GCC/bgapi.a(bgapi_hardware.c.obj)
                              /Applications/Simplicity Studio.app/Contents/Eclipse/developer/stacks/blehomekit/v1.1.0//protocol/bluetooth_2.3/lib/EFR32BG1B/GCC/bgapi.a(gecko_bgapi_hardware.c.obj) (lib_hardware_handler_init)
/Applications/Simplicity Studio.app/Contents/Eclipse/developer/stacks/blehomekit/v1.1.0//protocol/bluetooth_2.3/lib/EFR32BG1B/GCC/bgapi.a(bgapi_test_lib.c.obj)
                              /Applications/Simplicity Studio.app/Contents/Eclipse/developer/stacks/blehomekit/v1.1.0//protocol/bluetooth_2.3/lib/EFR32BG1B/GCC/bgapi.a(gecko_bgapi_test.c.obj) (lib_test_handler_init)
/Applications/Simplicity Studio.app/Contents/Eclipse/developer/stacks/blehomekit/v1.1.0//protocol/bluetooth_2.3/lib/EFR32BG1B/GCC/bgapi.a(bgapi_util.c.obj)
                              /Applications/Simplicity Studio.app/Contents/Eclipse/developer/stacks/blehomekit/v1.1.0//protocol/bluetooth_2.3/lib/EFR32BG1B/GCC/bgapi.a(gecko_bgapi_util.c.obj) (lib_util_handler_init)
/Applications/Simplicity Studio.app/Contents/Eclipse/developer/stacks/blehomekit/v1.1.0//protocol/bluetooth_2.3/lib/EFR32BG1B/GCC/bgapi.a(bgapi_dfu.c.obj)
                              /Applications/Simplicity Studio.app/Contents/Eclipse/developer/stacks/blehomekit/v1.1.0//protocol/bluetooth_2.3/lib/EFR32BG1B/GCC/bgapi.a(gecko_bgapi_dfu.c.obj) (lib_dfu_handler_init)
/Applications/Simplicity Studio.app/Contents/Eclipse/developer/stacks/blehomekit/v1.1.0//protocol/bluetooth_2.3/lib/EFR32BG1B/GCC/bgapi.a(bgapi_gap.c.obj)
[...]
Memory Configuration

Name             Origin             Length             Attributes
FLASH            0x0000000000000000 0x000000000003f000 xr
RAM              0x0000000020003000 0x0000000000004bfc xrw
*default*        0x0000000000000000 0xffffffffffffffff

Linker script and memory map

LOAD /Applications/Simplicity Studio.app/Contents/Eclipse/developer/toolchains/gnu_arm/4.9_2015q3/bin/../lib/gcc/arm-none-eabi/4.9.3/armv7e-m/softfp/crti.o
LOAD /Applications/Simplicity Studio.app/Contents/Eclipse/developer/toolchains/gnu_arm/4.9_2015q3/bin/../lib/gcc/arm-none-eabi/4.9.3/armv7e-m/softfp/crtbegin.o
LOAD /Applications/Simplicity Studio.app/Contents/Eclipse/developer/toolchains/gnu_arm/4.9_2015q3/bin/../lib/gcc/arm-none-eabi/4.9.3/../../../../arm-none-eabi/lib/armv7e-m/softfp/crt0.o
LOAD ./application_properties.o
LOAD ./ble-callback-stubs.o
LOAD ./ble-callbacks.o
LOAD ./em_timer.o
LOAD ./gatt_db.o
LOAD ./main.o
LOAD ./peripherals.o
LOAD ./bgapi/dmadrv.o
LOAD ./bgapi/em_adc.o
LOAD ./bgapi/em_ldma.o
LOAD ./bgapi/em_leuart.o
LOAD ./device/EFR32_B_1_1_B/gcc/startup_efr32bg1b.o
LOAD ./emlib/em_cmu.o
LOAD ./emlib/em_cryotimer.o
LOAD ./emlib/em_emu.o
LOAD ./emlib/em_gpio.o
LOAD ./emlib/em_i2c.o
LOAD ./emlib/em_letimer.o
LOAD ./emlib/em_msc.o
LOAD ./emlib/em_rtcc.o
LOAD ./emlib/em_system.o
LOAD ./emlib/em_usart.o
LOAD ./kit_flashpwr/BRD4302A/mx25flash_spi.o
LOAD ./src/InitDevice.o
LOAD /Applications/Simplicity Studio.app/Contents/Eclipse/developer/stacks/blehomekit/v1.1.0//protocol/bluetooth_2.3/lib/EFR32BG1B/EABI/stack.a
LOAD /Applications/Simplicity Studio.app/Contents/Eclipse/developer/stacks/blehomekit/v1.1.0//protocol/bluetooth_2.3/lib/EFR32BG1B/EABI/binstack.o
LOAD /Applications/Simplicity Studio.app/Contents/Eclipse/developer/stacks/blehomekit/v1.1.0//protocol/bluetooth_2.3/lib/EFR32BG1B/GCC/bgapi.a
LOAD /Applications/Simplicity Studio.app/Contents/Eclipse/developer/stacks/blehomekit/v1.1.0//protocol/bluetooth_2.3/lib/EFR32BG1B/EABI/binbootloader.o
LOAD /Applications/Simplicity Studio.app/Contents/Eclipse/developer/toolchains/gnu_arm/4.9_2015q3/bin/../lib/gcc/arm-none-eabi/4.9.3/../../../../arm-none-eabi/lib/armv7e-m/softfp/libm.a
START GROUP
LOAD /Applications/Simplicity Studio.app/Contents/Eclipse/developer/toolchains/gnu_arm/4.9_2015q3/bin/../lib/gcc/arm-none-eabi/4.9.3/armv7e-m/softfp/libgcc.a
LOAD /Applications/Simplicity Studio.app/Contents/Eclipse/developer/toolchains/gnu_arm/4.9_2015q3/bin/../lib/gcc/arm-none-eabi/4.9.3/../../../../arm-none-eabi/lib/armv7e-m/softfp/libc.a
LOAD /Applications/Simplicity Studio.app/Contents/Eclipse/developer/toolchains/gnu_arm/4.9_2015q3/bin/../lib/gcc/arm-none-eabi/4.9.3/../../../../arm-none-eabi/lib/armv7e-m/softfp/libnosys.a
END GROUP
START GROUP
LOAD /Applications/Simplicity Studio.app/Contents/Eclipse/developer/toolchains/gnu_arm/4.9_2015q3/bin/../lib/gcc/arm-none-eabi/4.9.3/armv7e-m/softfp/libgcc.a
LOAD /Applications/Simplicity Studio.app/Contents/Eclipse/developer/toolchains/gnu_arm/4.9_2015q3/bin/../lib/gcc/arm-none-eabi/4.9.3/../../../../arm-none-eabi/lib/armv7e-m/softfp/libg.a
LOAD /Applications/Simplicity Studio.app/Contents/Eclipse/developer/toolchains/gnu_arm/4.9_2015q3/bin/../lib/gcc/arm-none-eabi/4.9.3/../../../../arm-none-eabi/lib/armv7e-m/softfp/libc.a
END GROUP
LOAD /Applications/Simplicity Studio.app/Contents/Eclipse/developer/toolchains/gnu_arm/4.9_2015q3/bin/../lib/gcc/arm-none-eabi/4.9.3/armv7e-m/softfp/crtend.o
LOAD /Applications/Simplicity Studio.app/Contents/Eclipse/developer/toolchains/gnu_arm/4.9_2015q3/bin/../lib/gcc/arm-none-eabi/4.9.3/armv7e-m/softfp/crtn.o

.text_bootloader
                0x0000000000000000     0x4000
 *(.binbootloader*)
 .binbootloader
                0x0000000000000000      0x31c /Applications/Simplicity Studio.app/Contents/Eclipse/developer/stacks/blehomekit/v1.1.0//protocol/bluetooth_2.3/lib/EFR32BG1B/EABI/binbootloader.o
                0x0000000000004000                . = ALIGN (0x4000)
 *fill*         0x000000000000031c     0x3ce4 

.text_stack_bin
                0x0000000000004000    0x1d000
 *(.binstack*)
 .binstack      0x0000000000004000    0x1c9e4 /Applications/Simplicity Studio.app/Contents/Eclipse/developer/stacks/blehomekit/v1.1.0//protocol/bluetooth_2.3/lib/EFR32BG1B/EABI/binstack.o
                0x0000000000021000                . = ALIGN (0x800)
 *fill*         0x00000000000209e4      0x61c 
                0x0000000000021000                __text_start__ = .

.text_app       0x0000000000021000     0x6e70
 *(.AAT)
 .AAT           0x0000000000021000       0x80 ./main.o
                0x0000000000021000                AppAddressTable
 *(.vectors)
 .vectors       0x0000000000021080       0xc8 ./device/EFR32_B_1_1_B/gcc/startup_efr32bg1b.o
                0x0000000000021080                __Vectors
                0x0000000000021148                __Vectors_End = .
                0x00000000000000c8                __Vectors_Size = (__Vectors_End - __Vectors)
                0x0000000000021148                __end__ = .
 *(.gecko_configuration)
 *(.xo_configuration)
 *(.gatt_header)
 .gatt_header   0x0000000000021148       0x30 ./gatt_db.o
                0x0000000000021148                bg_gattdb_data
 *(.gatt_data)
 .gatt_data     0x0000000000021178      0x3be ./gatt_db.o
                0x0000000000021178                bg_gattdb_data_adv_uuid128_map
                0x0000000000021188                bg_gattdb_data_adv_uuid16_map
                0x000000000002118c                bg_gattdb_data_attributes_dynamic_mapping_map
                0x00000000000211a0                bg_gattdb_data_attributes_map
                0x0000000000021320                bg_gattdb_data_attribute_field_0
                0x0000000000021324                bg_gattdb_data_attribute_field_1
                0x000000000002132c                bg_gattdb_data_attribute_field_2
                0x0000000000021334                bg_gattdb_data_attribute_field_4
                0x0000000000021338                bg_gattdb_data_attribute_field_5
                0x0000000000021340                bg_gattdb_data_attribute_field_6
                0x0000000000021348                bg_gattdb_data_attribute_field_7
                0x0000000000021350                bg_gattdb_data_attribute_field_8
                0x0000000000021354                bg_gattdb_data_attribute_field_9
                0x0000000000021358                bg_gattdb_data_attribute_field_10
                0x0000000000021360                bg_gattdb_data_attribute_field_11
                0x0000000000021370                bg_gattdb_data_attribute_field_12
                0x0000000000021378                bg_gattdb_data_attribute_field_13
                0x0000000000021384                bg_gattdb_data_attribute_field_14
                0x000000000002138c                bg_gattdb_data_attribute_field_15
                0x0000000000021394                bg_gattdb_data_attribute_field_16
                0x00000000000213a8                bg_gattdb_data_attribute_field_17
                0x00000000000213c0                bg_gattdb_data_attribute_field_18
                0x00000000000213c8                bg_gattdb_data_attribute_field_19
                0x00000000000213e0                bg_gattdb_data_attribute_field_20
                0x00000000000213e8                bg_gattdb_data_attribute_field_21
                0x0000000000021400                bg_gattdb_data_attribute_field_22
                0x0000000000021408                bg_gattdb_data_attribute_field_23
                0x0000000000021420                bg_gattdb_data_attribute_field_24
                0x0000000000021428                bg_gattdb_data_attribute_field_25
                0x0000000000021440                bg_gattdb_data_attribute_field_26
                0x0000000000021448                bg_gattdb_data_attribute_field_27
                0x0000000000021460                bg_gattdb_data_attribute_field_28
                0x0000000000021468                bg_gattdb_data_attribute_field_29
                0x000000000002147c                bg_gattdb_data_attribute_field_30
                0x0000000000021494                bg_gattdb_data_attribute_field_31
                0x000000000002149c                bg_gattdb_data_uuidtable_128_map
                0x000000000002151c                bg_gattdb_data_uuidtable_16_map
 *(.text*)
 *fill*         0x0000000000021536        0x2 
 .text          0x0000000000021538       0x5c /Applications/Simplicity Studio.app/Contents/Eclipse/developer/toolchains/gnu_arm/4.9_2015q3/bin/../lib/gcc/arm-none-eabi/4.9.3/armv7e-m/softfp/crtbegin.o
 .text          0x0000000000021594       0x74 /Applications/Simplicity Studio.app/Contents/Eclipse/developer/toolchains/gnu_arm/4.9_2015q3/bin/../lib/gcc/arm-none-eabi/4.9.3/../../../../arm-none-eabi/lib/armv7e-m/softfp/crt0.o
                0x0000000000021594                _mainCRTStartup
                0x0000000000021594                _start
 .text.TIMER_Init
                0x0000000000021608       0xb0 ./em_timer.o
                0x0000000000021608                TIMER_Init
 .text.TIMER_InitCC
                0x00000000000216b8       0x84 ./em_timer.o
                0x00000000000216b8                TIMER_InitCC
 .text.startup.main
                0x000000000002173c      0x488 ./main.o
                0x000000000002173c                main
 .text.InitGPIO
                0x0000000000021bc4       0xa4 ./peripherals.o
                0x0000000000021bc4                InitGPIO
 .text.SetLED0  0x0000000000021c68       0x10 ./peripherals.o
                0x0000000000021c68                SetLED0
 .text.ClearLED0
                0x0000000000021c78       0x10 ./peripherals.o
                0x0000000000021c78                ClearLED0
 .text.GetLED0  0x0000000000021c88       0x10 ./peripherals.o
                0x0000000000021c88                GetLED0
 .text.SetLED1  0x0000000000021c98       0x10 ./peripherals.o
                0x0000000000021c98                SetLED1
 .text.ClearLED1
                0x0000000000021ca8       0x10 ./peripherals.o
                0x0000000000021ca8                ClearLED1
 .text.GetLED1  0x0000000000021cb8       0x10 ./peripherals.o
                0x0000000000021cb8                GetLED1
 .text.GetPB0   0x0000000000021cc8       0x10 ./peripherals.o
                0x0000000000021cc8                GetPB0
 .text.GetPB1   0x0000000000021cd8       0x10 ./peripherals.o
                0x0000000000021cd8                GetPB1
 .text.GPIOHandler
                0x0000000000021ce8       0x90 ./peripherals.o
                0x0000000000021ce8                GPIOHandler
 .text.InitPWM1
                0x0000000000021d78       0xa0 ./peripherals.o
                0x0000000000021d78                InitPWM1
 .text.UpdatePWM1
                0x0000000000021e18       0x18 ./peripherals.o
                0x0000000000021e18                UpdatePWM1
 .text.ChangePWMoutput
                0x0000000000021e30       0x44 ./peripherals.o
                0x0000000000021e30                ChangePWMoutput
 .text.PWMHandler
                0x0000000000021e74       0x24 ./peripherals.o
                0x0000000000021e74                PWMHandler
 .text.GetPWM1  0x0000000000021e98        0xc ./peripherals.o
                0x0000000000021e98                GetPWM1
 .text.InitLEUART0
                0x0000000000021ea4       0xa0 ./peripherals.o
                0x0000000000021ea4                InitLEUART0
 .text.UART_Tx  0x0000000000021f44       0x2c ./peripherals.o
                0x0000000000021f44                UART_Tx
 .text.LEUART0_IRQHandler
                0x0000000000021f70       0x18 ./peripherals.o
                0x0000000000021f70                LEUART0_IRQHandler
 .text.UART_TXHandler
                0x0000000000021f88       0x38 ./peripherals.o
                0x0000000000021f88                UART_TXHandler
 .text.UART_RXHandler
                0x0000000000021fc0       0x80 ./peripherals.o
                0x0000000000021fc0                UART_RXHandler
 .text.LED0onUARTmessage
                0x0000000000022040       0x40 ./peripherals.o
                0x0000000000022040                LED0onUARTmessage
 .text.LED0offUARTmessage
                0x0000000000022080       0x40 ./peripherals.o
                0x0000000000022080                LED0offUARTmessage
 .text.LED1onUARTmessage
                0x00000000000220c0       0x40 ./peripherals.o
                0x00000000000220c0                LED1onUARTmessage
 .text.LED1offUARTmessage
                0x0000000000022100       0x40 ./peripherals.o
                0x0000000000022100                LED1offUARTmessage
 .text.LETIMER0_IRQHandler
                0x0000000000022140       0x10 ./peripherals.o
                0x0000000000022140                LETIMER0_IRQHandler
 .text.InitLETIMER0
                0x0000000000022150       0x70 ./peripherals.o
                0x0000000000022150                InitLETIMER0
 .text.StartTransfer
                0x00000000000221c0      0x1dc ./bgapi/dmadrv.o
 .text.DMADRV_AllocateChannel
                0x000000000002239c       0x60 ./bgapi/dmadrv.o
                0x000000000002239c                DMADRV_AllocateChannel
 .text.DMADRV_Init
                0x00000000000223fc       0x60 ./bgapi/dmadrv.o
                0x00000000000223fc                DMADRV_Init
 .text.DMADRV_MemoryPeripheral
                0x000000000002245c       0x34 ./bgapi/dmadrv.o
                0x000000000002245c                DMADRV_MemoryPeripheral
 .text.DMADRV_PeripheralMemory
                0x0000000000022490       0x34 ./bgapi/dmadrv.o
                0x0000000000022490                DMADRV_PeripheralMemory
 .text.DMADRV_StopTransfer
                0x00000000000224c4       0x44 ./bgapi/dmadrv.o
                0x00000000000224c4                DMADRV_StopTransfer
 .text.DMADRV_TransferRemainingCount
                0x0000000000022508       0x50 ./bgapi/dmadrv.o
                0x0000000000022508                DMADRV_TransferRemainingCount
 .text.LDMA_IRQHandler
                0x0000000000022558       0x7c ./bgapi/dmadrv.o
                0x0000000000022558                LDMA_IRQHandler
 .text.ADC_LoadDevinfoCal
                0x00000000000225d4       0xf4 ./bgapi/em_adc.o
 .text.ADC_InitSingle
                0x00000000000226c8       0xb4 ./bgapi/em_adc.o
                0x00000000000226c8                ADC_InitSingle
 .text.ADC_PrescaleCalc
                0x000000000002277c       0x4c ./bgapi/em_adc.o
                0x000000000002277c                ADC_PrescaleCalc
 .text.ADC_Init
                0x00000000000227c8       0x68 ./bgapi/em_adc.o
                0x00000000000227c8                ADC_Init
 .text.LDMA_Init
                0x0000000000022830       0x58 ./bgapi/em_ldma.o
                0x0000000000022830                LDMA_Init
 .text.LDMA_StartTransfer
                0x0000000000022888       0xa8 ./bgapi/em_ldma.o
                0x0000000000022888                LDMA_StartTransfer
 .text.LDMA_StopTransfer
                0x0000000000022930       0x28 ./bgapi/em_ldma.o
                0x0000000000022930                LDMA_StopTransfer
 .text.LDMA_TransferRemainingCount
                0x0000000000022958       0x40 ./bgapi/em_ldma.o
                0x0000000000022958                LDMA_TransferRemainingCount
 .text.LEUART_BaudrateSet
                0x0000000000022998       0x54 ./bgapi/em_leuart.o
                0x0000000000022998                LEUART_BaudrateSet
 .text.LEUART_Enable
                0x00000000000229ec       0x1c ./bgapi/em_leuart.o
                0x00000000000229ec                LEUART_Enable
 .text.LEUART_Init
                0x0000000000022a08       0x4c ./bgapi/em_leuart.o
                0x0000000000022a08                LEUART_Init
 .text.LEUART_Tx
                0x0000000000022a54       0x18 ./bgapi/em_leuart.o
                0x0000000000022a54                LEUART_Tx
 .text.Default_Handler
                0x0000000000022a6c        0x4 ./device/EFR32_B_1_1_B/gcc/startup_efr32bg1b.o
                0x0000000000022a6c                IDAC0_IRQHandler
                0x0000000000022a6c                USART0_TX_IRQHandler
                0x0000000000022a6c                I2C0_IRQHandler
                0x0000000000022a6c                HardFault_Handler
                0x0000000000022a6c                SysTick_Handler
                0x0000000000022a6c                USART1_RX_IRQHandler
                0x0000000000022a6c                PendSV_Handler
                0x0000000000022a6c                NMI_Handler
                0x0000000000022a6c                SYNTH_IRQHandler
                0x0000000000022a6c                WDOG0_IRQHandler
                0x0000000000022a6c                USART1_TX_IRQHandler
                0x0000000000022a6c                MSC_IRQHandler
                0x0000000000022a6c                ADC0_IRQHandler
                0x0000000000022a6c                UsageFault_Handler
                0x0000000000022a6c                FPUEH_IRQHandler
                0x0000000000022a6c                GPIO_EVEN_IRQHandler
                0x0000000000022a6c                TIMER0_IRQHandler
                0x0000000000022a6c                TIMER1_IRQHandler
                0x0000000000022a6c                RFSENSE_IRQHandler
                0x0000000000022a6c                BUFC_IRQHandler
                0x0000000000022a6c                MODEM_IRQHandler
                0x0000000000022a6c                Default_Handler
                0x0000000000022a6c                RAC_SEQ_IRQHandler
                0x0000000000022a6c                FRC_PRI_IRQHandler
                0x0000000000022a6c                EMU_IRQHandler
                0x0000000000022a6c                FRC_IRQHandler
                0x0000000000022a6c                CRYOTIMER_IRQHandler
                0x0000000000022a6c                PCNT0_IRQHandler
                0x0000000000022a6c                AGC_IRQHandler
                0x0000000000022a6c                ACMP0_IRQHandler
                0x0000000000022a6c                USART0_RX_IRQHandler
                0x0000000000022a6c                MemManage_Handler
                0x0000000000022a6c                SVC_Handler
                0x0000000000022a6c                RTCC_IRQHandler
                0x0000000000022a6c                CRYPTO_IRQHandler
                0x0000000000022a6c                CMU_IRQHandler
                0x0000000000022a6c                RAC_RSM_IRQHandler
                0x0000000000022a6c                GPIO_ODD_IRQHandler
                0x0000000000022a6c                PROTIMER_IRQHandler
                0x0000000000022a6c                BusFault_Handler
                0x0000000000022a6c                DebugMon_Handler
 .text.Reset_Handler
                0x0000000000022a70       0x34 ./device/EFR32_B_1_1_B/gcc/startup_efr32bg1b.o
                0x0000000000022a70                Reset_Handler
 .text.flashWaitStateMax
                0x0000000000022aa4       0x40 ./emlib/em_cmu.o
 .text.CMU_OscillatorTuningSet.part.2
                0x0000000000022ae4       0x44 ./emlib/em_cmu.o
 .text.CMU_ClockEnable
                0x0000000000022b28       0x8c ./emlib/em_cmu.o
                0x0000000000022b28                CMU_ClockEnable
 .text.CMU_ClockSelectGet
                0x0000000000022bb4       0xa4 ./emlib/em_cmu.o
                0x0000000000022bb4                CMU_ClockSelectGet
 .text.lfClkGet
                0x0000000000022c58       0x94 ./emlib/em_cmu.o
 .text.CMU_ClockFreqGet
                0x0000000000022cec      0x128 ./emlib/em_cmu.o
                0x0000000000022cec                CMU_ClockFreqGet
 .text.CMU_OscillatorTuningWait
                0x0000000000022e14       0x60 ./emlib/em_cmu.o
                0x0000000000022e14                CMU_OscillatorTuningWait
 .text.CMU_OscillatorEnable
                0x0000000000022e74      0x110 ./emlib/em_cmu.o
                0x0000000000022e74                CMU_OscillatorEnable
 .text.CMU_ClockSelectSet
                0x0000000000022f84      0x158 ./emlib/em_cmu.o
                0x0000000000022f84                CMU_ClockSelectSet
 .text.CMU_HFXOInit
                0x00000000000230dc       0xec ./emlib/em_cmu.o
                0x00000000000230dc                CMU_HFXOInit
 .text.CMU_LFXOInit
                0x00000000000231c8       0x40 ./emlib/em_cmu.o
                0x00000000000231c8                CMU_LFXOInit
 .text.currentLimitersUpdate
                0x0000000000023208       0x74 ./emlib/em_emu.o
 .text.EMU_DCDCModeSet
                0x000000000002327c       0x4c ./emlib/em_emu.o
                0x000000000002327c                EMU_DCDCModeSet
 .text.EMU_DCDCOutputVoltageSet
                0x00000000000232c8      0x1cc ./emlib/em_emu.o
                0x00000000000232c8                EMU_DCDCOutputVoltageSet
 .text.EMU_DCDCOptimizeSlice
                0x0000000000023494       0x94 ./emlib/em_emu.o
                0x0000000000023494                EMU_DCDCOptimizeSlice
 .text.EMU_DCDCLnRcoBandSet
                0x0000000000023528       0x24 ./emlib/em_emu.o
                0x0000000000023528                EMU_DCDCLnRcoBandSet
 .text.EMU_DCDCInit
                0x000000000002354c      0x18c ./emlib/em_emu.o
                0x000000000002354c                EMU_DCDCInit
 .text.GPIO_PinModeSet
                0x00000000000236d8       0x8c ./emlib/em_gpio.o
                0x00000000000236d8                GPIO_PinModeSet
 .text.I2C_BusFreqSet.part.0
                0x0000000000023764       0x60 ./emlib/em_i2c.o
 .text.I2C_Init
                0x00000000000237c4       0x3c ./emlib/em_i2c.o
                0x00000000000237c4                I2C_Init
 .text.LETIMER_CompareSet
                0x0000000000023800       0x14 ./emlib/em_letimer.o
                0x0000000000023800                LETIMER_CompareSet
 .text.LETIMER_Enable
                0x0000000000023814       0x10 ./emlib/em_letimer.o
                0x0000000000023814                LETIMER_Enable
 .text.LETIMER_Init
                0x0000000000023824       0x60 ./emlib/em_letimer.o
                0x0000000000023824                LETIMER_Init
 .text.RTCC_Init
                0x0000000000023884       0x48 ./emlib/em_rtcc.o
                0x0000000000023884                RTCC_Init
 .text.SYSTEM_ChipRevisionGet
                0x00000000000238cc       0x34 ./emlib/em_system.o
                0x00000000000238cc                SYSTEM_ChipRevisionGet
 .text.USART_BaudrateAsyncSet
                0x0000000000023900       0x68 ./emlib/em_usart.o
                0x0000000000023900                USART_BaudrateAsyncSet
 .text.USART_BaudrateCalc
                0x0000000000023968       0x7c ./emlib/em_usart.o
                0x0000000000023968                USART_BaudrateCalc
 .text.USART_BaudrateGet
                0x00000000000239e4       0x24 ./emlib/em_usart.o
                0x00000000000239e4                USART_BaudrateGet
 .text.USART_Enable
                0x0000000000023a08       0x10 ./emlib/em_usart.o
                0x0000000000023a08                USART_Enable
 .text.USART_InitAsync
                0x0000000000023a18       0xa4 ./emlib/em_usart.o
                0x0000000000023a18                USART_InitAsync
 .text.EMU_enter_DefaultMode_from_RESET
                0x0000000000023abc       0x54 ./src/InitDevice.o
                0x0000000000023abc                EMU_enter_DefaultMode_from_RESET
 .text.CMU_enter_DefaultMode_from_RESET
                0x0000000000023b10      0x114 ./src/InitDevice.o
                0x0000000000023b10                CMU_enter_DefaultMode_from_RESET
 .text.RTCC_enter_DefaultMode_from_RESET
                0x0000000000023c24       0x44 ./src/InitDevice.o
                0x0000000000023c24                RTCC_enter_DefaultMode_from_RESET
 .text.PORTIO_enter_DefaultMode_from_RESET
                0x0000000000023c68       0x80 ./src/InitDevice.o
                0x0000000000023c68                PORTIO_enter_DefaultMode_from_RESET
 .text.enter_DefaultMode_from_RESET
                0x0000000000023ce8       0x9c ./src/InitDevice.o
                0x0000000000023ce8                enter_DefaultMode_from_RESET
 .text          0x0000000000023d84       0x60 /Applications/Simplicity Studio.app/Contents/Eclipse/developer/stacks/blehomekit/v1.1.0//protocol/bluetooth_2.3/lib/EFR32BG1B/GCC/bgapi.a(gecko_bgapi_hardware.c.obj)
                0x0000000000023dcc                gecko_bgapi_class_hardware_init
 .text          0x0000000000023de4       0x60 /Applications/Simplicity Studio.app/Contents/Eclipse/developer/stacks/blehomekit/v1.1.0//protocol/bluetooth_2.3/lib/EFR32BG1B/GCC/bgapi.a(gecko_bgapi_test.c.obj)
                0x0000000000023e2c                gecko_bgapi_class_test_init
 .text          0x0000000000023e44       0x60 /Applications/Simplicity Studio.app/Contents/Eclipse/developer/stacks/blehomekit/v1.1.0//protocol/bluetooth_2.3/lib/EFR32BG1B/GCC/bgapi.a(gecko_bgapi_util.c.obj)
                0x0000000000023e8c                gecko_bgapi_class_util_init
 .text          0x0000000000023ea4       0x60 /Applications/Simplicity Studio.app/Contents/Eclipse/developer/stacks/blehomekit/v1.1.0//protocol/bluetooth_2.3/lib/EFR32BG1B/GCC/bgapi.a(gecko_bgapi_dfu.c.obj)
                0x0000000000023eec                gecko_bgapi_class_dfu_init
 .text          0x0000000000023f04       0x60 /Applications/Simplicity Studio.app/Contents/Eclipse/developer/stacks/blehomekit/v1.1.0//protocol/bluetooth_2.3/lib/EFR32BG1B/GCC/bgapi.a(gecko_bgapi_gap.c.obj)
                0x0000000000023f4c                gecko_bgapi_class_le_gap_init
 .text          0x0000000000023f64       0x60 /Applications/Simplicity Studio.app/Contents/Eclipse/developer/stacks/blehomekit/v1.1.0//protocol/bluetooth_2.3/lib/EFR32BG1B/GCC/bgapi.a(gecko_bgapi_gatt.c.obj)
                0x0000000000023fac                gecko_bgapi_class_gatt_init
 .text          0x0000000000023fc4       0x60 /Applications/Simplicity Studio.app/Contents/Eclipse/developer/stacks/blehomekit/v1.1.0//protocol/bluetooth_2.3/lib/EFR32BG1B/GCC/bgapi.a(gecko_bgapi_gatt_server.c.obj)
                0x000000000002400c                gecko_bgapi_class_gatt_server_init
 .text          0x0000000000024024       0x60 /Applications/Simplicity Studio.app/Contents/Eclipse/developer/stacks/blehomekit/v1.1.0//protocol/bluetooth_2.3/lib/EFR32BG1B/GCC/bgapi.a(gecko_bgapi_flash.c.obj)
                0x000000000002406c                gecko_bgapi_class_flash_init
 .text          0x0000000000024084       0x60 /Applications/Simplicity Studio.app/Contents/Eclipse/developer/stacks/blehomekit/v1.1.0//protocol/bluetooth_2.3/lib/EFR32BG1B/GCC/bgapi.a(gecko_bgapi_sm.c.obj)
                0x00000000000240cc                gecko_bgapi_class_sm_init
 .text          0x00000000000240e4       0x60 /Applications/Simplicity Studio.app/Contents/Eclipse/developer/stacks/blehomekit/v1.1.0//protocol/bluetooth_2.3/lib/EFR32BG1B/GCC/bgapi.a(gecko_bgapi_system.c.obj)
                0x000000000002412c                gecko_bgapi_class_system_init
 .text          0x0000000000024144       0x60 /Applications/Simplicity Studio.app/Contents/Eclipse/developer/stacks/blehomekit/v1.1.0//protocol/bluetooth_2.3/lib/EFR32BG1B/GCC/bgapi.a(gecko_bgapi_endpoint.c.obj)
                0x000000000002418c                gecko_bgapi_class_endpoint_init
 .text          0x00000000000241a4       0x60 /Applications/Simplicity Studio.app/Contents/Eclipse/developer/stacks/blehomekit/v1.1.0//protocol/bluetooth_2.3/lib/EFR32BG1B/GCC/bgapi.a(gecko_bgapi_le_connection.c.obj)
                0x00000000000241ec                gecko_bgapi_class_le_connection_init
 .text          0x0000000000024204      0x388 /Applications/Simplicity Studio.app/Contents/Eclipse/developer/stacks/blehomekit/v1.1.0//protocol/bluetooth_2.3/lib/EFR32BG1B/GCC/bgapi.a(bgapi_hardware_lib.c.obj)
                0x0000000000024204                gecko_cmd_hardware_read_i2c
                0x000000000002426c                gecko_cmd_hardware_write_i2c
                0x00000000000242b0                gecko_cmd_hardware_stop_i2c
                0x00000000000242e8                gecko_cmd_hardware_read_adc
                0x0000000000024328                gecko_cmd_hardware_read_adc_channel
                0x0000000000024358                gecko_cmd_hardware_config_adc_reference
                0x0000000000024384                gecko_cmd_hardware_configure_gpio
                0x00000000000243b8                gecko_cmd_hardware_write_gpio
                0x000000000002441c                gecko_cmd_hardware_read_gpio
                0x000000000002447c                gecko_cmd_hardware_set_uart_configuration
                0x00000000000244f4                clock_outputs_init
                0x000000000002453c                bgapi_hardware_init
 .text          0x000000000002458c      0x1d0 /Applications/Simplicity Studio.app/Contents/Eclipse/developer/stacks/blehomekit/v1.1.0//protocol/bluetooth_2.3/lib/EFR32BG1B/GCC/bgapi.a(bgapi_hardware.c.obj)
                0x000000000002458c                soft_timer_comparison
                0x0000000000024620                bgapi_hardware_soft_timer_listener
                0x0000000000024660                lib_hardware_handler_init
                0x0000000000024674                gecko_cmd_hardware_set_soft_timer
                0x00000000000246b4                gecko_cmd_hardware_set_lazy_soft_timer
                0x00000000000246f4                gecko_cmd_hardware_get_time
                0x0000000000024728                gecko_cmd_hardware_enable_dcdc
 .text          0x000000000002475c      0x200 /Applications/Simplicity Studio.app/Contents/Eclipse/developer/stacks/blehomekit/v1.1.0//protocol/bluetooth_2.3/lib/EFR32BG1B/GCC/bgapi.a(bgapi_test_lib.c.obj)
                0x000000000002475c                lib_test_handler_init
                0x000000000002475e                disable_interrupts
                0x0000000000024782                gecko_cmd_test_dtm_tx
                0x00000000000247b4                gecko_cmd_test_dtm_rx
                0x00000000000247e4                gecko_cmd_test_dtm_end
                0x0000000000024810                gecko_cmd_test_debug_command
                0x00000000000248e0                gecko_cmd_test_debug_counter
 .text          0x000000000002495c      0x158 /Applications/Simplicity Studio.app/Contents/Eclipse/developer/stacks/blehomekit/v1.1.0//protocol/bluetooth_2.3/lib/EFR32BG1B/GCC/bgapi.a(bgapi_util.c.obj)
                0x0000000000024994                lib_util_handler_init
                0x0000000000024996                gecko_cmd_util_atoi
                0x00000000000249ec                gecko_cmd_util_itoa
 .text          0x0000000000024ab4       0x8c /Applications/Simplicity Studio.app/Contents/Eclipse/developer/stacks/blehomekit/v1.1.0//protocol/bluetooth_2.3/lib/EFR32BG1B/GCC/bgapi.a(bgapi_dfu.c.obj)
                0x0000000000024ab4                lib_dfu_handler_init
                0x0000000000024ab6                gecko_cmd_dfu_reset
                0x0000000000024abc                gecko_cmd_dfu_flash_set_address
                0x0000000000024ae8                gecko_cmd_dfu_flash_upload
                0x0000000000024b14                gecko_cmd_dfu_flash_upload_finish
 .text          0x0000000000024b40      0x308 /Applications/Simplicity Studio.app/Contents/Eclipse/developer/stacks/blehomekit/v1.1.0//protocol/bluetooth_2.3/lib/EFR32BG1B/GCC/bgapi.a(bgapi_gap.c.obj)
                0x0000000000024b40                lib_le_gap_handler_init
                0x0000000000024b42                gecko_cmd_le_gap_set_mode
                0x0000000000024b88                gecko_cmd_le_gap_bt5_set_mode
                0x0000000000024bc8                gecko_cmd_le_gap_set_adv_data
                0x0000000000024bfc                gecko_cmd_le_gap_bt5_set_adv_data
                0x0000000000024c30                gecko_cmd_le_gap_set_adv_timeout
                0x0000000000024c84                gecko_cmd_le_gap_open
                0x0000000000024cec                gecko_cmd_le_gap_discover
                0x0000000000024d18                gecko_cmd_le_gap_end_procedure
                0x0000000000024d44                gecko_cmd_le_gap_set_adv_parameters
                0x0000000000024d78                gecko_cmd_le_gap_bt5_set_adv_parameters
                0x0000000000024db4                gecko_cmd_le_gap_set_scan_parameters
                0x0000000000024de4                gecko_cmd_le_gap_set_conn_parameters
                0x0000000000024e1c                gecko_cmd_le_gap_set_phy
 .text          0x0000000000024e48      0x644 /Applications/Simplicity Studio.app/Contents/Eclipse/developer/stacks/blehomekit/v1.1.0//protocol/bluetooth_2.3/lib/EFR32BG1B/GCC/bgapi.a(bgapi_gatt_lib.c.obj)
                0x0000000000024e48                lib_gatt_handler_init
                0x0000000000024e4a                lib_gatt_server_handler_init
                0x0000000000024e4c                gecko_cmd_gatt_set_max_mtu
                0x0000000000024e88                gecko_cmd_gatt_discover_primary_services
                0x0000000000024eb8                gecko_cmd_gatt_discover_primary_services_by_uuid
                0x0000000000024ef4                gecko_cmd_gatt_find_included_services
                0x0000000000024f28                gecko_cmd_gatt_discover_characteristics
                0x0000000000024f5c                gecko_cmd_gatt_discover_characteristics_by_uuid
                0x0000000000024f9c                gecko_cmd_gatt_read_characteristic_value
                0x0000000000024fd4                gecko_cmd_gatt_read_characteristic_value_from_offset
                0x0000000000025010                gecko_cmd_gatt_read_characteristic_value_by_uuid
                0x0000000000025050                gecko_cmd_gatt_read_multiple_characteristic_values
                0x0000000000025084                gecko_cmd_gatt_write_characteristic_value
                0x00000000000250bc                gecko_cmd_gatt_write_characteristic_value_without_response
                0x0000000000025100                gecko_cmd_gatt_prepare_characteristic_value_write
                0x0000000000025150                gecko_cmd_gatt_execute_characteristic_value_write
                0x0000000000025184                gecko_cmd_gatt_set_characteristic_notification
                0x00000000000251bc                gecko_cmd_gatt_discover_descriptors
                0x00000000000251f0                gecko_cmd_gatt_read_descriptor_value
                0x0000000000025224                gecko_cmd_gatt_write_descriptor_value
                0x000000000002525c                gecko_cmd_gatt_server_read_attribute_value
                0x00000000000252a4                gecko_cmd_gatt_server_read_attribute_type
                0x00000000000252e8                gecko_cmd_gatt_server_find_attribute
                0x0000000000025324                gecko_cmd_gatt_server_write_attribute_value
                0x0000000000025358                gecko_cmd_gatt_server_send_user_read_response
                0x00000000000253a8                gecko_cmd_gatt_server_send_user_write_response
                0x00000000000253e0                gecko_cmd_gatt_server_send_characteristic_notification
                0x000000000002542c                gecko_cmd_gatt_send_characteristic_confirmation
                0x000000000002545c                gecko_cmd_gatt_server_set_database
 .text          0x000000000002548c      0x17c /Applications/Simplicity Studio.app/Contents/Eclipse/developer/stacks/blehomekit/v1.1.0//protocol/bluetooth_2.3/lib/EFR32BG1B/GCC/bgapi.a(bgapi_ps.c.obj)
                0x000000000002548c                lib_flash_handler_init
                0x000000000002548e                gecko_cmd_flash_ps_dump
                0x0000000000025524                gecko_cmd_flash_ps_erase_all
                0x0000000000025554                gecko_cmd_flash_ps_save
                0x0000000000025590                gecko_cmd_flash_ps_load
                0x00000000000255d4                gecko_cmd_flash_ps_erase
 .text          0x0000000000025608      0x3cc /Applications/Simplicity Studio.app/Contents/Eclipse/developer/stacks/blehomekit/v1.1.0//protocol/bluetooth_2.3/lib/EFR32BG1B/GCC/bgapi.a(bgapi_sm.c.obj)
                0x00000000000256d0                lib_sm_handler_init
                0x00000000000256e4                gecko_cmd_sm_list_all_bondings
                0x000000000002571c                gecko_cmd_sm_increase_security
                0x000000000002574c                gecko_cmd_sm_set_bondable_mode
                0x0000000000025778                gecko_cmd_sm_delete_bonding
                0x00000000000257a8                gecko_cmd_sm_delete_bondings
                0x00000000000257d8                gecko_cmd_sm_configure
                0x0000000000025808                gecko_cmd_sm_enter_passkey
                0x000000000002583c                gecko_cmd_sm_set_passkey
                0x0000000000025868                gecko_cmd_sm_passkey_confirm
                0x000000000002589c                gecko_cmd_sm_set_oob_data
                0x00000000000258cc                gecko_cmd_sm_set_sc_remote_oob_data
                0x00000000000258fc                gecko_cmd_sm_use_sc_oob
                0x000000000002593c                gecko_cmd_sm_store_bonding_configuration
                0x0000000000025970                gecko_cmd_sm_bonding_confirm
                0x00000000000259a4                gecko_cmd_sm_set_debug_mode
 .text          0x00000000000259d4      0x114 /Applications/Simplicity Studio.app/Contents/Eclipse/developer/stacks/blehomekit/v1.1.0//protocol/bluetooth_2.3/lib/EFR32BG1B/GCC/bgapi.a(bgapi_system.c.obj)
                0x00000000000259d4                lib_system_handler_init
                0x00000000000259d6                gecko_cmd_system_get_bt_address
                0x0000000000025a0c                gecko_cmd_system_get_random_data
                0x0000000000025a54                gecko_cmd_system_halt
                0x0000000000025a88                gecko_cmd_system_set_tx_power
                0x0000000000025ab8                gecko_cmd_system_hello
                0x0000000000025ae0                gecko_cmd_system_reset
 .text          0x0000000000025ae8      0x1ac /Applications/Simplicity Studio.app/Contents/Eclipse/developer/stacks/blehomekit/v1.1.0//protocol/bluetooth_2.3/lib/EFR32BG1B/GCC/bgapi.a(bgapi_endpoint.c.obj)
                0x0000000000025ae8                lib_endpoint_handler_init
                0x0000000000025aea                gecko_cmd_endpoint_send
                0x0000000000025b94                gecko_cmd_endpoint_set_streaming_destination
                0x0000000000025bec                gecko_cmd_endpoint_close
                0x0000000000025c48                gecko_cmd_endpoint_set_flags
                0x0000000000025c4a                gecko_cmd_endpoint_clr_flags
                0x0000000000025c4c                gecko_cmd_endpoint_read_counters
 .text          0x0000000000025c94      0x104 /Applications/Simplicity Studio.app/Contents/Eclipse/developer/stacks/blehomekit/v1.1.0//protocol/bluetooth_2.3/lib/EFR32BG1B/GCC/bgapi.a(bgapi_le_connection.c.obj)
                0x0000000000025c94                lib_le_connection_handler_init
                0x0000000000025c96                gecko_cmd_le_connection_set_parameters
                0x0000000000025ce4                gecko_cmd_le_connection_get_rssi
                0x0000000000025d14                gecko_cmd_le_connection_disable_slave_latency
                0x0000000000025d5c                gecko_cmd_le_connection_set_phy
 .text          0x0000000000025d98      0x220 /Applications/Simplicity Studio.app/Contents/Eclipse/developer/stacks/blehomekit/v1.1.0//protocol/bluetooth_2.3/lib/EFR32BG1B/GCC/bgapi.a(uart_endpoint.c.obj)
                0x0000000000025df8                uart_output_available
                0x0000000000025dfc                uart_transparent_input
                0x0000000000025e3a                uart_endpoint_func
                0x0000000000025eee                uart_change_flags
                0x0000000000025efc                init_uart_endpoints
 .text          0x0000000000025fb8      0x17c /Applications/Simplicity Studio.app/Contents/Eclipse/developer/stacks/blehomekit/v1.1.0//protocol/bluetooth_2.3/lib/EFR32BG1B/GCC/bgapi.a(bgapi_endpoint.c.obj)
                0x00000000000260e4                init_bgapi_endpoints
 .text          0x0000000000026134       0xc8 /Applications/Simplicity Studio.app/Contents/Eclipse/developer/stacks/blehomekit/v1.1.0//protocol/bluetooth_2.3/lib/EFR32BG1B/GCC/bgapi.a(adc.c.obj)
                0x0000000000026134                adc_read_channel
                0x0000000000026164                adc_read_port
                0x0000000000026174                adc_config_reference
                0x00000000000261a8                adc_init
 .text          0x00000000000261fc      0x160 /Applications/Simplicity Studio.app/Contents/Eclipse/developer/stacks/blehomekit/v1.1.0//protocol/bluetooth_2.3/lib/EFR32BG1B/GCC/bgapi.a(gpio.c.obj)
                0x0000000000026274                gpio_location_to_port
                0x0000000000026284                gpio_location_to_pin_index
                0x0000000000026298                gpios_init
 .text          0x000000000002635c      0x218 /Applications/Simplicity Studio.app/Contents/Eclipse/developer/stacks/blehomekit/v1.1.0//protocol/bluetooth_2.3/lib/EFR32BG1B/GCC/bgapi.a(i2c.c.obj)
                0x000000000002635c                i2c_init
                0x00000000000263e8                i2c_stop
                0x0000000000026408                i2c_reset
                0x0000000000026428                i2c_read
                0x00000000000264d4                i2c_write
 .text          0x0000000000026574      0x160 /Applications/Simplicity Studio.app/Contents/Eclipse/developer/stacks/blehomekit/v1.1.0//protocol/bluetooth_2.3/lib/EFR32BG1B/GCC/bgapi.a(sleep_signal.c.obj)
                0x00000000000265a4                sleep_signal_init
                0x0000000000026604                sleep_signal_update
                0x0000000000026670                host_wakeup_signal_init
                0x00000000000266ac                host_wakeup_signal_update
 .text          0x00000000000266d4      0x89c /Applications/Simplicity Studio.app/Contents/Eclipse/developer/stacks/blehomekit/v1.1.0//protocol/bluetooth_2.3/lib/EFR32BG1B/GCC/bgapi.a(uart.c.obj)
                0x00000000000266d4                LEUART0_IRQGeckoHandler
                0x00000000000266d6                USART1_TX_IRQGeckoHandler
                0x0000000000026800                USART0_TX_IRQGeckoHandler
                0x00000000000269b0                USART1_RX_IRQGeckoHandler
                0x00000000000269bc                USART0_RX_IRQGeckoHandler
                0x00000000000269dc                uart_update
                0x00000000000269f4                uart_configure
                0x0000000000026ac8                uart_event_register
                0x0000000000026ad8                uarts_init
                0x0000000000026e5c                uart_get_flags
                0x0000000000026e6c                uart_write_bgbuf
                0x0000000000026eac                uart_read_bgbuf
                0x0000000000026f34                uart_sleep
 .text          0x0000000000026f70       0x30 /Applications/Simplicity Studio.app/Contents/Eclipse/developer/toolchains/gnu_arm/4.9_2015q3/bin/../lib/gcc/arm-none-eabi/4.9.3/armv7e-m/softfp/libgcc.a(_aeabi_uldivmod.o)
                0x0000000000026f70                __aeabi_uldivmod
 .text          0x0000000000026fa0       0x60 /Applications/Simplicity Studio.app/Contents/Eclipse/developer/toolchains/gnu_arm/4.9_2015q3/bin/../lib/gcc/arm-none-eabi/4.9.3/armv7e-m/softfp/libgcc.a(bpabi.o)
                0x0000000000026fa0                __gnu_ldivmod_helper
                0x0000000000026fd0                __gnu_uldivmod_helper
 .text          0x0000000000027000        0x4 /Applications/Simplicity Studio.app/Contents/Eclipse/developer/toolchains/gnu_arm/4.9_2015q3/bin/../lib/gcc/arm-none-eabi/4.9.3/armv7e-m/softfp/libgcc.a(_dvmd_tls.o)
                0x0000000000027000                __aeabi_ldiv0
                0x0000000000027000                __aeabi_idiv0
 .text          0x0000000000027004      0x29c /Applications/Simplicity Studio.app/Contents/Eclipse/developer/toolchains/gnu_arm/4.9_2015q3/bin/../lib/gcc/arm-none-eabi/4.9.3/armv7e-m/softfp/libgcc.a(_divdi3.o)
                0x0000000000027004                __divdi3
 .text          0x00000000000272a0      0x26c /Applications/Simplicity Studio.app/Contents/Eclipse/developer/toolchains/gnu_arm/4.9_2015q3/bin/../lib/gcc/arm-none-eabi/4.9.3/armv7e-m/softfp/libgcc.a(_udivdi3.o)
                0x00000000000272a0                __udivdi3
 .text.exit     0x000000000002750c       0x20 /Applications/Simplicity Studio.app/Contents/Eclipse/developer/toolchains/gnu_arm/4.9_2015q3/bin/../lib/gcc/arm-none-eabi/4.9.3/../../../../arm-none-eabi/lib/armv7e-m/softfp/libc.a(lib_a-exit.o)
                0x000000000002750c                exit
 .text.__libc_init_array
                0x000000000002752c       0x50 /Applications/Simplicity Studio.app/Contents/Eclipse/developer/toolchains/gnu_arm/4.9_2015q3/bin/../lib/gcc/arm-none-eabi/4.9.3/../../../../arm-none-eabi/lib/armv7e-m/softfp/libc.a(lib_a-init.o)
                0x000000000002752c                __libc_init_array
 .text.memset   0x000000000002757c       0x9c /Applications/Simplicity Studio.app/Contents/Eclipse/developer/toolchains/gnu_arm/4.9_2015q3/bin/../lib/gcc/arm-none-eabi/4.9.3/../../../../arm-none-eabi/lib/armv7e-m/softfp/libc.a(lib_a-memset.o)
                0x000000000002757c                memset
 .text.startup.register_fini
                0x0000000000027618       0x14 /Applications/Simplicity Studio.app/Contents/Eclipse/developer/toolchains/gnu_arm/4.9_2015q3/bin/../lib/gcc/arm-none-eabi/4.9.3/../../../../arm-none-eabi/lib/armv7e-m/softfp/libc.a(lib_a-__call_atexit.o)
 .text.__call_exitprocs
                0x000000000002762c       0xd4 /Applications/Simplicity Studio.app/Contents/Eclipse/developer/toolchains/gnu_arm/4.9_2015q3/bin/../lib/gcc/arm-none-eabi/4.9.3/../../../../arm-none-eabi/lib/armv7e-m/softfp/libc.a(lib_a-__call_atexit.o)
                0x000000000002762c                __call_exitprocs
 .text.atexit   0x0000000000027700        0xc /Applications/Simplicity Studio.app/Contents/Eclipse/developer/toolchains/gnu_arm/4.9_2015q3/bin/../lib/gcc/arm-none-eabi/4.9.3/../../../../arm-none-eabi/lib/armv7e-m/softfp/libc.a(lib_a-atexit.o)
                0x0000000000027700                atexit
 .text.__libc_fini_array
                0x000000000002770c       0x2c /Applications/Simplicity Studio.app/Contents/Eclipse/developer/toolchains/gnu_arm/4.9_2015q3/bin/../lib/gcc/arm-none-eabi/4.9.3/../../../../arm-none-eabi/lib/armv7e-m/softfp/libc.a(lib_a-fini.o)
                0x000000000002770c                __libc_fini_array
 .text.__register_exitproc
                0x0000000000027738       0xa4 /Applications/Simplicity Studio.app/Contents/Eclipse/developer/toolchains/gnu_arm/4.9_2015q3/bin/../lib/gcc/arm-none-eabi/4.9.3/../../../../arm-none-eabi/lib/armv7e-m/softfp/libc.a(lib_a-__atexit.o)
                0x0000000000027738                __register_exitproc
 .text._exit    0x00000000000277dc        0x4 /Applications/Simplicity Studio.app/Contents/Eclipse/developer/toolchains/gnu_arm/4.9_2015q3/bin/../lib/gcc/arm-none-eabi/4.9.3/../../../../arm-none-eabi/lib/armv7e-m/softfp/libnosys.a(_exit.o)
                0x00000000000277dc                _exit
 *(.init)
 .init          0x00000000000277e0        0x4 /Applications/Simplicity Studio.app/Contents/Eclipse/developer/toolchains/gnu_arm/4.9_2015q3/bin/../lib/gcc/arm-none-eabi/4.9.3/armv7e-m/softfp/crti.o
                0x00000000000277e0                _init
 .init          0x00000000000277e4        0x8 /Applications/Simplicity Studio.app/Contents/Eclipse/developer/toolchains/gnu_arm/4.9_2015q3/bin/../lib/gcc/arm-none-eabi/4.9.3/armv7e-m/softfp/crtn.o
 *(.fini)
 .fini          0x00000000000277ec        0x4 /Applications/Simplicity Studio.app/Contents/Eclipse/developer/toolchains/gnu_arm/4.9_2015q3/bin/../lib/gcc/arm-none-eabi/4.9.3/armv7e-m/softfp/crti.o
                0x00000000000277ec                _fini
 .fini          0x00000000000277f0        0x8 /Applications/Simplicity Studio.app/Contents/Eclipse/developer/toolchains/gnu_arm/4.9_2015q3/bin/../lib/gcc/arm-none-eabi/4.9.3/armv7e-m/softfp/crtn.o
 *crtbegin.o(.ctors)
 *crtbegin?.o(.ctors)
 *(EXCLUDE_FILE(*crtend.o *crtend?.o) .ctors)
 *(SORT(.ctors.*))
 *(.ctors)
 *crtbegin.o(.dtors)
 *crtbegin?.o(.dtors)
 *(EXCLUDE_FILE(*crtend.o *crtend?.o) .dtors)
 *(SORT(.dtors.*))
 *(.dtors)
 *(.rodata*)
 .rodata.ptiInit
                0x00000000000277f8       0x24 ./main.o
 .rodata.config
                0x000000000002781c       0xe8 ./main.o
 .rodata.str1.4
                0x0000000000027904        0x4 ./main.o
 .rodata        0x0000000000027908       0x18 ./peripherals.o
 .rodata.str1.4
                0x0000000000027920       0x2f ./peripherals.o
 *fill*         0x000000000002794f        0x1 
 .rodata        0x0000000000027950        0x4 ./bgapi/dmadrv.o
 .rodata.CSWTCH.45
                0x0000000000027954        0xc ./emlib/em_cmu.o
 .rodata.CSWTCH.46
                0x0000000000027960       0x10 ./emlib/em_cmu.o
 .rodata.CSWTCH.47
                0x0000000000027970       0x10 ./emlib/em_cmu.o
 .rodata.CSWTCH.48
                0x0000000000027980       0x10 ./emlib/em_cmu.o
 .rodata.i2cNSum
                0x0000000000027990        0x4 ./emlib/em_i2c.o
 .rodata        0x0000000000027994       0x68 ./src/InitDevice.o
 .rodata        0x00000000000279fc       0x78 /Applications/Simplicity Studio.app/Contents/Eclipse/developer/stacks/blehomekit/v1.1.0//protocol/bluetooth_2.3/lib/EFR32BG1B/GCC/bgapi.a(gecko_bgapi_hardware.c.obj)
 .rodata        0x0000000000027a74       0x30 /Applications/Simplicity Studio.app/Contents/Eclipse/developer/stacks/blehomekit/v1.1.0//protocol/bluetooth_2.3/lib/EFR32BG1B/GCC/bgapi.a(gecko_bgapi_test.c.obj)
 .rodata        0x0000000000027aa4       0x18 /Applications/Simplicity Studio.app/Contents/Eclipse/developer/stacks/blehomekit/v1.1.0//protocol/bluetooth_2.3/lib/EFR32BG1B/GCC/bgapi.a(gecko_bgapi_util.c.obj)
 .rodata        0x0000000000027abc       0x28 /Applications/Simplicity Studio.app/Contents/Eclipse/developer/stacks/blehomekit/v1.1.0//protocol/bluetooth_2.3/lib/EFR32BG1B/GCC/bgapi.a(gecko_bgapi_dfu.c.obj)
 .rodata        0x0000000000027ae4       0x70 /Applications/Simplicity Studio.app/Contents/Eclipse/developer/stacks/blehomekit/v1.1.0//protocol/bluetooth_2.3/lib/EFR32BG1B/GCC/bgapi.a(gecko_bgapi_gap.c.obj)
 .rodata        0x0000000000027b54       0xa0 /Applications/Simplicity Studio.app/Contents/Eclipse/developer/stacks/blehomekit/v1.1.0//protocol/bluetooth_2.3/lib/EFR32BG1B/GCC/bgapi.a(gecko_bgapi_gatt.c.obj)
 .rodata        0x0000000000027bf4       0x48 /Applications/Simplicity Studio.app/Contents/Eclipse/developer/stacks/blehomekit/v1.1.0//protocol/bluetooth_2.3/lib/EFR32BG1B/GCC/bgapi.a(gecko_bgapi_gatt_server.c.obj)
 .rodata        0x0000000000027c3c       0x30 /Applications/Simplicity Studio.app/Contents/Eclipse/developer/stacks/blehomekit/v1.1.0//protocol/bluetooth_2.3/lib/EFR32BG1B/GCC/bgapi.a(gecko_bgapi_flash.c.obj)
 .rodata        0x0000000000027c6c       0x80 /Applications/Simplicity Studio.app/Contents/Eclipse/developer/stacks/blehomekit/v1.1.0//protocol/bluetooth_2.3/lib/EFR32BG1B/GCC/bgapi.a(gecko_bgapi_sm.c.obj)
 .rodata        0x0000000000027cec       0x38 /Applications/Simplicity Studio.app/Contents/Eclipse/developer/stacks/blehomekit/v1.1.0//protocol/bluetooth_2.3/lib/EFR32BG1B/GCC/bgapi.a(gecko_bgapi_system.c.obj)
 .rodata        0x0000000000027d24       0x38 /Applications/Simplicity Studio.app/Contents/Eclipse/developer/stacks/blehomekit/v1.1.0//protocol/bluetooth_2.3/lib/EFR32BG1B/GCC/bgapi.a(gecko_bgapi_endpoint.c.obj)
 .rodata        0x0000000000027d5c       0x28 /Applications/Simplicity Studio.app/Contents/Eclipse/developer/stacks/blehomekit/v1.1.0//protocol/bluetooth_2.3/lib/EFR32BG1B/GCC/bgapi.a(gecko_bgapi_le_connection.c.obj)
 .rodata        0x0000000000027d84       0x18 /Applications/Simplicity Studio.app/Contents/Eclipse/developer/stacks/blehomekit/v1.1.0//protocol/bluetooth_2.3/lib/EFR32BG1B/GCC/bgapi.a(bgapi_sm.c.obj)
 .rodata        0x0000000000027d9c       0x18 /Applications/Simplicity Studio.app/Contents/Eclipse/developer/stacks/blehomekit/v1.1.0//protocol/bluetooth_2.3/lib/EFR32BG1B/GCC/bgapi.a(adc.c.obj)
 .rodata        0x0000000000027db4       0x40 /Applications/Simplicity Studio.app/Contents/Eclipse/developer/stacks/blehomekit/v1.1.0//protocol/bluetooth_2.3/lib/EFR32BG1B/GCC/bgapi.a(gpio.c.obj)
 .rodata        0x0000000000027df4       0x10 /Applications/Simplicity Studio.app/Contents/Eclipse/developer/stacks/blehomekit/v1.1.0//protocol/bluetooth_2.3/lib/EFR32BG1B/GCC/bgapi.a(i2c.c.obj)
 .rodata        0x0000000000027e04       0x60 /Applications/Simplicity Studio.app/Contents/Eclipse/developer/stacks/blehomekit/v1.1.0//protocol/bluetooth_2.3/lib/EFR32BG1B/GCC/bgapi.a(uart.c.obj)
 .rodata.str1.4
                0x0000000000027e64        0x4 /Applications/Simplicity Studio.app/Contents/Eclipse/developer/toolchains/gnu_arm/4.9_2015q3/bin/../lib/gcc/arm-none-eabi/4.9.3/../../../../arm-none-eabi/lib/armv7e-m/softfp/libc.a(lib_a-impure.o)
                                          0x2 (size before relaxing)
 .rodata._global_impure_ptr
                0x0000000000027e68        0x4 /Applications/Simplicity Studio.app/Contents/Eclipse/developer/toolchains/gnu_arm/4.9_2015q3/bin/../lib/gcc/arm-none-eabi/4.9.3/../../../../arm-none-eabi/lib/armv7e-m/softfp/libc.a(lib_a-impure.o)
                0x0000000000027e68                _global_impure_ptr
 *(.eh_frame*)
 .eh_frame      0x0000000000027e6c        0x0 /Applications/Simplicity Studio.app/Contents/Eclipse/developer/toolchains/gnu_arm/4.9_2015q3/bin/../lib/gcc/arm-none-eabi/4.9.3/armv7e-m/softfp/crtbegin.o
 .eh_frame      0x0000000000027e6c        0x4 /Applications/Simplicity Studio.app/Contents/Eclipse/developer/toolchains/gnu_arm/4.9_2015q3/bin/../lib/gcc/arm-none-eabi/4.9.3/armv7e-m/softfp/crtend.o
                0x0000000000027e70                . = ALIGN (0x4)

.glue_7         0x0000000000027e70        0x0
 .glue_7        0x0000000000000000        0x0 linker stubs

.glue_7t        0x0000000000027e70        0x0
 .glue_7t       0x0000000000000000        0x0 linker stubs

.vfp11_veneer   0x0000000000027e70        0x0
 .vfp11_veneer  0x0000000000000000        0x0 linker stubs

.v4_bx          0x0000000000027e70        0x0
 .v4_bx         0x0000000000000000        0x0 linker stubs

.iplt           0x0000000000027e70        0x0
 .iplt          0x0000000000000000        0x0 /Applications/Simplicity Studio.app/Contents/Eclipse/developer/toolchains/gnu_arm/4.9_2015q3/bin/../lib/gcc/arm-none-eabi/4.9.3/armv7e-m/softfp/crtbegin.o

.igot.plt       0x0000000000027e70        0x0
 .igot.plt      0x0000000000000000        0x0 /Applications/Simplicity Studio.app/Contents/Eclipse/developer/toolchains/gnu_arm/4.9_2015q3/bin/../lib/gcc/arm-none-eabi/4.9.3/armv7e-m/softfp/crtbegin.o

.text_app_ARM.extab
 *(.ARM.extab* .gnu.linkonce.armextab.*)
                0x0000000000027e70                __exidx_start = .

.text_app_ARM.exidx
                0x0000000000027e70        0x8
 *(.ARM.exidx* .gnu.linkonce.armexidx.*)
 .ARM.exidx     0x0000000000027e70        0x8 /Applications/Simplicity Studio.app/Contents/Eclipse/developer/toolchains/gnu_arm/4.9_2015q3/bin/../lib/gcc/arm-none-eabi/4.9.3/../../../../arm-none-eabi/lib/armv7e-m/softfp/crt0.o
 .ARM.exidx     0x0000000000027e78        0x0 /Applications/Simplicity Studio.app/Contents/Eclipse/developer/toolchains/gnu_arm/4.9_2015q3/bin/../lib/gcc/arm-none-eabi/4.9.3/armv7e-m/softfp/libgcc.a(_divdi3.o)
                                          0x8 (size before relaxing)
 .ARM.exidx     0x0000000000027e78        0x0 /Applications/Simplicity Studio.app/Contents/Eclipse/developer/toolchains/gnu_arm/4.9_2015q3/bin/../lib/gcc/arm-none-eabi/4.9.3/armv7e-m/softfp/libgcc.a(_udivdi3.o)
                                          0x8 (size before relaxing)
                0x0000000000027e78                __exidx_end = .
                0x0000000000027e78                __etext = .

.rel.dyn        0x0000000000027e78        0x0
 .rel.iplt      0x0000000000000000        0x0 /Applications/Simplicity Studio.app/Contents/Eclipse/developer/toolchains/gnu_arm/4.9_2015q3/bin/../lib/gcc/arm-none-eabi/4.9.3/armv7e-m/softfp/crtbegin.o

.text_app_data  0x0000000020003000      0x480 load address 0x0000000000027e78
                0x0000000020003000                __data_start__ = .
 *(vtable)
 *(.data*)
 .data.bg_gattdb_data_attribute_field_6_data
                0x0000000020003000        0xd ./gatt_db.o
                0x0000000020003000                bg_gattdb_data_attribute_field_6_data
 *fill*         0x000000002000300d        0x3 
 .data.auxHfrcoFreq
                0x0000000020003010        0x4 ./emlib/em_cmu.o
 .data          0x0000000020003014        0x1 /Applications/Simplicity Studio.app/Contents/Eclipse/developer/stacks/blehomekit/v1.1.0//protocol/bluetooth_2.3/lib/EFR32BG1B/GCC/bgapi.a(bgapi_endpoint.c.obj)
 *fill*         0x0000000020003015        0x3 
 .data          0x0000000020003018       0x30 /Applications/Simplicity Studio.app/Contents/Eclipse/developer/stacks/blehomekit/v1.1.0//protocol/bluetooth_2.3/lib/EFR32BG1B/GCC/bgapi.a(adc.c.obj)
 .data.impure_data
                0x0000000020003048      0x428 /Applications/Simplicity Studio.app/Contents/Eclipse/developer/toolchains/gnu_arm/4.9_2015q3/bin/../lib/gcc/arm-none-eabi/4.9.3/../../../../arm-none-eabi/lib/armv7e-m/softfp/libc.a(lib_a-impure.o)
                0x0000000020003470                . = ALIGN (0x4)
 *(.ram)
                0x0000000020003470                . = ALIGN (0x4)
                0x0000000020003470                PROVIDE (__preinit_array_start, .)
 *(.preinit_array)
                0x0000000020003470                PROVIDE (__preinit_array_end, .)
                0x0000000020003470                . = ALIGN (0x4)
                0x0000000020003470                PROVIDE (__init_array_start, .)
 *(SORT(.init_array.*))
 .init_array.00000
                0x0000000020003470        0x4 /Applications/Simplicity Studio.app/Contents/Eclipse/developer/toolchains/gnu_arm/4.9_2015q3/bin/../lib/gcc/arm-none-eabi/4.9.3/../../../../arm-none-eabi/lib/armv7e-m/softfp/libc.a(lib_a-__call_atexit.o)
 *(.init_array)
 .init_array    0x0000000020003474        0x4 /Applications/Simplicity Studio.app/Contents/Eclipse/developer/toolchains/gnu_arm/4.9_2015q3/bin/../lib/gcc/arm-none-eabi/4.9.3/armv7e-m/softfp/crtbegin.o
                0x0000000020003478                PROVIDE (__init_array_end, .)
                0x0000000020003478                . = ALIGN (0x4)
                0x0000000020003478                PROVIDE (__fini_array_start, .)
 *(SORT(.fini_array.*))
 *(.fini_array)
 .fini_array    0x0000000020003478        0x4 /Applications/Simplicity Studio.app/Contents/Eclipse/developer/toolchains/gnu_arm/4.9_2015q3/bin/../lib/gcc/arm-none-eabi/4.9.3/armv7e-m/softfp/crtbegin.o
                0x000000002000347c                PROVIDE (__fini_array_end, .)
 *(.jcr*)
 .jcr           0x000000002000347c        0x0 /Applications/Simplicity Studio.app/Contents/Eclipse/developer/toolchains/gnu_arm/4.9_2015q3/bin/../lib/gcc/arm-none-eabi/4.9.3/armv7e-m/softfp/crtbegin.o
 .jcr           0x000000002000347c        0x4 /Applications/Simplicity Studio.app/Contents/Eclipse/developer/toolchains/gnu_arm/4.9_2015q3/bin/../lib/gcc/arm-none-eabi/4.9.3/armv7e-m/softfp/crtend.o
                0x0000000020003480                . = ALIGN (0x4)
                0x0000000020003480                __data_end__ = .

.bss            0x0000000020003480     0x1cdc load address 0x00000000000282f8
                0x0000000020003480                . = ALIGN (0x4)
                0x0000000020003480                __bss_start__ = .
 *(.bss*)
 .bss           0x0000000020003480       0x1c /Applications/Simplicity Studio.app/Contents/Eclipse/developer/toolchains/gnu_arm/4.9_2015q3/bin/../lib/gcc/arm-none-eabi/4.9.3/armv7e-m/softfp/crtbegin.o
 .bss.bg_gattdb_data_attribute_field_2_data
                0x000000002000349c        0x4 ./gatt_db.o
                0x000000002000349c                bg_gattdb_data_attribute_field_2_data
 .bss.boot_to_dfu
                0x00000000200034a0        0x1 ./main.o
                0x00000000200034a0                boot_to_dfu
 .bss.UARTbufferctr
                0x00000000200034a1        0x1 ./peripherals.o
 *fill*         0x00000000200034a2        0x2 
 .bss.leuartif  0x00000000200034a4        0x4 ./peripherals.o
 .bss.desiredDutyCycle
                0x00000000200034a8        0x1 ./peripherals.o
 *fill*         0x00000000200034a9        0x3 
 .bss.SOFReceived
                0x00000000200034ac        0x4 ./peripherals.o
                0x00000000200034ac                SOFReceived
 .bss.chTable   0x00000000200034b0       0xa0 ./bgapi/dmadrv.o
 .bss.initialized
                0x0000000020003550        0x1 ./bgapi/dmadrv.o
 *fill*         0x0000000020003551        0x3 
 .bss.dmaXfer   0x0000000020003554      0x100 ./bgapi/dmadrv.o
 .bss.dcdcEm01LoadCurrent_mA
                0x0000000020003654        0x2 ./emlib/em_emu.o
 .bss.dcdcReverseCurrentControl
                0x0000000020003656        0x2 ./emlib/em_emu.o
 .bss.dcdcMaxCurrent_mA
                0x0000000020003658        0x2 ./emlib/em_emu.o
 *fill*         0x000000002000365a        0x2 
 .bss.errataFixDcdcHsState
                0x000000002000365c        0x4 ./emlib/em_emu.o
 .bss           0x0000000020003660      0x100 /Applications/Simplicity Studio.app/Contents/Eclipse/developer/stacks/blehomekit/v1.1.0//protocol/bluetooth_2.3/lib/EFR32BG1B/GCC/bgapi.a(bgapi_hardware_lib.c.obj)
 .bss           0x0000000020003760        0x4 /Applications/Simplicity Studio.app/Contents/Eclipse/developer/stacks/blehomekit/v1.1.0//protocol/bluetooth_2.3/lib/EFR32BG1B/GCC/bgapi.a(bgapi_hardware.c.obj)
 .bss           0x0000000020003764       0x10 /Applications/Simplicity Studio.app/Contents/Eclipse/developer/stacks/blehomekit/v1.1.0//protocol/bluetooth_2.3/lib/EFR32BG1B/GCC/bgapi.a(bgapi_util.c.obj)
 .bss           0x0000000020003774        0x2 /Applications/Simplicity Studio.app/Contents/Eclipse/developer/stacks/blehomekit/v1.1.0//protocol/bluetooth_2.3/lib/EFR32BG1B/GCC/bgapi.a(bgapi_gap.c.obj)
                0x0000000020003774                legacy_maxadv_events
 *fill*         0x0000000020003776        0x2 
 .bss           0x0000000020003778        0x4 /Applications/Simplicity Studio.app/Contents/Eclipse/developer/stacks/blehomekit/v1.1.0//protocol/bluetooth_2.3/lib/EFR32BG1B/GCC/bgapi.a(bgapi_sm.c.obj)
 .bss           0x000000002000377c        0xc /Applications/Simplicity Studio.app/Contents/Eclipse/developer/stacks/blehomekit/v1.1.0//protocol/bluetooth_2.3/lib/EFR32BG1B/GCC/bgapi.a(bgapi_endpoint.c.obj)
 .bss           0x0000000020003788        0x4 /Applications/Simplicity Studio.app/Contents/Eclipse/developer/stacks/blehomekit/v1.1.0//protocol/bluetooth_2.3/lib/EFR32BG1B/GCC/bgapi.a(adc.c.obj)
 .bss           0x000000002000378c        0x2 /Applications/Simplicity Studio.app/Contents/Eclipse/developer/stacks/blehomekit/v1.1.0//protocol/bluetooth_2.3/lib/EFR32BG1B/GCC/bgapi.a(i2c.c.obj)
 *fill*         0x000000002000378e        0x2 
 .bss           0x0000000020003790       0x2c /Applications/Simplicity Studio.app/Contents/Eclipse/developer/stacks/blehomekit/v1.1.0//protocol/bluetooth_2.3/lib/EFR32BG1B/GCC/bgapi.a(sleep_signal.c.obj)
                0x00000000200037a4                sleep_signal_mask
                0x00000000200037b8                host_wakeup_signal_mask
 .bss           0x00000000200037bc       0x70 /Applications/Simplicity Studio.app/Contents/Eclipse/developer/stacks/blehomekit/v1.1.0//protocol/bluetooth_2.3/lib/EFR32BG1B/GCC/bgapi.a(uart.c.obj)
 *(COMMON)
 COMMON         0x000000002000382c     0x18d4 ./main.o
                0x000000002000382c                localPWM
                0x0000000020003830                bluetooth_stack_heap
 COMMON         0x0000000020005100       0x4c ./peripherals.o
                0x0000000020005100                UARTObj
                0x0000000020005104                UserGPIOs
                0x0000000020005108                PWMObj
                0x000000002000510c                UARTbuffer
 COMMON         0x000000002000514c        0xc /Applications/Simplicity Studio.app/Contents/Eclipse/developer/stacks/blehomekit/v1.1.0//protocol/bluetooth_2.3/lib/EFR32BG1B/GCC/bgapi.a(uart_endpoint.c.obj)
                0x000000002000514c                uarts
 COMMON         0x0000000020005158        0x1 /Applications/Simplicity Studio.app/Contents/Eclipse/developer/stacks/blehomekit/v1.1.0//protocol/bluetooth_2.3/lib/EFR32BG1B/GCC/bgapi.a(gpio.c.obj)
                0x0000000020005158                gpio_events
                0x000000002000515c                . = ALIGN (0x4)
 *fill*         0x0000000020005159        0x3 
                0x000000002000515c                __bss_end__ = .

.heap           0x0000000020005160      0xc00
                0x0000000020005160                __HeapBase = .
                0x0000000020005160                __end__ = .
                0x0000000020005160                end = __end__
                0x0000000020005160                _end = __end__
 *(.heap*)
 .heap          0x0000000020005160      0xc00 ./device/EFR32_B_1_1_B/gcc/startup_efr32bg1b.o
                0x0000000020005d60                __HeapLimit = .

.stack_dummy    0x0000000020005d60      0x400
 *(.stack*)
 .stack         0x0000000020005d60      0x400 ./device/EFR32_B_1_1_B/gcc/startup_efr32bg1b.o
                0x0000000020007bfc                __StackTop = (ORIGIN (RAM) + 0x4bfc)
                0x00000000200077fc                __StackLimit = (__StackTop - SIZEOF (.stack_dummy))
                0x0000000020007bfc                PROVIDE (__stack, __StackTop)
                0x0000000000000001                ASSERT ((__StackLimit >= __HeapLimit), region RAM overflowed with stack)
OUTPUT(Locoroll-2.axf elf32-littlearm)

.ARM.attributes
                0x0000000000000000       0x2e
 .ARM.attributes
                0x0000000000000000       0x22 /Applications/Simplicity Studio.app/Contents/Eclipse/developer/toolchains/gnu_arm/4.9_2015q3/bin/../lib/gcc/arm-none-eabi/4.9.3/armv7e-m/softfp/crti.o
 .ARM.attributes
                0x0000000000000022       0x32 /Applications/Simplicity Studio.app/Contents/Eclipse/developer/toolchains/gnu_arm/4.9_2015q3/bin/../lib/gcc/arm-none-eabi/4.9.3/armv7e-m/softfp/crtbegin.o
 .ARM.attributes
                0x0000000000000054       0x20 /Applications/Simplicity Studio.app/Contents/Eclipse/developer/toolchains/gnu_arm/4.9_2015q3/bin/../lib/gcc/arm-none-eabi/4.9.3/../../../../arm-none-eabi/lib/armv7e-m/softfp/crt0.o
 .ARM.attributes
                0x0000000000000074       0x37 ./em_timer.o
 .ARM.attributes
                0x00000000000000ab       0x37 ./gatt_db.o
 .ARM.attributes
                0x00000000000000e2       0x37 ./main.o
 .ARM.attributes
                0x0000000000000119       0x37 ./peripherals.o
 .ARM.attributes
                0x0000000000000150       0x37 ./bgapi/dmadrv.o
 .ARM.attributes
                0x0000000000000187       0x37 ./bgapi/em_adc.o
 .ARM.attributes
                0x00000000000001be       0x37 ./bgapi/em_ldma.o
 .ARM.attributes
                0x00000000000001f5       0x37 ./bgapi/em_leuart.o
 .ARM.attributes
                0x000000000000022c       0x37 ./device/EFR32_B_1_1_B/gcc/startup_efr32bg1b.o
 .ARM.attributes
                0x0000000000000263       0x37 ./emlib/em_cmu.o
 .ARM.attributes
                0x000000000000029a       0x37 ./emlib/em_emu.o
 .ARM.attributes
                0x00000000000002d1       0x37 ./emlib/em_gpio.o
 .ARM.attributes
                0x0000000000000308       0x37 ./emlib/em_i2c.o
 .ARM.attributes
                0x000000000000033f       0x37 ./emlib/em_letimer.o
 .ARM.attributes
                0x0000000000000376       0x37 ./emlib/em_rtcc.o
 .ARM.attributes
                0x00000000000003ad       0x37 ./emlib/em_system.o
 .ARM.attributes
                0x00000000000003e4       0x37 ./emlib/em_usart.o
 .ARM.attributes
                0x000000000000041b       0x37 ./src/InitDevice.o
 .ARM.attributes
                0x0000000000000452       0x1c /Applications/Simplicity Studio.app/Contents/Eclipse/developer/stacks/blehomekit/v1.1.0//protocol/bluetooth_2.3/lib/EFR32BG1B/EABI/binstack.o
 .ARM.attributes
                0x000000000000046e       0x37 /Applications/Simplicity Studio.app/Contents/Eclipse/developer/stacks/blehomekit/v1.1.0//protocol/bluetooth_2.3/lib/EFR32BG1B/GCC/bgapi.a(gecko_bgapi_hardware.c.obj)
 .ARM.attributes
                0x00000000000004a5       0x37 /Applications/Simplicity Studio.app/Contents/Eclipse/developer/stacks/blehomekit/v1.1.0//protocol/bluetooth_2.3/lib/EFR32BG1B/GCC/bgapi.a(gecko_bgapi_test.c.obj)
 .ARM.attributes
                0x00000000000004dc       0x37 /Applications/Simplicity Studio.app/Contents/Eclipse/developer/stacks/blehomekit/v1.1.0//protocol/bluetooth_2.3/lib/EFR32BG1B/GCC/bgapi.a(gecko_bgapi_util.c.obj)
 .ARM.attributes
                0x0000000000000513       0x37 /Applications/Simplicity Studio.app/Contents/Eclipse/developer/stacks/blehomekit/v1.1.0//protocol/bluetooth_2.3/lib/EFR32BG1B/GCC/bgapi.a(gecko_bgapi_dfu.c.obj)
 .ARM.attributes
                0x000000000000054a       0x37 /Applications/Simplicity Studio.app/Contents/Eclipse/developer/stacks/blehomekit/v1.1.0//protocol/bluetooth_2.3/lib/EFR32BG1B/GCC/bgapi.a(gecko_bgapi_gap.c.obj)
 .ARM.attributes
                0x0000000000000581       0x37 /Applications/Simplicity Studio.app/Contents/Eclipse/developer/stacks/blehomekit/v1.1.0//protocol/bluetooth_2.3/lib/EFR32BG1B/GCC/bgapi.a(gecko_bgapi_gatt.c.obj)
 .ARM.attributes
                0x00000000000005b8       0x37 /Applications/Simplicity Studio.app/Contents/Eclipse/developer/stacks/blehomekit/v1.1.0//protocol/bluetooth_2.3/lib/EFR32BG1B/GCC/bgapi.a(gecko_bgapi_gatt_server.c.obj)
 .ARM.attributes
                0x00000000000005ef       0x37 /Applications/Simplicity Studio.app/Contents/Eclipse/developer/stacks/blehomekit/v1.1.0//protocol/bluetooth_2.3/lib/EFR32BG1B/GCC/bgapi.a(gecko_bgapi_flash.c.obj)
 .ARM.attributes
                0x0000000000000626       0x37 /Applications/Simplicity Studio.app/Contents/Eclipse/developer/stacks/blehomekit/v1.1.0//protocol/bluetooth_2.3/lib/EFR32BG1B/GCC/bgapi.a(gecko_bgapi_sm.c.obj)
 .ARM.attributes
                0x000000000000065d       0x37 /Applications/Simplicity Studio.app/Contents/Eclipse/developer/stacks/blehomekit/v1.1.0//protocol/bluetooth_2.3/lib/EFR32BG1B/GCC/bgapi.a(gecko_bgapi_system.c.obj)
 .ARM.attributes
                0x0000000000000694       0x37 /Applications/Simplicity Studio.app/Contents/Eclipse/developer/stacks/blehomekit/v1.1.0//protocol/bluetooth_2.3/lib/EFR32BG1B/GCC/bgapi.a(gecko_bgapi_endpoint.c.obj)
 .ARM.attributes
                0x00000000000006cb       0x37 /Applications/Simplicity Studio.app/Contents/Eclipse/developer/stacks/blehomekit/v1.1.0//protocol/bluetooth_2.3/lib/EFR32BG1B/GCC/bgapi.a(gecko_bgapi_le_connection.c.obj)
 .ARM.attributes
                0x0000000000000702       0x37 /Applications/Simplicity Studio.app/Contents/Eclipse/developer/stacks/blehomekit/v1.1.0//protocol/bluetooth_2.3/lib/EFR32BG1B/GCC/bgapi.a(bgapi_hardware_lib.c.obj)
 .ARM.attributes
                0x0000000000000739       0x37 /Applications/Simplicity Studio.app/Contents/Eclipse/developer/stacks/blehomekit/v1.1.0//protocol/bluetooth_2.3/lib/EFR32BG1B/GCC/bgapi.a(bgapi_hardware.c.obj)
 .ARM.attributes
                0x0000000000000770       0x37 /Applications/Simplicity Studio.app/Contents/Eclipse/developer/stacks/blehomekit/v1.1.0//protocol/bluetooth_2.3/lib/EFR32BG1B/GCC/bgapi.a(bgapi_test_lib.c.obj)
 .ARM.attributes
                0x00000000000007a7       0x37 /Applications/Simplicity Studio.app/Contents/Eclipse/developer/stacks/blehomekit/v1.1.0//protocol/bluetooth_2.3/lib/EFR32BG1B/GCC/bgapi.a(bgapi_util.c.obj)
 .ARM.attributes
                0x00000000000007de       0x37 /Applications/Simplicity Studio.app/Contents/Eclipse/developer/stacks/blehomekit/v1.1.0//protocol/bluetooth_2.3/lib/EFR32BG1B/GCC/bgapi.a(bgapi_dfu.c.obj)
 .ARM.attributes
                0x0000000000000815       0x37 /Applications/Simplicity Studio.app/Contents/Eclipse/developer/stacks/blehomekit/v1.1.0//protocol/bluetooth_2.3/lib/EFR32BG1B/GCC/bgapi.a(bgapi_gap.c.obj)
 .ARM.attributes
                0x000000000000084c       0x37 /Applications/Simplicity Studio.app/Contents/Eclipse/developer/stacks/blehomekit/v1.1.0//protocol/bluetooth_2.3/lib/EFR32BG1B/GCC/bgapi.a(bgapi_gatt_lib.c.obj)
 .ARM.attributes
                0x0000000000000883       0x37 /Applications/Simplicity Studio.app/Contents/Eclipse/developer/stacks/blehomekit/v1.1.0//protocol/bluetooth_2.3/lib/EFR32BG1B/GCC/bgapi.a(bgapi_ps.c.obj)
 .ARM.attributes
                0x00000000000008ba       0x37 /Applications/Simplicity Studio.app/Contents/Eclipse/developer/stacks/blehomekit/v1.1.0//protocol/bluetooth_2.3/lib/EFR32BG1B/GCC/bgapi.a(bgapi_sm.c.obj)
 .ARM.attributes
                0x00000000000008f1       0x37 /Applications/Simplicity Studio.app/Contents/Eclipse/developer/stacks/blehomekit/v1.1.0//protocol/bluetooth_2.3/lib/EFR32BG1B/GCC/bgapi.a(bgapi_system.c.obj)
 .ARM.attributes
                0x0000000000000928       0x37 /Applications/Simplicity Studio.app/Contents/Eclipse/developer/stacks/blehomekit/v1.1.0//protocol/bluetooth_2.3/lib/EFR32BG1B/GCC/bgapi.a(bgapi_endpoint.c.obj)
 .ARM.attributes
                0x000000000000095f       0x37 /Applications/Simplicity Studio.app/Contents/Eclipse/developer/stacks/blehomekit/v1.1.0//protocol/bluetooth_2.3/lib/EFR32BG1B/GCC/bgapi.a(bgapi_le_connection.c.obj)
 .ARM.attributes
                0x0000000000000996       0x37 /Applications/Simplicity Studio.app/Contents/Eclipse/developer/stacks/blehomekit/v1.1.0//protocol/bluetooth_2.3/lib/EFR32BG1B/GCC/bgapi.a(uart_endpoint.c.obj)
 .ARM.attributes
                0x00000000000009cd       0x37 /Applications/Simplicity Studio.app/Contents/Eclipse/developer/stacks/blehomekit/v1.1.0//protocol/bluetooth_2.3/lib/EFR32BG1B/GCC/bgapi.a(bgapi_endpoint.c.obj)
 .ARM.attributes
                0x0000000000000a04       0x37 /Applications/Simplicity Studio.app/Contents/Eclipse/developer/stacks/blehomekit/v1.1.0//protocol/bluetooth_2.3/lib/EFR32BG1B/GCC/bgapi.a(adc.c.obj)
 .ARM.attributes
                0x0000000000000a3b       0x37 /Applications/Simplicity Studio.app/Contents/Eclipse/developer/stacks/blehomekit/v1.1.0//protocol/bluetooth_2.3/lib/EFR32BG1B/GCC/bgapi.a(gpio.c.obj)
 .ARM.attributes
                0x0000000000000a72       0x37 /Applications/Simplicity Studio.app/Contents/Eclipse/developer/stacks/blehomekit/v1.1.0//protocol/bluetooth_2.3/lib/EFR32BG1B/GCC/bgapi.a(i2c.c.obj)
 .ARM.attributes
                0x0000000000000aa9       0x37 /Applications/Simplicity Studio.app/Contents/Eclipse/developer/stacks/blehomekit/v1.1.0//protocol/bluetooth_2.3/lib/EFR32BG1B/GCC/bgapi.a(sleep_signal.c.obj)
 .ARM.attributes
                0x0000000000000ae0       0x37 /Applications/Simplicity Studio.app/Contents/Eclipse/developer/stacks/blehomekit/v1.1.0//protocol/bluetooth_2.3/lib/EFR32BG1B/GCC/bgapi.a(uart.c.obj)
 .ARM.attributes
                0x0000000000000b17       0x1c /Applications/Simplicity Studio.app/Contents/Eclipse/developer/stacks/blehomekit/v1.1.0//protocol/bluetooth_2.3/lib/EFR32BG1B/EABI/binbootloader.o
 .ARM.attributes
                0x0000000000000b33       0x22 /Applications/Simplicity Studio.app/Contents/Eclipse/developer/toolchains/gnu_arm/4.9_2015q3/bin/../lib/gcc/arm-none-eabi/4.9.3/armv7e-m/softfp/libgcc.a(_aeabi_uldivmod.o)
 .ARM.attributes
                0x0000000000000b55       0x32 /Applications/Simplicity Studio.app/Contents/Eclipse/developer/toolchains/gnu_arm/4.9_2015q3/bin/../lib/gcc/arm-none-eabi/4.9.3/armv7e-m/softfp/libgcc.a(bpabi.o)
 .ARM.attributes
                0x0000000000000b87       0x22 /Applications/Simplicity Studio.app/Contents/Eclipse/developer/toolchains/gnu_arm/4.9_2015q3/bin/../lib/gcc/arm-none-eabi/4.9.3/armv7e-m/softfp/libgcc.a(_dvmd_tls.o)
 .ARM.attributes
                0x0000000000000ba9       0x32 /Applications/Simplicity Studio.app/Contents/Eclipse/developer/toolchains/gnu_arm/4.9_2015q3/bin/../lib/gcc/arm-none-eabi/4.9.3/armv7e-m/softfp/libgcc.a(_divdi3.o)
 .ARM.attributes
                0x0000000000000bdb       0x32 /Applications/Simplicity Studio.app/Contents/Eclipse/developer/toolchains/gnu_arm/4.9_2015q3/bin/../lib/gcc/arm-none-eabi/4.9.3/armv7e-m/softfp/libgcc.a(_udivdi3.o)
 .ARM.attributes
                0x0000000000000c0d       0x32 /Applications/Simplicity Studio.app/Contents/Eclipse/developer/toolchains/gnu_arm/4.9_2015q3/bin/../lib/gcc/arm-none-eabi/4.9.3/../../../../arm-none-eabi/lib/armv7e-m/softfp/libc.a(lib_a-exit.o)
 .ARM.attributes
                0x0000000000000c3f       0x32 /Applications/Simplicity Studio.app/Contents/Eclipse/developer/toolchains/gnu_arm/4.9_2015q3/bin/../lib/gcc/arm-none-eabi/4.9.3/../../../../arm-none-eabi/lib/armv7e-m/softfp/libc.a(lib_a-impure.o)
 .ARM.attributes
                0x0000000000000c71       0x32 /Applications/Simplicity Studio.app/Contents/Eclipse/developer/toolchains/gnu_arm/4.9_2015q3/bin/../lib/gcc/arm-none-eabi/4.9.3/../../../../arm-none-eabi/lib/armv7e-m/softfp/libc.a(lib_a-init.o)
 .ARM.attributes
                0x0000000000000ca3       0x32 /Applications/Simplicity Studio.app/Contents/Eclipse/developer/toolchains/gnu_arm/4.9_2015q3/bin/../lib/gcc/arm-none-eabi/4.9.3/../../../../arm-none-eabi/lib/armv7e-m/softfp/libc.a(lib_a-memset.o)
 .ARM.attributes
                0x0000000000000cd5       0x32 /Applications/Simplicity Studio.app/Contents/Eclipse/developer/toolchains/gnu_arm/4.9_2015q3/bin/../lib/gcc/arm-none-eabi/4.9.3/../../../../arm-none-eabi/lib/armv7e-m/softfp/libc.a(lib_a-__call_atexit.o)
 .ARM.attributes
                0x0000000000000d07       0x32 /Applications/Simplicity Studio.app/Contents/Eclipse/developer/toolchains/gnu_arm/4.9_2015q3/bin/../lib/gcc/arm-none-eabi/4.9.3/../../../../arm-none-eabi/lib/armv7e-m/softfp/libc.a(lib_a-atexit.o)
 .ARM.attributes
                0x0000000000000d39       0x32 /Applications/Simplicity Studio.app/Contents/Eclipse/developer/toolchains/gnu_arm/4.9_2015q3/bin/../lib/gcc/arm-none-eabi/4.9.3/../../../../arm-none-eabi/lib/armv7e-m/softfp/libc.a(lib_a-fini.o)
 .ARM.attributes
                0x0000000000000d6b       0x32 /Applications/Simplicity Studio.app/Contents/Eclipse/developer/toolchains/gnu_arm/4.9_2015q3/bin/../lib/gcc/arm-none-eabi/4.9.3/../../../../arm-none-eabi/lib/armv7e-m/softfp/libc.a(lib_a-__atexit.o)
 .ARM.attributes
                0x0000000000000d9d       0x32 /Applications/Simplicity Studio.app/Contents/Eclipse/developer/toolchains/gnu_arm/4.9_2015q3/bin/../lib/gcc/arm-none-eabi/4.9.3/../../../../arm-none-eabi/lib/armv7e-m/softfp/libnosys.a(_exit.o)
 .ARM.attributes
                0x0000000000000dcf       0x32 /Applications/Simplicity Studio.app/Contents/Eclipse/developer/toolchains/gnu_arm/4.9_2015q3/bin/../lib/gcc/arm-none-eabi/4.9.3/armv7e-m/softfp/crtend.o
 .ARM.attributes
                0x0000000000000e01       0x22 /Applications/Simplicity Studio.app/Contents/Eclipse/developer/toolchains/gnu_arm/4.9_2015q3/bin/../lib/gcc/arm-none-eabi/4.9.3/armv7e-m/softfp/crtn.o

.comment        0x0000000000000000       0xde
 .comment       0x0000000000000000       0x70 ./em_timer.o
                                         0x71 (size before relaxing)
 .comment       0x0000000000000000       0x71 ./gatt_db.o
 .comment       0x0000000000000000       0x71 ./main.o
 .comment       0x0000000000000000       0x71 ./peripherals.o
 .comment       0x0000000000000000       0x71 ./bgapi/dmadrv.o
 .comment       0x0000000000000000       0x71 ./bgapi/em_adc.o
 .comment       0x0000000000000000       0x71 ./bgapi/em_ldma.o
 .comment       0x0000000000000000       0x71 ./bgapi/em_leuart.o
 .comment       0x0000000000000000       0x71 ./device/EFR32_B_1_1_B/gcc/startup_efr32bg1b.o
 .comment       0x0000000000000000       0x71 ./emlib/em_cmu.o
 .comment       0x0000000000000000       0x71 ./emlib/em_emu.o
 .comment       0x0000000000000000       0x71 ./emlib/em_gpio.o
 .comment       0x0000000000000000       0x71 ./emlib/em_i2c.o
 .comment       0x0000000000000000       0x71 ./emlib/em_letimer.o
 .comment       0x0000000000000000       0x71 ./emlib/em_rtcc.o
 .comment       0x0000000000000000       0x71 ./emlib/em_system.o
 .comment       0x0000000000000000       0x71 ./emlib/em_usart.o
 .comment       0x0000000000000000       0x71 ./src/InitDevice.o
 .comment       0x0000000000000070       0x6e /Applications/Simplicity Studio.app/Contents/Eclipse/developer/stacks/blehomekit/v1.1.0//protocol/bluetooth_2.3/lib/EFR32BG1B/GCC/bgapi.a(gecko_bgapi_hardware.c.obj)
                                         0x6f (size before relaxing)
 .comment       0x0000000000000000       0x6f /Applications/Simplicity Studio.app/Contents/Eclipse/developer/stacks/blehomekit/v1.1.0//protocol/bluetooth_2.3/lib/EFR32BG1B/GCC/bgapi.a(gecko_bgapi_test.c.obj)
 .comment       0x0000000000000000       0x6f /Applications/Simplicity Studio.app/Contents/Eclipse/developer/stacks/blehomekit/v1.1.0//protocol/bluetooth_2.3/lib/EFR32BG1B/GCC/bgapi.a(gecko_bgapi_util.c.obj)
 .comment       0x0000000000000000       0x6f /Applications/Simplicity Studio.app/Contents/Eclipse/developer/stacks/blehomekit/v1.1.0//protocol/bluetooth_2.3/lib/EFR32BG1B/GCC/bgapi.a(gecko_bgapi_dfu.c.obj)
 .comment       0x0000000000000000       0x6f /Applications/Simplicity Studio.app/Contents/Eclipse/developer/stacks/blehomekit/v1.1.0//protocol/bluetooth_2.3/lib/EFR32BG1B/GCC/bgapi.a(gecko_bgapi_gap.c.obj)
 .comment       0x0000000000000000       0x6f /Applications/Simplicity Studio.app/Contents/Eclipse/developer/stacks/blehomekit/v1.1.0//protocol/bluetooth_2.3/lib/EFR32BG1B/GCC/bgapi.a(gecko_bgapi_gatt.c.obj)
 .comment       0x0000000000000000       0x6f /Applications/Simplicity Studio.app/Contents/Eclipse/developer/stacks/blehomekit/v1.1.0//protocol/bluetooth_2.3/lib/EFR32BG1B/GCC/bgapi.a(gecko_bgapi_gatt_server.c.obj)
 .comment       0x0000000000000000       0x6f /Applications/Simplicity Studio.app/Contents/Eclipse/developer/stacks/blehomekit/v1.1.0//protocol/bluetooth_2.3/lib/EFR32BG1B/GCC/bgapi.a(gecko_bgapi_flash.c.obj)
 .comment       0x0000000000000000       0x6f /Applications/Simplicity Studio.app/Contents/Eclipse/developer/stacks/blehomekit/v1.1.0//protocol/bluetooth_2.3/lib/EFR32BG1B/GCC/bgapi.a(gecko_bgapi_sm.c.obj)
 .comment       0x0000000000000000       0x6f /Applications/Simplicity Studio.app/Contents/Eclipse/developer/stacks/blehomekit/v1.1.0//protocol/bluetooth_2.3/lib/EFR32BG1B/GCC/bgapi.a(gecko_bgapi_system.c.obj)
 .comment       0x0000000000000000       0x6f /Applications/Simplicity Studio.app/Contents/Eclipse/developer/stacks/blehomekit/v1.1.0//protocol/bluetooth_2.3/lib/EFR32BG1B/GCC/bgapi.a(gecko_bgapi_endpoint.c.obj)
 .comment       0x0000000000000000       0x6f /Applications/Simplicity Studio.app/Contents/Eclipse/developer/stacks/blehomekit/v1.1.0//protocol/bluetooth_2.3/lib/EFR32BG1B/GCC/bgapi.a(gecko_bgapi_le_connection.c.obj)
 .comment       0x0000000000000000       0x6f /Applications/Simplicity Studio.app/Contents/Eclipse/developer/stacks/blehomekit/v1.1.0//protocol/bluetooth_2.3/lib/EFR32BG1B/GCC/bgapi.a(bgapi_hardware_lib.c.obj)
 .comment       0x0000000000000000       0x6f /Applications/Simplicity Studio.app/Contents/Eclipse/developer/stacks/blehomekit/v1.1.0//protocol/bluetooth_2.3/lib/EFR32BG1B/GCC/bgapi.a(bgapi_hardware.c.obj)
 .comment       0x0000000000000000       0x6f /Applications/Simplicity Studio.app/Contents/Eclipse/developer/stacks/blehomekit/v1.1.0//protocol/bluetooth_2.3/lib/EFR32BG1B/GCC/bgapi.a(bgapi_test_lib.c.obj)
 .comment       0x0000000000000000       0x6f /Applications/Simplicity Studio.app/Contents/Eclipse/developer/stacks/blehomekit/v1.1.0//protocol/bluetooth_2.3/lib/EFR32BG1B/GCC/bgapi.a(bgapi_util.c.obj)
 .comment       0x0000000000000000       0x6f /Applications/Simplicity Studio.app/Contents/Eclipse/developer/stacks/blehomekit/v1.1.0//protocol/bluetooth_2.3/lib/EFR32BG1B/GCC/bgapi.a(bgapi_dfu.c.obj)
 .comment       0x0000000000000000       0x6f /Applications/Simplicity Studio.app/Contents/Eclipse/developer/stacks/blehomekit/v1.1.0//protocol/bluetooth_2.3/lib/EFR32BG1B/GCC/bgapi.a(bgapi_gap.c.obj)
 .comment       0x0000000000000000       0x6f /Applications/Simplicity Studio.app/Contents/Eclipse/developer/stacks/blehomekit/v1.1.0//protocol/bluetooth_2.3/lib/EFR32BG1B/GCC/bgapi.a(bgapi_gatt_lib.c.obj)
 .comment       0x0000000000000000       0x6f /Applications/Simplicity Studio.app/Contents/Eclipse/developer/stacks/blehomekit/v1.1.0//protocol/bluetooth_2.3/lib/EFR32BG1B/GCC/bgapi.a(bgapi_ps.c.obj)
 .comment       0x0000000000000000       0x6f /Applications/Simplicity Studio.app/Contents/Eclipse/developer/stacks/blehomekit/v1.1.0//protocol/bluetooth_2.3/lib/EFR32BG1B/GCC/bgapi.a(bgapi_sm.c.obj)
 .comment       0x0000000000000000       0x6f /Applications/Simplicity Studio.app/Contents/Eclipse/developer/stacks/blehomekit/v1.1.0//protocol/bluetooth_2.3/lib/EFR32BG1B/GCC/bgapi.a(bgapi_system.c.obj)
 .comment       0x0000000000000000       0x6f /Applications/Simplicity Studio.app/Contents/Eclipse/developer/stacks/blehomekit/v1.1.0//protocol/bluetooth_2.3/lib/EFR32BG1B/GCC/bgapi.a(bgapi_endpoint.c.obj)
 .comment       0x0000000000000000       0x6f /Applications/Simplicity Studio.app/Contents/Eclipse/developer/stacks/blehomekit/v1.1.0//protocol/bluetooth_2.3/lib/EFR32BG1B/GCC/bgapi.a(bgapi_le_connection.c.obj)
 .comment       0x0000000000000000       0x6f /Applications/Simplicity Studio.app/Contents/Eclipse/developer/stacks/blehomekit/v1.1.0//protocol/bluetooth_2.3/lib/EFR32BG1B/GCC/bgapi.a(uart_endpoint.c.obj)
 .comment       0x0000000000000000       0x6f /Applications/Simplicity Studio.app/Contents/Eclipse/developer/stacks/blehomekit/v1.1.0//protocol/bluetooth_2.3/lib/EFR32BG1B/GCC/bgapi.a(bgapi_endpoint.c.obj)
 .comment       0x0000000000000000       0x6f /Applications/Simplicity Studio.app/Contents/Eclipse/developer/stacks/blehomekit/v1.1.0//protocol/bluetooth_2.3/lib/EFR32BG1B/GCC/bgapi.a(adc.c.obj)
 .comment       0x0000000000000000       0x6f /Applications/Simplicity Studio.app/Contents/Eclipse/developer/stacks/blehomekit/v1.1.0//protocol/bluetooth_2.3/lib/EFR32BG1B/GCC/bgapi.a(gpio.c.obj)
 .comment       0x0000000000000000       0x6f /Applications/Simplicity Studio.app/Contents/Eclipse/developer/stacks/blehomekit/v1.1.0//protocol/bluetooth_2.3/lib/EFR32BG1B/GCC/bgapi.a(i2c.c.obj)
 .comment       0x0000000000000000       0x6f /Applications/Simplicity Studio.app/Contents/Eclipse/developer/stacks/blehomekit/v1.1.0//protocol/bluetooth_2.3/lib/EFR32BG1B/GCC/bgapi.a(sleep_signal.c.obj)
 .comment       0x0000000000000000       0x6f /Applications/Simplicity Studio.app/Contents/Eclipse/developer/stacks/blehomekit/v1.1.0//protocol/bluetooth_2.3/lib/EFR32BG1B/GCC/bgapi.a(uart.c.obj)

.debug_info     0x0000000000000000    0x1c898
 .debug_info    0x0000000000000000      0x98e ./em_timer.o
 .debug_info    0x000000000000098e      0x662 ./gatt_db.o
 .debug_info    0x0000000000000ff0     0x578d ./main.o
 .debug_info    0x000000000000677d     0x5c6e ./peripherals.o
 .debug_info    0x000000000000c3eb     0x1851 ./bgapi/dmadrv.o
 .debug_info    0x000000000000dc3c     0x1c90 ./bgapi/em_adc.o
 .debug_info    0x000000000000f8cc     0x1289 ./bgapi/em_ldma.o
 .debug_info    0x0000000000010b55      0xa62 ./bgapi/em_leuart.o
 .debug_info    0x00000000000115b7      0x1c0 ./device/EFR32_B_1_1_B/gcc/startup_efr32bg1b.o
 .debug_info    0x0000000000011777     0x31e1 ./emlib/em_cmu.o
 .debug_info    0x0000000000014958     0x27a6 ./emlib/em_emu.o
 .debug_info    0x00000000000170fe      0xebd ./emlib/em_gpio.o
 .debug_info    0x0000000000017fbb      0xb27 ./emlib/em_i2c.o
 .debug_info    0x0000000000018ae2      0x4fd ./emlib/em_letimer.o
 .debug_info    0x0000000000018fdf      0x6ec ./emlib/em_rtcc.o
 .debug_info    0x00000000000196cb      0x26d ./emlib/em_system.o
 .debug_info    0x0000000000019938     0x11c8 ./emlib/em_usart.o
 .debug_info    0x000000000001ab00     0x1d98 ./src/InitDevice.o

.debug_abbrev   0x0000000000000000     0x342c
 .debug_abbrev  0x0000000000000000      0x1ca ./em_timer.o
 .debug_abbrev  0x00000000000001ca       0xce ./gatt_db.o
 .debug_abbrev  0x0000000000000298      0x3a3 ./main.o
 .debug_abbrev  0x000000000000063b      0x53e ./peripherals.o
 .debug_abbrev  0x0000000000000b79      0x38f ./bgapi/dmadrv.o
 .debug_abbrev  0x0000000000000f08      0x313 ./bgapi/em_adc.o
 .debug_abbrev  0x000000000000121b      0x392 ./bgapi/em_ldma.o
 .debug_abbrev  0x00000000000015ad      0x2e6 ./bgapi/em_leuart.o
 .debug_abbrev  0x0000000000001893      0x104 ./device/EFR32_B_1_1_B/gcc/startup_efr32bg1b.o
 .debug_abbrev  0x0000000000001997      0x478 ./emlib/em_cmu.o
 .debug_abbrev  0x0000000000001e0f      0x4a3 ./emlib/em_emu.o
 .debug_abbrev  0x00000000000022b2      0x2d4 ./emlib/em_gpio.o
 .debug_abbrev  0x0000000000002586      0x395 ./emlib/em_i2c.o
 .debug_abbrev  0x000000000000291b      0x1bf ./emlib/em_letimer.o
 .debug_abbrev  0x0000000000002ada      0x1e2 ./emlib/em_rtcc.o
 .debug_abbrev  0x0000000000002cbc      0x109 ./emlib/em_system.o
 .debug_abbrev  0x0000000000002dc5      0x370 ./emlib/em_usart.o
 .debug_abbrev  0x0000000000003135      0x2f7 ./src/InitDevice.o

.debug_loc      0x0000000000000000     0x95fa
 .debug_loc     0x0000000000000000      0x18c ./em_timer.o
 .debug_loc     0x000000000000018c      0x6f7 ./main.o
 .debug_loc     0x0000000000000883      0x874 ./peripherals.o
 .debug_loc     0x00000000000010f7     0x10da ./bgapi/dmadrv.o
 .debug_loc     0x00000000000021d1      0xd59 ./bgapi/em_adc.o
 .debug_loc     0x0000000000002f2a      0x46d ./bgapi/em_ldma.o
 .debug_loc     0x0000000000003397      0x46f ./bgapi/em_leuart.o
 .debug_loc     0x0000000000003806       0x4b ./device/EFR32_B_1_1_B/gcc/startup_efr32bg1b.o
 .debug_loc     0x0000000000003851     0x27cc ./emlib/em_cmu.o
 .debug_loc     0x000000000000601d     0x185c ./emlib/em_emu.o
 .debug_loc     0x0000000000007879      0x798 ./emlib/em_gpio.o
 .debug_loc     0x0000000000008011      0x859 ./emlib/em_i2c.o
 .debug_loc     0x000000000000886a      0x2ab ./emlib/em_letimer.o
 .debug_loc     0x0000000000008b15       0xdc ./emlib/em_rtcc.o
 .debug_loc     0x0000000000008bf1       0x91 ./emlib/em_system.o
 .debug_loc     0x0000000000008c82      0x7b9 ./emlib/em_usart.o
 .debug_loc     0x000000000000943b      0x1bf ./src/InitDevice.o

.debug_aranges  0x0000000000000000      0x868
 .debug_aranges
                0x0000000000000000       0x38 ./em_timer.o
 .debug_aranges
                0x0000000000000038       0x18 ./gatt_db.o
 .debug_aranges
                0x0000000000000050       0x20 ./main.o
 .debug_aranges
                0x0000000000000070      0x108 ./peripherals.o
 .debug_aranges
                0x0000000000000178       0xa0 ./bgapi/dmadrv.o
 .debug_aranges
                0x0000000000000218       0x70 ./bgapi/em_adc.o
 .debug_aranges
                0x0000000000000288       0x50 ./bgapi/em_ldma.o
 .debug_aranges
                0x00000000000002d8       0x80 ./bgapi/em_leuart.o
 .debug_aranges
                0x0000000000000358       0x28 ./device/EFR32_B_1_1_B/gcc/startup_efr32bg1b.o
 .debug_aranges
                0x0000000000000380      0x110 ./emlib/em_cmu.o
 .debug_aranges
                0x0000000000000490       0xf8 ./emlib/em_emu.o
 .debug_aranges
                0x0000000000000588       0x48 ./emlib/em_gpio.o
 .debug_aranges
                0x00000000000005d0       0x58 ./emlib/em_i2c.o
 .debug_aranges
                0x0000000000000628       0x50 ./emlib/em_letimer.o
 .debug_aranges
                0x0000000000000678       0x40 ./emlib/em_rtcc.o
 .debug_aranges
                0x00000000000006b8       0x28 ./emlib/em_system.o
 .debug_aranges
                0x00000000000006e0       0xb8 ./emlib/em_usart.o
 .debug_aranges
                0x0000000000000798       0xd0 ./src/InitDevice.o

.debug_ranges   0x0000000000000000     0x19c0
 .debug_ranges  0x0000000000000000       0x60 ./em_timer.o
 .debug_ranges  0x0000000000000060      0x190 ./main.o
 .debug_ranges  0x00000000000001f0      0x1d0 ./peripherals.o
 .debug_ranges  0x00000000000003c0       0xa8 ./bgapi/dmadrv.o
 .debug_ranges  0x0000000000000468      0x128 ./bgapi/em_adc.o
 .debug_ranges  0x0000000000000590       0xf0 ./bgapi/em_ldma.o
 .debug_ranges  0x0000000000000680      0x120 ./bgapi/em_leuart.o
 .debug_ranges  0x00000000000007a0       0x18 ./device/EFR32_B_1_1_B/gcc/startup_efr32bg1b.o
 .debug_ranges  0x00000000000007b8      0x8b8 ./emlib/em_cmu.o
 .debug_ranges  0x0000000000001070      0x3c8 ./emlib/em_emu.o
 .debug_ranges  0x0000000000001438      0x180 ./emlib/em_gpio.o
 .debug_ranges  0x00000000000015b8      0x100 ./emlib/em_i2c.o
 .debug_ranges  0x00000000000016b8       0x40 ./emlib/em_letimer.o
 .debug_ranges  0x00000000000016f8       0x70 ./emlib/em_rtcc.o
 .debug_ranges  0x0000000000001768       0x18 ./emlib/em_system.o
 .debug_ranges  0x0000000000001780      0x148 ./emlib/em_usart.o
 .debug_ranges  0x00000000000018c8       0xf8 ./src/InitDevice.o

.debug_line     0x0000000000000000     0x6b4a
 .debug_line    0x0000000000000000      0x4a8 ./em_timer.o
 .debug_line    0x00000000000004a8      0x1d8 ./gatt_db.o
 .debug_line    0x0000000000000680      0x7d1 ./main.o
 .debug_line    0x0000000000000e51      0x903 ./peripherals.o
 .debug_line    0x0000000000001754      0x709 ./bgapi/dmadrv.o
 .debug_line    0x0000000000001e5d      0x5e9 ./bgapi/em_adc.o
 .debug_line    0x0000000000002446      0x4f3 ./bgapi/em_ldma.o
 .debug_line    0x0000000000002939      0x52e ./bgapi/em_leuart.o
 .debug_line    0x0000000000002e67      0x1fd ./device/EFR32_B_1_1_B/gcc/startup_efr32bg1b.o
 .debug_line    0x0000000000003064      0xd7a ./emlib/em_cmu.o