Archive member included because of file (symbol)

/Applications/Simplicity Studio.app/Contents/Eclipse/developer/sdks/gecko_sdk_suite/v1.0//protocol/bluetooth_2.3/lib/EFR32BG1B/GCC/bgapi.a(gecko_bgapi_hardware.c.obj)
                              ./main.o (gecko_bgapi_class_hardware_init)
/Applications/Simplicity Studio.app/Contents/Eclipse/developer/sdks/gecko_sdk_suite/v1.0//protocol/bluetooth_2.3/lib/EFR32BG1B/GCC/bgapi.a(gecko_bgapi_test.c.obj)
                              ./main.o (gecko_bgapi_class_test_init)
/Applications/Simplicity Studio.app/Contents/Eclipse/developer/sdks/gecko_sdk_suite/v1.0//protocol/bluetooth_2.3/lib/EFR32BG1B/GCC/bgapi.a(gecko_bgapi_util.c.obj)
                              ./main.o (gecko_bgapi_class_util_init)
/Applications/Simplicity Studio.app/Contents/Eclipse/developer/sdks/gecko_sdk_suite/v1.0//protocol/bluetooth_2.3/lib/EFR32BG1B/GCC/bgapi.a(gecko_bgapi_dfu.c.obj)
                              ./main.o (gecko_bgapi_class_dfu_init)
/Applications/Simplicity Studio.app/Contents/Eclipse/developer/sdks/gecko_sdk_suite/v1.0//protocol/bluetooth_2.3/lib/EFR32BG1B/GCC/bgapi.a(gecko_bgapi_gap.c.obj)
                              ./main.o (gecko_bgapi_class_le_gap_init)
/Applications/Simplicity Studio.app/Contents/Eclipse/developer/sdks/gecko_sdk_suite/v1.0//protocol/bluetooth_2.3/lib/EFR32BG1B/GCC/bgapi.a(gecko_bgapi_gatt.c.obj)
                              ./main.o (gecko_bgapi_class_gatt_init)
/Applications/Simplicity Studio.app/Contents/Eclipse/developer/sdks/gecko_sdk_suite/v1.0//protocol/bluetooth_2.3/lib/EFR32BG1B/GCC/bgapi.a(gecko_bgapi_gatt_server.c.obj)
                              ./main.o (gecko_bgapi_class_gatt_server_init)
/Applications/Simplicity Studio.app/Contents/Eclipse/developer/sdks/gecko_sdk_suite/v1.0//protocol/bluetooth_2.3/lib/EFR32BG1B/GCC/bgapi.a(gecko_bgapi_flash.c.obj)
                              ./main.o (gecko_bgapi_class_flash_init)
/Applications/Simplicity Studio.app/Contents/Eclipse/developer/sdks/gecko_sdk_suite/v1.0//protocol/bluetooth_2.3/lib/EFR32BG1B/GCC/bgapi.a(gecko_bgapi_sm.c.obj)
                              ./main.o (gecko_bgapi_class_sm_init)
/Applications/Simplicity Studio.app/Contents/Eclipse/developer/sdks/gecko_sdk_suite/v1.0//protocol/bluetooth_2.3/lib/EFR32BG1B/GCC/bgapi.a(gecko_bgapi_system.c.obj)
                              ./main.o (gecko_bgapi_class_system_init)
/Applications/Simplicity Studio.app/Contents/Eclipse/developer/sdks/gecko_sdk_suite/v1.0//protocol/bluetooth_2.3/lib/EFR32BG1B/GCC/bgapi.a(gecko_bgapi_endpoint.c.obj)
                              ./main.o (gecko_bgapi_class_endpoint_init)
/Applications/Simplicity Studio.app/Contents/Eclipse/developer/sdks/gecko_sdk_suite/v1.0//protocol/bluetooth_2.3/lib/EFR32BG1B/GCC/bgapi.a(gecko_bgapi_le_connection.c.obj)
                              ./main.o (gecko_bgapi_class_le_connection_init)
/Applications/Simplicity Studio.app/Contents/Eclipse/developer/sdks/gecko_sdk_suite/v1.0//protocol/bluetooth_2.3/lib/EFR32BG1B/GCC/bgapi.a(bgapi_hardware_lib.c.obj)
                              /Applications/Simplicity Studio.app/Contents/Eclipse/developer/sdks/gecko_sdk_suite/v1.0//protocol/bluetooth_2.3/lib/EFR32BG1B/GCC/bgapi.a(gecko_bgapi_hardware.c.obj) (gecko_cmd_hardware_read_i2c)
/Applications/Simplicity Studio.app/Contents/Eclipse/developer/sdks/gecko_sdk_suite/v1.0//protocol/bluetooth_2.3/lib/EFR32BG1B/GCC/bgapi.a(bgapi_hardware.c.obj)
                              /Applications/Simplicity Studio.app/Contents/Eclipse/developer/sdks/gecko_sdk_suite/v1.0//protocol/bluetooth_2.3/lib/EFR32BG1B/GCC/bgapi.a(gecko_bgapi_hardware.c.obj) (lib_hardware_handler_init)
/Applications/Simplicity Studio.app/Contents/Eclipse/developer/sdks/gecko_sdk_suite/v1.0//protocol/bluetooth_2.3/lib/EFR32BG1B/GCC/bgapi.a(bgapi_test_lib.c.obj)
                              /Applications/Simplicity Studio.app/Contents/Eclipse/developer/sdks/gecko_sdk_suite/v1.0//protocol/bluetooth_2.3/lib/EFR32BG1B/GCC/bgapi.a(gecko_bgapi_test.c.obj) (lib_test_handler_init)
/Applications/Simplicity Studio.app/Contents/Eclipse/developer/sdks/gecko_sdk_suite/v1.0//protocol/bluetooth_2.3/lib/EFR32BG1B/GCC/bgapi.a(bgapi_util.c.obj)
                              /Applications/Simplicity Studio.app/Contents/Eclipse/developer/sdks/gecko_sdk_suite/v1.0//protocol/bluetooth_2.3/lib/EFR32BG1B/GCC/bgapi.a(gecko_bgapi_util.c.obj) (lib_util_handler_init)
/Applications/Simplicity Studio.app/Contents/Eclipse/developer/sdks/gecko_sdk_suite/v1.0//protocol/bluetooth_2.3/lib/EFR32BG1B/GCC/bgapi.a(bgapi_dfu.c.obj)
                              /Applications/Simplicity Studio.app/Contents/Eclipse/developer/sdks/gecko_sdk_suite/v1.0//protocol/bluetooth_2.3/lib/EFR32BG1B/GCC/bgapi.a(gecko_bgapi_dfu.c.obj) (lib_dfu_handler_init)
/Applications/Simplicity Studio.app/Contents/Eclipse/developer/sdks/gecko_sdk_suite/v1.0//protocol/bluetooth_2.3/lib/EFR32BG1B/GCC/bgapi.a(bgapi_gap.c.obj)
[...]
Memory Configuration

Name             Origin             Length             Attributes
FLASH            0x0000000000000000 0x000000000003f000 xr
RAM              0x0000000020003000 0x0000000000004bfc xrw
*default*        0x0000000000000000 0xffffffffffffffff

Linker script and memory map

LOAD /Applications/Simplicity Studio.app/Contents/Eclipse/developer/toolchains/gnu_arm/4.9_2015q3/bin/../lib/gcc/arm-none-eabi/4.9.3/armv7e-m/softfp/crti.o
LOAD /Applications/Simplicity Studio.app/Contents/Eclipse/developer/toolchains/gnu_arm/4.9_2015q3/bin/../lib/gcc/arm-none-eabi/4.9.3/armv7e-m/softfp/crtbegin.o
LOAD /Applications/Simplicity Studio.app/Contents/Eclipse/developer/toolchains/gnu_arm/4.9_2015q3/bin/../lib/gcc/arm-none-eabi/4.9.3/../../../../arm-none-eabi/lib/armv7e-m/softfp/crt0.o
LOAD ./application_properties.o
LOAD ./ble-callback-stubs.o
LOAD ./ble-callbacks.o
LOAD ./em_timer.o
LOAD ./gatt_db.o
LOAD ./main.o
LOAD ./peripherals.o
LOAD ./bgapi/dmadrv.o
LOAD ./bgapi/em_adc.o
LOAD ./bgapi/em_ldma.o
LOAD ./bgapi/em_leuart.o
LOAD ./device/EFR32_B_1_1_B/gcc/startup_efr32bg1b.o
LOAD ./emlib/em_cmu.o
LOAD ./emlib/em_cryotimer.o
LOAD ./emlib/em_gpio.o
LOAD ./emlib/em_i2c.o
LOAD ./emlib/em_letimer.o
LOAD ./emlib/em_msc.o
LOAD ./emlib/em_rtcc.o
LOAD ./emlib/em_system.o
LOAD ./emlib/em_usart.o
LOAD ./kit_flashpwr/BRD4302A/mx25flash_spi.o
LOAD ./src/InitDevice.o
LOAD /Applications/Simplicity Studio.app/Contents/Eclipse/developer/sdks/gecko_sdk_suite/v1.0//protocol/bluetooth_2.3/lib/EFR32BG1B/EABI/stack.a
LOAD /Applications/Simplicity Studio.app/Contents/Eclipse/developer/sdks/gecko_sdk_suite/v1.0//protocol/bluetooth_2.3/lib/EFR32BG1B/EABI/binstack.o
LOAD /Applications/Simplicity Studio.app/Contents/Eclipse/developer/sdks/gecko_sdk_suite/v1.0//protocol/bluetooth_2.3/lib/EFR32BG1B/GCC/bgapi.a
LOAD /Applications/Simplicity Studio.app/Contents/Eclipse/developer/sdks/gecko_sdk_suite/v1.0//protocol/bluetooth_2.3/lib/EFR32BG1B/EABI/binbootloader.o
LOAD /Applications/Simplicity Studio.app/Contents/Eclipse/developer/toolchains/gnu_arm/4.9_2015q3/bin/../lib/gcc/arm-none-eabi/4.9.3/../../../../arm-none-eabi/lib/armv7e-m/softfp/libm.a
START GROUP
LOAD /Applications/Simplicity Studio.app/Contents/Eclipse/developer/toolchains/gnu_arm/4.9_2015q3/bin/../lib/gcc/arm-none-eabi/4.9.3/armv7e-m/softfp/libgcc.a
LOAD /Applications/Simplicity Studio.app/Contents/Eclipse/developer/toolchains/gnu_arm/4.9_2015q3/bin/../lib/gcc/arm-none-eabi/4.9.3/../../../../arm-none-eabi/lib/armv7e-m/softfp/libc.a
LOAD /Applications/Simplicity Studio.app/Contents/Eclipse/developer/toolchains/gnu_arm/4.9_2015q3/bin/../lib/gcc/arm-none-eabi/4.9.3/../../../../arm-none-eabi/lib/armv7e-m/softfp/libnosys.a
END GROUP
START GROUP
LOAD /Applications/Simplicity Studio.app/Contents/Eclipse/developer/toolchains/gnu_arm/4.9_2015q3/bin/../lib/gcc/arm-none-eabi/4.9.3/armv7e-m/softfp/libgcc.a
LOAD /Applications/Simplicity Studio.app/Contents/Eclipse/developer/toolchains/gnu_arm/4.9_2015q3/bin/../lib/gcc/arm-none-eabi/4.9.3/../../../../arm-none-eabi/lib/armv7e-m/softfp/libg.a
LOAD /Applications/Simplicity Studio.app/Contents/Eclipse/developer/toolchains/gnu_arm/4.9_2015q3/bin/../lib/gcc/arm-none-eabi/4.9.3/../../../../arm-none-eabi/lib/armv7e-m/softfp/libc.a
END GROUP
LOAD /Applications/Simplicity Studio.app/Contents/Eclipse/developer/toolchains/gnu_arm/4.9_2015q3/bin/../lib/gcc/arm-none-eabi/4.9.3/armv7e-m/softfp/crtend.o
LOAD /Applications/Simplicity Studio.app/Contents/Eclipse/developer/toolchains/gnu_arm/4.9_2015q3/bin/../lib/gcc/arm-none-eabi/4.9.3/armv7e-m/softfp/crtn.o

.text_bootloader
                0x0000000000000000     0x4000
 *(.binbootloader*)
 .binbootloader
                0x0000000000000000      0x31c /Applications/Simplicity Studio.app/Contents/Eclipse/developer/sdks/gecko_sdk_suite/v1.0//protocol/bluetooth_2.3/lib/EFR32BG1B/EABI/binbootloader.o
                0x0000000000004000                . = ALIGN (0x4000)
 *fill*         0x000000000000031c     0x3ce4 

.text_stack_bin
                0x0000000000004000    0x1d000
 *(.binstack*)
 .binstack      0x0000000000004000    0x1cc10 /Applications/Simplicity Studio.app/Contents/Eclipse/developer/sdks/gecko_sdk_suite/v1.0//protocol/bluetooth_2.3/lib/EFR32BG1B/EABI/binstack.o
                0x0000000000021000                . = ALIGN (0x800)
 *fill*         0x0000000000020c10      0x3f0 
                0x0000000000021000                __text_start__ = .

.text_app       0x0000000000021000     0x6cd8
 *(.AAT)
 .AAT           0x0000000000021000       0x80 ./main.o
                0x0000000000021000                AppAddressTable
 *(.vectors)
 .vectors       0x0000000000021080       0xc8 ./device/EFR32_B_1_1_B/gcc/startup_efr32bg1b.o
                0x0000000000021080                __Vectors
                0x0000000000021148                __Vectors_End = .
                0x00000000000000c8                __Vectors_Size = (__Vectors_End - __Vectors)
                0x0000000000021148                __end__ = .
 *(.gecko_configuration)
 *(.xo_configuration)
 *(.gatt_header)
 .gatt_header   0x0000000000021148       0x30 ./gatt_db.o
                0x0000000000021148                bg_gattdb_data
 *(.gatt_data)
 .gatt_data     0x0000000000021178      0x49c ./gatt_db.o
                0x0000000000021178                bg_gattdb_data_adv_uuid128_map
                0x0000000000021188                bg_gattdb_data_adv_uuid16_map
                0x000000000002118c                bg_gattdb_data_attributes_dynamic_mapping_map
                0x00000000000211a0                bg_gattdb_data_attributes_map
                0x000000000002138c                bg_gattdb_data_attribute_field_0
                0x0000000000021390                bg_gattdb_data_attribute_field_1
                0x0000000000021398                bg_gattdb_data_attribute_field_2
                0x00000000000213a0                bg_gattdb_data_attribute_field_4
                0x00000000000213a4                bg_gattdb_data_attribute_field_5
                0x00000000000213ac                bg_gattdb_data_attribute_field_6
                0x00000000000213b4                bg_gattdb_data_attribute_field_7
                0x00000000000213bc                bg_gattdb_data_attribute_field_8
                0x00000000000213c0                bg_gattdb_data_attribute_field_9
                0x00000000000213c4                bg_gattdb_data_attribute_field_10
                0x00000000000213cc                bg_gattdb_data_attribute_field_11
                0x00000000000213dc                bg_gattdb_data_attribute_field_12
                0x00000000000213e4                bg_gattdb_data_attribute_field_13
                0x00000000000213f0                bg_gattdb_data_attribute_field_14
                0x00000000000213f8                bg_gattdb_data_attribute_field_15
                0x0000000000021400                bg_gattdb_data_attribute_field_16
                0x0000000000021414                bg_gattdb_data_attribute_field_17
                0x000000000002142c                bg_gattdb_data_attribute_field_18
                0x0000000000021434                bg_gattdb_data_attribute_field_19
                0x0000000000021440                bg_gattdb_data_attribute_field_20
                0x0000000000021458                bg_gattdb_data_attribute_field_21
                0x0000000000021460                bg_gattdb_data_attribute_field_22
                0x000000000002146c                bg_gattdb_data_attribute_field_23
                0x0000000000021484                bg_gattdb_data_attribute_field_24
                0x000000000002148c                bg_gattdb_data_attribute_field_25
                0x0000000000021498                bg_gattdb_data_attribute_field_26
                0x00000000000214b0                bg_gattdb_data_attribute_field_27
                0x00000000000214b8                bg_gattdb_data_attribute_field_28
                0x00000000000214c4                bg_gattdb_data_attribute_field_29
                0x00000000000214dc                bg_gattdb_data_attribute_field_30
                0x00000000000214e4                bg_gattdb_data_attribute_field_31
                0x00000000000214ec                bg_gattdb_data_attribute_field_32
                0x0000000000021504                bg_gattdb_data_attribute_field_33
                0x000000000002150c                bg_gattdb_data_attribute_field_34
                0x000000000002151c                bg_gattdb_data_attribute_field_35
                0x0000000000021534                bg_gattdb_data_attribute_field_36
                0x000000000002153c                bg_gattdb_data_attribute_field_37
                0x0000000000021544                bg_gattdb_data_attribute_field_38
                0x0000000000021558                bg_gattdb_data_attribute_field_39
                0x0000000000021570                bg_gattdb_data_attribute_field_40
                0x0000000000021578                bg_gattdb_data_uuidtable_128_map
                0x00000000000215f8                bg_gattdb_data_uuidtable_16_map
 *(.text*)
 .text          0x0000000000021614       0x5c /Applications/Simplicity Studio.app/Contents/Eclipse/developer/toolchains/gnu_arm/4.9_2015q3/bin/../lib/gcc/arm-none-eabi/4.9.3/armv7e-m/softfp/crtbegin.o
 .text          0x0000000000021670       0x74 /Applications/Simplicity Studio.app/Contents/Eclipse/developer/toolchains/gnu_arm/4.9_2015q3/bin/../lib/gcc/arm-none-eabi/4.9.3/../../../../arm-none-eabi/lib/armv7e-m/softfp/crt0.o
                0x0000000000021670                _mainCRTStartup
                0x0000000000021670                _start
 .text.TIMER_Init
                0x00000000000216e4       0xb0 ./em_timer.o
                0x00000000000216e4                TIMER_Init
 .text.TIMER_InitCC
                0x0000000000021794       0x84 ./em_timer.o
                0x0000000000021794                TIMER_InitCC
 .text.startup.main
                0x0000000000021818      0x4dc ./main.o
                0x0000000000021818                main
 .text.InitGPIO
                0x0000000000021cf4       0x80 ./peripherals.o
                0x0000000000021cf4                InitGPIO
 .text.SetLED0  0x0000000000021d74       0x10 ./peripherals.o
                0x0000000000021d74                SetLED0
 .text.ClearLED0
                0x0000000000021d84       0x10 ./peripherals.o
                0x0000000000021d84                ClearLED0
 .text.GetLED0  0x0000000000021d94       0x10 ./peripherals.o
                0x0000000000021d94                GetLED0
 .text.SetLED1  0x0000000000021da4       0x10 ./peripherals.o
                0x0000000000021da4                SetLED1
 .text.ClearLED1
                0x0000000000021db4       0x10 ./peripherals.o
                0x0000000000021db4                ClearLED1
 .text.GetLED1  0x0000000000021dc4       0x10 ./peripherals.o
                0x0000000000021dc4                GetLED1
 .text.GetPB0   0x0000000000021dd4       0x10 ./peripherals.o
                0x0000000000021dd4                GetPB0
 .text.GetPB1   0x0000000000021de4       0x10 ./peripherals.o
                0x0000000000021de4                GetPB1
 .text.GPIOHandler
                0x0000000000021df4       0x90 ./peripherals.o
                0x0000000000021df4                GPIOHandler
 .text.InitPWM1
                0x0000000000021e84       0xa0 ./peripherals.o
                0x0000000000021e84                InitPWM1
 .text.UpdatePWM1
                0x0000000000021f24       0x18 ./peripherals.o
                0x0000000000021f24                UpdatePWM1
 .text.ChangePWMoutput
                0x0000000000021f3c       0x44 ./peripherals.o
                0x0000000000021f3c                ChangePWMoutput
 .text.PWMHandler
                0x0000000000021f80       0x24 ./peripherals.o
                0x0000000000021f80                PWMHandler
 .text.GetPWM1  0x0000000000021fa4        0xc ./peripherals.o
                0x0000000000021fa4                GetPWM1
 .text.InitLEUART0
                0x0000000000021fb0       0x84 ./peripherals.o
                0x0000000000021fb0                InitLEUART0
 .text.LEUART0_IRQHandler
                0x0000000000022034       0x3c ./peripherals.o
                0x0000000000022034                LEUART0_IRQHandler
 .text.UART_Tx  0x0000000000022070       0x2c ./peripherals.o
                0x0000000000022070                UART_Tx
 .text.UART_TxOut
                0x000000000002209c       0x28 ./peripherals.o
                0x000000000002209c                UART_TxOut
 .text.UART_TXHandler
                0x00000000000220c4       0x2c ./peripherals.o
                0x00000000000220c4                UART_TXHandler
 .text.UART_RXHandler
                0x00000000000220f0       0x80 ./peripherals.o
                0x00000000000220f0                UART_RXHandler
 .text.LED0onUARTmessage
                0x0000000000022170       0x40 ./peripherals.o
                0x0000000000022170                LED0onUARTmessage
 .text.LED0offUARTmessage
                0x00000000000221b0       0x40 ./peripherals.o
                0x00000000000221b0                LED0offUARTmessage
 .text.LED1onUARTmessage
                0x00000000000221f0       0x40 ./peripherals.o
                0x00000000000221f0                LED1onUARTmessage
 .text.LED1offUARTmessage
                0x0000000000022230       0x40 ./peripherals.o
                0x0000000000022230                LED1offUARTmessage
 .text.LETIMER0_IRQHandler
                0x0000000000022270       0x18 ./peripherals.o
                0x0000000000022270                LETIMER0_IRQHandler
 .text.InitLETIMER0
                0x0000000000022288       0x6c ./peripherals.o
                0x0000000000022288                InitLETIMER0
 .text.InitADC0
                0x00000000000222f4       0xa0 ./peripherals.o
                0x00000000000222f4                InitADC0
 .text.GetADC0  0x0000000000022394       0x18 ./peripherals.o
                0x0000000000022394                GetADC0
 .text.StartTransfer
                0x00000000000223ac      0x1dc ./bgapi/dmadrv.o
 .text.DMADRV_AllocateChannel
                0x0000000000022588       0x60 ./bgapi/dmadrv.o
                0x0000000000022588                DMADRV_AllocateChannel
 .text.DMADRV_Init
                0x00000000000225e8       0x60 ./bgapi/dmadrv.o
                0x00000000000225e8                DMADRV_Init
 .text.DMADRV_MemoryPeripheral
                0x0000000000022648       0x34 ./bgapi/dmadrv.o
                0x0000000000022648                DMADRV_MemoryPeripheral
 .text.DMADRV_PeripheralMemory
                0x000000000002267c       0x34 ./bgapi/dmadrv.o
                0x000000000002267c                DMADRV_PeripheralMemory
 .text.DMADRV_StopTransfer
                0x00000000000226b0       0x44 ./bgapi/dmadrv.o
                0x00000000000226b0                DMADRV_StopTransfer
 .text.DMADRV_TransferRemainingCount
                0x00000000000226f4       0x50 ./bgapi/dmadrv.o
                0x00000000000226f4                DMADRV_TransferRemainingCount
 .text.LDMA_IRQHandler
                0x0000000000022744       0x7c ./bgapi/dmadrv.o
                0x0000000000022744                LDMA_IRQHandler
 .text.ADC_LoadDevinfoCal
                0x00000000000227c0       0xf4 ./bgapi/em_adc.o
 .text.ADC_InitSingle
                0x00000000000228b4       0xb4 ./bgapi/em_adc.o
                0x00000000000228b4                ADC_InitSingle
 .text.ADC_PrescaleCalc
                0x0000000000022968       0x4c ./bgapi/em_adc.o
                0x0000000000022968                ADC_PrescaleCalc
 .text.ADC_Init
                0x00000000000229b4       0x68 ./bgapi/em_adc.o
                0x00000000000229b4                ADC_Init
 .text.ADC_TimebaseCalc
                0x0000000000022a1c       0x30 ./bgapi/em_adc.o
                0x0000000000022a1c                ADC_TimebaseCalc
 .text.LDMA_Init
                0x0000000000022a4c       0x58 ./bgapi/em_ldma.o
                0x0000000000022a4c                LDMA_Init
 .text.LDMA_StartTransfer
                0x0000000000022aa4       0xa8 ./bgapi/em_ldma.o
                0x0000000000022aa4                LDMA_StartTransfer
 .text.LDMA_StopTransfer
                0x0000000000022b4c       0x28 ./bgapi/em_ldma.o
                0x0000000000022b4c                LDMA_StopTransfer
 .text.LDMA_TransferRemainingCount
                0x0000000000022b74       0x40 ./bgapi/em_ldma.o
                0x0000000000022b74                LDMA_TransferRemainingCount
 .text.LEUART_BaudrateSet
                0x0000000000022bb4       0x54 ./bgapi/em_leuart.o
                0x0000000000022bb4                LEUART_BaudrateSet
 .text.LEUART_Enable
                0x0000000000022c08       0x1c ./bgapi/em_leuart.o
                0x0000000000022c08                LEUART_Enable
 .text.LEUART_Init
                0x0000000000022c24       0x4c ./bgapi/em_leuart.o
                0x0000000000022c24                LEUART_Init
 .text.LEUART_Tx
                0x0000000000022c70       0x18 ./bgapi/em_leuart.o
                0x0000000000022c70                LEUART_Tx
 .text.LEUART_TxDmaInEM2Enable
                0x0000000000022c88       0x28 ./bgapi/em_leuart.o
                0x0000000000022c88                LEUART_TxDmaInEM2Enable
 .text.LEUART_RxDmaInEM2Enable
                0x0000000000022cb0       0x28 ./bgapi/em_leuart.o
                0x0000000000022cb0                LEUART_RxDmaInEM2Enable
 .text.Default_Handler
                0x0000000000022cd8        0x4 ./device/EFR32_B_1_1_B/gcc/startup_efr32bg1b.o
                0x0000000000022cd8                IDAC0_IRQHandler
                0x0000000000022cd8                USART0_TX_IRQHandler
                0x0000000000022cd8                I2C0_IRQHandler
                0x0000000000022cd8                HardFault_Handler
                0x0000000000022cd8                SysTick_Handler
                0x0000000000022cd8                USART1_RX_IRQHandler
                0x0000000000022cd8                PendSV_Handler
                0x0000000000022cd8                NMI_Handler
                0x0000000000022cd8                SYNTH_IRQHandler
                0x0000000000022cd8                WDOG0_IRQHandler
                0x0000000000022cd8                USART1_TX_IRQHandler
                0x0000000000022cd8                MSC_IRQHandler
                0x0000000000022cd8                ADC0_IRQHandler
                0x0000000000022cd8                UsageFault_Handler
                0x0000000000022cd8                FPUEH_IRQHandler
                0x0000000000022cd8                GPIO_EVEN_IRQHandler
                0x0000000000022cd8                TIMER0_IRQHandler
                0x0000000000022cd8                TIMER1_IRQHandler
                0x0000000000022cd8                RFSENSE_IRQHandler
                0x0000000000022cd8                BUFC_IRQHandler
                0x0000000000022cd8                MODEM_IRQHandler
                0x0000000000022cd8                Default_Handler
                0x0000000000022cd8                RAC_SEQ_IRQHandler
                0x0000000000022cd8                FRC_PRI_IRQHandler
                0x0000000000022cd8                FRC_IRQHandler
                0x0000000000022cd8                CRYOTIMER_IRQHandler
                0x0000000000022cd8                PCNT0_IRQHandler
                0x0000000000022cd8                AGC_IRQHandler
                0x0000000000022cd8                ACMP0_IRQHandler
                0x0000000000022cd8                USART0_RX_IRQHandler
                0x0000000000022cd8                MemManage_Handler
                0x0000000000022cd8                SVC_Handler
                0x0000000000022cd8                RTCC_IRQHandler
                0x0000000000022cd8                CRYPTO_IRQHandler
                0x0000000000022cd8                CMU_IRQHandler
                0x0000000000022cd8                RAC_RSM_IRQHandler
                0x0000000000022cd8                GPIO_ODD_IRQHandler
                0x0000000000022cd8                PROTIMER_IRQHandler
                0x0000000000022cd8                BusFault_Handler
                0x0000000000022cd8                DebugMon_Handler
 .text.Reset_Handler
                0x0000000000022cdc       0x34 ./device/EFR32_B_1_1_B/gcc/startup_efr32bg1b.o
                0x0000000000022cdc                Reset_Handler
 .text.flashWaitStateMax
                0x0000000000022d10       0x40 ./emlib/em_cmu.o
 .text.CMU_OscillatorTuningSet.part.2
                0x0000000000022d50       0x44 ./emlib/em_cmu.o
 .text.CMU_ClockEnable
                0x0000000000022d94       0x8c ./emlib/em_cmu.o
                0x0000000000022d94                CMU_ClockEnable
 .text.CMU_ClockSelectGet
                0x0000000000022e20       0xa4 ./emlib/em_cmu.o
                0x0000000000022e20                CMU_ClockSelectGet
 .text.lfClkGet
                0x0000000000022ec4       0x94 ./emlib/em_cmu.o
 .text.CMU_ClockFreqGet
                0x0000000000022f58      0x128 ./emlib/em_cmu.o
                0x0000000000022f58                CMU_ClockFreqGet
 .text.CMU_HFXOAutostartEnable
                0x0000000000023080       0x88 ./emlib/em_cmu.o
                0x0000000000023080                CMU_HFXOAutostartEnable
 .text.CMU_OscillatorTuningWait
                0x0000000000023108       0x60 ./emlib/em_cmu.o
                0x0000000000023108                CMU_OscillatorTuningWait
 .text.CMU_OscillatorEnable
                0x0000000000023168      0x110 ./emlib/em_cmu.o
                0x0000000000023168                CMU_OscillatorEnable
 .text.CMU_ClockSelectSet
                0x0000000000023278      0x158 ./emlib/em_cmu.o
                0x0000000000023278                CMU_ClockSelectSet
 .text.CMU_HFXOInit
                0x00000000000233d0       0xec ./emlib/em_cmu.o
                0x00000000000233d0                CMU_HFXOInit
 .text.CMU_LFXOInit
                0x00000000000234bc       0x40 ./emlib/em_cmu.o
                0x00000000000234bc                CMU_LFXOInit
 .text.GPIO_PinModeSet
                0x00000000000234fc       0x8c ./emlib/em_gpio.o
                0x00000000000234fc                GPIO_PinModeSet
 .text.I2C_BusFreqSet.part.0
                0x0000000000023588       0x60 ./emlib/em_i2c.o
 .text.I2C_Init
                0x00000000000235e8       0x3c ./emlib/em_i2c.o
                0x00000000000235e8                I2C_Init
 .text.LETIMER_Enable
                0x0000000000023624       0x10 ./emlib/em_letimer.o
                0x0000000000023624                LETIMER_Enable
 .text.LETIMER_Init
                0x0000000000023634       0x60 ./emlib/em_letimer.o
                0x0000000000023634                LETIMER_Init
 .text.RTCC_Init
                0x0000000000023694       0x48 ./emlib/em_rtcc.o
                0x0000000000023694                RTCC_Init
 .text.SYSTEM_ChipRevisionGet
                0x00000000000236dc       0x34 ./emlib/em_system.o
                0x00000000000236dc                SYSTEM_ChipRevisionGet
 .text.USART_BaudrateAsyncSet
                0x0000000000023710       0x68 ./emlib/em_usart.o
                0x0000000000023710                USART_BaudrateAsyncSet
 .text.USART_BaudrateCalc
                0x0000000000023778       0x7c ./emlib/em_usart.o
                0x0000000000023778                USART_BaudrateCalc
 .text.USART_BaudrateGet
                0x00000000000237f4       0x24 ./emlib/em_usart.o
                0x00000000000237f4                USART_BaudrateGet
 .text.USART_Enable
                0x0000000000023818       0x10 ./emlib/em_usart.o
                0x0000000000023818                USART_Enable
 .text.USART_InitAsync
                0x0000000000023828       0xa4 ./emlib/em_usart.o
                0x0000000000023828                USART_InitAsync
 .text.EMU_enter_DefaultMode_from_RESET
                0x00000000000238cc       0x74 ./src/InitDevice.o
                0x00000000000238cc                EMU_enter_DefaultMode_from_RESET
 .text.CMU_enter_DefaultMode_from_RESET
                0x0000000000023940       0xdc ./src/InitDevice.o
                0x0000000000023940                CMU_enter_DefaultMode_from_RESET
 .text.RTCC_enter_DefaultMode_from_RESET
                0x0000000000023a1c       0x44 ./src/InitDevice.o
                0x0000000000023a1c                RTCC_enter_DefaultMode_from_RESET
 .text.LEUART0_enter_DefaultMode_from_RESET
                0x0000000000023a60       0x6c ./src/InitDevice.o
                0x0000000000023a60                LEUART0_enter_DefaultMode_from_RESET
 .text.PORTIO_enter_DefaultMode_from_RESET
                0x0000000000023acc       0x80 ./src/InitDevice.o
                0x0000000000023acc                PORTIO_enter_DefaultMode_from_RESET
 .text.enter_DefaultMode_from_RESET
                0x0000000000023b4c       0xa0 ./src/InitDevice.o
                0x0000000000023b4c                enter_DefaultMode_from_RESET
 .text          0x0000000000023bec       0x60 /Applications/Simplicity Studio.app/Contents/Eclipse/developer/sdks/gecko_sdk_suite/v1.0//protocol/bluetooth_2.3/lib/EFR32BG1B/GCC/bgapi.a(gecko_bgapi_hardware.c.obj)
                0x0000000000023c34                gecko_bgapi_class_hardware_init
 .text          0x0000000000023c4c       0x60 /Applications/Simplicity Studio.app/Contents/Eclipse/developer/sdks/gecko_sdk_suite/v1.0//protocol/bluetooth_2.3/lib/EFR32BG1B/GCC/bgapi.a(gecko_bgapi_test.c.obj)
                0x0000000000023c94                gecko_bgapi_class_test_init
 .text          0x0000000000023cac       0x60 /Applications/Simplicity Studio.app/Contents/Eclipse/developer/sdks/gecko_sdk_suite/v1.0//protocol/bluetooth_2.3/lib/EFR32BG1B/GCC/bgapi.a(gecko_bgapi_util.c.obj)
                0x0000000000023cf4                gecko_bgapi_class_util_init
 .text          0x0000000000023d0c       0x60 /Applications/Simplicity Studio.app/Contents/Eclipse/developer/sdks/gecko_sdk_suite/v1.0//protocol/bluetooth_2.3/lib/EFR32BG1B/GCC/bgapi.a(gecko_bgapi_dfu.c.obj)
                0x0000000000023d54                gecko_bgapi_class_dfu_init
 .text          0x0000000000023d6c       0x60 /Applications/Simplicity Studio.app/Contents/Eclipse/developer/sdks/gecko_sdk_suite/v1.0//protocol/bluetooth_2.3/lib/EFR32BG1B/GCC/bgapi.a(gecko_bgapi_gap.c.obj)
                0x0000000000023db4                gecko_bgapi_class_le_gap_init
 .text          0x0000000000023dcc       0x60 /Applications/Simplicity Studio.app/Contents/Eclipse/developer/sdks/gecko_sdk_suite/v1.0//protocol/bluetooth_2.3/lib/EFR32BG1B/GCC/bgapi.a(gecko_bgapi_gatt.c.obj)
                0x0000000000023e14                gecko_bgapi_class_gatt_init
 .text          0x0000000000023e2c       0x60 /Applications/Simplicity Studio.app/Contents/Eclipse/developer/sdks/gecko_sdk_suite/v1.0//protocol/bluetooth_2.3/lib/EFR32BG1B/GCC/bgapi.a(gecko_bgapi_gatt_server.c.obj)
                0x0000000000023e74                gecko_bgapi_class_gatt_server_init
 .text          0x0000000000023e8c       0x60 /Applications/Simplicity Studio.app/Contents/Eclipse/developer/sdks/gecko_sdk_suite/v1.0//protocol/bluetooth_2.3/lib/EFR32BG1B/GCC/bgapi.a(gecko_bgapi_flash.c.obj)
                0x0000000000023ed4                gecko_bgapi_class_flash_init
 .text          0x0000000000023eec       0x60 /Applications/Simplicity Studio.app/Contents/Eclipse/developer/sdks/gecko_sdk_suite/v1.0//protocol/bluetooth_2.3/lib/EFR32BG1B/GCC/bgapi.a(gecko_bgapi_sm.c.obj)
                0x0000000000023f34                gecko_bgapi_class_sm_init
 .text          0x0000000000023f4c       0x60 /Applications/Simplicity Studio.app/Contents/Eclipse/developer/sdks/gecko_sdk_suite/v1.0//protocol/bluetooth_2.3/lib/EFR32BG1B/GCC/bgapi.a(gecko_bgapi_system.c.obj)
                0x0000000000023f94                gecko_bgapi_class_system_init
 .text          0x0000000000023fac       0x60 /Applications/Simplicity Studio.app/Contents/Eclipse/developer/sdks/gecko_sdk_suite/v1.0//protocol/bluetooth_2.3/lib/EFR32BG1B/GCC/bgapi.a(gecko_bgapi_endpoint.c.obj)
                0x0000000000023ff4                gecko_bgapi_class_endpoint_init
 .text          0x000000000002400c       0x60 /Applications/Simplicity Studio.app/Contents/Eclipse/developer/sdks/gecko_sdk_suite/v1.0//protocol/bluetooth_2.3/lib/EFR32BG1B/GCC/bgapi.a(gecko_bgapi_le_connection.c.obj)
                0x0000000000024054                gecko_bgapi_class_le_connection_init
 .text          0x000000000002406c      0x388 /Applications/Simplicity Studio.app/Contents/Eclipse/developer/sdks/gecko_sdk_suite/v1.0//protocol/bluetooth_2.3/lib/EFR32BG1B/GCC/bgapi.a(bgapi_hardware_lib.c.obj)
                0x000000000002406c                gecko_cmd_hardware_read_i2c
                0x00000000000240d4                gecko_cmd_hardware_write_i2c
                0x0000000000024118                gecko_cmd_hardware_stop_i2c
                0x0000000000024150                gecko_cmd_hardware_read_adc
                0x0000000000024190                gecko_cmd_hardware_read_adc_channel
                0x00000000000241c0                gecko_cmd_hardware_config_adc_reference
                0x00000000000241ec                gecko_cmd_hardware_configure_gpio
                0x0000000000024220                gecko_cmd_hardware_write_gpio
                0x0000000000024284                gecko_cmd_hardware_read_gpio
                0x00000000000242e4                gecko_cmd_hardware_set_uart_configuration
                0x000000000002435c                clock_outputs_init
                0x00000000000243a4                bgapi_hardware_init
 .text          0x00000000000243f4      0x1d0 /Applications/Simplicity Studio.app/Contents/Eclipse/developer/sdks/gecko_sdk_suite/v1.0//protocol/bluetooth_2.3/lib/EFR32BG1B/GCC/bgapi.a(bgapi_hardware.c.obj)
                0x00000000000243f4                soft_timer_comparison
                0x0000000000024488                bgapi_hardware_soft_timer_listener
                0x00000000000244c8                lib_hardware_handler_init
                0x00000000000244dc                gecko_cmd_hardware_set_soft_timer
                0x000000000002451c                gecko_cmd_hardware_set_lazy_soft_timer
                0x000000000002455c                gecko_cmd_hardware_get_time
                0x0000000000024590                gecko_cmd_hardware_enable_dcdc
 .text          0x00000000000245c4      0x200 /Applications/Simplicity Studio.app/Contents/Eclipse/developer/sdks/gecko_sdk_suite/v1.0//protocol/bluetooth_2.3/lib/EFR32BG1B/GCC/bgapi.a(bgapi_test_lib.c.obj)
                0x00000000000245c4                lib_test_handler_init
                0x00000000000245c6                disable_interrupts
                0x00000000000245ea                gecko_cmd_test_dtm_tx
                0x000000000002461c                gecko_cmd_test_dtm_rx
                0x000000000002464c                gecko_cmd_test_dtm_end
                0x0000000000024678                gecko_cmd_test_debug_command
                0x0000000000024748                gecko_cmd_test_debug_counter
 .text          0x00000000000247c4      0x158 /Applications/Simplicity Studio.app/Contents/Eclipse/developer/sdks/gecko_sdk_suite/v1.0//protocol/bluetooth_2.3/lib/EFR32BG1B/GCC/bgapi.a(bgapi_util.c.obj)
                0x00000000000247fc                lib_util_handler_init
                0x00000000000247fe                gecko_cmd_util_atoi
                0x0000000000024854                gecko_cmd_util_itoa
 .text          0x000000000002491c       0x8c /Applications/Simplicity Studio.app/Contents/Eclipse/developer/sdks/gecko_sdk_suite/v1.0//protocol/bluetooth_2.3/lib/EFR32BG1B/GCC/bgapi.a(bgapi_dfu.c.obj)
                0x000000000002491c                lib_dfu_handler_init
                0x000000000002491e                gecko_cmd_dfu_reset
                0x0000000000024924                gecko_cmd_dfu_flash_set_address
                0x0000000000024950                gecko_cmd_dfu_flash_upload
                0x000000000002497c                gecko_cmd_dfu_flash_upload_finish
 .text          0x00000000000249a8      0x308 /Applications/Simplicity Studio.app/Contents/Eclipse/developer/sdks/gecko_sdk_suite/v1.0//protocol/bluetooth_2.3/lib/EFR32BG1B/GCC/bgapi.a(bgapi_gap.c.obj)
                0x00000000000249a8                lib_le_gap_handler_init
                0x00000000000249aa                gecko_cmd_le_gap_set_mode
                0x00000000000249f0                gecko_cmd_le_gap_bt5_set_mode
                0x0000000000024a30                gecko_cmd_le_gap_set_adv_data
                0x0000000000024a64                gecko_cmd_le_gap_bt5_set_adv_data
                0x0000000000024a98                gecko_cmd_le_gap_set_adv_timeout
                0x0000000000024aec                gecko_cmd_le_gap_open
                0x0000000000024b54                gecko_cmd_le_gap_discover
                0x0000000000024b80                gecko_cmd_le_gap_end_procedure
                0x0000000000024bac                gecko_cmd_le_gap_set_adv_parameters
                0x0000000000024be0                gecko_cmd_le_gap_bt5_set_adv_parameters
                0x0000000000024c1c                gecko_cmd_le_gap_set_scan_parameters
                0x0000000000024c4c                gecko_cmd_le_gap_set_conn_parameters
                0x0000000000024c84                gecko_cmd_le_gap_set_phy
 .text          0x0000000000024cb0      0x644 /Applications/Simplicity Studio.app/Contents/Eclipse/developer/sdks/gecko_sdk_suite/v1.0//protocol/bluetooth_2.3/lib/EFR32BG1B/GCC/bgapi.a(bgapi_gatt_lib.c.obj)
                0x0000000000024cb0                lib_gatt_handler_init
                0x0000000000024cb2                lib_gatt_server_handler_init
                0x0000000000024cb4                gecko_cmd_gatt_set_max_mtu
                0x0000000000024cf0                gecko_cmd_gatt_discover_primary_services
                0x0000000000024d20                gecko_cmd_gatt_discover_primary_services_by_uuid
                0x0000000000024d5c                gecko_cmd_gatt_find_included_services
                0x0000000000024d90                gecko_cmd_gatt_discover_characteristics
                0x0000000000024dc4                gecko_cmd_gatt_discover_characteristics_by_uuid
                0x0000000000024e04                gecko_cmd_gatt_read_characteristic_value
                0x0000000000024e3c                gecko_cmd_gatt_read_characteristic_value_from_offset
                0x0000000000024e78                gecko_cmd_gatt_read_characteristic_value_by_uuid
                0x0000000000024eb8                gecko_cmd_gatt_read_multiple_characteristic_values
                0x0000000000024eec                gecko_cmd_gatt_write_characteristic_value
                0x0000000000024f24                gecko_cmd_gatt_write_characteristic_value_without_response
                0x0000000000024f68                gecko_cmd_gatt_prepare_characteristic_value_write
                0x0000000000024fb8                gecko_cmd_gatt_execute_characteristic_value_write
                0x0000000000024fec                gecko_cmd_gatt_set_characteristic_notification
                0x0000000000025024                gecko_cmd_gatt_discover_descriptors
                0x0000000000025058                gecko_cmd_gatt_read_descriptor_value
                0x000000000002508c                gecko_cmd_gatt_write_descriptor_value
                0x00000000000250c4                gecko_cmd_gatt_server_read_attribute_value
                0x000000000002510c                gecko_cmd_gatt_server_read_attribute_type
                0x0000000000025150                gecko_cmd_gatt_server_find_attribute
                0x000000000002518c                gecko_cmd_gatt_server_write_attribute_value
                0x00000000000251c0                gecko_cmd_gatt_server_send_user_read_response
                0x0000000000025210                gecko_cmd_gatt_server_send_user_write_response
                0x0000000000025248                gecko_cmd_gatt_server_send_characteristic_notification
                0x0000000000025294                gecko_cmd_gatt_send_characteristic_confirmation
                0x00000000000252c4                gecko_cmd_gatt_server_set_database
 .text          0x00000000000252f4      0x17c /Applications/Simplicity Studio.app/Contents/Eclipse/developer/sdks/gecko_sdk_suite/v1.0//protocol/bluetooth_2.3/lib/EFR32BG1B/GCC/bgapi.a(bgapi_ps.c.obj)
                0x00000000000252f4                lib_flash_handler_init
                0x00000000000252f6                gecko_cmd_flash_ps_dump
                0x000000000002538c                gecko_cmd_flash_ps_erase_all
                0x00000000000253bc                gecko_cmd_flash_ps_save
                0x00000000000253f8                gecko_cmd_flash_ps_load
                0x000000000002543c                gecko_cmd_flash_ps_erase
 .text          0x0000000000025470      0x3cc /Applications/Simplicity Studio.app/Contents/Eclipse/developer/sdks/gecko_sdk_suite/v1.0//protocol/bluetooth_2.3/lib/EFR32BG1B/GCC/bgapi.a(bgapi_sm.c.obj)
                0x0000000000025538                lib_sm_handler_init
                0x000000000002554c                gecko_cmd_sm_list_all_bondings
                0x0000000000025584                gecko_cmd_sm_increase_security
                0x00000000000255b4                gecko_cmd_sm_set_bondable_mode
                0x00000000000255e0                gecko_cmd_sm_delete_bonding
                0x0000000000025610                gecko_cmd_sm_delete_bondings
                0x0000000000025640                gecko_cmd_sm_configure
                0x0000000000025670                gecko_cmd_sm_enter_passkey
                0x00000000000256a4                gecko_cmd_sm_set_passkey
                0x00000000000256d0                gecko_cmd_sm_passkey_confirm
                0x0000000000025704                gecko_cmd_sm_set_oob_data
                0x0000000000025734                gecko_cmd_sm_set_sc_remote_oob_data
                0x0000000000025764                gecko_cmd_sm_use_sc_oob
                0x00000000000257a4                gecko_cmd_sm_store_bonding_configuration
                0x00000000000257d8                gecko_cmd_sm_bonding_confirm
                0x000000000002580c                gecko_cmd_sm_set_debug_mode
 .text          0x000000000002583c      0x114 /Applications/Simplicity Studio.app/Contents/Eclipse/developer/sdks/gecko_sdk_suite/v1.0//protocol/bluetooth_2.3/lib/EFR32BG1B/GCC/bgapi.a(bgapi_system.c.obj)
                0x000000000002583c                lib_system_handler_init
                0x000000000002583e                gecko_cmd_system_get_bt_address
                0x0000000000025874                gecko_cmd_system_get_random_data
                0x00000000000258bc                gecko_cmd_system_halt
                0x00000000000258f0                gecko_cmd_system_set_tx_power
                0x0000000000025920                gecko_cmd_system_hello
                0x0000000000025948                gecko_cmd_system_reset
 .text          0x0000000000025950      0x1ac /Applications/Simplicity Studio.app/Contents/Eclipse/developer/sdks/gecko_sdk_suite/v1.0//protocol/bluetooth_2.3/lib/EFR32BG1B/GCC/bgapi.a(bgapi_endpoint.c.obj)
                0x0000000000025950                lib_endpoint_handler_init
                0x0000000000025952                gecko_cmd_endpoint_send
                0x00000000000259fc                gecko_cmd_endpoint_set_streaming_destination
                0x0000000000025a54                gecko_cmd_endpoint_close
                0x0000000000025ab0                gecko_cmd_endpoint_set_flags
                0x0000000000025ab2                gecko_cmd_endpoint_clr_flags
                0x0000000000025ab4                gecko_cmd_endpoint_read_counters
 .text          0x0000000000025afc      0x104 /Applications/Simplicity Studio.app/Contents/Eclipse/developer/sdks/gecko_sdk_suite/v1.0//protocol/bluetooth_2.3/lib/EFR32BG1B/GCC/bgapi.a(bgapi_le_connection.c.obj)
                0x0000000000025afc                lib_le_connection_handler_init
                0x0000000000025afe                gecko_cmd_le_connection_set_parameters
                0x0000000000025b4c                gecko_cmd_le_connection_get_rssi
                0x0000000000025b7c                gecko_cmd_le_connection_disable_slave_latency
                0x0000000000025bc4                gecko_cmd_le_connection_set_phy
 .text          0x0000000000025c00      0x220 /Applications/Simplicity Studio.app/Contents/Eclipse/developer/sdks/gecko_sdk_suite/v1.0//protocol/bluetooth_2.3/lib/EFR32BG1B/GCC/bgapi.a(uart_endpoint.c.obj)
                0x0000000000025c60                uart_output_available
                0x0000000000025c64                uart_transparent_input
                0x0000000000025ca2                uart_endpoint_func
                0x0000000000025d56                uart_change_flags
                0x0000000000025d64                init_uart_endpoints
 .text          0x0000000000025e20      0x17c /Applications/Simplicity Studio.app/Contents/Eclipse/developer/sdks/gecko_sdk_suite/v1.0//protocol/bluetooth_2.3/lib/EFR32BG1B/GCC/bgapi.a(bgapi_endpoint.c.obj)
                0x0000000000025f4c                init_bgapi_endpoints
 .text          0x0000000000025f9c       0xc8 /Applications/Simplicity Studio.app/Contents/Eclipse/developer/sdks/gecko_sdk_suite/v1.0//protocol/bluetooth_2.3/lib/EFR32BG1B/GCC/bgapi.a(adc.c.obj)
                0x0000000000025f9c                adc_read_channel
                0x0000000000025fcc                adc_read_port
                0x0000000000025fdc                adc_config_reference
                0x0000000000026010                adc_init
 .text          0x0000000000026064      0x160 /Applications/Simplicity Studio.app/Contents/Eclipse/developer/sdks/gecko_sdk_suite/v1.0//protocol/bluetooth_2.3/lib/EFR32BG1B/GCC/bgapi.a(gpio.c.obj)
                0x00000000000260dc                gpio_location_to_port
                0x00000000000260ec                gpio_location_to_pin_index
                0x0000000000026100                gpios_init
 .text          0x00000000000261c4      0x218 /Applications/Simplicity Studio.app/Contents/Eclipse/developer/sdks/gecko_sdk_suite/v1.0//protocol/bluetooth_2.3/lib/EFR32BG1B/GCC/bgapi.a(i2c.c.obj)
                0x00000000000261c4                i2c_init
                0x0000000000026250                i2c_stop
                0x0000000000026270                i2c_reset
                0x0000000000026290                i2c_read
                0x000000000002633c                i2c_write
 .text          0x00000000000263dc      0x160 /Applications/Simplicity Studio.app/Contents/Eclipse/developer/sdks/gecko_sdk_suite/v1.0//protocol/bluetooth_2.3/lib/EFR32BG1B/GCC/bgapi.a(sleep_signal.c.obj)
                0x000000000002640c                sleep_signal_init
                0x000000000002646c                sleep_signal_update
                0x00000000000264d8                host_wakeup_signal_init
                0x0000000000026514                host_wakeup_signal_update
 .text          0x000000000002653c      0x89c /Applications/Simplicity Studio.app/Contents/Eclipse/developer/sdks/gecko_sdk_suite/v1.0//protocol/bluetooth_2.3/lib/EFR32BG1B/GCC/bgapi.a(uart.c.obj)
                0x000000000002653c                LEUART0_IRQGeckoHandler
                0x000000000002653e                USART1_TX_IRQGeckoHandler
                0x0000000000026668                USART0_TX_IRQGeckoHandler
                0x0000000000026818                USART1_RX_IRQGeckoHandler
                0x0000000000026824                USART0_RX_IRQGeckoHandler
                0x0000000000026844                uart_update
                0x000000000002685c                uart_configure
                0x0000000000026930                uart_event_register
                0x0000000000026940                uarts_init
                0x0000000000026cc4                uart_get_flags
                0x0000000000026cd4                uart_write_bgbuf
                0x0000000000026d14                uart_read_bgbuf
                0x0000000000026d9c                uart_sleep
 .text          0x0000000000026dd8       0x30 /Applications/Simplicity Studio.app/Contents/Eclipse/developer/toolchains/gnu_arm/4.9_2015q3/bin/../lib/gcc/arm-none-eabi/4.9.3/armv7e-m/softfp/libgcc.a(_aeabi_uldivmod.o)
                0x0000000000026dd8                __aeabi_uldivmod
 .text          0x0000000000026e08       0x60 /Applications/Simplicity Studio.app/Contents/Eclipse/developer/toolchains/gnu_arm/4.9_2015q3/bin/../lib/gcc/arm-none-eabi/4.9.3/armv7e-m/softfp/libgcc.a(bpabi.o)
                0x0000000000026e08                __gnu_ldivmod_helper
                0x0000000000026e38                __gnu_uldivmod_helper
 .text          0x0000000000026e68        0x4 /Applications/Simplicity Studio.app/Contents/Eclipse/developer/toolchains/gnu_arm/4.9_2015q3/bin/../lib/gcc/arm-none-eabi/4.9.3/armv7e-m/softfp/libgcc.a(_dvmd_tls.o)
                0x0000000000026e68                __aeabi_ldiv0
                0x0000000000026e68                __aeabi_idiv0
 .text          0x0000000000026e6c      0x29c /Applications/Simplicity Studio.app/Contents/Eclipse/developer/toolchains/gnu_arm/4.9_2015q3/bin/../lib/gcc/arm-none-eabi/4.9.3/armv7e-m/softfp/libgcc.a(_divdi3.o)
                0x0000000000026e6c                __divdi3
 .text          0x0000000000027108      0x26c /Applications/Simplicity Studio.app/Contents/Eclipse/developer/toolchains/gnu_arm/4.9_2015q3/bin/../lib/gcc/arm-none-eabi/4.9.3/armv7e-m/softfp/libgcc.a(_udivdi3.o)
                0x0000000000027108                __udivdi3
 .text.exit     0x0000000000027374       0x20 /Applications/Simplicity Studio.app/Contents/Eclipse/developer/toolchains/gnu_arm/4.9_2015q3/bin/../lib/gcc/arm-none-eabi/4.9.3/../../../../arm-none-eabi/lib/armv7e-m/softfp/libc.a(lib_a-exit.o)
                0x0000000000027374                exit
 .text.__libc_init_array
                0x0000000000027394       0x50 /Applications/Simplicity Studio.app/Contents/Eclipse/developer/toolchains/gnu_arm/4.9_2015q3/bin/../lib/gcc/arm-none-eabi/4.9.3/../../../../arm-none-eabi/lib/armv7e-m/softfp/libc.a(lib_a-init.o)
                0x0000000000027394                __libc_init_array
 .text.memset   0x00000000000273e4       0x9c /Applications/Simplicity Studio.app/Contents/Eclipse/developer/toolchains/gnu_arm/4.9_2015q3/bin/../lib/gcc/arm-none-eabi/4.9.3/../../../../arm-none-eabi/lib/armv7e-m/softfp/libc.a(lib_a-memset.o)
                0x00000000000273e4                memset
 .text.startup.register_fini
                0x0000000000027480       0x14 /Applications/Simplicity Studio.app/Contents/Eclipse/developer/toolchains/gnu_arm/4.9_2015q3/bin/../lib/gcc/arm-none-eabi/4.9.3/../../../../arm-none-eabi/lib/armv7e-m/softfp/libc.a(lib_a-__call_atexit.o)
 .text.__call_exitprocs
                0x0000000000027494       0xd4 /Applications/Simplicity Studio.app/Contents/Eclipse/developer/toolchains/gnu_arm/4.9_2015q3/bin/../lib/gcc/arm-none-eabi/4.9.3/../../../../arm-none-eabi/lib/armv7e-m/softfp/libc.a(lib_a-__call_atexit.o)
                0x0000000000027494                __call_exitprocs
 .text.atexit   0x0000000000027568        0xc /Applications/Simplicity Studio.app/Contents/Eclipse/developer/toolchains/gnu_arm/4.9_2015q3/bin/../lib/gcc/arm-none-eabi/4.9.3/../../../../arm-none-eabi/lib/armv7e-m/softfp/libc.a(lib_a-atexit.o)
                0x0000000000027568                atexit
 .text.__libc_fini_array
                0x0000000000027574       0x2c /Applications/Simplicity Studio.app/Contents/Eclipse/developer/toolchains/gnu_arm/4.9_2015q3/bin/../lib/gcc/arm-none-eabi/4.9.3/../../../../arm-none-eabi/lib/armv7e-m/softfp/libc.a(lib_a-fini.o)
                0x0000000000027574                __libc_fini_array
 .text.__register_exitproc
                0x00000000000275a0       0xa4 /Applications/Simplicity Studio.app/Contents/Eclipse/developer/toolchains/gnu_arm/4.9_2015q3/bin/../lib/gcc/arm-none-eabi/4.9.3/../../../../arm-none-eabi/lib/armv7e-m/softfp/libc.a(lib_a-__atexit.o)
                0x00000000000275a0                __register_exitproc
 .text._exit    0x0000000000027644        0x4 /Applications/Simplicity Studio.app/Contents/Eclipse/developer/toolchains/gnu_arm/4.9_2015q3/bin/../lib/gcc/arm-none-eabi/4.9.3/../../../../arm-none-eabi/lib/armv7e-m/softfp/libnosys.a(_exit.o)
                0x0000000000027644                _exit
 *(.init)
 .init          0x0000000000027648        0x4 /Applications/Simplicity Studio.app/Contents/Eclipse/developer/toolchains/gnu_arm/4.9_2015q3/bin/../lib/gcc/arm-none-eabi/4.9.3/armv7e-m/softfp/crti.o
                0x0000000000027648                _init
 .init          0x000000000002764c        0x8 /Applications/Simplicity Studio.app/Contents/Eclipse/developer/toolchains/gnu_arm/4.9_2015q3/bin/../lib/gcc/arm-none-eabi/4.9.3/armv7e-m/softfp/crtn.o
 *(.fini)
 .fini          0x0000000000027654        0x4 /Applications/Simplicity Studio.app/Contents/Eclipse/developer/toolchains/gnu_arm/4.9_2015q3/bin/../lib/gcc/arm-none-eabi/4.9.3/armv7e-m/softfp/crti.o
                0x0000000000027654                _fini
 .fini          0x0000000000027658        0x8 /Applications/Simplicity Studio.app/Contents/Eclipse/developer/toolchains/gnu_arm/4.9_2015q3/bin/../lib/gcc/arm-none-eabi/4.9.3/armv7e-m/softfp/crtn.o
 *crtbegin.o(.ctors)
 *crtbegin?.o(.ctors)
 *(EXCLUDE_FILE(*crtend.o *crtend?.o) .ctors)
 *(SORT(.ctors.*))
 *(.ctors)
 *crtbegin.o(.dtors)
 *crtbegin?.o(.dtors)
 *(EXCLUDE_FILE(*crtend.o *crtend?.o) .dtors)
 *(SORT(.dtors.*))
 *(.dtors)
 *(.rodata*)
 .rodata.ptiInit
                0x0000000000027660       0x24 ./main.o
 .rodata.config
                0x0000000000027684       0xe8 ./main.o
 .rodata.str1.4
                0x000000000002776c        0x4 ./main.o
 .rodata        0x0000000000027770       0x18 ./peripherals.o
 .rodata.str1.4
                0x0000000000027788       0x2f ./peripherals.o
 *fill*         0x00000000000277b7        0x1 
 .rodata        0x00000000000277b8        0x4 ./bgapi/dmadrv.o
 .rodata.CSWTCH.45
                0x00000000000277bc        0xc ./emlib/em_cmu.o
 .rodata.CSWTCH.46
                0x00000000000277c8       0x10 ./emlib/em_cmu.o
 .rodata.CSWTCH.47
                0x00000000000277d8       0x10 ./emlib/em_cmu.o
 .rodata.CSWTCH.48
                0x00000000000277e8       0x10 ./emlib/em_cmu.o
 .rodata.i2cNSum
                0x00000000000277f8        0x4 ./emlib/em_i2c.o
 .rodata        0x00000000000277fc       0x68 ./src/InitDevice.o
 .rodata        0x0000000000027864       0x78 /Applications/Simplicity Studio.app/Contents/Eclipse/developer/sdks/gecko_sdk_suite/v1.0//protocol/bluetooth_2.3/lib/EFR32BG1B/GCC/bgapi.a(gecko_bgapi_hardware.c.obj)
 .rodata        0x00000000000278dc       0x30 /Applications/Simplicity Studio.app/Contents/Eclipse/developer/sdks/gecko_sdk_suite/v1.0//protocol/bluetooth_2.3/lib/EFR32BG1B/GCC/bgapi.a(gecko_bgapi_test.c.obj)
 .rodata        0x000000000002790c       0x18 /Applications/Simplicity Studio.app/Contents/Eclipse/developer/sdks/gecko_sdk_suite/v1.0//protocol/bluetooth_2.3/lib/EFR32BG1B/GCC/bgapi.a(gecko_bgapi_util.c.obj)
 .rodata        0x0000000000027924       0x28 /Applications/Simplicity Studio.app/Contents/Eclipse/developer/sdks/gecko_sdk_suite/v1.0//protocol/bluetooth_2.3/lib/EFR32BG1B/GCC/bgapi.a(gecko_bgapi_dfu.c.obj)
 .rodata        0x000000000002794c       0x70 /Applications/Simplicity Studio.app/Contents/Eclipse/developer/sdks/gecko_sdk_suite/v1.0//protocol/bluetooth_2.3/lib/EFR32BG1B/GCC/bgapi.a(gecko_bgapi_gap.c.obj)
 .rodata        0x00000000000279bc       0xa0 /Applications/Simplicity Studio.app/Contents/Eclipse/developer/sdks/gecko_sdk_suite/v1.0//protocol/bluetooth_2.3/lib/EFR32BG1B/GCC/bgapi.a(gecko_bgapi_gatt.c.obj)
 .rodata        0x0000000000027a5c       0x48 /Applications/Simplicity Studio.app/Contents/Eclipse/developer/sdks/gecko_sdk_suite/v1.0//protocol/bluetooth_2.3/lib/EFR32BG1B/GCC/bgapi.a(gecko_bgapi_gatt_server.c.obj)
 .rodata        0x0000000000027aa4       0x30 /Applications/Simplicity Studio.app/Contents/Eclipse/developer/sdks/gecko_sdk_suite/v1.0//protocol/bluetooth_2.3/lib/EFR32BG1B/GCC/bgapi.a(gecko_bgapi_flash.c.obj)
 .rodata        0x0000000000027ad4       0x80 /Applications/Simplicity Studio.app/Contents/Eclipse/developer/sdks/gecko_sdk_suite/v1.0//protocol/bluetooth_2.3/lib/EFR32BG1B/GCC/bgapi.a(gecko_bgapi_sm.c.obj)
 .rodata        0x0000000000027b54       0x38 /Applications/Simplicity Studio.app/Contents/Eclipse/developer/sdks/gecko_sdk_suite/v1.0//protocol/bluetooth_2.3/lib/EFR32BG1B/GCC/bgapi.a(gecko_bgapi_system.c.obj)
 .rodata        0x0000000000027b8c       0x38 /Applications/Simplicity Studio.app/Contents/Eclipse/developer/sdks/gecko_sdk_suite/v1.0//protocol/bluetooth_2.3/lib/EFR32BG1B/GCC/bgapi.a(gecko_bgapi_endpoint.c.obj)
 .rodata        0x0000000000027bc4       0x28 /Applications/Simplicity Studio.app/Contents/Eclipse/developer/sdks/gecko_sdk_suite/v1.0//protocol/bluetooth_2.3/lib/EFR32BG1B/GCC/bgapi.a(gecko_bgapi_le_connection.c.obj)
 .rodata        0x0000000000027bec       0x18 /Applications/Simplicity Studio.app/Contents/Eclipse/developer/sdks/gecko_sdk_suite/v1.0//protocol/bluetooth_2.3/lib/EFR32BG1B/GCC/bgapi.a(bgapi_sm.c.obj)
 .rodata        0x0000000000027c04       0x18 /Applications/Simplicity Studio.app/Contents/Eclipse/developer/sdks/gecko_sdk_suite/v1.0//protocol/bluetooth_2.3/lib/EFR32BG1B/GCC/bgapi.a(adc.c.obj)
 .rodata        0x0000000000027c1c       0x40 /Applications/Simplicity Studio.app/Contents/Eclipse/developer/sdks/gecko_sdk_suite/v1.0//protocol/bluetooth_2.3/lib/EFR32BG1B/GCC/bgapi.a(gpio.c.obj)
 .rodata        0x0000000000027c5c       0x10 /Applications/Simplicity Studio.app/Contents/Eclipse/developer/sdks/gecko_sdk_suite/v1.0//protocol/bluetooth_2.3/lib/EFR32BG1B/GCC/bgapi.a(i2c.c.obj)
 .rodata        0x0000000000027c6c       0x60 /Applications/Simplicity Studio.app/Contents/Eclipse/developer/sdks/gecko_sdk_suite/v1.0//protocol/bluetooth_2.3/lib/EFR32BG1B/GCC/bgapi.a(uart.c.obj)
 .rodata.str1.4
                0x0000000000027ccc        0x4 /Applications/Simplicity Studio.app/Contents/Eclipse/developer/toolchains/gnu_arm/4.9_2015q3/bin/../lib/gcc/arm-none-eabi/4.9.3/../../../../arm-none-eabi/lib/armv7e-m/softfp/libc.a(lib_a-impure.o)
                                          0x2 (size before relaxing)
 .rodata._global_impure_ptr
                0x0000000000027cd0        0x4 /Applications/Simplicity Studio.app/Contents/Eclipse/developer/toolchains/gnu_arm/4.9_2015q3/bin/../lib/gcc/arm-none-eabi/4.9.3/../../../../arm-none-eabi/lib/armv7e-m/softfp/libc.a(lib_a-impure.o)
                0x0000000000027cd0                _global_impure_ptr
 *(.eh_frame*)
 .eh_frame      0x0000000000027cd4        0x0 /Applications/Simplicity Studio.app/Contents/Eclipse/developer/toolchains/gnu_arm/4.9_2015q3/bin/../lib/gcc/arm-none-eabi/4.9.3/armv7e-m/softfp/crtbegin.o
 .eh_frame      0x0000000000027cd4        0x4 /Applications/Simplicity Studio.app/Contents/Eclipse/developer/toolchains/gnu_arm/4.9_2015q3/bin/../lib/gcc/arm-none-eabi/4.9.3/armv7e-m/softfp/crtend.o
                0x0000000000027cd8                . = ALIGN (0x4)

.glue_7         0x0000000000027cd8        0x0
 .glue_7        0x0000000000000000        0x0 linker stubs

.glue_7t        0x0000000000027cd8        0x0
 .glue_7t       0x0000000000000000        0x0 linker stubs

.vfp11_veneer   0x0000000000027cd8        0x0
 .vfp11_veneer  0x0000000000000000        0x0 linker stubs

.v4_bx          0x0000000000027cd8        0x0
 .v4_bx         0x0000000000000000        0x0 linker stubs

.iplt           0x0000000000027cd8        0x0
 .iplt          0x0000000000000000        0x0 /Applications/Simplicity Studio.app/Contents/Eclipse/developer/toolchains/gnu_arm/4.9_2015q3/bin/../lib/gcc/arm-none-eabi/4.9.3/armv7e-m/softfp/crtbegin.o

.igot.plt       0x0000000000027cd8        0x0
 .igot.plt      0x0000000000000000        0x0 /Applications/Simplicity Studio.app/Contents/Eclipse/developer/toolchains/gnu_arm/4.9_2015q3/bin/../lib/gcc/arm-none-eabi/4.9.3/armv7e-m/softfp/crtbegin.o

.text_app_ARM.extab
 *(.ARM.extab* .gnu.linkonce.armextab.*)
                0x0000000000027cd8                __exidx_start = .

.text_app_ARM.exidx
                0x0000000000027cd8        0x8
 *(.ARM.exidx* .gnu.linkonce.armexidx.*)
 .ARM.exidx     0x0000000000027cd8        0x8 /Applications/Simplicity Studio.app/Contents/Eclipse/developer/toolchains/gnu_arm/4.9_2015q3/bin/../lib/gcc/arm-none-eabi/4.9.3/../../../../arm-none-eabi/lib/armv7e-m/softfp/crt0.o
 .ARM.exidx     0x0000000000027ce0        0x0 /Applications/Simplicity Studio.app/Contents/Eclipse/developer/toolchains/gnu_arm/4.9_2015q3/bin/../lib/gcc/arm-none-eabi/4.9.3/armv7e-m/softfp/libgcc.a(_divdi3.o)
                                          0x8 (size before relaxing)
 .ARM.exidx     0x0000000000027ce0        0x0 /Applications/Simplicity Studio.app/Contents/Eclipse/developer/toolchains/gnu_arm/4.9_2015q3/bin/../lib/gcc/arm-none-eabi/4.9.3/armv7e-m/softfp/libgcc.a(_udivdi3.o)
                                          0x8 (size before relaxing)
                0x0000000000027ce0                __exidx_end = .
                0x0000000000027ce0                __etext = .

.rel.dyn        0x0000000000027ce0        0x0
 .rel.iplt      0x0000000000000000        0x0 /Applications/Simplicity Studio.app/Contents/Eclipse/developer/toolchains/gnu_arm/4.9_2015q3/bin/../lib/gcc/arm-none-eabi/4.9.3/armv7e-m/softfp/crtbegin.o

.text_app_data  0x0000000020003000      0x480 load address 0x0000000000027ce0
                0x0000000020003000                __data_start__ = .
 *(vtable)
 *(.data*)
 .data.bg_gattdb_data_attribute_field_6_data
                0x0000000020003000        0xd ./gatt_db.o
                0x0000000020003000                bg_gattdb_data_attribute_field_6_data
 *fill*         0x000000002000300d        0x3 
 .data.auxHfrcoFreq
                0x0000000020003010        0x4 ./emlib/em_cmu.o
 .data          0x0000000020003014        0x1 /Applications/Simplicity Studio.app/Contents/Eclipse/developer/sdks/gecko_sdk_suite/v1.0//protocol/bluetooth_2.3/lib/EFR32BG1B/GCC/bgapi.a(bgapi_endpoint.c.obj)
 *fill*         0x0000000020003015        0x3 
 .data          0x0000000020003018       0x30 /Applications/Simplicity Studio.app/Contents/Eclipse/developer/sdks/gecko_sdk_suite/v1.0//protocol/bluetooth_2.3/lib/EFR32BG1B/GCC/bgapi.a(adc.c.obj)
 .data.impure_data
                0x0000000020003048      0x428 /Applications/Simplicity Studio.app/Contents/Eclipse/developer/toolchains/gnu_arm/4.9_2015q3/bin/../lib/gcc/arm-none-eabi/4.9.3/../../../../arm-none-eabi/lib/armv7e-m/softfp/libc.a(lib_a-impure.o)
                0x0000000020003470                . = ALIGN (0x4)
 *(.ram)
                0x0000000020003470                . = ALIGN (0x4)
                0x0000000020003470                PROVIDE (__preinit_array_start, .)
 *(.preinit_array)
                0x0000000020003470                PROVIDE (__preinit_array_end, .)
                0x0000000020003470                . = ALIGN (0x4)
                0x0000000020003470                PROVIDE (__init_array_start, .)
 *(SORT(.init_array.*))
 .init_array.00000
                0x0000000020003470        0x4 /Applications/Simplicity Studio.app/Contents/Eclipse/developer/toolchains/gnu_arm/4.9_2015q3/bin/../lib/gcc/arm-none-eabi/4.9.3/../../../../arm-none-eabi/lib/armv7e-m/softfp/libc.a(lib_a-__call_atexit.o)
 *(.init_array)
 .init_array    0x0000000020003474        0x4 /Applications/Simplicity Studio.app/Contents/Eclipse/developer/toolchains/gnu_arm/4.9_2015q3/bin/../lib/gcc/arm-none-eabi/4.9.3/armv7e-m/softfp/crtbegin.o
                0x0000000020003478                PROVIDE (__init_array_end, .)
                0x0000000020003478                . = ALIGN (0x4)
                0x0000000020003478                PROVIDE (__fini_array_start, .)
 *(SORT(.fini_array.*))
 *(.fini_array)
 .fini_array    0x0000000020003478        0x4 /Applications/Simplicity Studio.app/Contents/Eclipse/developer/toolchains/gnu_arm/4.9_2015q3/bin/../lib/gcc/arm-none-eabi/4.9.3/armv7e-m/softfp/crtbegin.o
                0x000000002000347c                PROVIDE (__fini_array_end, .)
 *(.jcr*)
 .jcr           0x000000002000347c        0x0 /Applications/Simplicity Studio.app/Contents/Eclipse/developer/toolchains/gnu_arm/4.9_2015q3/bin/../lib/gcc/arm-none-eabi/4.9.3/armv7e-m/softfp/crtbegin.o
 .jcr           0x000000002000347c        0x4 /Applications/Simplicity Studio.app/Contents/Eclipse/developer/toolchains/gnu_arm/4.9_2015q3/bin/../lib/gcc/arm-none-eabi/4.9.3/armv7e-m/softfp/crtend.o
                0x0000000020003480                . = ALIGN (0x4)
                0x0000000020003480                __data_end__ = .

.bss            0x0000000020003480     0x1ce0 load address 0x0000000000028160
                0x0000000020003480                . = ALIGN (0x4)
                0x0000000020003480                __bss_start__ = .
 *(.bss*)
 .bss           0x0000000020003480       0x1c /Applications/Simplicity Studio.app/Contents/Eclipse/developer/toolchains/gnu_arm/4.9_2015q3/bin/../lib/gcc/arm-none-eabi/4.9.3/armv7e-m/softfp/crtbegin.o
 .bss.bg_gattdb_data_attribute_field_2_data
                0x000000002000349c        0x4 ./gatt_db.o
                0x000000002000349c                bg_gattdb_data_attribute_field_2_data
 .bss.boot_to_dfu
                0x00000000200034a0        0x1 ./main.o
                0x00000000200034a0                boot_to_dfu
 *fill*         0x00000000200034a1        0x3 
 .bss.ADCresult
                0x00000000200034a4        0x4 ./peripherals.o
 .bss.UARTbufferctr
                0x00000000200034a8        0x1 ./peripherals.o
 *fill*         0x00000000200034a9        0x3 
 .bss.leuartif  0x00000000200034ac        0x4 ./peripherals.o
 .bss.desiredDutyCycle
                0x00000000200034b0        0x1 ./peripherals.o
 *fill*         0x00000000200034b1        0x3 
 .bss.SOFReceived
                0x00000000200034b4        0x4 ./peripherals.o
                0x00000000200034b4                SOFReceived
 .bss.chTable   0x00000000200034b8       0xa0 ./bgapi/dmadrv.o
 .bss.initialized
                0x0000000020003558        0x1 ./bgapi/dmadrv.o
 *fill*         0x0000000020003559        0x3 
 .bss.dmaXfer   0x000000002000355c      0x100 ./bgapi/dmadrv.o
 .bss           0x000000002000365c      0x100 /Applications/Simplicity Studio.app/Contents/Eclipse/developer/sdks/gecko_sdk_suite/v1.0//protocol/bluetooth_2.3/lib/EFR32BG1B/GCC/bgapi.a(bgapi_hardware_lib.c.obj)
 .bss           0x000000002000375c        0x4 /Applications/Simplicity Studio.app/Contents/Eclipse/developer/sdks/gecko_sdk_suite/v1.0//protocol/bluetooth_2.3/lib/EFR32BG1B/GCC/bgapi.a(bgapi_hardware.c.obj)
 .bss           0x0000000020003760       0x10 /Applications/Simplicity Studio.app/Contents/Eclipse/developer/sdks/gecko_sdk_suite/v1.0//protocol/bluetooth_2.3/lib/EFR32BG1B/GCC/bgapi.a(bgapi_util.c.obj)
 .bss           0x0000000020003770        0x2 /Applications/Simplicity Studio.app/Contents/Eclipse/developer/sdks/gecko_sdk_suite/v1.0//protocol/bluetooth_2.3/lib/EFR32BG1B/GCC/bgapi.a(bgapi_gap.c.obj)
                0x0000000020003770                legacy_maxadv_events
 *fill*         0x0000000020003772        0x2 
 .bss           0x0000000020003774        0x4 /Applications/Simplicity Studio.app/Contents/Eclipse/developer/sdks/gecko_sdk_suite/v1.0//protocol/bluetooth_2.3/lib/EFR32BG1B/GCC/bgapi.a(bgapi_sm.c.obj)
 .bss           0x0000000020003778        0xc /Applications/Simplicity Studio.app/Contents/Eclipse/developer/sdks/gecko_sdk_suite/v1.0//protocol/bluetooth_2.3/lib/EFR32BG1B/GCC/bgapi.a(bgapi_endpoint.c.obj)
 .bss           0x0000000020003784        0x4 /Applications/Simplicity Studio.app/Contents/Eclipse/developer/sdks/gecko_sdk_suite/v1.0//protocol/bluetooth_2.3/lib/EFR32BG1B/GCC/bgapi.a(adc.c.obj)
 .bss           0x0000000020003788        0x2 /Applications/Simplicity Studio.app/Contents/Eclipse/developer/sdks/gecko_sdk_suite/v1.0//protocol/bluetooth_2.3/lib/EFR32BG1B/GCC/bgapi.a(i2c.c.obj)
 *fill*         0x000000002000378a        0x2 
 .bss           0x000000002000378c       0x2c /Applications/Simplicity Studio.app/Contents/Eclipse/developer/sdks/gecko_sdk_suite/v1.0//protocol/bluetooth_2.3/lib/EFR32BG1B/GCC/bgapi.a(sleep_signal.c.obj)
                0x00000000200037a0                sleep_signal_mask
                0x00000000200037b4                host_wakeup_signal_mask
 .bss           0x00000000200037b8       0x70 /Applications/Simplicity Studio.app/Contents/Eclipse/developer/sdks/gecko_sdk_suite/v1.0//protocol/bluetooth_2.3/lib/EFR32BG1B/GCC/bgapi.a(uart.c.obj)
 *(COMMON)
 COMMON         0x0000000020003828     0x18d8 ./main.o
                0x0000000020003828                tempo
                0x000000002000382c                localPWM
                0x0000000020003830                bluetooth_stack_heap
 COMMON         0x0000000020005100       0x50 ./peripherals.o
                0x0000000020005100                UARTObj
                0x0000000020005104                UserGPIOs
                0x0000000020005108                ADCObj
                0x000000002000510c                PWMObj
                0x0000000020005110                UARTbuffer
 COMMON         0x0000000020005150        0xc /Applications/Simplicity Studio.app/Contents/Eclipse/developer/sdks/gecko_sdk_suite/v1.0//protocol/bluetooth_2.3/lib/EFR32BG1B/GCC/bgapi.a(uart_endpoint.c.obj)
                0x0000000020005150                uarts
 COMMON         0x000000002000515c        0x1 /Applications/Simplicity Studio.app/Contents/Eclipse/developer/sdks/gecko_sdk_suite/v1.0//protocol/bluetooth_2.3/lib/EFR32BG1B/GCC/bgapi.a(gpio.c.obj)
                0x000000002000515c                gpio_events
                0x0000000020005160                . = ALIGN (0x4)
 *fill*         0x000000002000515d        0x3 
                0x0000000020005160                __bss_end__ = .

.heap           0x0000000020005160      0xc00
                0x0000000020005160                __HeapBase = .
                0x0000000020005160                __end__ = .
                0x0000000020005160                end = __end__
                0x0000000020005160                _end = __end__
 *(.heap*)
 .heap          0x0000000020005160      0xc00 ./device/EFR32_B_1_1_B/gcc/startup_efr32bg1b.o
                0x0000000020005d60                __HeapLimit = .

.stack_dummy    0x0000000020005d60      0x400
 *(.stack*)
 .stack         0x0000000020005d60      0x400 ./device/EFR32_B_1_1_B/gcc/startup_efr32bg1b.o
                0x0000000020007bfc                __StackTop = (ORIGIN (RAM) + 0x4bfc)
                0x00000000200077fc                __StackLimit = (__StackTop - SIZEOF (.stack_dummy))
                0x0000000020007bfc                PROVIDE (__stack, __StackTop)
                0x0000000000000001                ASSERT ((__StackLimit >= __HeapLimit), region RAM overflowed with stack)
OUTPUT(EmptywHW.axf elf32-littlearm)

.ARM.attributes
                0x0000000000000000       0x2e
 .ARM.attributes
                0x0000000000000000       0x22 /Applications/Simplicity Studio.app/Contents/Eclipse/developer/toolchains/gnu_arm/4.9_2015q3/bin/../lib/gcc/arm-none-eabi/4.9.3/armv7e-m/softfp/crti.o
 .ARM.attributes
                0x0000000000000022       0x32 /Applications/Simplicity Studio.app/Contents/Eclipse/developer/toolchains/gnu_arm/4.9_2015q3/bin/../lib/gcc/arm-none-eabi/4.9.3/armv7e-m/softfp/crtbegin.o
 .ARM.attributes
                0x0000000000000054       0x20 /Applications/Simplicity Studio.app/Contents/Eclipse/developer/toolchains/gnu_arm/4.9_2015q3/bin/../lib/gcc/arm-none-eabi/4.9.3/../../../../arm-none-eabi/lib/armv7e-m/softfp/crt0.o
 .ARM.attributes
                0x0000000000000074       0x37 ./em_timer.o
 .ARM.attributes
                0x00000000000000ab       0x37 ./gatt_db.o
 .ARM.attributes
                0x00000000000000e2       0x37 ./main.o
 .ARM.attributes
                0x0000000000000119       0x37 ./peripherals.o
 .ARM.attributes
                0x0000000000000150       0x37 ./bgapi/dmadrv.o
 .ARM.attributes
                0x0000000000000187       0x37 ./bgapi/em_adc.o
 .ARM.attributes
                0x00000000000001be       0x37 ./bgapi/em_ldma.o
 .ARM.attributes
                0x00000000000001f5       0x37 ./bgapi/em_leuart.o
 .ARM.attributes
                0x000000000000022c       0x37 ./device/EFR32_B_1_1_B/gcc/startup_efr32bg1b.o
 .ARM.attributes
                0x0000000000000263       0x37 ./emlib/em_cmu.o
 .ARM.attributes
                0x000000000000029a       0x37 ./emlib/em_gpio.o
 .ARM.attributes
                0x00000000000002d1       0x37 ./emlib/em_i2c.o
 .ARM.attributes
                0x0000000000000308       0x37 ./emlib/em_letimer.o
 .ARM.attributes
                0x000000000000033f       0x37 ./emlib/em_rtcc.o
 .ARM.attributes
                0x0000000000000376       0x37 ./emlib/em_system.o
 .ARM.attributes
                0x00000000000003ad       0x37 ./emlib/em_usart.o
 .ARM.attributes
                0x00000000000003e4       0x37 ./src/InitDevice.o
 .ARM.attributes
                0x000000000000041b       0x1c /Applications/Simplicity Studio.app/Contents/Eclipse/developer/sdks/gecko_sdk_suite/v1.0//protocol/bluetooth_2.3/lib/EFR32BG1B/EABI/binstack.o
 .ARM.attributes
                0x0000000000000437       0x37 /Applications/Simplicity Studio.app/Contents/Eclipse/developer/sdks/gecko_sdk_suite/v1.0//protocol/bluetooth_2.3/lib/EFR32BG1B/GCC/bgapi.a(gecko_bgapi_hardware.c.obj)
 .ARM.attributes
                0x000000000000046e       0x37 /Applications/Simplicity Studio.app/Contents/Eclipse/developer/sdks/gecko_sdk_suite/v1.0//protocol/bluetooth_2.3/lib/EFR32BG1B/GCC/bgapi.a(gecko_bgapi_test.c.obj)
 .ARM.attributes
                0x00000000000004a5       0x37 /Applications/Simplicity Studio.app/Contents/Eclipse/developer/sdks/gecko_sdk_suite/v1.0//protocol/bluetooth_2.3/lib/EFR32BG1B/GCC/bgapi.a(gecko_bgapi_util.c.obj)
 .ARM.attributes
                0x00000000000004dc       0x37 /Applications/Simplicity Studio.app/Contents/Eclipse/developer/sdks/gecko_sdk_suite/v1.0//protocol/bluetooth_2.3/lib/EFR32BG1B/GCC/bgapi.a(gecko_bgapi_dfu.c.obj)
 .ARM.attributes
                0x0000000000000513       0x37 /Applications/Simplicity Studio.app/Contents/Eclipse/developer/sdks/gecko_sdk_suite/v1.0//protocol/bluetooth_2.3/lib/EFR32BG1B/GCC/bgapi.a(gecko_bgapi_gap.c.obj)
 .ARM.attributes
                0x000000000000054a       0x37 /Applications/Simplicity Studio.app/Contents/Eclipse/developer/sdks/gecko_sdk_suite/v1.0//protocol/bluetooth_2.3/lib/EFR32BG1B/GCC/bgapi.a(gecko_bgapi_gatt.c.obj)
 .ARM.attributes
                0x0000000000000581       0x37 /Applications/Simplicity Studio.app/Contents/Eclipse/developer/sdks/gecko_sdk_suite/v1.0//protocol/bluetooth_2.3/lib/EFR32BG1B/GCC/bgapi.a(gecko_bgapi_gatt_server.c.obj)
 .ARM.attributes
                0x00000000000005b8       0x37 /Applications/Simplicity Studio.app/Contents/Eclipse/developer/sdks/gecko_sdk_suite/v1.0//protocol/bluetooth_2.3/lib/EFR32BG1B/GCC/bgapi.a(gecko_bgapi_flash.c.obj)
 .ARM.attributes
                0x00000000000005ef       0x37 /Applications/Simplicity Studio.app/Contents/Eclipse/developer/sdks/gecko_sdk_suite/v1.0//protocol/bluetooth_2.3/lib/EFR32BG1B/GCC/bgapi.a(gecko_bgapi_sm.c.obj)
 .ARM.attributes
                0x0000000000000626       0x37 /Applications/Simplicity Studio.app/Contents/Eclipse/developer/sdks/gecko_sdk_suite/v1.0//protocol/bluetooth_2.3/lib/EFR32BG1B/GCC/bgapi.a(gecko_bgapi_system.c.obj)
 .ARM.attributes
                0x000000000000065d       0x37 /Applications/Simplicity Studio.app/Contents/Eclipse/developer/sdks/gecko_sdk_suite/v1.0//protocol/bluetooth_2.3/lib/EFR32BG1B/GCC/bgapi.a(gecko_bgapi_endpoint.c.obj)
 .ARM.attributes
                0x0000000000000694       0x37 /Applications/Simplicity Studio.app/Contents/Eclipse/developer/sdks/gecko_sdk_suite/v1.0//protocol/bluetooth_2.3/lib/EFR32BG1B/GCC/bgapi.a(gecko_bgapi_le_connection.c.obj)
 .ARM.attributes
                0x00000000000006cb       0x37 /Applications/Simplicity Studio.app/Contents/Eclipse/developer/sdks/gecko_sdk_suite/v1.0//protocol/bluetooth_2.3/lib/EFR32BG1B/GCC/bgapi.a(bgapi_hardware_lib.c.obj)
 .ARM.attributes
                0x0000000000000702       0x37 /Applications/Simplicity Studio.app/Contents/Eclipse/developer/sdks/gecko_sdk_suite/v1.0//protocol/bluetooth_2.3/lib/EFR32BG1B/GCC/bgapi.a(bgapi_hardware.c.obj)
 .ARM.attributes
                0x0000000000000739       0x37 /Applications/Simplicity Studio.app/Contents/Eclipse/developer/sdks/gecko_sdk_suite/v1.0//protocol/bluetooth_2.3/lib/EFR32BG1B/GCC/bgapi.a(bgapi_test_lib.c.obj)
 .ARM.attributes
                0x0000000000000770       0x37 /Applications/Simplicity Studio.app/Contents/Eclipse/developer/sdks/gecko_sdk_suite/v1.0//protocol/bluetooth_2.3/lib/EFR32BG1B/GCC/bgapi.a(bgapi_util.c.obj)
 .ARM.attributes
                0x00000000000007a7       0x37 /Applications/Simplicity Studio.app/Contents/Eclipse/developer/sdks/gecko_sdk_suite/v1.0//protocol/bluetooth_2.3/lib/EFR32BG1B/GCC/bgapi.a(bgapi_dfu.c.obj)
 .ARM.attributes
                0x00000000000007de       0x37 /Applications/Simplicity Studio.app/Contents/Eclipse/developer/sdks/gecko_sdk_suite/v1.0//protocol/bluetooth_2.3/lib/EFR32BG1B/GCC/bgapi.a(bgapi_gap.c.obj)
 .ARM.attributes
                0x0000000000000815       0x37 /Applications/Simplicity Studio.app/Contents/Eclipse/developer/sdks/gecko_sdk_suite/v1.0//protocol/bluetooth_2.3/lib/EFR32BG1B/GCC/bgapi.a(bgapi_gatt_lib.c.obj)
 .ARM.attributes
                0x000000000000084c       0x37 /Applications/Simplicity Studio.app/Contents/Eclipse/developer/sdks/gecko_sdk_suite/v1.0//protocol/bluetooth_2.3/lib/EFR32BG1B/GCC/bgapi.a(bgapi_ps.c.obj)
 .ARM.attributes
                0x0000000000000883       0x37 /Applications/Simplicity Studio.app/Contents/Eclipse/developer/sdks/gecko_sdk_suite/v1.0//protocol/bluetooth_2.3/lib/EFR32BG1B/GCC/bgapi.a(bgapi_sm.c.obj)
 .ARM.attributes
                0x00000000000008ba       0x37 /Applications/Simplicity Studio.app/Contents/Eclipse/developer/sdks/gecko_sdk_suite/v1.0//protocol/bluetooth_2.3/lib/EFR32BG1B/GCC/bgapi.a(bgapi_system.c.obj)
 .ARM.attributes
                0x00000000000008f1       0x37 /Applications/Simplicity Studio.app/Contents/Eclipse/developer/sdks/gecko_sdk_suite/v1.0//protocol/bluetooth_2.3/lib/EFR32BG1B/GCC/bgapi.a(bgapi_endpoint.c.obj)
 .ARM.attributes
                0x0000000000000928       0x37 /Applications/Simplicity Studio.app/Contents/Eclipse/developer/sdks/gecko_sdk_suite/v1.0//protocol/bluetooth_2.3/lib/EFR32BG1B/GCC/bgapi.a(bgapi_le_connection.c.obj)
 .ARM.attributes
                0x000000000000095f       0x37 /Applications/Simplicity Studio.app/Contents/Eclipse/developer/sdks/gecko_sdk_suite/v1.0//protocol/bluetooth_2.3/lib/EFR32BG1B/GCC/bgapi.a(uart_endpoint.c.obj)
 .ARM.attributes
                0x0000000000000996       0x37 /Applications/Simplicity Studio.app/Contents/Eclipse/developer/sdks/gecko_sdk_suite/v1.0//protocol/bluetooth_2.3/lib/EFR32BG1B/GCC/bgapi.a(bgapi_endpoint.c.obj)
 .ARM.attributes
                0x00000000000009cd       0x37 /Applications/Simplicity Studio.app/Contents/Eclipse/developer/sdks/gecko_sdk_suite/v1.0//protocol/bluetooth_2.3/lib/EFR32BG1B/GCC/bgapi.a(adc.c.obj)
 .ARM.attributes
                0x0000000000000a04       0x37 /Applications/Simplicity Studio.app/Contents/Eclipse/developer/sdks/gecko_sdk_suite/v1.0//protocol/bluetooth_2.3/lib/EFR32BG1B/GCC/bgapi.a(gpio.c.obj)
 .ARM.attributes
                0x0000000000000a3b       0x37 /Applications/Simplicity Studio.app/Contents/Eclipse/developer/sdks/gecko_sdk_suite/v1.0//protocol/bluetooth_2.3/lib/EFR32BG1B/GCC/bgapi.a(i2c.c.obj)
 .ARM.attributes
                0x0000000000000a72       0x37 /Applications/Simplicity Studio.app/Contents/Eclipse/developer/sdks/gecko_sdk_suite/v1.0//protocol/bluetooth_2.3/lib/EFR32BG1B/GCC/bgapi.a(sleep_signal.c.obj)
 .ARM.attributes
                0x0000000000000aa9       0x37 /Applications/Simplicity Studio.app/Contents/Eclipse/developer/sdks/gecko_sdk_suite/v1.0//protocol/bluetooth_2.3/lib/EFR32BG1B/GCC/bgapi.a(uart.c.obj)
 .ARM.attributes
                0x0000000000000ae0       0x1c /Applications/Simplicity Studio.app/Contents/Eclipse/developer/sdks/gecko_sdk_suite/v1.0//protocol/bluetooth_2.3/lib/EFR32BG1B/EABI/binbootloader.o
 .ARM.attributes
                0x0000000000000afc       0x22 /Applications/Simplicity Studio.app/Contents/Eclipse/developer/toolchains/gnu_arm/4.9_2015q3/bin/../lib/gcc/arm-none-eabi/4.9.3/armv7e-m/softfp/libgcc.a(_aeabi_uldivmod.o)
 .ARM.attributes
                0x0000000000000b1e       0x32 /Applications/Simplicity Studio.app/Contents/Eclipse/developer/toolchains/gnu_arm/4.9_2015q3/bin/../lib/gcc/arm-none-eabi/4.9.3/armv7e-m/softfp/libgcc.a(bpabi.o)
 .ARM.attributes
                0x0000000000000b50       0x22 /Applications/Simplicity Studio.app/Contents/Eclipse/developer/toolchains/gnu_arm/4.9_2015q3/bin/../lib/gcc/arm-none-eabi/4.9.3/armv7e-m/softfp/libgcc.a(_dvmd_tls.o)
 .ARM.attributes
                0x0000000000000b72       0x32 /Applications/Simplicity Studio.app/Contents/Eclipse/developer/toolchains/gnu_arm/4.9_2015q3/bin/../lib/gcc/arm-none-eabi/4.9.3/armv7e-m/softfp/libgcc.a(_divdi3.o)
 .ARM.attributes
                0x0000000000000ba4       0x32 /Applications/Simplicity Studio.app/Contents/Eclipse/developer/toolchains/gnu_arm/4.9_2015q3/bin/../lib/gcc/arm-none-eabi/4.9.3/armv7e-m/softfp/libgcc.a(_udivdi3.o)
 .ARM.attributes
                0x0000000000000bd6       0x32 /Applications/Simplicity Studio.app/Contents/Eclipse/developer/toolchains/gnu_arm/4.9_2015q3/bin/../lib/gcc/arm-none-eabi/4.9.3/../../../../arm-none-eabi/lib/armv7e-m/softfp/libc.a(lib_a-exit.o)
 .ARM.attributes
                0x0000000000000c08       0x32 /Applications/Simplicity Studio.app/Contents/Eclipse/developer/toolchains/gnu_arm/4.9_2015q3/bin/../lib/gcc/arm-none-eabi/4.9.3/../../../../arm-none-eabi/lib/armv7e-m/softfp/libc.a(lib_a-impure.o)
 .ARM.attributes
                0x0000000000000c3a       0x32 /Applications/Simplicity Studio.app/Contents/Eclipse/developer/toolchains/gnu_arm/4.9_2015q3/bin/../lib/gcc/arm-none-eabi/4.9.3/../../../../arm-none-eabi/lib/armv7e-m/softfp/libc.a(lib_a-init.o)
 .ARM.attributes
                0x0000000000000c6c       0x32 /Applications/Simplicity Studio.app/Contents/Eclipse/developer/toolchains/gnu_arm/4.9_2015q3/bin/../lib/gcc/arm-none-eabi/4.9.3/../../../../arm-none-eabi/lib/armv7e-m/softfp/libc.a(lib_a-memset.o)
 .ARM.attributes
                0x0000000000000c9e       0x32 /Applications/Simplicity Studio.app/Contents/Eclipse/developer/toolchains/gnu_arm/4.9_2015q3/bin/../lib/gcc/arm-none-eabi/4.9.3/../../../../arm-none-eabi/lib/armv7e-m/softfp/libc.a(lib_a-__call_atexit.o)
 .ARM.attributes
                0x0000000000000cd0       0x32 /Applications/Simplicity Studio.app/Contents/Eclipse/developer/toolchains/gnu_arm/4.9_2015q3/bin/../lib/gcc/arm-none-eabi/4.9.3/../../../../arm-none-eabi/lib/armv7e-m/softfp/libc.a(lib_a-atexit.o)
 .ARM.attributes
                0x0000000000000d02       0x32 /Applications/Simplicity Studio.app/Contents/Eclipse/developer/toolchains/gnu_arm/4.9_2015q3/bin/../lib/gcc/arm-none-eabi/4.9.3/../../../../arm-none-eabi/lib/armv7e-m/softfp/libc.a(lib_a-fini.o)
 .ARM.attributes
                0x0000000000000d34       0x32 /Applications/Simplicity Studio.app/Contents/Eclipse/developer/toolchains/gnu_arm/4.9_2015q3/bin/../lib/gcc/arm-none-eabi/4.9.3/../../../../arm-none-eabi/lib/armv7e-m/softfp/libc.a(lib_a-__atexit.o)
 .ARM.attributes
                0x0000000000000d66       0x32 /Applications/Simplicity Studio.app/Contents/Eclipse/developer/toolchains/gnu_arm/4.9_2015q3/bin/../lib/gcc/arm-none-eabi/4.9.3/../../../../arm-none-eabi/lib/armv7e-m/softfp/libnosys.a(_exit.o)
 .ARM.attributes
                0x0000000000000d98       0x32 /Applications/Simplicity Studio.app/Contents/Eclipse/developer/toolchains/gnu_arm/4.9_2015q3/bin/../lib/gcc/arm-none-eabi/4.9.3/armv7e-m/softfp/crtend.o
 .ARM.attributes
                0x0000000000000dca       0x22 /Applications/Simplicity Studio.app/Contents/Eclipse/developer/toolchains/gnu_arm/4.9_2015q3/bin/../lib/gcc/arm-none-eabi/4.9.3/armv7e-m/softfp/crtn.o

.comment        0x0000000000000000       0xde
 .comment       0x0000000000000000       0x70 ./em_timer.o
                                         0x71 (size before relaxing)
 .comment       0x0000000000000000       0x71 ./gatt_db.o
 .comment       0x0000000000000000       0x71 ./main.o
 .comment       0x0000000000000000       0x71 ./peripherals.o
 .comment       0x0000000000000000       0x71 ./bgapi/dmadrv.o
 .comment       0x0000000000000000       0x71 ./bgapi/em_adc.o
 .comment       0x0000000000000000       0x71 ./bgapi/em_ldma.o
 .comment       0x0000000000000000       0x71 ./bgapi/em_leuart.o
 .comment       0x0000000000000000       0x71 ./device/EFR32_B_1_1_B/gcc/startup_efr32bg1b.o
 .comment       0x0000000000000000       0x71 ./emlib/em_cmu.o
 .comment       0x0000000000000000       0x71 ./emlib/em_gpio.o
 .comment       0x0000000000000000       0x71 ./emlib/em_i2c.o
 .comment       0x0000000000000000       0x71 ./emlib/em_letimer.o
 .comment       0x0000000000000000       0x71 ./emlib/em_rtcc.o
 .comment       0x0000000000000000       0x71 ./emlib/em_system.o
 .comment       0x0000000000000000       0x71 ./emlib/em_usart.o
 .comment       0x0000000000000000       0x71 ./src/InitDevice.o
 .comment       0x0000000000000070       0x6e /Applications/Simplicity Studio.app/Contents/Eclipse/developer/sdks/gecko_sdk_suite/v1.0//protocol/bluetooth_2.3/lib/EFR32BG1B/GCC/bgapi.a(gecko_bgapi_hardware.c.obj)
                                         0x6f (size before relaxing)
 .comment       0x0000000000000000       0x6f /Applications/Simplicity Studio.app/Contents/Eclipse/developer/sdks/gecko_sdk_suite/v1.0//protocol/bluetooth_2.3/lib/EFR32BG1B/GCC/bgapi.a(gecko_bgapi_test.c.obj)
 .comment       0x0000000000000000       0x6f /Applications/Simplicity Studio.app/Contents/Eclipse/developer/sdks/gecko_sdk_suite/v1.0//protocol/bluetooth_2.3/lib/EFR32BG1B/GCC/bgapi.a(gecko_bgapi_util.c.obj)
 .comment       0x0000000000000000       0x6f /Applications/Simplicity Studio.app/Contents/Eclipse/developer/sdks/gecko_sdk_suite/v1.0//protocol/bluetooth_2.3/lib/EFR32BG1B/GCC/bgapi.a(gecko_bgapi_dfu.c.obj)
 .comment       0x0000000000000000       0x6f /Applications/Simplicity Studio.app/Contents/Eclipse/developer/sdks/gecko_sdk_suite/v1.0//protocol/bluetooth_2.3/lib/EFR32BG1B/GCC/bgapi.a(gecko_bgapi_gap.c.obj)
 .comment       0x0000000000000000       0x6f /Applications/Simplicity Studio.app/Contents/Eclipse/developer/sdks/gecko_sdk_suite/v1.0//protocol/bluetooth_2.3/lib/EFR32BG1B/GCC/bgapi.a(gecko_bgapi_gatt.c.obj)
 .comment       0x0000000000000000       0x6f /Applications/Simplicity Studio.app/Contents/Eclipse/developer/sdks/gecko_sdk_suite/v1.0//protocol/bluetooth_2.3/lib/EFR32BG1B/GCC/bgapi.a(gecko_bgapi_gatt_server.c.obj)
 .comment       0x0000000000000000       0x6f /Applications/Simplicity Studio.app/Contents/Eclipse/developer/sdks/gecko_sdk_suite/v1.0//protocol/bluetooth_2.3/lib/EFR32BG1B/GCC/bgapi.a(gecko_bgapi_flash.c.obj)
 .comment       0x0000000000000000       0x6f /Applications/Simplicity Studio.app/Contents/Eclipse/developer/sdks/gecko_sdk_suite/v1.0//protocol/bluetooth_2.3/lib/EFR32BG1B/GCC/bgapi.a(gecko_bgapi_sm.c.obj)
 .comment       0x0000000000000000       0x6f /Applications/Simplicity Studio.app/Contents/Eclipse/developer/sdks/gecko_sdk_suite/v1.0//protocol/bluetooth_2.3/lib/EFR32BG1B/GCC/bgapi.a(gecko_bgapi_system.c.obj)
 .comment       0x0000000000000000       0x6f /Applications/Simplicity Studio.app/Contents/Eclipse/developer/sdks/gecko_sdk_suite/v1.0//protocol/bluetooth_2.3/lib/EFR32BG1B/GCC/bgapi.a(gecko_bgapi_endpoint.c.obj)
 .comment       0x0000000000000000       0x6f /Applications/Simplicity Studio.app/Contents/Eclipse/developer/sdks/gecko_sdk_suite/v1.0//protocol/bluetooth_2.3/lib/EFR32BG1B/GCC/bgapi.a(gecko_bgapi_le_connection.c.obj)
 .comment       0x0000000000000000       0x6f /Applications/Simplicity Studio.app/Contents/Eclipse/developer/sdks/gecko_sdk_suite/v1.0//protocol/bluetooth_2.3/lib/EFR32BG1B/GCC/bgapi.a(bgapi_hardware_lib.c.obj)
 .comment       0x0000000000000000       0x6f /Applications/Simplicity Studio.app/Contents/Eclipse/developer/sdks/gecko_sdk_suite/v1.0//protocol/bluetooth_2.3/lib/EFR32BG1B/GCC/bgapi.a(bgapi_hardware.c.obj)
 .comment       0x0000000000000000       0x6f /Applications/Simplicity Studio.app/Contents/Eclipse/developer/sdks/gecko_sdk_suite/v1.0//protocol/bluetooth_2.3/lib/EFR32BG1B/GCC/bgapi.a(bgapi_test_lib.c.obj)
 .comment       0x0000000000000000       0x6f /Applications/Simplicity Studio.app/Contents/Eclipse/developer/sdks/gecko_sdk_suite/v1.0//protocol/bluetooth_2.3/lib/EFR32BG1B/GCC/bgapi.a(bgapi_util.c.obj)
 .comment       0x0000000000000000       0x6f /Applications/Simplicity Studio.app/Contents/Eclipse/developer/sdks/gecko_sdk_suite/v1.0//protocol/bluetooth_2.3/lib/EFR32BG1B/GCC/bgapi.a(bgapi_dfu.c.obj)
 .comment       0x0000000000000000       0x6f /Applications/Simplicity Studio.app/Contents/Eclipse/developer/sdks/gecko_sdk_suite/v1.0//protocol/bluetooth_2.3/lib/EFR32BG1B/GCC/bgapi.a(bgapi_gap.c.obj)
 .comment       0x0000000000000000       0x6f /Applications/Simplicity Studio.app/Contents/Eclipse/developer/sdks/gecko_sdk_suite/v1.0//protocol/bluetooth_2.3/lib/EFR32BG1B/GCC/bgapi.a(bgapi_gatt_lib.c.obj)
 .comment       0x0000000000000000       0x6f /Applications/Simplicity Studio.app/Contents/Eclipse/developer/sdks/gecko_sdk_suite/v1.0//protocol/bluetooth_2.3/lib/EFR32BG1B/GCC/bgapi.a(bgapi_ps.c.obj)
 .comment       0x0000000000000000       0x6f /Applications/Simplicity Studio.app/Contents/Eclipse/developer/sdks/gecko_sdk_suite/v1.0//protocol/bluetooth_2.3/lib/EFR32BG1B/GCC/bgapi.a(bgapi_sm.c.obj)
 .comment       0x0000000000000000       0x6f /Applications/Simplicity Studio.app/Contents/Eclipse/developer/sdks/gecko_sdk_suite/v1.0//protocol/bluetooth_2.3/lib/EFR32BG1B/GCC/bgapi.a(bgapi_system.c.obj)
 .comment       0x0000000000000000       0x6f /Applications/Simplicity Studio.app/Contents/Eclipse/developer/sdks/gecko_sdk_suite/v1.0//protocol/bluetooth_2.3/lib/EFR32BG1B/GCC/bgapi.a(bgapi_endpoint.c.obj)
 .comment       0x0000000000000000       0x6f /Applications/Simplicity Studio.app/Contents/Eclipse/developer/sdks/gecko_sdk_suite/v1.0//protocol/bluetooth_2.3/lib/EFR32BG1B/GCC/bgapi.a(bgapi_le_connection.c.obj)
 .comment       0x0000000000000000       0x6f /Applications/Simplicity Studio.app/Contents/Eclipse/developer/sdks/gecko_sdk_suite/v1.0//protocol/bluetooth_2.3/lib/EFR32BG1B/GCC/bgapi.a(uart_endpoint.c.obj)
 .comment       0x0000000000000000       0x6f /Applications/Simplicity Studio.app/Contents/Eclipse/developer/sdks/gecko_sdk_suite/v1.0//protocol/bluetooth_2.3/lib/EFR32BG1B/GCC/bgapi.a(bgapi_endpoint.c.obj)
 .comment       0x0000000000000000       0x6f /Applications/Simplicity Studio.app/Contents/Eclipse/developer/sdks/gecko_sdk_suite/v1.0//protocol/bluetooth_2.3/lib/EFR32BG1B/GCC/bgapi.a(adc.c.obj)
 .comment       0x0000000000000000       0x6f /Applications/Simplicity Studio.app/Contents/Eclipse/developer/sdks/gecko_sdk_suite/v1.0//protocol/bluetooth_2.3/lib/EFR32BG1B/GCC/bgapi.a(gpio.c.obj)
 .comment       0x0000000000000000       0x6f /Applications/Simplicity Studio.app/Contents/Eclipse/developer/sdks/gecko_sdk_suite/v1.0//protocol/bluetooth_2.3/lib/EFR32BG1B/GCC/bgapi.a(i2c.c.obj)
 .comment       0x0000000000000000       0x6f /Applications/Simplicity Studio.app/Contents/Eclipse/developer/sdks/gecko_sdk_suite/v1.0//protocol/bluetooth_2.3/lib/EFR32BG1B/GCC/bgapi.a(sleep_signal.c.obj)
 .comment       0x0000000000000000       0x6f /Applications/Simplicity Studio.app/Contents/Eclipse/developer/sdks/gecko_sdk_suite/v1.0//protocol/bluetooth_2.3/lib/EFR32BG1B/GCC/bgapi.a(uart.c.obj)

.debug_info     0x0000000000000000    0x1b1b1
 .debug_info    0x0000000000000000      0x98e ./em_timer.o
 .debug_info    0x000000000000098e      0x705 ./gatt_db.o
 .debug_info    0x0000000000001093     0x5824 ./main.o
 .debug_info    0x00000000000068b7     0x6b32 ./peripherals.o
 .debug_info    0x000000000000d3e9     0x1851 ./bgapi/dmadrv.o
 .debug_info    0x000000000000ec3a     0x1c90 ./bgapi/em_adc.o
 .debug_info    0x00000000000108ca     0x1289 ./bgapi/em_ldma.o
 .debug_info    0x0000000000011b53      0xa62 ./bgapi/em_leuart.o
 .debug_info    0x00000000000125b5      0x1c0 ./device/EFR32_B_1_1_B/gcc/startup_efr32bg1b.o
 .debug_info    0x0000000000012775     0x31e1 ./emlib/em_cmu.o
 .debug_info    0x0000000000015956      0xebd ./emlib/em_gpio.o
 .debug_info    0x0000000000016813      0xb27 ./emlib/em_i2c.o
 .debug_info    0x000000000001733a      0x501 ./emlib/em_letimer.o
 .debug_info    0x000000000001783b      0x6ec ./emlib/em_rtcc.o
 .debug_info    0x0000000000017f27      0x26d ./emlib/em_system.o
 .debug_info    0x0000000000018194     0x11c8 ./emlib/em_usart.o
 .debug_info    0x000000000001935c     0x1e55 ./src/InitDevice.o

.debug_abbrev   0x0000000000000000     0x2ef2
 .debug_abbrev  0x0000000000000000      0x1ca ./em_timer.o
 .debug_abbrev  0x00000000000001ca       0xce ./gatt_db.o
 .debug_abbrev  0x0000000000000298      0x357 ./main.o
 .debug_abbrev  0x00000000000005ef      0x521 ./peripherals.o
 .debug_abbrev  0x0000000000000b10      0x38f ./bgapi/dmadrv.o
 .debug_abbrev  0x0000000000000e9f      0x313 ./bgapi/em_adc.o
 .debug_abbrev  0x00000000000011b2      0x392 ./bgapi/em_ldma.o
 .debug_abbrev  0x0000000000001544      0x2e6 ./bgapi/em_leuart.o
 .debug_abbrev  0x000000000000182a      0x104 ./device/EFR32_B_1_1_B/gcc/startup_efr32bg1b.o
 .debug_abbrev  0x000000000000192e      0x478 ./emlib/em_cmu.o
 .debug_abbrev  0x0000000000001da6      0x2d4 ./emlib/em_gpio.o
 .debug_abbrev  0x000000000000207a      0x395 ./emlib/em_i2c.o
 .debug_abbrev  0x000000000000240f      0x1c1 ./emlib/em_letimer.o
 .debug_abbrev  0x00000000000025d0      0x1e2 ./emlib/em_rtcc.o
 .debug_abbrev  0x00000000000027b2      0x109 ./emlib/em_system.o
 .debug_abbrev  0x00000000000028bb      0x370 ./emlib/em_usart.o
 .debug_abbrev  0x0000000000002c2b      0x2c7 ./src/InitDevice.o

.debug_loc      0x0000000000000000     0x7d9a
 .debug_loc     0x0000000000000000      0x18c ./em_timer.o
 .debug_loc     0x000000000000018c      0x735 ./main.o
 .debug_loc     0x00000000000008c1      0x831 ./peripherals.o
 .debug_loc     0x00000000000010f2     0x10da ./bgapi/dmadrv.o
 .debug_loc     0x00000000000021cc      0xd59 ./bgapi/em_adc.o
 .debug_loc     0x0000000000002f25      0x46d ./bgapi/em_ldma.o
 .debug_loc     0x0000000000003392      0x46f ./bgapi/em_leuart.o
 .debug_loc     0x0000000000003801       0x4b ./device/EFR32_B_1_1_B/gcc/startup_efr32bg1b.o
 .debug_loc     0x000000000000384c     0x27cc ./emlib/em_cmu.o
 .debug_loc     0x0000000000006018      0x798 ./emlib/em_gpio.o
 .debug_loc     0x00000000000067b0      0x859 ./emlib/em_i2c.o
 .debug_loc     0x0000000000007009      0x2ab ./emlib/em_letimer.o
 .debug_loc     0x00000000000072b4       0xdc ./emlib/em_rtcc.o
 .debug_loc     0x0000000000007390       0x91 ./emlib/em_system.o
 .debug_loc     0x0000000000007421      0x7b9 ./emlib/em_usart.o
 .debug_loc     0x0000000000007bda      0x1c0 ./src/InitDevice.o

.debug_aranges  0x0000000000000000      0x780
 .debug_aranges
                0x0000000000000000       0x38 ./em_timer.o
 .debug_aranges
                0x0000000000000038       0x18 ./gatt_db.o
 .debug_aranges
                0x0000000000000050       0x20 ./main.o
 .debug_aranges
                0x0000000000000070      0x118 ./peripherals.o
 .debug_aranges
                0x0000000000000188       0xa0 ./bgapi/dmadrv.o
 .debug_aranges
                0x0000000000000228       0x70 ./bgapi/em_adc.o
 .debug_aranges
                0x0000000000000298       0x50 ./bgapi/em_ldma.o
 .debug_aranges
                0x00000000000002e8       0x80 ./bgapi/em_leuart.o
 .debug_aranges
                0x0000000000000368       0x28 ./device/EFR32_B_1_1_B/gcc/startup_efr32bg1b.o
 .debug_aranges
                0x0000000000000390      0x110 ./emlib/em_cmu.o
 .debug_aranges
                0x00000000000004a0       0x48 ./emlib/em_gpio.o
 .debug_aranges
                0x00000000000004e8       0x58 ./emlib/em_i2c.o
 .debug_aranges
                0x0000000000000540       0x50 ./emlib/em_letimer.o
 .debug_aranges
                0x0000000000000590       0x40 ./emlib/em_rtcc.o
 .debug_aranges
                0x00000000000005d0       0x28 ./emlib/em_system.o
 .debug_aranges
                0x00000000000005f8       0xb8 ./emlib/em_usart.o
 .debug_aranges
                0x00000000000006b0       0xd0 ./src/InitDevice.o

.debug_ranges   0x0000000000000000     0x1630
 .debug_ranges  0x0000000000000000       0x60 ./em_timer.o
 .debug_ranges  0x0000000000000060      0x1b0 ./main.o
 .debug_ranges  0x0000000000000210      0x1e8 ./peripherals.o
 .debug_ranges  0x00000000000003f8       0xa8 ./bgapi/dmadrv.o
 .debug_ranges  0x00000000000004a0      0x128 ./bgapi/em_adc.o
 .debug_ranges  0x00000000000005c8       0xf0 ./bgapi/em_ldma.o
 .debug_ranges  0x00000000000006b8      0x120 ./bgapi/em_leuart.o
 .debug_ranges  0x00000000000007d8       0x18 ./device/EFR32_B_1_1_B/gcc/startup_efr32bg1b.o
 .debug_ranges  0x00000000000007f0      0x8b8 ./emlib/em_cmu.o
 .debug_ranges  0x00000000000010a8      0x180 ./emlib/em_gpio.o
 .debug_ranges  0x0000000000001228      0x100 ./emlib/em_i2c.o
 .debug_ranges  0x0000000000001328       0x40 ./emlib/em_letimer.o
 .debug_ranges  0x0000000000001368       0x70 ./emlib/em_rtcc.o
 .debug_ranges  0x00000000000013d8       0x18 ./emlib/em_system.o
 .debug_ranges  0x00000000000013f0      0x148 ./emlib/em_usart.o
 .debug_ranges  0x0000000000001538       0xf8 ./src/InitDevice.o

.debug_line     0x0000000000000000     0x6180
 .debug_line    0x0000000000000000      0x4ab ./em_timer.o
 .debug_line    0x00000000000004ab      0x1d9 ./gatt_db.o
 .debug_line    0x0000000000000684      0x7f9 ./main.o
 .debug_line    0x0000000000000e7d      0x99d ./peripherals.o
 .debug_line    0x000000000000181a      0x70f ./bgapi/dmadrv.o
 .debug_line    0x0000000000001f29      0x5ed ./bgapi/em_adc.o