Archive member included because of file (symbol)

/Applications/Simplicity Studio.app/Contents/Eclipse/developer/sdks/gecko_sdk_suite/v1.0//protocol/bluetooth_2.3/lib/EFR32BG1B/GCC/bgapi.a(gecko_bgapi_hardware.c.obj)
                              ./main.o (gecko_bgapi_class_hardware_init)
/Applications/Simplicity Studio.app/Contents/Eclipse/developer/sdks/gecko_sdk_suite/v1.0//protocol/bluetooth_2.3/lib/EFR32BG1B/GCC/bgapi.a(gecko_bgapi_test.c.obj)
                              ./main.o (gecko_bgapi_class_test_init)
/Applications/Simplicity Studio.app/Contents/Eclipse/developer/sdks/gecko_sdk_suite/v1.0//protocol/bluetooth_2.3/lib/EFR32BG1B/GCC/bgapi.a(gecko_bgapi_util.c.obj)
                              ./main.o (gecko_bgapi_class_util_init)
/Applications/Simplicity Studio.app/Contents/Eclipse/developer/sdks/gecko_sdk_suite/v1.0//protocol/bluetooth_2.3/lib/EFR32BG1B/GCC/bgapi.a(gecko_bgapi_dfu.c.obj)
                              ./main.o (gecko_bgapi_class_dfu_init)
/Applications/Simplicity Studio.app/Contents/Eclipse/developer/sdks/gecko_sdk_suite/v1.0//protocol/bluetooth_2.3/lib/EFR32BG1B/GCC/bgapi.a(gecko_bgapi_gap.c.obj)
                              ./main.o (gecko_bgapi_class_le_gap_init)
/Applications/Simplicity Studio.app/Contents/Eclipse/developer/sdks/gecko_sdk_suite/v1.0//protocol/bluetooth_2.3/lib/EFR32BG1B/GCC/bgapi.a(gecko_bgapi_gatt.c.obj)
                              ./main.o (gecko_bgapi_class_gatt_init)
/Applications/Simplicity Studio.app/Contents/Eclipse/developer/sdks/gecko_sdk_suite/v1.0//protocol/bluetooth_2.3/lib/EFR32BG1B/GCC/bgapi.a(gecko_bgapi_gatt_server.c.obj)
                              ./main.o (gecko_bgapi_class_gatt_server_init)
/Applications/Simplicity Studio.app/Contents/Eclipse/developer/sdks/gecko_sdk_suite/v1.0//protocol/bluetooth_2.3/lib/EFR32BG1B/GCC/bgapi.a(gecko_bgapi_flash.c.obj)
                              ./main.o (gecko_bgapi_class_flash_init)
/Applications/Simplicity Studio.app/Contents/Eclipse/developer/sdks/gecko_sdk_suite/v1.0//protocol/bluetooth_2.3/lib/EFR32BG1B/GCC/bgapi.a(gecko_bgapi_sm.c.obj)
                              ./main.o (gecko_bgapi_class_sm_init)
/Applications/Simplicity Studio.app/Contents/Eclipse/developer/sdks/gecko_sdk_suite/v1.0//protocol/bluetooth_2.3/lib/EFR32BG1B/GCC/bgapi.a(gecko_bgapi_system.c.obj)
                              ./main.o (gecko_bgapi_class_system_init)
/Applications/Simplicity Studio.app/Contents/Eclipse/developer/sdks/gecko_sdk_suite/v1.0//protocol/bluetooth_2.3/lib/EFR32BG1B/GCC/bgapi.a(gecko_bgapi_endpoint.c.obj)
                              ./main.o (gecko_bgapi_class_endpoint_init)
/Applications/Simplicity Studio.app/Contents/Eclipse/developer/sdks/gecko_sdk_suite/v1.0//protocol/bluetooth_2.3/lib/EFR32BG1B/GCC/bgapi.a(gecko_bgapi_le_connection.c.obj)
                              ./main.o (gecko_bgapi_class_le_connection_init)
/Applications/Simplicity Studio.app/Contents/Eclipse/developer/sdks/gecko_sdk_suite/v1.0//protocol/bluetooth_2.3/lib/EFR32BG1B/GCC/bgapi.a(bgapi_hardware_lib.c.obj)
                              /Applications/Simplicity Studio.app/Contents/Eclipse/developer/sdks/gecko_sdk_suite/v1.0//protocol/bluetooth_2.3/lib/EFR32BG1B/GCC/bgapi.a(gecko_bgapi_hardware.c.obj) (gecko_cmd_hardware_read_i2c)
/Applications/Simplicity Studio.app/Contents/Eclipse/developer/sdks/gecko_sdk_suite/v1.0//protocol/bluetooth_2.3/lib/EFR32BG1B/GCC/bgapi.a(bgapi_hardware.c.obj)
                              /Applications/Simplicity Studio.app/Contents/Eclipse/developer/sdks/gecko_sdk_suite/v1.0//protocol/bluetooth_2.3/lib/EFR32BG1B/GCC/bgapi.a(gecko_bgapi_hardware.c.obj) (lib_hardware_handler_init)
/Applications/Simplicity Studio.app/Contents/Eclipse/developer/sdks/gecko_sdk_suite/v1.0//protocol/bluetooth_2.3/lib/EFR32BG1B/GCC/bgapi.a(bgapi_test_lib.c.obj)
                              /Applications/Simplicity Studio.app/Contents/Eclipse/developer/sdks/gecko_sdk_suite/v1.0//protocol/bluetooth_2.3/lib/EFR32BG1B/GCC/bgapi.a(gecko_bgapi_test.c.obj) (lib_test_handler_init)
/Applications/Simplicity Studio.app/Contents/Eclipse/developer/sdks/gecko_sdk_suite/v1.0//protocol/bluetooth_2.3/lib/EFR32BG1B/GCC/bgapi.a(bgapi_util.c.obj)
                              /Applications/Simplicity Studio.app/Contents/Eclipse/developer/sdks/gecko_sdk_suite/v1.0//protocol/bluetooth_2.3/lib/EFR32BG1B/GCC/bgapi.a(gecko_bgapi_util.c.obj) (lib_util_handler_init)
/Applications/Simplicity Studio.app/Contents/Eclipse/developer/sdks/gecko_sdk_suite/v1.0//protocol/bluetooth_2.3/lib/EFR32BG1B/GCC/bgapi.a(bgapi_dfu.c.obj)
                              /Applications/Simplicity Studio.app/Contents/Eclipse/developer/sdks/gecko_sdk_suite/v1.0//protocol/bluetooth_2.3/lib/EFR32BG1B/GCC/bgapi.a(gecko_bgapi_dfu.c.obj) (lib_dfu_handler_init)
/Applications/Simplicity Studio.app/Contents/Eclipse/developer/sdks/gecko_sdk_suite/v1.0//protocol/bluetooth_2.3/lib/EFR32BG1B/GCC/bgapi.a(bgapi_gap.c.obj)
[...]
Memory Configuration

Name             Origin             Length             Attributes
FLASH            0x0000000000000000 0x000000000003f000 xr
RAM              0x0000000020003000 0x0000000000004bfc xrw
*default*        0x0000000000000000 0xffffffffffffffff

Linker script and memory map

LOAD /Applications/Simplicity Studio.app/Contents/Eclipse/developer/toolchains/gnu_arm/4.9_2015q3/bin/../lib/gcc/arm-none-eabi/4.9.3/armv7e-m/softfp/crti.o
LOAD /Applications/Simplicity Studio.app/Contents/Eclipse/developer/toolchains/gnu_arm/4.9_2015q3/bin/../lib/gcc/arm-none-eabi/4.9.3/armv7e-m/softfp/crtbegin.o
LOAD /Applications/Simplicity Studio.app/Contents/Eclipse/developer/toolchains/gnu_arm/4.9_2015q3/bin/../lib/gcc/arm-none-eabi/4.9.3/../../../../arm-none-eabi/lib/armv7e-m/softfp/crt0.o
LOAD ./application_properties.o
LOAD ./ble-callback-stubs.o
LOAD ./ble-callbacks.o
LOAD ./em_timer.o
LOAD ./gatt_db.o
LOAD ./main.o
LOAD ./peripherals.o
LOAD ./bgapi/dmadrv.o
LOAD ./bgapi/em_adc.o
LOAD ./bgapi/em_ldma.o
LOAD ./bgapi/em_leuart.o
LOAD ./device/EFR32_B_1_1_B/gcc/startup_efr32bg1b.o
LOAD ./emlib/em_cmu.o
LOAD ./emlib/em_cryotimer.o
LOAD ./emlib/em_gpio.o
LOAD ./emlib/em_i2c.o
LOAD ./emlib/em_letimer.o
LOAD ./emlib/em_msc.o
LOAD ./emlib/em_rtcc.o
LOAD ./emlib/em_system.o
LOAD ./emlib/em_usart.o
LOAD ./kit_flashpwr/BRD4302A/mx25flash_spi.o
LOAD ./src/InitDevice.o
LOAD /Applications/Simplicity Studio.app/Contents/Eclipse/developer/sdks/gecko_sdk_suite/v1.0//protocol/bluetooth_2.3/lib/EFR32BG1B/EABI/stack.a
LOAD /Applications/Simplicity Studio.app/Contents/Eclipse/developer/sdks/gecko_sdk_suite/v1.0//protocol/bluetooth_2.3/lib/EFR32BG1B/EABI/binstack.o
LOAD /Applications/Simplicity Studio.app/Contents/Eclipse/developer/sdks/gecko_sdk_suite/v1.0//protocol/bluetooth_2.3/lib/EFR32BG1B/GCC/bgapi.a
LOAD /Applications/Simplicity Studio.app/Contents/Eclipse/developer/sdks/gecko_sdk_suite/v1.0//protocol/bluetooth_2.3/lib/EFR32BG1B/EABI/binbootloader.o
LOAD /Applications/Simplicity Studio.app/Contents/Eclipse/developer/toolchains/gnu_arm/4.9_2015q3/bin/../lib/gcc/arm-none-eabi/4.9.3/../../../../arm-none-eabi/lib/armv7e-m/softfp/libm.a
START GROUP
LOAD /Applications/Simplicity Studio.app/Contents/Eclipse/developer/toolchains/gnu_arm/4.9_2015q3/bin/../lib/gcc/arm-none-eabi/4.9.3/armv7e-m/softfp/libgcc.a
LOAD /Applications/Simplicity Studio.app/Contents/Eclipse/developer/toolchains/gnu_arm/4.9_2015q3/bin/../lib/gcc/arm-none-eabi/4.9.3/../../../../arm-none-eabi/lib/armv7e-m/softfp/libc.a
LOAD /Applications/Simplicity Studio.app/Contents/Eclipse/developer/toolchains/gnu_arm/4.9_2015q3/bin/../lib/gcc/arm-none-eabi/4.9.3/../../../../arm-none-eabi/lib/armv7e-m/softfp/libnosys.a
END GROUP
START GROUP
LOAD /Applications/Simplicity Studio.app/Contents/Eclipse/developer/toolchains/gnu_arm/4.9_2015q3/bin/../lib/gcc/arm-none-eabi/4.9.3/armv7e-m/softfp/libgcc.a
LOAD /Applications/Simplicity Studio.app/Contents/Eclipse/developer/toolchains/gnu_arm/4.9_2015q3/bin/../lib/gcc/arm-none-eabi/4.9.3/../../../../arm-none-eabi/lib/armv7e-m/softfp/libg.a
LOAD /Applications/Simplicity Studio.app/Contents/Eclipse/developer/toolchains/gnu_arm/4.9_2015q3/bin/../lib/gcc/arm-none-eabi/4.9.3/../../../../arm-none-eabi/lib/armv7e-m/softfp/libc.a
END GROUP
LOAD /Applications/Simplicity Studio.app/Contents/Eclipse/developer/toolchains/gnu_arm/4.9_2015q3/bin/../lib/gcc/arm-none-eabi/4.9.3/armv7e-m/softfp/crtend.o
LOAD /Applications/Simplicity Studio.app/Contents/Eclipse/developer/toolchains/gnu_arm/4.9_2015q3/bin/../lib/gcc/arm-none-eabi/4.9.3/armv7e-m/softfp/crtn.o

.text_bootloader
                0x0000000000000000     0x4000
 *(.binbootloader*)
 .binbootloader
                0x0000000000000000      0x31c /Applications/Simplicity Studio.app/Contents/Eclipse/developer/sdks/gecko_sdk_suite/v1.0//protocol/bluetooth_2.3/lib/EFR32BG1B/EABI/binbootloader.o
                0x0000000000004000                . = ALIGN (0x4000)
 *fill*         0x000000000000031c     0x3ce4 

.text_stack_bin
                0x0000000000004000    0x1d000
 *(.binstack*)
 .binstack      0x0000000000004000    0x1cc10 /Applications/Simplicity Studio.app/Contents/Eclipse/developer/sdks/gecko_sdk_suite/v1.0//protocol/bluetooth_2.3/lib/EFR32BG1B/EABI/binstack.o
                0x0000000000021000                . = ALIGN (0x800)
 *fill*         0x0000000000020c10      0x3f0 
                0x0000000000021000                __text_start__ = .

.text_app       0x0000000000021000     0x6b64
 *(.AAT)
 .AAT           0x0000000000021000       0x80 ./main.o
                0x0000000000021000                AppAddressTable
 *(.vectors)
 .vectors       0x0000000000021080       0xc8 ./device/EFR32_B_1_1_B/gcc/startup_efr32bg1b.o
                0x0000000000021080                __Vectors
                0x0000000000021148                __Vectors_End = .
                0x00000000000000c8                __Vectors_Size = (__Vectors_End - __Vectors)
                0x0000000000021148                __end__ = .
 *(.gecko_configuration)
 *(.xo_configuration)
 *(.gatt_header)
 .gatt_header   0x0000000000021148       0x30 ./gatt_db.o
                0x0000000000021148                bg_gattdb_data
 *(.gatt_data)
 .gatt_data     0x0000000000021178      0x450 ./gatt_db.o
                0x0000000000021178                bg_gattdb_data_adv_uuid128_map
                0x0000000000021188                bg_gattdb_data_adv_uuid16_map
                0x000000000002118c                bg_gattdb_data_attributes_dynamic_mapping_map
                0x00000000000211a0                bg_gattdb_data_attributes_map
                0x0000000000021368                bg_gattdb_data_attribute_field_0
                0x000000000002136c                bg_gattdb_data_attribute_field_1
                0x0000000000021374                bg_gattdb_data_attribute_field_2
                0x000000000002137c                bg_gattdb_data_attribute_field_4
                0x0000000000021380                bg_gattdb_data_attribute_field_5
                0x0000000000021388                bg_gattdb_data_attribute_field_6
                0x0000000000021390                bg_gattdb_data_attribute_field_7
                0x0000000000021398                bg_gattdb_data_attribute_field_8
                0x000000000002139c                bg_gattdb_data_attribute_field_9
                0x00000000000213a0                bg_gattdb_data_attribute_field_10
                0x00000000000213a8                bg_gattdb_data_attribute_field_11
                0x00000000000213b8                bg_gattdb_data_attribute_field_12
                0x00000000000213c0                bg_gattdb_data_attribute_field_13
                0x00000000000213cc                bg_gattdb_data_attribute_field_14
                0x00000000000213d4                bg_gattdb_data_attribute_field_15
                0x00000000000213dc                bg_gattdb_data_attribute_field_16
                0x00000000000213f0                bg_gattdb_data_attribute_field_17
                0x0000000000021408                bg_gattdb_data_attribute_field_18
                0x0000000000021410                bg_gattdb_data_attribute_field_19
                0x000000000002141c                bg_gattdb_data_attribute_field_20
                0x0000000000021434                bg_gattdb_data_attribute_field_21
                0x000000000002143c                bg_gattdb_data_attribute_field_22
                0x0000000000021448                bg_gattdb_data_attribute_field_23
                0x0000000000021460                bg_gattdb_data_attribute_field_24
                0x0000000000021468                bg_gattdb_data_attribute_field_25
                0x0000000000021474                bg_gattdb_data_attribute_field_26
                0x000000000002148c                bg_gattdb_data_attribute_field_27
                0x0000000000021494                bg_gattdb_data_attribute_field_28
                0x00000000000214a0                bg_gattdb_data_attribute_field_29
                0x00000000000214b8                bg_gattdb_data_attribute_field_30
                0x00000000000214c0                bg_gattdb_data_attribute_field_31
                0x00000000000214c8                bg_gattdb_data_attribute_field_32
                0x00000000000214e0                bg_gattdb_data_attribute_field_33
                0x00000000000214e8                bg_gattdb_data_attribute_field_34
                0x00000000000214f8                bg_gattdb_data_attribute_field_35
                0x000000000002150c                bg_gattdb_data_attribute_field_36
                0x0000000000021524                bg_gattdb_data_attribute_field_37
                0x000000000002152c                bg_gattdb_data_uuidtable_128_map
                0x00000000000215ac                bg_gattdb_data_uuidtable_16_map
 *(.text*)
 .text          0x00000000000215c8       0x5c /Applications/Simplicity Studio.app/Contents/Eclipse/developer/toolchains/gnu_arm/4.9_2015q3/bin/../lib/gcc/arm-none-eabi/4.9.3/armv7e-m/softfp/crtbegin.o
 .text          0x0000000000021624       0x74 /Applications/Simplicity Studio.app/Contents/Eclipse/developer/toolchains/gnu_arm/4.9_2015q3/bin/../lib/gcc/arm-none-eabi/4.9.3/../../../../arm-none-eabi/lib/armv7e-m/softfp/crt0.o
                0x0000000000021624                _mainCRTStartup
                0x0000000000021624                _start
 .text.TIMER_Init
                0x0000000000021698       0xb0 ./em_timer.o
                0x0000000000021698                TIMER_Init
 .text.TIMER_InitCC
                0x0000000000021748       0x84 ./em_timer.o
                0x0000000000021748                TIMER_InitCC
 .text.startup.main
                0x00000000000217cc      0x488 ./main.o
                0x00000000000217cc                main
 .text.InitGPIO
                0x0000000000021c54       0xa4 ./peripherals.o
                0x0000000000021c54                InitGPIO
 .text.SetLED0  0x0000000000021cf8       0x10 ./peripherals.o
                0x0000000000021cf8                SetLED0
 .text.ClearLED0
                0x0000000000021d08       0x10 ./peripherals.o
                0x0000000000021d08                ClearLED0
 .text.GetLED0  0x0000000000021d18       0x10 ./peripherals.o
                0x0000000000021d18                GetLED0
 .text.SetLED1  0x0000000000021d28       0x10 ./peripherals.o
                0x0000000000021d28                SetLED1
 .text.ClearLED1
                0x0000000000021d38       0x10 ./peripherals.o
                0x0000000000021d38                ClearLED1
 .text.GetLED1  0x0000000000021d48       0x10 ./peripherals.o
                0x0000000000021d48                GetLED1
 .text.GetPB0   0x0000000000021d58       0x10 ./peripherals.o
                0x0000000000021d58                GetPB0
 .text.GetPB1   0x0000000000021d68       0x10 ./peripherals.o
                0x0000000000021d68                GetPB1
 .text.GPIOHandler
                0x0000000000021d78       0x90 ./peripherals.o
                0x0000000000021d78                GPIOHandler
 .text.InitPWM1
                0x0000000000021e08       0xa0 ./peripherals.o
                0x0000000000021e08                InitPWM1
 .text.UpdatePWM1
                0x0000000000021ea8       0x18 ./peripherals.o
                0x0000000000021ea8                UpdatePWM1
 .text.ChangePWMoutput
                0x0000000000021ec0       0x44 ./peripherals.o
                0x0000000000021ec0                ChangePWMoutput
 .text.PWMHandler
                0x0000000000021f04       0x24 ./peripherals.o
                0x0000000000021f04                PWMHandler
 .text.GetPWM1  0x0000000000021f28        0xc ./peripherals.o
                0x0000000000021f28                GetPWM1
 .text.InitLEUART0
                0x0000000000021f34       0x90 ./peripherals.o
                0x0000000000021f34                InitLEUART0
 .text.LEUART0_IRQHandler
                0x0000000000021fc4       0x3c ./peripherals.o
                0x0000000000021fc4                LEUART0_IRQHandler
 .text.UART_Tx  0x0000000000022000       0x2c ./peripherals.o
                0x0000000000022000                UART_Tx
 .text.UART_TXHandler
                0x000000000002202c       0x38 ./peripherals.o
                0x000000000002202c                UART_TXHandler
 .text.UART_RXHandler
                0x0000000000022064       0x80 ./peripherals.o
                0x0000000000022064                UART_RXHandler
 .text.LED0onUARTmessage
                0x00000000000220e4       0x40 ./peripherals.o
                0x00000000000220e4                LED0onUARTmessage
 .text.LED0offUARTmessage
                0x0000000000022124       0x40 ./peripherals.o
                0x0000000000022124                LED0offUARTmessage
 .text.LED1onUARTmessage
                0x0000000000022164       0x40 ./peripherals.o
                0x0000000000022164                LED1onUARTmessage
 .text.LED1offUARTmessage
                0x00000000000221a4       0x40 ./peripherals.o
                0x00000000000221a4                LED1offUARTmessage
 .text.LETIMER0_IRQHandler
                0x00000000000221e4       0x18 ./peripherals.o
                0x00000000000221e4                LETIMER0_IRQHandler
 .text.InitLETIMER0
                0x00000000000221fc       0x6c ./peripherals.o
                0x00000000000221fc                InitLETIMER0
 .text.StartTransfer
                0x0000000000022268      0x1dc ./bgapi/dmadrv.o
 .text.DMADRV_AllocateChannel
                0x0000000000022444       0x60 ./bgapi/dmadrv.o
                0x0000000000022444                DMADRV_AllocateChannel
 .text.DMADRV_Init
                0x00000000000224a4       0x60 ./bgapi/dmadrv.o
                0x00000000000224a4                DMADRV_Init
 .text.DMADRV_MemoryPeripheral
                0x0000000000022504       0x34 ./bgapi/dmadrv.o
                0x0000000000022504                DMADRV_MemoryPeripheral
 .text.DMADRV_PeripheralMemory
                0x0000000000022538       0x34 ./bgapi/dmadrv.o
                0x0000000000022538                DMADRV_PeripheralMemory
 .text.DMADRV_StopTransfer
                0x000000000002256c       0x44 ./bgapi/dmadrv.o
                0x000000000002256c                DMADRV_StopTransfer
 .text.DMADRV_TransferRemainingCount
                0x00000000000225b0       0x50 ./bgapi/dmadrv.o
                0x00000000000225b0                DMADRV_TransferRemainingCount
 .text.LDMA_IRQHandler
                0x0000000000022600       0x7c ./bgapi/dmadrv.o
                0x0000000000022600                LDMA_IRQHandler
 .text.ADC_LoadDevinfoCal
                0x000000000002267c       0xf4 ./bgapi/em_adc.o
 .text.ADC_InitSingle
                0x0000000000022770       0xb4 ./bgapi/em_adc.o
                0x0000000000022770                ADC_InitSingle
 .text.ADC_PrescaleCalc
                0x0000000000022824       0x4c ./bgapi/em_adc.o
                0x0000000000022824                ADC_PrescaleCalc
 .text.ADC_Init
                0x0000000000022870       0x68 ./bgapi/em_adc.o
                0x0000000000022870                ADC_Init
 .text.LDMA_Init
                0x00000000000228d8       0x58 ./bgapi/em_ldma.o
                0x00000000000228d8                LDMA_Init
 .text.LDMA_StartTransfer
                0x0000000000022930       0xa8 ./bgapi/em_ldma.o
                0x0000000000022930                LDMA_StartTransfer
 .text.LDMA_StopTransfer
                0x00000000000229d8       0x28 ./bgapi/em_ldma.o
                0x00000000000229d8                LDMA_StopTransfer
 .text.LDMA_TransferRemainingCount
                0x0000000000022a00       0x40 ./bgapi/em_ldma.o
                0x0000000000022a00                LDMA_TransferRemainingCount
 .text.LEUART_BaudrateSet
                0x0000000000022a40       0x54 ./bgapi/em_leuart.o
                0x0000000000022a40                LEUART_BaudrateSet
 .text.LEUART_Enable
                0x0000000000022a94       0x1c ./bgapi/em_leuart.o
                0x0000000000022a94                LEUART_Enable
 .text.LEUART_Init
                0x0000000000022ab0       0x4c ./bgapi/em_leuart.o
                0x0000000000022ab0                LEUART_Init
 .text.LEUART_Tx
                0x0000000000022afc       0x18 ./bgapi/em_leuart.o
                0x0000000000022afc                LEUART_Tx
 .text.LEUART_TxDmaInEM2Enable
                0x0000000000022b14       0x28 ./bgapi/em_leuart.o
                0x0000000000022b14                LEUART_TxDmaInEM2Enable
 .text.LEUART_RxDmaInEM2Enable
                0x0000000000022b3c       0x28 ./bgapi/em_leuart.o
                0x0000000000022b3c                LEUART_RxDmaInEM2Enable
 .text.Default_Handler
                0x0000000000022b64        0x4 ./device/EFR32_B_1_1_B/gcc/startup_efr32bg1b.o
                0x0000000000022b64                IDAC0_IRQHandler
                0x0000000000022b64                USART0_TX_IRQHandler
                0x0000000000022b64                I2C0_IRQHandler
                0x0000000000022b64                HardFault_Handler
                0x0000000000022b64                SysTick_Handler
                0x0000000000022b64                USART1_RX_IRQHandler
                0x0000000000022b64                PendSV_Handler
                0x0000000000022b64                NMI_Handler
                0x0000000000022b64                SYNTH_IRQHandler
                0x0000000000022b64                WDOG0_IRQHandler
                0x0000000000022b64                USART1_TX_IRQHandler
                0x0000000000022b64                MSC_IRQHandler
                0x0000000000022b64                ADC0_IRQHandler
                0x0000000000022b64                UsageFault_Handler
                0x0000000000022b64                FPUEH_IRQHandler
                0x0000000000022b64                GPIO_EVEN_IRQHandler
                0x0000000000022b64                TIMER0_IRQHandler
                0x0000000000022b64                TIMER1_IRQHandler
                0x0000000000022b64                RFSENSE_IRQHandler
                0x0000000000022b64                BUFC_IRQHandler
                0x0000000000022b64                MODEM_IRQHandler
                0x0000000000022b64                Default_Handler
                0x0000000000022b64                RAC_SEQ_IRQHandler
                0x0000000000022b64                FRC_PRI_IRQHandler
                0x0000000000022b64                FRC_IRQHandler
                0x0000000000022b64                CRYOTIMER_IRQHandler
                0x0000000000022b64                PCNT0_IRQHandler
                0x0000000000022b64                AGC_IRQHandler
                0x0000000000022b64                ACMP0_IRQHandler
                0x0000000000022b64                USART0_RX_IRQHandler
                0x0000000000022b64                MemManage_Handler
                0x0000000000022b64                SVC_Handler
                0x0000000000022b64                RTCC_IRQHandler
                0x0000000000022b64                CRYPTO_IRQHandler
                0x0000000000022b64                CMU_IRQHandler
                0x0000000000022b64                RAC_RSM_IRQHandler
                0x0000000000022b64                GPIO_ODD_IRQHandler
                0x0000000000022b64                PROTIMER_IRQHandler
                0x0000000000022b64                BusFault_Handler
                0x0000000000022b64                DebugMon_Handler
 .text.Reset_Handler
                0x0000000000022b68       0x34 ./device/EFR32_B_1_1_B/gcc/startup_efr32bg1b.o
                0x0000000000022b68                Reset_Handler
 .text.flashWaitStateMax
                0x0000000000022b9c       0x40 ./emlib/em_cmu.o
 .text.CMU_OscillatorTuningSet.part.2
                0x0000000000022bdc       0x44 ./emlib/em_cmu.o
 .text.CMU_ClockEnable
                0x0000000000022c20       0x8c ./emlib/em_cmu.o
                0x0000000000022c20                CMU_ClockEnable
 .text.CMU_ClockSelectGet
                0x0000000000022cac       0xa4 ./emlib/em_cmu.o
                0x0000000000022cac                CMU_ClockSelectGet
 .text.lfClkGet
                0x0000000000022d50       0x94 ./emlib/em_cmu.o
 .text.CMU_ClockFreqGet
                0x0000000000022de4      0x128 ./emlib/em_cmu.o
                0x0000000000022de4                CMU_ClockFreqGet
 .text.CMU_HFXOAutostartEnable
                0x0000000000022f0c       0x88 ./emlib/em_cmu.o
                0x0000000000022f0c                CMU_HFXOAutostartEnable
 .text.CMU_OscillatorTuningWait
                0x0000000000022f94       0x60 ./emlib/em_cmu.o
                0x0000000000022f94                CMU_OscillatorTuningWait
 .text.CMU_OscillatorEnable
                0x0000000000022ff4      0x110 ./emlib/em_cmu.o
                0x0000000000022ff4                CMU_OscillatorEnable
 .text.CMU_ClockSelectSet
                0x0000000000023104      0x158 ./emlib/em_cmu.o
                0x0000000000023104                CMU_ClockSelectSet
 .text.CMU_HFXOInit
                0x000000000002325c       0xec ./emlib/em_cmu.o
                0x000000000002325c                CMU_HFXOInit
 .text.CMU_LFXOInit
                0x0000000000023348       0x40 ./emlib/em_cmu.o
                0x0000000000023348                CMU_LFXOInit
 .text.GPIO_PinModeSet
                0x0000000000023388       0x8c ./emlib/em_gpio.o
                0x0000000000023388                GPIO_PinModeSet
 .text.I2C_BusFreqSet.part.0
                0x0000000000023414       0x60 ./emlib/em_i2c.o
 .text.I2C_Init
                0x0000000000023474       0x3c ./emlib/em_i2c.o
                0x0000000000023474                I2C_Init
 .text.LETIMER_Enable
                0x00000000000234b0       0x10 ./emlib/em_letimer.o
                0x00000000000234b0                LETIMER_Enable
 .text.LETIMER_Init
                0x00000000000234c0       0x60 ./emlib/em_letimer.o
                0x00000000000234c0                LETIMER_Init
 .text.RTCC_Init
                0x0000000000023520       0x48 ./emlib/em_rtcc.o
                0x0000000000023520                RTCC_Init
 .text.SYSTEM_ChipRevisionGet
                0x0000000000023568       0x34 ./emlib/em_system.o
                0x0000000000023568                SYSTEM_ChipRevisionGet
 .text.USART_BaudrateAsyncSet
                0x000000000002359c       0x68 ./emlib/em_usart.o
                0x000000000002359c                USART_BaudrateAsyncSet
 .text.USART_BaudrateCalc
                0x0000000000023604       0x7c ./emlib/em_usart.o
                0x0000000000023604                USART_BaudrateCalc
 .text.USART_BaudrateGet
                0x0000000000023680       0x24 ./emlib/em_usart.o
                0x0000000000023680                USART_BaudrateGet
 .text.USART_Enable
                0x00000000000236a4       0x10 ./emlib/em_usart.o
                0x00000000000236a4                USART_Enable
 .text.USART_InitAsync
                0x00000000000236b4       0xa4 ./emlib/em_usart.o
                0x00000000000236b4                USART_InitAsync
 .text.EMU_enter_DefaultMode_from_RESET
                0x0000000000023758       0x74 ./src/InitDevice.o
                0x0000000000023758                EMU_enter_DefaultMode_from_RESET
 .text.CMU_enter_DefaultMode_from_RESET
                0x00000000000237cc       0xdc ./src/InitDevice.o
                0x00000000000237cc                CMU_enter_DefaultMode_from_RESET
 .text.RTCC_enter_DefaultMode_from_RESET
                0x00000000000238a8       0x44 ./src/InitDevice.o
                0x00000000000238a8                RTCC_enter_DefaultMode_from_RESET
 .text.LEUART0_enter_DefaultMode_from_RESET
                0x00000000000238ec       0x6c ./src/InitDevice.o
                0x00000000000238ec                LEUART0_enter_DefaultMode_from_RESET
 .text.PORTIO_enter_DefaultMode_from_RESET
                0x0000000000023958       0x80 ./src/InitDevice.o
                0x0000000000023958                PORTIO_enter_DefaultMode_from_RESET
 .text.enter_DefaultMode_from_RESET
                0x00000000000239d8       0xa0 ./src/InitDevice.o
                0x00000000000239d8                enter_DefaultMode_from_RESET
 .text          0x0000000000023a78       0x60 /Applications/Simplicity Studio.app/Contents/Eclipse/developer/sdks/gecko_sdk_suite/v1.0//protocol/bluetooth_2.3/lib/EFR32BG1B/GCC/bgapi.a(gecko_bgapi_hardware.c.obj)
                0x0000000000023ac0                gecko_bgapi_class_hardware_init
 .text          0x0000000000023ad8       0x60 /Applications/Simplicity Studio.app/Contents/Eclipse/developer/sdks/gecko_sdk_suite/v1.0//protocol/bluetooth_2.3/lib/EFR32BG1B/GCC/bgapi.a(gecko_bgapi_test.c.obj)
                0x0000000000023b20                gecko_bgapi_class_test_init
 .text          0x0000000000023b38       0x60 /Applications/Simplicity Studio.app/Contents/Eclipse/developer/sdks/gecko_sdk_suite/v1.0//protocol/bluetooth_2.3/lib/EFR32BG1B/GCC/bgapi.a(gecko_bgapi_util.c.obj)
                0x0000000000023b80                gecko_bgapi_class_util_init
 .text          0x0000000000023b98       0x60 /Applications/Simplicity Studio.app/Contents/Eclipse/developer/sdks/gecko_sdk_suite/v1.0//protocol/bluetooth_2.3/lib/EFR32BG1B/GCC/bgapi.a(gecko_bgapi_dfu.c.obj)
                0x0000000000023be0                gecko_bgapi_class_dfu_init
 .text          0x0000000000023bf8       0x60 /Applications/Simplicity Studio.app/Contents/Eclipse/developer/sdks/gecko_sdk_suite/v1.0//protocol/bluetooth_2.3/lib/EFR32BG1B/GCC/bgapi.a(gecko_bgapi_gap.c.obj)
                0x0000000000023c40                gecko_bgapi_class_le_gap_init
 .text          0x0000000000023c58       0x60 /Applications/Simplicity Studio.app/Contents/Eclipse/developer/sdks/gecko_sdk_suite/v1.0//protocol/bluetooth_2.3/lib/EFR32BG1B/GCC/bgapi.a(gecko_bgapi_gatt.c.obj)
                0x0000000000023ca0                gecko_bgapi_class_gatt_init
 .text          0x0000000000023cb8       0x60 /Applications/Simplicity Studio.app/Contents/Eclipse/developer/sdks/gecko_sdk_suite/v1.0//protocol/bluetooth_2.3/lib/EFR32BG1B/GCC/bgapi.a(gecko_bgapi_gatt_server.c.obj)
                0x0000000000023d00                gecko_bgapi_class_gatt_server_init
 .text          0x0000000000023d18       0x60 /Applications/Simplicity Studio.app/Contents/Eclipse/developer/sdks/gecko_sdk_suite/v1.0//protocol/bluetooth_2.3/lib/EFR32BG1B/GCC/bgapi.a(gecko_bgapi_flash.c.obj)
                0x0000000000023d60                gecko_bgapi_class_flash_init
 .text          0x0000000000023d78       0x60 /Applications/Simplicity Studio.app/Contents/Eclipse/developer/sdks/gecko_sdk_suite/v1.0//protocol/bluetooth_2.3/lib/EFR32BG1B/GCC/bgapi.a(gecko_bgapi_sm.c.obj)
                0x0000000000023dc0                gecko_bgapi_class_sm_init
 .text          0x0000000000023dd8       0x60 /Applications/Simplicity Studio.app/Contents/Eclipse/developer/sdks/gecko_sdk_suite/v1.0//protocol/bluetooth_2.3/lib/EFR32BG1B/GCC/bgapi.a(gecko_bgapi_system.c.obj)
                0x0000000000023e20                gecko_bgapi_class_system_init
 .text          0x0000000000023e38       0x60 /Applications/Simplicity Studio.app/Contents/Eclipse/developer/sdks/gecko_sdk_suite/v1.0//protocol/bluetooth_2.3/lib/EFR32BG1B/GCC/bgapi.a(gecko_bgapi_endpoint.c.obj)
                0x0000000000023e80                gecko_bgapi_class_endpoint_init
 .text          0x0000000000023e98       0x60 /Applications/Simplicity Studio.app/Contents/Eclipse/developer/sdks/gecko_sdk_suite/v1.0//protocol/bluetooth_2.3/lib/EFR32BG1B/GCC/bgapi.a(gecko_bgapi_le_connection.c.obj)
                0x0000000000023ee0                gecko_bgapi_class_le_connection_init
 .text          0x0000000000023ef8      0x388 /Applications/Simplicity Studio.app/Contents/Eclipse/developer/sdks/gecko_sdk_suite/v1.0//protocol/bluetooth_2.3/lib/EFR32BG1B/GCC/bgapi.a(bgapi_hardware_lib.c.obj)
                0x0000000000023ef8                gecko_cmd_hardware_read_i2c
                0x0000000000023f60                gecko_cmd_hardware_write_i2c
                0x0000000000023fa4                gecko_cmd_hardware_stop_i2c
                0x0000000000023fdc                gecko_cmd_hardware_read_adc
                0x000000000002401c                gecko_cmd_hardware_read_adc_channel
                0x000000000002404c                gecko_cmd_hardware_config_adc_reference
                0x0000000000024078                gecko_cmd_hardware_configure_gpio
                0x00000000000240ac                gecko_cmd_hardware_write_gpio
                0x0000000000024110                gecko_cmd_hardware_read_gpio
                0x0000000000024170                gecko_cmd_hardware_set_uart_configuration
                0x00000000000241e8                clock_outputs_init
                0x0000000000024230                bgapi_hardware_init
 .text          0x0000000000024280      0x1d0 /Applications/Simplicity Studio.app/Contents/Eclipse/developer/sdks/gecko_sdk_suite/v1.0//protocol/bluetooth_2.3/lib/EFR32BG1B/GCC/bgapi.a(bgapi_hardware.c.obj)
                0x0000000000024280                soft_timer_comparison
                0x0000000000024314                bgapi_hardware_soft_timer_listener
                0x0000000000024354                lib_hardware_handler_init
                0x0000000000024368                gecko_cmd_hardware_set_soft_timer
                0x00000000000243a8                gecko_cmd_hardware_set_lazy_soft_timer
                0x00000000000243e8                gecko_cmd_hardware_get_time
                0x000000000002441c                gecko_cmd_hardware_enable_dcdc
 .text          0x0000000000024450      0x200 /Applications/Simplicity Studio.app/Contents/Eclipse/developer/sdks/gecko_sdk_suite/v1.0//protocol/bluetooth_2.3/lib/EFR32BG1B/GCC/bgapi.a(bgapi_test_lib.c.obj)
                0x0000000000024450                lib_test_handler_init
                0x0000000000024452                disable_interrupts
                0x0000000000024476                gecko_cmd_test_dtm_tx
                0x00000000000244a8                gecko_cmd_test_dtm_rx
                0x00000000000244d8                gecko_cmd_test_dtm_end
                0x0000000000024504                gecko_cmd_test_debug_command
                0x00000000000245d4                gecko_cmd_test_debug_counter
 .text          0x0000000000024650      0x158 /Applications/Simplicity Studio.app/Contents/Eclipse/developer/sdks/gecko_sdk_suite/v1.0//protocol/bluetooth_2.3/lib/EFR32BG1B/GCC/bgapi.a(bgapi_util.c.obj)
                0x0000000000024688                lib_util_handler_init
                0x000000000002468a                gecko_cmd_util_atoi
                0x00000000000246e0                gecko_cmd_util_itoa
 .text          0x00000000000247a8       0x8c /Applications/Simplicity Studio.app/Contents/Eclipse/developer/sdks/gecko_sdk_suite/v1.0//protocol/bluetooth_2.3/lib/EFR32BG1B/GCC/bgapi.a(bgapi_dfu.c.obj)
                0x00000000000247a8                lib_dfu_handler_init
                0x00000000000247aa                gecko_cmd_dfu_reset
                0x00000000000247b0                gecko_cmd_dfu_flash_set_address
                0x00000000000247dc                gecko_cmd_dfu_flash_upload
                0x0000000000024808                gecko_cmd_dfu_flash_upload_finish
 .text          0x0000000000024834      0x308 /Applications/Simplicity Studio.app/Contents/Eclipse/developer/sdks/gecko_sdk_suite/v1.0//protocol/bluetooth_2.3/lib/EFR32BG1B/GCC/bgapi.a(bgapi_gap.c.obj)
                0x0000000000024834                lib_le_gap_handler_init
                0x0000000000024836                gecko_cmd_le_gap_set_mode
                0x000000000002487c                gecko_cmd_le_gap_bt5_set_mode
                0x00000000000248bc                gecko_cmd_le_gap_set_adv_data
                0x00000000000248f0                gecko_cmd_le_gap_bt5_set_adv_data
                0x0000000000024924                gecko_cmd_le_gap_set_adv_timeout
                0x0000000000024978                gecko_cmd_le_gap_open
                0x00000000000249e0                gecko_cmd_le_gap_discover
                0x0000000000024a0c                gecko_cmd_le_gap_end_procedure
                0x0000000000024a38                gecko_cmd_le_gap_set_adv_parameters
                0x0000000000024a6c                gecko_cmd_le_gap_bt5_set_adv_parameters
                0x0000000000024aa8                gecko_cmd_le_gap_set_scan_parameters
                0x0000000000024ad8                gecko_cmd_le_gap_set_conn_parameters
                0x0000000000024b10                gecko_cmd_le_gap_set_phy
 .text          0x0000000000024b3c      0x644 /Applications/Simplicity Studio.app/Contents/Eclipse/developer/sdks/gecko_sdk_suite/v1.0//protocol/bluetooth_2.3/lib/EFR32BG1B/GCC/bgapi.a(bgapi_gatt_lib.c.obj)
                0x0000000000024b3c                lib_gatt_handler_init
                0x0000000000024b3e                lib_gatt_server_handler_init
                0x0000000000024b40                gecko_cmd_gatt_set_max_mtu
                0x0000000000024b7c                gecko_cmd_gatt_discover_primary_services
                0x0000000000024bac                gecko_cmd_gatt_discover_primary_services_by_uuid
                0x0000000000024be8                gecko_cmd_gatt_find_included_services
                0x0000000000024c1c                gecko_cmd_gatt_discover_characteristics
                0x0000000000024c50                gecko_cmd_gatt_discover_characteristics_by_uuid
                0x0000000000024c90                gecko_cmd_gatt_read_characteristic_value
                0x0000000000024cc8                gecko_cmd_gatt_read_characteristic_value_from_offset
                0x0000000000024d04                gecko_cmd_gatt_read_characteristic_value_by_uuid
                0x0000000000024d44                gecko_cmd_gatt_read_multiple_characteristic_values
                0x0000000000024d78                gecko_cmd_gatt_write_characteristic_value
                0x0000000000024db0                gecko_cmd_gatt_write_characteristic_value_without_response
                0x0000000000024df4                gecko_cmd_gatt_prepare_characteristic_value_write
                0x0000000000024e44                gecko_cmd_gatt_execute_characteristic_value_write
                0x0000000000024e78                gecko_cmd_gatt_set_characteristic_notification
                0x0000000000024eb0                gecko_cmd_gatt_discover_descriptors
                0x0000000000024ee4                gecko_cmd_gatt_read_descriptor_value
                0x0000000000024f18                gecko_cmd_gatt_write_descriptor_value
                0x0000000000024f50                gecko_cmd_gatt_server_read_attribute_value
                0x0000000000024f98                gecko_cmd_gatt_server_read_attribute_type
                0x0000000000024fdc                gecko_cmd_gatt_server_find_attribute
                0x0000000000025018                gecko_cmd_gatt_server_write_attribute_value
                0x000000000002504c                gecko_cmd_gatt_server_send_user_read_response
                0x000000000002509c                gecko_cmd_gatt_server_send_user_write_response
                0x00000000000250d4                gecko_cmd_gatt_server_send_characteristic_notification
                0x0000000000025120                gecko_cmd_gatt_send_characteristic_confirmation
                0x0000000000025150                gecko_cmd_gatt_server_set_database
 .text          0x0000000000025180      0x17c /Applications/Simplicity Studio.app/Contents/Eclipse/developer/sdks/gecko_sdk_suite/v1.0//protocol/bluetooth_2.3/lib/EFR32BG1B/GCC/bgapi.a(bgapi_ps.c.obj)
                0x0000000000025180                lib_flash_handler_init
                0x0000000000025182                gecko_cmd_flash_ps_dump
                0x0000000000025218                gecko_cmd_flash_ps_erase_all
                0x0000000000025248                gecko_cmd_flash_ps_save
                0x0000000000025284                gecko_cmd_flash_ps_load
                0x00000000000252c8                gecko_cmd_flash_ps_erase
 .text          0x00000000000252fc      0x3cc /Applications/Simplicity Studio.app/Contents/Eclipse/developer/sdks/gecko_sdk_suite/v1.0//protocol/bluetooth_2.3/lib/EFR32BG1B/GCC/bgapi.a(bgapi_sm.c.obj)
                0x00000000000253c4                lib_sm_handler_init
                0x00000000000253d8                gecko_cmd_sm_list_all_bondings
                0x0000000000025410                gecko_cmd_sm_increase_security
                0x0000000000025440                gecko_cmd_sm_set_bondable_mode
                0x000000000002546c                gecko_cmd_sm_delete_bonding
                0x000000000002549c                gecko_cmd_sm_delete_bondings
                0x00000000000254cc                gecko_cmd_sm_configure
                0x00000000000254fc                gecko_cmd_sm_enter_passkey
                0x0000000000025530                gecko_cmd_sm_set_passkey
                0x000000000002555c                gecko_cmd_sm_passkey_confirm
                0x0000000000025590                gecko_cmd_sm_set_oob_data
                0x00000000000255c0                gecko_cmd_sm_set_sc_remote_oob_data
                0x00000000000255f0                gecko_cmd_sm_use_sc_oob
                0x0000000000025630                gecko_cmd_sm_store_bonding_configuration
                0x0000000000025664                gecko_cmd_sm_bonding_confirm
                0x0000000000025698                gecko_cmd_sm_set_debug_mode
 .text          0x00000000000256c8      0x114 /Applications/Simplicity Studio.app/Contents/Eclipse/developer/sdks/gecko_sdk_suite/v1.0//protocol/bluetooth_2.3/lib/EFR32BG1B/GCC/bgapi.a(bgapi_system.c.obj)
                0x00000000000256c8                lib_system_handler_init
                0x00000000000256ca                gecko_cmd_system_get_bt_address
                0x0000000000025700                gecko_cmd_system_get_random_data
                0x0000000000025748                gecko_cmd_system_halt
                0x000000000002577c                gecko_cmd_system_set_tx_power
                0x00000000000257ac                gecko_cmd_system_hello
                0x00000000000257d4                gecko_cmd_system_reset
 .text          0x00000000000257dc      0x1ac /Applications/Simplicity Studio.app/Contents/Eclipse/developer/sdks/gecko_sdk_suite/v1.0//protocol/bluetooth_2.3/lib/EFR32BG1B/GCC/bgapi.a(bgapi_endpoint.c.obj)
                0x00000000000257dc                lib_endpoint_handler_init
                0x00000000000257de                gecko_cmd_endpoint_send
                0x0000000000025888                gecko_cmd_endpoint_set_streaming_destination
                0x00000000000258e0                gecko_cmd_endpoint_close
                0x000000000002593c                gecko_cmd_endpoint_set_flags
                0x000000000002593e                gecko_cmd_endpoint_clr_flags
                0x0000000000025940                gecko_cmd_endpoint_read_counters
 .text          0x0000000000025988      0x104 /Applications/Simplicity Studio.app/Contents/Eclipse/developer/sdks/gecko_sdk_suite/v1.0//protocol/bluetooth_2.3/lib/EFR32BG1B/GCC/bgapi.a(bgapi_le_connection.c.obj)
                0x0000000000025988                lib_le_connection_handler_init
                0x000000000002598a                gecko_cmd_le_connection_set_parameters
                0x00000000000259d8                gecko_cmd_le_connection_get_rssi
                0x0000000000025a08                gecko_cmd_le_connection_disable_slave_latency
                0x0000000000025a50                gecko_cmd_le_connection_set_phy
 .text          0x0000000000025a8c      0x220 /Applications/Simplicity Studio.app/Contents/Eclipse/developer/sdks/gecko_sdk_suite/v1.0//protocol/bluetooth_2.3/lib/EFR32BG1B/GCC/bgapi.a(uart_endpoint.c.obj)
                0x0000000000025aec                uart_output_available
                0x0000000000025af0                uart_transparent_input
                0x0000000000025b2e                uart_endpoint_func
                0x0000000000025be2                uart_change_flags
                0x0000000000025bf0                init_uart_endpoints
 .text          0x0000000000025cac      0x17c /Applications/Simplicity Studio.app/Contents/Eclipse/developer/sdks/gecko_sdk_suite/v1.0//protocol/bluetooth_2.3/lib/EFR32BG1B/GCC/bgapi.a(bgapi_endpoint.c.obj)
                0x0000000000025dd8                init_bgapi_endpoints
 .text          0x0000000000025e28       0xc8 /Applications/Simplicity Studio.app/Contents/Eclipse/developer/sdks/gecko_sdk_suite/v1.0//protocol/bluetooth_2.3/lib/EFR32BG1B/GCC/bgapi.a(adc.c.obj)
                0x0000000000025e28                adc_read_channel
                0x0000000000025e58                adc_read_port
                0x0000000000025e68                adc_config_reference
                0x0000000000025e9c                adc_init
 .text          0x0000000000025ef0      0x160 /Applications/Simplicity Studio.app/Contents/Eclipse/developer/sdks/gecko_sdk_suite/v1.0//protocol/bluetooth_2.3/lib/EFR32BG1B/GCC/bgapi.a(gpio.c.obj)
                0x0000000000025f68                gpio_location_to_port
                0x0000000000025f78                gpio_location_to_pin_index
                0x0000000000025f8c                gpios_init
 .text          0x0000000000026050      0x218 /Applications/Simplicity Studio.app/Contents/Eclipse/developer/sdks/gecko_sdk_suite/v1.0//protocol/bluetooth_2.3/lib/EFR32BG1B/GCC/bgapi.a(i2c.c.obj)
                0x0000000000026050                i2c_init
                0x00000000000260dc                i2c_stop
                0x00000000000260fc                i2c_reset
                0x000000000002611c                i2c_read
                0x00000000000261c8                i2c_write
 .text          0x0000000000026268      0x160 /Applications/Simplicity Studio.app/Contents/Eclipse/developer/sdks/gecko_sdk_suite/v1.0//protocol/bluetooth_2.3/lib/EFR32BG1B/GCC/bgapi.a(sleep_signal.c.obj)
                0x0000000000026298                sleep_signal_init
                0x00000000000262f8                sleep_signal_update
                0x0000000000026364                host_wakeup_signal_init
                0x00000000000263a0                host_wakeup_signal_update
 .text          0x00000000000263c8      0x89c /Applications/Simplicity Studio.app/Contents/Eclipse/developer/sdks/gecko_sdk_suite/v1.0//protocol/bluetooth_2.3/lib/EFR32BG1B/GCC/bgapi.a(uart.c.obj)
                0x00000000000263c8                LEUART0_IRQGeckoHandler
                0x00000000000263ca                USART1_TX_IRQGeckoHandler
                0x00000000000264f4                USART0_TX_IRQGeckoHandler
                0x00000000000266a4                USART1_RX_IRQGeckoHandler
                0x00000000000266b0                USART0_RX_IRQGeckoHandler
                0x00000000000266d0                uart_update
                0x00000000000266e8                uart_configure
                0x00000000000267bc                uart_event_register
                0x00000000000267cc                uarts_init
                0x0000000000026b50                uart_get_flags
                0x0000000000026b60                uart_write_bgbuf
                0x0000000000026ba0                uart_read_bgbuf
                0x0000000000026c28                uart_sleep
 .text          0x0000000000026c64       0x30 /Applications/Simplicity Studio.app/Contents/Eclipse/developer/toolchains/gnu_arm/4.9_2015q3/bin/../lib/gcc/arm-none-eabi/4.9.3/armv7e-m/softfp/libgcc.a(_aeabi_uldivmod.o)
                0x0000000000026c64                __aeabi_uldivmod
 .text          0x0000000000026c94       0x60 /Applications/Simplicity Studio.app/Contents/Eclipse/developer/toolchains/gnu_arm/4.9_2015q3/bin/../lib/gcc/arm-none-eabi/4.9.3/armv7e-m/softfp/libgcc.a(bpabi.o)
                0x0000000000026c94                __gnu_ldivmod_helper
                0x0000000000026cc4                __gnu_uldivmod_helper
 .text          0x0000000000026cf4        0x4 /Applications/Simplicity Studio.app/Contents/Eclipse/developer/toolchains/gnu_arm/4.9_2015q3/bin/../lib/gcc/arm-none-eabi/4.9.3/armv7e-m/softfp/libgcc.a(_dvmd_tls.o)
                0x0000000000026cf4                __aeabi_ldiv0
                0x0000000000026cf4                __aeabi_idiv0
 .text          0x0000000000026cf8      0x29c /Applications/Simplicity Studio.app/Contents/Eclipse/developer/toolchains/gnu_arm/4.9_2015q3/bin/../lib/gcc/arm-none-eabi/4.9.3/armv7e-m/softfp/libgcc.a(_divdi3.o)
                0x0000000000026cf8                __divdi3
 .text          0x0000000000026f94      0x26c /Applications/Simplicity Studio.app/Contents/Eclipse/developer/toolchains/gnu_arm/4.9_2015q3/bin/../lib/gcc/arm-none-eabi/4.9.3/armv7e-m/softfp/libgcc.a(_udivdi3.o)
                0x0000000000026f94                __udivdi3
 .text.exit     0x0000000000027200       0x20 /Applications/Simplicity Studio.app/Contents/Eclipse/developer/toolchains/gnu_arm/4.9_2015q3/bin/../lib/gcc/arm-none-eabi/4.9.3/../../../../arm-none-eabi/lib/armv7e-m/softfp/libc.a(lib_a-exit.o)
                0x0000000000027200                exit
 .text.__libc_init_array
                0x0000000000027220       0x50 /Applications/Simplicity Studio.app/Contents/Eclipse/developer/toolchains/gnu_arm/4.9_2015q3/bin/../lib/gcc/arm-none-eabi/4.9.3/../../../../arm-none-eabi/lib/armv7e-m/softfp/libc.a(lib_a-init.o)
                0x0000000000027220                __libc_init_array
 .text.memset   0x0000000000027270       0x9c /Applications/Simplicity Studio.app/Contents/Eclipse/developer/toolchains/gnu_arm/4.9_2015q3/bin/../lib/gcc/arm-none-eabi/4.9.3/../../../../arm-none-eabi/lib/armv7e-m/softfp/libc.a(lib_a-memset.o)
                0x0000000000027270                memset
 .text.startup.register_fini
                0x000000000002730c       0x14 /Applications/Simplicity Studio.app/Contents/Eclipse/developer/toolchains/gnu_arm/4.9_2015q3/bin/../lib/gcc/arm-none-eabi/4.9.3/../../../../arm-none-eabi/lib/armv7e-m/softfp/libc.a(lib_a-__call_atexit.o)
 .text.__call_exitprocs
                0x0000000000027320       0xd4 /Applications/Simplicity Studio.app/Contents/Eclipse/developer/toolchains/gnu_arm/4.9_2015q3/bin/../lib/gcc/arm-none-eabi/4.9.3/../../../../arm-none-eabi/lib/armv7e-m/softfp/libc.a(lib_a-__call_atexit.o)
                0x0000000000027320                __call_exitprocs
 .text.atexit   0x00000000000273f4        0xc /Applications/Simplicity Studio.app/Contents/Eclipse/developer/toolchains/gnu_arm/4.9_2015q3/bin/../lib/gcc/arm-none-eabi/4.9.3/../../../../arm-none-eabi/lib/armv7e-m/softfp/libc.a(lib_a-atexit.o)
                0x00000000000273f4                atexit
 .text.__libc_fini_array
                0x0000000000027400       0x2c /Applications/Simplicity Studio.app/Contents/Eclipse/developer/toolchains/gnu_arm/4.9_2015q3/bin/../lib/gcc/arm-none-eabi/4.9.3/../../../../arm-none-eabi/lib/armv7e-m/softfp/libc.a(lib_a-fini.o)
                0x0000000000027400                __libc_fini_array
 .text.__register_exitproc
                0x000000000002742c       0xa4 /Applications/Simplicity Studio.app/Contents/Eclipse/developer/toolchains/gnu_arm/4.9_2015q3/bin/../lib/gcc/arm-none-eabi/4.9.3/../../../../arm-none-eabi/lib/armv7e-m/softfp/libc.a(lib_a-__atexit.o)
                0x000000000002742c                __register_exitproc
 .text._exit    0x00000000000274d0        0x4 /Applications/Simplicity Studio.app/Contents/Eclipse/developer/toolchains/gnu_arm/4.9_2015q3/bin/../lib/gcc/arm-none-eabi/4.9.3/../../../../arm-none-eabi/lib/armv7e-m/softfp/libnosys.a(_exit.o)
                0x00000000000274d0                _exit
 *(.init)
 .init          0x00000000000274d4        0x4 /Applications/Simplicity Studio.app/Contents/Eclipse/developer/toolchains/gnu_arm/4.9_2015q3/bin/../lib/gcc/arm-none-eabi/4.9.3/armv7e-m/softfp/crti.o
                0x00000000000274d4                _init
 .init          0x00000000000274d8        0x8 /Applications/Simplicity Studio.app/Contents/Eclipse/developer/toolchains/gnu_arm/4.9_2015q3/bin/../lib/gcc/arm-none-eabi/4.9.3/armv7e-m/softfp/crtn.o
 *(.fini)
 .fini          0x00000000000274e0        0x4 /Applications/Simplicity Studio.app/Contents/Eclipse/developer/toolchains/gnu_arm/4.9_2015q3/bin/../lib/gcc/arm-none-eabi/4.9.3/armv7e-m/softfp/crti.o
                0x00000000000274e0                _fini
 .fini          0x00000000000274e4        0x8 /Applications/Simplicity Studio.app/Contents/Eclipse/developer/toolchains/gnu_arm/4.9_2015q3/bin/../lib/gcc/arm-none-eabi/4.9.3/armv7e-m/softfp/crtn.o
 *crtbegin.o(.ctors)
 *crtbegin?.o(.ctors)
 *(EXCLUDE_FILE(*crtend.o *crtend?.o) .ctors)
 *(SORT(.ctors.*))
 *(.ctors)
 *crtbegin.o(.dtors)
 *crtbegin?.o(.dtors)
 *(EXCLUDE_FILE(*crtend.o *crtend?.o) .dtors)
 *(SORT(.dtors.*))
 *(.dtors)
 *(.rodata*)
 .rodata.ptiInit
                0x00000000000274ec       0x24 ./main.o
 .rodata.config
                0x0000000000027510       0xe8 ./main.o
 .rodata.str1.4
                0x00000000000275f8        0x4 ./main.o
 .rodata        0x00000000000275fc       0x18 ./peripherals.o
 .rodata.str1.4
                0x0000000000027614       0x2f ./peripherals.o
 *fill*         0x0000000000027643        0x1 
 .rodata        0x0000000000027644        0x4 ./bgapi/dmadrv.o
 .rodata.CSWTCH.45
                0x0000000000027648        0xc ./emlib/em_cmu.o
 .rodata.CSWTCH.46
                0x0000000000027654       0x10 ./emlib/em_cmu.o
 .rodata.CSWTCH.47
                0x0000000000027664       0x10 ./emlib/em_cmu.o
 .rodata.CSWTCH.48
                0x0000000000027674       0x10 ./emlib/em_cmu.o
 .rodata.i2cNSum
                0x0000000000027684        0x4 ./emlib/em_i2c.o
 .rodata        0x0000000000027688       0x68 ./src/InitDevice.o
 .rodata        0x00000000000276f0       0x78 /Applications/Simplicity Studio.app/Contents/Eclipse/developer/sdks/gecko_sdk_suite/v1.0//protocol/bluetooth_2.3/lib/EFR32BG1B/GCC/bgapi.a(gecko_bgapi_hardware.c.obj)
 .rodata        0x0000000000027768       0x30 /Applications/Simplicity Studio.app/Contents/Eclipse/developer/sdks/gecko_sdk_suite/v1.0//protocol/bluetooth_2.3/lib/EFR32BG1B/GCC/bgapi.a(gecko_bgapi_test.c.obj)
 .rodata        0x0000000000027798       0x18 /Applications/Simplicity Studio.app/Contents/Eclipse/developer/sdks/gecko_sdk_suite/v1.0//protocol/bluetooth_2.3/lib/EFR32BG1B/GCC/bgapi.a(gecko_bgapi_util.c.obj)
 .rodata        0x00000000000277b0       0x28 /Applications/Simplicity Studio.app/Contents/Eclipse/developer/sdks/gecko_sdk_suite/v1.0//protocol/bluetooth_2.3/lib/EFR32BG1B/GCC/bgapi.a(gecko_bgapi_dfu.c.obj)
 .rodata        0x00000000000277d8       0x70 /Applications/Simplicity Studio.app/Contents/Eclipse/developer/sdks/gecko_sdk_suite/v1.0//protocol/bluetooth_2.3/lib/EFR32BG1B/GCC/bgapi.a(gecko_bgapi_gap.c.obj)
 .rodata        0x0000000000027848       0xa0 /Applications/Simplicity Studio.app/Contents/Eclipse/developer/sdks/gecko_sdk_suite/v1.0//protocol/bluetooth_2.3/lib/EFR32BG1B/GCC/bgapi.a(gecko_bgapi_gatt.c.obj)
 .rodata        0x00000000000278e8       0x48 /Applications/Simplicity Studio.app/Contents/Eclipse/developer/sdks/gecko_sdk_suite/v1.0//protocol/bluetooth_2.3/lib/EFR32BG1B/GCC/bgapi.a(gecko_bgapi_gatt_server.c.obj)
 .rodata        0x0000000000027930       0x30 /Applications/Simplicity Studio.app/Contents/Eclipse/developer/sdks/gecko_sdk_suite/v1.0//protocol/bluetooth_2.3/lib/EFR32BG1B/GCC/bgapi.a(gecko_bgapi_flash.c.obj)
 .rodata        0x0000000000027960       0x80 /Applications/Simplicity Studio.app/Contents/Eclipse/developer/sdks/gecko_sdk_suite/v1.0//protocol/bluetooth_2.3/lib/EFR32BG1B/GCC/bgapi.a(gecko_bgapi_sm.c.obj)
 .rodata        0x00000000000279e0       0x38 /Applications/Simplicity Studio.app/Contents/Eclipse/developer/sdks/gecko_sdk_suite/v1.0//protocol/bluetooth_2.3/lib/EFR32BG1B/GCC/bgapi.a(gecko_bgapi_system.c.obj)
 .rodata        0x0000000000027a18       0x38 /Applications/Simplicity Studio.app/Contents/Eclipse/developer/sdks/gecko_sdk_suite/v1.0//protocol/bluetooth_2.3/lib/EFR32BG1B/GCC/bgapi.a(gecko_bgapi_endpoint.c.obj)
 .rodata        0x0000000000027a50       0x28 /Applications/Simplicity Studio.app/Contents/Eclipse/developer/sdks/gecko_sdk_suite/v1.0//protocol/bluetooth_2.3/lib/EFR32BG1B/GCC/bgapi.a(gecko_bgapi_le_connection.c.obj)
 .rodata        0x0000000000027a78       0x18 /Applications/Simplicity Studio.app/Contents/Eclipse/developer/sdks/gecko_sdk_suite/v1.0//protocol/bluetooth_2.3/lib/EFR32BG1B/GCC/bgapi.a(bgapi_sm.c.obj)
 .rodata        0x0000000000027a90       0x18 /Applications/Simplicity Studio.app/Contents/Eclipse/developer/sdks/gecko_sdk_suite/v1.0//protocol/bluetooth_2.3/lib/EFR32BG1B/GCC/bgapi.a(adc.c.obj)
 .rodata        0x0000000000027aa8       0x40 /Applications/Simplicity Studio.app/Contents/Eclipse/developer/sdks/gecko_sdk_suite/v1.0//protocol/bluetooth_2.3/lib/EFR32BG1B/GCC/bgapi.a(gpio.c.obj)
 .rodata        0x0000000000027ae8       0x10 /Applications/Simplicity Studio.app/Contents/Eclipse/developer/sdks/gecko_sdk_suite/v1.0//protocol/bluetooth_2.3/lib/EFR32BG1B/GCC/bgapi.a(i2c.c.obj)
 .rodata        0x0000000000027af8       0x60 /Applications/Simplicity Studio.app/Contents/Eclipse/developer/sdks/gecko_sdk_suite/v1.0//protocol/bluetooth_2.3/lib/EFR32BG1B/GCC/bgapi.a(uart.c.obj)
 .rodata.str1.4
                0x0000000000027b58        0x4 /Applications/Simplicity Studio.app/Contents/Eclipse/developer/toolchains/gnu_arm/4.9_2015q3/bin/../lib/gcc/arm-none-eabi/4.9.3/../../../../arm-none-eabi/lib/armv7e-m/softfp/libc.a(lib_a-impure.o)
                                          0x2 (size before relaxing)
 .rodata._global_impure_ptr
                0x0000000000027b5c        0x4 /Applications/Simplicity Studio.app/Contents/Eclipse/developer/toolchains/gnu_arm/4.9_2015q3/bin/../lib/gcc/arm-none-eabi/4.9.3/../../../../arm-none-eabi/lib/armv7e-m/softfp/libc.a(lib_a-impure.o)
                0x0000000000027b5c                _global_impure_ptr
 *(.eh_frame*)
 .eh_frame      0x0000000000027b60        0x0 /Applications/Simplicity Studio.app/Contents/Eclipse/developer/toolchains/gnu_arm/4.9_2015q3/bin/../lib/gcc/arm-none-eabi/4.9.3/armv7e-m/softfp/crtbegin.o
 .eh_frame      0x0000000000027b60        0x4 /Applications/Simplicity Studio.app/Contents/Eclipse/developer/toolchains/gnu_arm/4.9_2015q3/bin/../lib/gcc/arm-none-eabi/4.9.3/armv7e-m/softfp/crtend.o
                0x0000000000027b64                . = ALIGN (0x4)

.glue_7         0x0000000000027b64        0x0
 .glue_7        0x0000000000000000        0x0 linker stubs

.glue_7t        0x0000000000027b64        0x0
 .glue_7t       0x0000000000000000        0x0 linker stubs

.vfp11_veneer   0x0000000000027b64        0x0
 .vfp11_veneer  0x0000000000000000        0x0 linker stubs

.v4_bx          0x0000000000027b64        0x0
 .v4_bx         0x0000000000000000        0x0 linker stubs

.iplt           0x0000000000027b64        0x0
 .iplt          0x0000000000000000        0x0 /Applications/Simplicity Studio.app/Contents/Eclipse/developer/toolchains/gnu_arm/4.9_2015q3/bin/../lib/gcc/arm-none-eabi/4.9.3/armv7e-m/softfp/crtbegin.o

.igot.plt       0x0000000000027b64        0x0
 .igot.plt      0x0000000000000000        0x0 /Applications/Simplicity Studio.app/Contents/Eclipse/developer/toolchains/gnu_arm/4.9_2015q3/bin/../lib/gcc/arm-none-eabi/4.9.3/armv7e-m/softfp/crtbegin.o

.text_app_ARM.extab
 *(.ARM.extab* .gnu.linkonce.armextab.*)
                0x0000000000027b64                __exidx_start = .

.text_app_ARM.exidx
                0x0000000000027b64        0x8
 *(.ARM.exidx* .gnu.linkonce.armexidx.*)
 .ARM.exidx     0x0000000000027b64        0x8 /Applications/Simplicity Studio.app/Contents/Eclipse/developer/toolchains/gnu_arm/4.9_2015q3/bin/../lib/gcc/arm-none-eabi/4.9.3/../../../../arm-none-eabi/lib/armv7e-m/softfp/crt0.o
 .ARM.exidx     0x0000000000027b6c        0x0 /Applications/Simplicity Studio.app/Contents/Eclipse/developer/toolchains/gnu_arm/4.9_2015q3/bin/../lib/gcc/arm-none-eabi/4.9.3/armv7e-m/softfp/libgcc.a(_divdi3.o)
                                          0x8 (size before relaxing)
 .ARM.exidx     0x0000000000027b6c        0x0 /Applications/Simplicity Studio.app/Contents/Eclipse/developer/toolchains/gnu_arm/4.9_2015q3/bin/../lib/gcc/arm-none-eabi/4.9.3/armv7e-m/softfp/libgcc.a(_udivdi3.o)
                                          0x8 (size before relaxing)
                0x0000000000027b6c                __exidx_end = .
                0x0000000000027b6c                __etext = .

.rel.dyn        0x0000000000027b6c        0x0
 .rel.iplt      0x0000000000000000        0x0 /Applications/Simplicity Studio.app/Contents/Eclipse/developer/toolchains/gnu_arm/4.9_2015q3/bin/../lib/gcc/arm-none-eabi/4.9.3/armv7e-m/softfp/crtbegin.o

.text_app_data  0x0000000020003000      0x480 load address 0x0000000000027b6c
                0x0000000020003000                __data_start__ = .
 *(vtable)
 *(.data*)
 .data.bg_gattdb_data_attribute_field_6_data
                0x0000000020003000        0xd ./gatt_db.o
                0x0000000020003000                bg_gattdb_data_attribute_field_6_data
 *fill*         0x000000002000300d        0x3 
 .data.auxHfrcoFreq
                0x0000000020003010        0x4 ./emlib/em_cmu.o
 .data          0x0000000020003014        0x1 /Applications/Simplicity Studio.app/Contents/Eclipse/developer/sdks/gecko_sdk_suite/v1.0//protocol/bluetooth_2.3/lib/EFR32BG1B/GCC/bgapi.a(bgapi_endpoint.c.obj)
 *fill*         0x0000000020003015        0x3 
 .data          0x0000000020003018       0x30 /Applications/Simplicity Studio.app/Contents/Eclipse/developer/sdks/gecko_sdk_suite/v1.0//protocol/bluetooth_2.3/lib/EFR32BG1B/GCC/bgapi.a(adc.c.obj)
 .data.impure_data
                0x0000000020003048      0x428 /Applications/Simplicity Studio.app/Contents/Eclipse/developer/toolchains/gnu_arm/4.9_2015q3/bin/../lib/gcc/arm-none-eabi/4.9.3/../../../../arm-none-eabi/lib/armv7e-m/softfp/libc.a(lib_a-impure.o)
                0x0000000020003470                . = ALIGN (0x4)
 *(.ram)
                0x0000000020003470                . = ALIGN (0x4)
                0x0000000020003470                PROVIDE (__preinit_array_start, .)
 *(.preinit_array)
                0x0000000020003470                PROVIDE (__preinit_array_end, .)
                0x0000000020003470                . = ALIGN (0x4)
                0x0000000020003470                PROVIDE (__init_array_start, .)
 *(SORT(.init_array.*))
 .init_array.00000
                0x0000000020003470        0x4 /Applications/Simplicity Studio.app/Contents/Eclipse/developer/toolchains/gnu_arm/4.9_2015q3/bin/../lib/gcc/arm-none-eabi/4.9.3/../../../../arm-none-eabi/lib/armv7e-m/softfp/libc.a(lib_a-__call_atexit.o)
 *(.init_array)
 .init_array    0x0000000020003474        0x4 /Applications/Simplicity Studio.app/Contents/Eclipse/developer/toolchains/gnu_arm/4.9_2015q3/bin/../lib/gcc/arm-none-eabi/4.9.3/armv7e-m/softfp/crtbegin.o
                0x0000000020003478                PROVIDE (__init_array_end, .)
                0x0000000020003478                . = ALIGN (0x4)
                0x0000000020003478                PROVIDE (__fini_array_start, .)
 *(SORT(.fini_array.*))
 *(.fini_array)
 .fini_array    0x0000000020003478        0x4 /Applications/Simplicity Studio.app/Contents/Eclipse/developer/toolchains/gnu_arm/4.9_2015q3/bin/../lib/gcc/arm-none-eabi/4.9.3/armv7e-m/softfp/crtbegin.o
                0x000000002000347c                PROVIDE (__fini_array_end, .)
 *(.jcr*)
 .jcr           0x000000002000347c        0x0 /Applications/Simplicity Studio.app/Contents/Eclipse/developer/toolchains/gnu_arm/4.9_2015q3/bin/../lib/gcc/arm-none-eabi/4.9.3/armv7e-m/softfp/crtbegin.o
 .jcr           0x000000002000347c        0x4 /Applications/Simplicity Studio.app/Contents/Eclipse/developer/toolchains/gnu_arm/4.9_2015q3/bin/../lib/gcc/arm-none-eabi/4.9.3/armv7e-m/softfp/crtend.o
                0x0000000020003480                . = ALIGN (0x4)
                0x0000000020003480                __data_end__ = .

.bss            0x0000000020003480     0x1cd0 load address 0x0000000000027fec
                0x0000000020003480                . = ALIGN (0x4)
                0x0000000020003480                __bss_start__ = .
 *(.bss*)
 .bss           0x0000000020003480       0x1c /Applications/Simplicity Studio.app/Contents/Eclipse/developer/toolchains/gnu_arm/4.9_2015q3/bin/../lib/gcc/arm-none-eabi/4.9.3/armv7e-m/softfp/crtbegin.o
 .bss.bg_gattdb_data_attribute_field_2_data
                0x000000002000349c        0x4 ./gatt_db.o
                0x000000002000349c                bg_gattdb_data_attribute_field_2_data
 .bss.boot_to_dfu
                0x00000000200034a0        0x1 ./main.o
                0x00000000200034a0                boot_to_dfu
 .bss.UARTbufferctr
                0x00000000200034a1        0x1 ./peripherals.o
 *fill*         0x00000000200034a2        0x2 
 .bss.leuartif  0x00000000200034a4        0x4 ./peripherals.o
 .bss.desiredDutyCycle
                0x00000000200034a8        0x1 ./peripherals.o
 *fill*         0x00000000200034a9        0x3 
 .bss.SOFReceived
                0x00000000200034ac        0x4 ./peripherals.o
                0x00000000200034ac                SOFReceived
 .bss.chTable   0x00000000200034b0       0xa0 ./bgapi/dmadrv.o
 .bss.initialized
                0x0000000020003550        0x1 ./bgapi/dmadrv.o
 *fill*         0x0000000020003551        0x3 
 .bss.dmaXfer   0x0000000020003554      0x100 ./bgapi/dmadrv.o
 .bss           0x0000000020003654      0x100 /Applications/Simplicity Studio.app/Contents/Eclipse/developer/sdks/gecko_sdk_suite/v1.0//protocol/bluetooth_2.3/lib/EFR32BG1B/GCC/bgapi.a(bgapi_hardware_lib.c.obj)
 .bss           0x0000000020003754        0x4 /Applications/Simplicity Studio.app/Contents/Eclipse/developer/sdks/gecko_sdk_suite/v1.0//protocol/bluetooth_2.3/lib/EFR32BG1B/GCC/bgapi.a(bgapi_hardware.c.obj)
 .bss           0x0000000020003758       0x10 /Applications/Simplicity Studio.app/Contents/Eclipse/developer/sdks/gecko_sdk_suite/v1.0//protocol/bluetooth_2.3/lib/EFR32BG1B/GCC/bgapi.a(bgapi_util.c.obj)
 .bss           0x0000000020003768        0x2 /Applications/Simplicity Studio.app/Contents/Eclipse/developer/sdks/gecko_sdk_suite/v1.0//protocol/bluetooth_2.3/lib/EFR32BG1B/GCC/bgapi.a(bgapi_gap.c.obj)
                0x0000000020003768                legacy_maxadv_events
 *fill*         0x000000002000376a        0x2 
 .bss           0x000000002000376c        0x4 /Applications/Simplicity Studio.app/Contents/Eclipse/developer/sdks/gecko_sdk_suite/v1.0//protocol/bluetooth_2.3/lib/EFR32BG1B/GCC/bgapi.a(bgapi_sm.c.obj)
 .bss           0x0000000020003770        0xc /Applications/Simplicity Studio.app/Contents/Eclipse/developer/sdks/gecko_sdk_suite/v1.0//protocol/bluetooth_2.3/lib/EFR32BG1B/GCC/bgapi.a(bgapi_endpoint.c.obj)
 .bss           0x000000002000377c        0x4 /Applications/Simplicity Studio.app/Contents/Eclipse/developer/sdks/gecko_sdk_suite/v1.0//protocol/bluetooth_2.3/lib/EFR32BG1B/GCC/bgapi.a(adc.c.obj)
 .bss           0x0000000020003780        0x2 /Applications/Simplicity Studio.app/Contents/Eclipse/developer/sdks/gecko_sdk_suite/v1.0//protocol/bluetooth_2.3/lib/EFR32BG1B/GCC/bgapi.a(i2c.c.obj)
 *fill*         0x0000000020003782        0x2 
 .bss           0x0000000020003784       0x2c /Applications/Simplicity Studio.app/Contents/Eclipse/developer/sdks/gecko_sdk_suite/v1.0//protocol/bluetooth_2.3/lib/EFR32BG1B/GCC/bgapi.a(sleep_signal.c.obj)
                0x0000000020003798                sleep_signal_mask
                0x00000000200037ac                host_wakeup_signal_mask
 .bss           0x00000000200037b0       0x70 /Applications/Simplicity Studio.app/Contents/Eclipse/developer/sdks/gecko_sdk_suite/v1.0//protocol/bluetooth_2.3/lib/EFR32BG1B/GCC/bgapi.a(uart.c.obj)
 *(COMMON)
 COMMON         0x0000000020003820     0x18d4 ./main.o
                0x0000000020003820                localPWM
                0x0000000020003824                bluetooth_stack_heap
 COMMON         0x00000000200050f4       0x4c ./peripherals.o
                0x00000000200050f4                UARTObj
                0x00000000200050f8                UserGPIOs
                0x00000000200050fc                PWMObj
                0x0000000020005100                UARTbuffer
 COMMON         0x0000000020005140        0xc /Applications/Simplicity Studio.app/Contents/Eclipse/developer/sdks/gecko_sdk_suite/v1.0//protocol/bluetooth_2.3/lib/EFR32BG1B/GCC/bgapi.a(uart_endpoint.c.obj)
                0x0000000020005140                uarts
 COMMON         0x000000002000514c        0x1 /Applications/Simplicity Studio.app/Contents/Eclipse/developer/sdks/gecko_sdk_suite/v1.0//protocol/bluetooth_2.3/lib/EFR32BG1B/GCC/bgapi.a(gpio.c.obj)
                0x000000002000514c                gpio_events
                0x0000000020005150                . = ALIGN (0x4)
 *fill*         0x000000002000514d        0x3 
                0x0000000020005150                __bss_end__ = .

.heap           0x0000000020005150      0xc00
                0x0000000020005150                __HeapBase = .
                0x0000000020005150                __end__ = .
                0x0000000020005150                end = __end__
                0x0000000020005150                _end = __end__
 *(.heap*)
 .heap          0x0000000020005150      0xc00 ./device/EFR32_B_1_1_B/gcc/startup_efr32bg1b.o
                0x0000000020005d50                __HeapLimit = .

.stack_dummy    0x0000000020005d50      0x400
 *(.stack*)
 .stack         0x0000000020005d50      0x400 ./device/EFR32_B_1_1_B/gcc/startup_efr32bg1b.o
                0x0000000020007bfc                __StackTop = (ORIGIN (RAM) + 0x4bfc)
                0x00000000200077fc                __StackLimit = (__StackTop - SIZEOF (.stack_dummy))
                0x0000000020007bfc                PROVIDE (__stack, __StackTop)
                0x0000000000000001                ASSERT ((__StackLimit >= __HeapLimit), region RAM overflowed with stack)
OUTPUT(EmptywHW.axf elf32-littlearm)

.ARM.attributes
                0x0000000000000000       0x2e
 .ARM.attributes
                0x0000000000000000       0x22 /Applications/Simplicity Studio.app/Contents/Eclipse/developer/toolchains/gnu_arm/4.9_2015q3/bin/../lib/gcc/arm-none-eabi/4.9.3/armv7e-m/softfp/crti.o
 .ARM.attributes
                0x0000000000000022       0x32 /Applications/Simplicity Studio.app/Contents/Eclipse/developer/toolchains/gnu_arm/4.9_2015q3/bin/../lib/gcc/arm-none-eabi/4.9.3/armv7e-m/softfp/crtbegin.o
 .ARM.attributes
                0x0000000000000054       0x20 /Applications/Simplicity Studio.app/Contents/Eclipse/developer/toolchains/gnu_arm/4.9_2015q3/bin/../lib/gcc/arm-none-eabi/4.9.3/../../../../arm-none-eabi/lib/armv7e-m/softfp/crt0.o
 .ARM.attributes
                0x0000000000000074       0x37 ./em_timer.o
 .ARM.attributes
                0x00000000000000ab       0x37 ./gatt_db.o
 .ARM.attributes
                0x00000000000000e2       0x37 ./main.o
 .ARM.attributes
                0x0000000000000119       0x37 ./peripherals.o
 .ARM.attributes
                0x0000000000000150       0x37 ./bgapi/dmadrv.o
 .ARM.attributes
                0x0000000000000187       0x37 ./bgapi/em_adc.o
 .ARM.attributes
                0x00000000000001be       0x37 ./bgapi/em_ldma.o
 .ARM.attributes
                0x00000000000001f5       0x37 ./bgapi/em_leuart.o
 .ARM.attributes
                0x000000000000022c       0x37 ./device/EFR32_B_1_1_B/gcc/startup_efr32bg1b.o
 .ARM.attributes
                0x0000000000000263       0x37 ./emlib/em_cmu.o
 .ARM.attributes
                0x000000000000029a       0x37 ./emlib/em_gpio.o
 .ARM.attributes
                0x00000000000002d1       0x37 ./emlib/em_i2c.o
 .ARM.attributes
                0x0000000000000308       0x37 ./emlib/em_letimer.o
 .ARM.attributes
                0x000000000000033f       0x37 ./emlib/em_rtcc.o
 .ARM.attributes
                0x0000000000000376       0x37 ./emlib/em_system.o
 .ARM.attributes
                0x00000000000003ad       0x37 ./emlib/em_usart.o
 .ARM.attributes
                0x00000000000003e4       0x37 ./src/InitDevice.o
 .ARM.attributes
                0x000000000000041b       0x1c /Applications/Simplicity Studio.app/Contents/Eclipse/developer/sdks/gecko_sdk_suite/v1.0//protocol/bluetooth_2.3/lib/EFR32BG1B/EABI/binstack.o
 .ARM.attributes
                0x0000000000000437       0x37 /Applications/Simplicity Studio.app/Contents/Eclipse/developer/sdks/gecko_sdk_suite/v1.0//protocol/bluetooth_2.3/lib/EFR32BG1B/GCC/bgapi.a(gecko_bgapi_hardware.c.obj)
 .ARM.attributes
                0x000000000000046e       0x37 /Applications/Simplicity Studio.app/Contents/Eclipse/developer/sdks/gecko_sdk_suite/v1.0//protocol/bluetooth_2.3/lib/EFR32BG1B/GCC/bgapi.a(gecko_bgapi_test.c.obj)
 .ARM.attributes
                0x00000000000004a5       0x37 /Applications/Simplicity Studio.app/Contents/Eclipse/developer/sdks/gecko_sdk_suite/v1.0//protocol/bluetooth_2.3/lib/EFR32BG1B/GCC/bgapi.a(gecko_bgapi_util.c.obj)
 .ARM.attributes
                0x00000000000004dc       0x37 /Applications/Simplicity Studio.app/Contents/Eclipse/developer/sdks/gecko_sdk_suite/v1.0//protocol/bluetooth_2.3/lib/EFR32BG1B/GCC/bgapi.a(gecko_bgapi_dfu.c.obj)
 .ARM.attributes
                0x0000000000000513       0x37 /Applications/Simplicity Studio.app/Contents/Eclipse/developer/sdks/gecko_sdk_suite/v1.0//protocol/bluetooth_2.3/lib/EFR32BG1B/GCC/bgapi.a(gecko_bgapi_gap.c.obj)
 .ARM.attributes
                0x000000000000054a       0x37 /Applications/Simplicity Studio.app/Contents/Eclipse/developer/sdks/gecko_sdk_suite/v1.0//protocol/bluetooth_2.3/lib/EFR32BG1B/GCC/bgapi.a(gecko_bgapi_gatt.c.obj)
 .ARM.attributes
                0x0000000000000581       0x37 /Applications/Simplicity Studio.app/Contents/Eclipse/developer/sdks/gecko_sdk_suite/v1.0//protocol/bluetooth_2.3/lib/EFR32BG1B/GCC/bgapi.a(gecko_bgapi_gatt_server.c.obj)
 .ARM.attributes
                0x00000000000005b8       0x37 /Applications/Simplicity Studio.app/Contents/Eclipse/developer/sdks/gecko_sdk_suite/v1.0//protocol/bluetooth_2.3/lib/EFR32BG1B/GCC/bgapi.a(gecko_bgapi_flash.c.obj)
 .ARM.attributes
                0x00000000000005ef       0x37 /Applications/Simplicity Studio.app/Contents/Eclipse/developer/sdks/gecko_sdk_suite/v1.0//protocol/bluetooth_2.3/lib/EFR32BG1B/GCC/bgapi.a(gecko_bgapi_sm.c.obj)
 .ARM.attributes
                0x0000000000000626       0x37 /Applications/Simplicity Studio.app/Contents/Eclipse/developer/sdks/gecko_sdk_suite/v1.0//protocol/bluetooth_2.3/lib/EFR32BG1B/GCC/bgapi.a(gecko_bgapi_system.c.obj)
 .ARM.attributes
                0x000000000000065d       0x37 /Applications/Simplicity Studio.app/Contents/Eclipse/developer/sdks/gecko_sdk_suite/v1.0//protocol/bluetooth_2.3/lib/EFR32BG1B/GCC/bgapi.a(gecko_bgapi_endpoint.c.obj)
 .ARM.attributes
                0x0000000000000694       0x37 /Applications/Simplicity Studio.app/Contents/Eclipse/developer/sdks/gecko_sdk_suite/v1.0//protocol/bluetooth_2.3/lib/EFR32BG1B/GCC/bgapi.a(gecko_bgapi_le_connection.c.obj)
 .ARM.attributes
                0x00000000000006cb       0x37 /Applications/Simplicity Studio.app/Contents/Eclipse/developer/sdks/gecko_sdk_suite/v1.0//protocol/bluetooth_2.3/lib/EFR32BG1B/GCC/bgapi.a(bgapi_hardware_lib.c.obj)
 .ARM.attributes
                0x0000000000000702       0x37 /Applications/Simplicity Studio.app/Contents/Eclipse/developer/sdks/gecko_sdk_suite/v1.0//protocol/bluetooth_2.3/lib/EFR32BG1B/GCC/bgapi.a(bgapi_hardware.c.obj)
 .ARM.attributes
                0x0000000000000739       0x37 /Applications/Simplicity Studio.app/Contents/Eclipse/developer/sdks/gecko_sdk_suite/v1.0//protocol/bluetooth_2.3/lib/EFR32BG1B/GCC/bgapi.a(bgapi_test_lib.c.obj)
 .ARM.attributes
                0x0000000000000770       0x37 /Applications/Simplicity Studio.app/Contents/Eclipse/developer/sdks/gecko_sdk_suite/v1.0//protocol/bluetooth_2.3/lib/EFR32BG1B/GCC/bgapi.a(bgapi_util.c.obj)
 .ARM.attributes
                0x00000000000007a7       0x37 /Applications/Simplicity Studio.app/Contents/Eclipse/developer/sdks/gecko_sdk_suite/v1.0//protocol/bluetooth_2.3/lib/EFR32BG1B/GCC/bgapi.a(bgapi_dfu.c.obj)
 .ARM.attributes
                0x00000000000007de       0x37 /Applications/Simplicity Studio.app/Contents/Eclipse/developer/sdks/gecko_sdk_suite/v1.0//protocol/bluetooth_2.3/lib/EFR32BG1B/GCC/bgapi.a(bgapi_gap.c.obj)
 .ARM.attributes
                0x0000000000000815       0x37 /Applications/Simplicity Studio.app/Contents/Eclipse/developer/sdks/gecko_sdk_suite/v1.0//protocol/bluetooth_2.3/lib/EFR32BG1B/GCC/bgapi.a(bgapi_gatt_lib.c.obj)
 .ARM.attributes
                0x000000000000084c       0x37 /Applications/Simplicity Studio.app/Contents/Eclipse/developer/sdks/gecko_sdk_suite/v1.0//protocol/bluetooth_2.3/lib/EFR32BG1B/GCC/bgapi.a(bgapi_ps.c.obj)
 .ARM.attributes
                0x0000000000000883       0x37 /Applications/Simplicity Studio.app/Contents/Eclipse/developer/sdks/gecko_sdk_suite/v1.0//protocol/bluetooth_2.3/lib/EFR32BG1B/GCC/bgapi.a(bgapi_sm.c.obj)
 .ARM.attributes
                0x00000000000008ba       0x37 /Applications/Simplicity Studio.app/Contents/Eclipse/developer/sdks/gecko_sdk_suite/v1.0//protocol/bluetooth_2.3/lib/EFR32BG1B/GCC/bgapi.a(bgapi_system.c.obj)
 .ARM.attributes
                0x00000000000008f1       0x37 /Applications/Simplicity Studio.app/Contents/Eclipse/developer/sdks/gecko_sdk_suite/v1.0//protocol/bluetooth_2.3/lib/EFR32BG1B/GCC/bgapi.a(bgapi_endpoint.c.obj)
 .ARM.attributes
                0x0000000000000928       0x37 /Applications/Simplicity Studio.app/Contents/Eclipse/developer/sdks/gecko_sdk_suite/v1.0//protocol/bluetooth_2.3/lib/EFR32BG1B/GCC/bgapi.a(bgapi_le_connection.c.obj)
 .ARM.attributes
                0x000000000000095f       0x37 /Applications/Simplicity Studio.app/Contents/Eclipse/developer/sdks/gecko_sdk_suite/v1.0//protocol/bluetooth_2.3/lib/EFR32BG1B/GCC/bgapi.a(uart_endpoint.c.obj)
 .ARM.attributes
                0x0000000000000996       0x37 /Applications/Simplicity Studio.app/Contents/Eclipse/developer/sdks/gecko_sdk_suite/v1.0//protocol/bluetooth_2.3/lib/EFR32BG1B/GCC/bgapi.a(bgapi_endpoint.c.obj)
 .ARM.attributes
                0x00000000000009cd       0x37 /Applications/Simplicity Studio.app/Contents/Eclipse/developer/sdks/gecko_sdk_suite/v1.0//protocol/bluetooth_2.3/lib/EFR32BG1B/GCC/bgapi.a(adc.c.obj)
 .ARM.attributes
                0x0000000000000a04       0x37 /Applications/Simplicity Studio.app/Contents/Eclipse/developer/sdks/gecko_sdk_suite/v1.0//protocol/bluetooth_2.3/lib/EFR32BG1B/GCC/bgapi.a(gpio.c.obj)
 .ARM.attributes
                0x0000000000000a3b       0x37 /Applications/Simplicity Studio.app/Contents/Eclipse/developer/sdks/gecko_sdk_suite/v1.0//protocol/bluetooth_2.3/lib/EFR32BG1B/GCC/bgapi.a(i2c.c.obj)
 .ARM.attributes
                0x0000000000000a72       0x37 /Applications/Simplicity Studio.app/Contents/Eclipse/developer/sdks/gecko_sdk_suite/v1.0//protocol/bluetooth_2.3/lib/EFR32BG1B/GCC/bgapi.a(sleep_signal.c.obj)
 .ARM.attributes
                0x0000000000000aa9       0x37 /Applications/Simplicity Studio.app/Contents/Eclipse/developer/sdks/gecko_sdk_suite/v1.0//protocol/bluetooth_2.3/lib/EFR32BG1B/GCC/bgapi.a(uart.c.obj)
 .ARM.attributes
                0x0000000000000ae0       0x1c /Applications/Simplicity Studio.app/Contents/Eclipse/developer/sdks/gecko_sdk_suite/v1.0//protocol/bluetooth_2.3/lib/EFR32BG1B/EABI/binbootloader.o
 .ARM.attributes
                0x0000000000000afc       0x22 /Applications/Simplicity Studio.app/Contents/Eclipse/developer/toolchains/gnu_arm/4.9_2015q3/bin/../lib/gcc/arm-none-eabi/4.9.3/armv7e-m/softfp/libgcc.a(_aeabi_uldivmod.o)
 .ARM.attributes
                0x0000000000000b1e       0x32 /Applications/Simplicity Studio.app/Contents/Eclipse/developer/toolchains/gnu_arm/4.9_2015q3/bin/../lib/gcc/arm-none-eabi/4.9.3/armv7e-m/softfp/libgcc.a(bpabi.o)
 .ARM.attributes
                0x0000000000000b50       0x22 /Applications/Simplicity Studio.app/Contents/Eclipse/developer/toolchains/gnu_arm/4.9_2015q3/bin/../lib/gcc/arm-none-eabi/4.9.3/armv7e-m/softfp/libgcc.a(_dvmd_tls.o)
 .ARM.attributes
                0x0000000000000b72       0x32 /Applications/Simplicity Studio.app/Contents/Eclipse/developer/toolchains/gnu_arm/4.9_2015q3/bin/../lib/gcc/arm-none-eabi/4.9.3/armv7e-m/softfp/libgcc.a(_divdi3.o)
 .ARM.attributes
                0x0000000000000ba4       0x32 /Applications/Simplicity Studio.app/Contents/Eclipse/developer/toolchains/gnu_arm/4.9_2015q3/bin/../lib/gcc/arm-none-eabi/4.9.3/armv7e-m/softfp/libgcc.a(_udivdi3.o)
 .ARM.attributes
                0x0000000000000bd6       0x32 /Applications/Simplicity Studio.app/Contents/Eclipse/developer/toolchains/gnu_arm/4.9_2015q3/bin/../lib/gcc/arm-none-eabi/4.9.3/../../../../arm-none-eabi/lib/armv7e-m/softfp/libc.a(lib_a-exit.o)
 .ARM.attributes
                0x0000000000000c08       0x32 /Applications/Simplicity Studio.app/Contents/Eclipse/developer/toolchains/gnu_arm/4.9_2015q3/bin/../lib/gcc/arm-none-eabi/4.9.3/../../../../arm-none-eabi/lib/armv7e-m/softfp/libc.a(lib_a-impure.o)
 .ARM.attributes
                0x0000000000000c3a       0x32 /Applications/Simplicity Studio.app/Contents/Eclipse/developer/toolchains/gnu_arm/4.9_2015q3/bin/../lib/gcc/arm-none-eabi/4.9.3/../../../../arm-none-eabi/lib/armv7e-m/softfp/libc.a(lib_a-init.o)
 .ARM.attributes
                0x0000000000000c6c       0x32 /Applications/Simplicity Studio.app/Contents/Eclipse/developer/toolchains/gnu_arm/4.9_2015q3/bin/../lib/gcc/arm-none-eabi/4.9.3/../../../../arm-none-eabi/lib/armv7e-m/softfp/libc.a(lib_a-memset.o)
 .ARM.attributes
                0x0000000000000c9e       0x32 /Applications/Simplicity Studio.app/Contents/Eclipse/developer/toolchains/gnu_arm/4.9_2015q3/bin/../lib/gcc/arm-none-eabi/4.9.3/../../../../arm-none-eabi/lib/armv7e-m/softfp/libc.a(lib_a-__call_atexit.o)
 .ARM.attributes
                0x0000000000000cd0       0x32 /Applications/Simplicity Studio.app/Contents/Eclipse/developer/toolchains/gnu_arm/4.9_2015q3/bin/../lib/gcc/arm-none-eabi/4.9.3/../../../../arm-none-eabi/lib/armv7e-m/softfp/libc.a(lib_a-atexit.o)
 .ARM.attributes
                0x0000000000000d02       0x32 /Applications/Simplicity Studio.app/Contents/Eclipse/developer/toolchains/gnu_arm/4.9_2015q3/bin/../lib/gcc/arm-none-eabi/4.9.3/../../../../arm-none-eabi/lib/armv7e-m/softfp/libc.a(lib_a-fini.o)
 .ARM.attributes
                0x0000000000000d34       0x32 /Applications/Simplicity Studio.app/Contents/Eclipse/developer/toolchains/gnu_arm/4.9_2015q3/bin/../lib/gcc/arm-none-eabi/4.9.3/../../../../arm-none-eabi/lib/armv7e-m/softfp/libc.a(lib_a-__atexit.o)
 .ARM.attributes
                0x0000000000000d66       0x32 /Applications/Simplicity Studio.app/Contents/Eclipse/developer/toolchains/gnu_arm/4.9_2015q3/bin/../lib/gcc/arm-none-eabi/4.9.3/../../../../arm-none-eabi/lib/armv7e-m/softfp/libnosys.a(_exit.o)
 .ARM.attributes
                0x0000000000000d98       0x32 /Applications/Simplicity Studio.app/Contents/Eclipse/developer/toolchains/gnu_arm/4.9_2015q3/bin/../lib/gcc/arm-none-eabi/4.9.3/armv7e-m/softfp/crtend.o
 .ARM.attributes
                0x0000000000000dca       0x22 /Applications/Simplicity Studio.app/Contents/Eclipse/developer/toolchains/gnu_arm/4.9_2015q3/bin/../lib/gcc/arm-none-eabi/4.9.3/armv7e-m/softfp/crtn.o

.comment        0x0000000000000000       0xde
 .comment       0x0000000000000000       0x70 ./em_timer.o
                                         0x71 (size before relaxing)
 .comment       0x0000000000000000       0x71 ./gatt_db.o
 .comment       0x0000000000000000       0x71 ./main.o
 .comment       0x0000000000000000       0x71 ./peripherals.o
 .comment       0x0000000000000000       0x71 ./bgapi/dmadrv.o
 .comment       0x0000000000000000       0x71 ./bgapi/em_adc.o
 .comment       0x0000000000000000       0x71 ./bgapi/em_ldma.o
 .comment       0x0000000000000000       0x71 ./bgapi/em_leuart.o
 .comment       0x0000000000000000       0x71 ./device/EFR32_B_1_1_B/gcc/startup_efr32bg1b.o
 .comment       0x0000000000000000       0x71 ./emlib/em_cmu.o
 .comment       0x0000000000000000       0x71 ./emlib/em_gpio.o
 .comment       0x0000000000000000       0x71 ./emlib/em_i2c.o
 .comment       0x0000000000000000       0x71 ./emlib/em_letimer.o
 .comment       0x0000000000000000       0x71 ./emlib/em_rtcc.o
 .comment       0x0000000000000000       0x71 ./emlib/em_system.o
 .comment       0x0000000000000000       0x71 ./emlib/em_usart.o
 .comment       0x0000000000000000       0x71 ./src/InitDevice.o
 .comment       0x0000000000000070       0x6e /Applications/Simplicity Studio.app/Contents/Eclipse/developer/sdks/gecko_sdk_suite/v1.0//protocol/bluetooth_2.3/lib/EFR32BG1B/GCC/bgapi.a(gecko_bgapi_hardware.c.obj)
                                         0x6f (size before relaxing)
 .comment       0x0000000000000000       0x6f /Applications/Simplicity Studio.app/Contents/Eclipse/developer/sdks/gecko_sdk_suite/v1.0//protocol/bluetooth_2.3/lib/EFR32BG1B/GCC/bgapi.a(gecko_bgapi_test.c.obj)
 .comment       0x0000000000000000       0x6f /Applications/Simplicity Studio.app/Contents/Eclipse/developer/sdks/gecko_sdk_suite/v1.0//protocol/bluetooth_2.3/lib/EFR32BG1B/GCC/bgapi.a(gecko_bgapi_util.c.obj)
 .comment       0x0000000000000000       0x6f /Applications/Simplicity Studio.app/Contents/Eclipse/developer/sdks/gecko_sdk_suite/v1.0//protocol/bluetooth_2.3/lib/EFR32BG1B/GCC/bgapi.a(gecko_bgapi_dfu.c.obj)
 .comment       0x0000000000000000       0x6f /Applications/Simplicity Studio.app/Contents/Eclipse/developer/sdks/gecko_sdk_suite/v1.0//protocol/bluetooth_2.3/lib/EFR32BG1B/GCC/bgapi.a(gecko_bgapi_gap.c.obj)
 .comment       0x0000000000000000       0x6f /Applications/Simplicity Studio.app/Contents/Eclipse/developer/sdks/gecko_sdk_suite/v1.0//protocol/bluetooth_2.3/lib/EFR32BG1B/GCC/bgapi.a(gecko_bgapi_gatt.c.obj)
 .comment       0x0000000000000000       0x6f /Applications/Simplicity Studio.app/Contents/Eclipse/developer/sdks/gecko_sdk_suite/v1.0//protocol/bluetooth_2.3/lib/EFR32BG1B/GCC/bgapi.a(gecko_bgapi_gatt_server.c.obj)
 .comment       0x0000000000000000       0x6f /Applications/Simplicity Studio.app/Contents/Eclipse/developer/sdks/gecko_sdk_suite/v1.0//protocol/bluetooth_2.3/lib/EFR32BG1B/GCC/bgapi.a(gecko_bgapi_flash.c.obj)
 .comment       0x0000000000000000       0x6f /Applications/Simplicity Studio.app/Contents/Eclipse/developer/sdks/gecko_sdk_suite/v1.0//protocol/bluetooth_2.3/lib/EFR32BG1B/GCC/bgapi.a(gecko_bgapi_sm.c.obj)
 .comment       0x0000000000000000       0x6f /Applications/Simplicity Studio.app/Contents/Eclipse/developer/sdks/gecko_sdk_suite/v1.0//protocol/bluetooth_2.3/lib/EFR32BG1B/GCC/bgapi.a(gecko_bgapi_system.c.obj)
 .comment       0x0000000000000000       0x6f /Applications/Simplicity Studio.app/Contents/Eclipse/developer/sdks/gecko_sdk_suite/v1.0//protocol/bluetooth_2.3/lib/EFR32BG1B/GCC/bgapi.a(gecko_bgapi_endpoint.c.obj)
 .comment       0x0000000000000000       0x6f /Applications/Simplicity Studio.app/Contents/Eclipse/developer/sdks/gecko_sdk_suite/v1.0//protocol/bluetooth_2.3/lib/EFR32BG1B/GCC/bgapi.a(gecko_bgapi_le_connection.c.obj)
 .comment       0x0000000000000000       0x6f /Applications/Simplicity Studio.app/Contents/Eclipse/developer/sdks/gecko_sdk_suite/v1.0//protocol/bluetooth_2.3/lib/EFR32BG1B/GCC/bgapi.a(bgapi_hardware_lib.c.obj)
 .comment       0x0000000000000000       0x6f /Applications/Simplicity Studio.app/Contents/Eclipse/developer/sdks/gecko_sdk_suite/v1.0//protocol/bluetooth_2.3/lib/EFR32BG1B/GCC/bgapi.a(bgapi_hardware.c.obj)
 .comment       0x0000000000000000       0x6f /Applications/Simplicity Studio.app/Contents/Eclipse/developer/sdks/gecko_sdk_suite/v1.0//protocol/bluetooth_2.3/lib/EFR32BG1B/GCC/bgapi.a(bgapi_test_lib.c.obj)
 .comment       0x0000000000000000       0x6f /Applications/Simplicity Studio.app/Contents/Eclipse/developer/sdks/gecko_sdk_suite/v1.0//protocol/bluetooth_2.3/lib/EFR32BG1B/GCC/bgapi.a(bgapi_util.c.obj)
 .comment       0x0000000000000000       0x6f /Applications/Simplicity Studio.app/Contents/Eclipse/developer/sdks/gecko_sdk_suite/v1.0//protocol/bluetooth_2.3/lib/EFR32BG1B/GCC/bgapi.a(bgapi_dfu.c.obj)
 .comment       0x0000000000000000       0x6f /Applications/Simplicity Studio.app/Contents/Eclipse/developer/sdks/gecko_sdk_suite/v1.0//protocol/bluetooth_2.3/lib/EFR32BG1B/GCC/bgapi.a(bgapi_gap.c.obj)
 .comment       0x0000000000000000       0x6f /Applications/Simplicity Studio.app/Contents/Eclipse/developer/sdks/gecko_sdk_suite/v1.0//protocol/bluetooth_2.3/lib/EFR32BG1B/GCC/bgapi.a(bgapi_gatt_lib.c.obj)
 .comment       0x0000000000000000       0x6f /Applications/Simplicity Studio.app/Contents/Eclipse/developer/sdks/gecko_sdk_suite/v1.0//protocol/bluetooth_2.3/lib/EFR32BG1B/GCC/bgapi.a(bgapi_ps.c.obj)
 .comment       0x0000000000000000       0x6f /Applications/Simplicity Studio.app/Contents/Eclipse/developer/sdks/gecko_sdk_suite/v1.0//protocol/bluetooth_2.3/lib/EFR32BG1B/GCC/bgapi.a(bgapi_sm.c.obj)
 .comment       0x0000000000000000       0x6f /Applications/Simplicity Studio.app/Contents/Eclipse/developer/sdks/gecko_sdk_suite/v1.0//protocol/bluetooth_2.3/lib/EFR32BG1B/GCC/bgapi.a(bgapi_system.c.obj)
 .comment       0x0000000000000000       0x6f /Applications/Simplicity Studio.app/Contents/Eclipse/developer/sdks/gecko_sdk_suite/v1.0//protocol/bluetooth_2.3/lib/EFR32BG1B/GCC/bgapi.a(bgapi_endpoint.c.obj)
 .comment       0x0000000000000000       0x6f /Applications/Simplicity Studio.app/Contents/Eclipse/developer/sdks/gecko_sdk_suite/v1.0//protocol/bluetooth_2.3/lib/EFR32BG1B/GCC/bgapi.a(bgapi_le_connection.c.obj)
 .comment       0x0000000000000000       0x6f /Applications/Simplicity Studio.app/Contents/Eclipse/developer/sdks/gecko_sdk_suite/v1.0//protocol/bluetooth_2.3/lib/EFR32BG1B/GCC/bgapi.a(uart_endpoint.c.obj)
 .comment       0x0000000000000000       0x6f /Applications/Simplicity Studio.app/Contents/Eclipse/developer/sdks/gecko_sdk_suite/v1.0//protocol/bluetooth_2.3/lib/EFR32BG1B/GCC/bgapi.a(bgapi_endpoint.c.obj)
 .comment       0x0000000000000000       0x6f /Applications/Simplicity Studio.app/Contents/Eclipse/developer/sdks/gecko_sdk_suite/v1.0//protocol/bluetooth_2.3/lib/EFR32BG1B/GCC/bgapi.a(adc.c.obj)
 .comment       0x0000000000000000       0x6f /Applications/Simplicity Studio.app/Contents/Eclipse/developer/sdks/gecko_sdk_suite/v1.0//protocol/bluetooth_2.3/lib/EFR32BG1B/GCC/bgapi.a(gpio.c.obj)
 .comment       0x0000000000000000       0x6f /Applications/Simplicity Studio.app/Contents/Eclipse/developer/sdks/gecko_sdk_suite/v1.0//protocol/bluetooth_2.3/lib/EFR32BG1B/GCC/bgapi.a(i2c.c.obj)
 .comment       0x0000000000000000       0x6f /Applications/Simplicity Studio.app/Contents/Eclipse/developer/sdks/gecko_sdk_suite/v1.0//protocol/bluetooth_2.3/lib/EFR32BG1B/GCC/bgapi.a(sleep_signal.c.obj)
 .comment       0x0000000000000000       0x6f /Applications/Simplicity Studio.app/Contents/Eclipse/developer/sdks/gecko_sdk_suite/v1.0//protocol/bluetooth_2.3/lib/EFR32BG1B/GCC/bgapi.a(uart.c.obj)

.debug_info     0x0000000000000000    0x1a139
 .debug_info    0x0000000000000000      0x98e ./em_timer.o
 .debug_info    0x000000000000098e      0x6cf ./gatt_db.o
 .debug_info    0x000000000000105d     0x5722 ./main.o
 .debug_info    0x000000000000677f     0x5bf2 ./peripherals.o
 .debug_info    0x000000000000c371     0x1851 ./bgapi/dmadrv.o
 .debug_info    0x000000000000dbc2     0x1c90 ./bgapi/em_adc.o
 .debug_info    0x000000000000f852     0x1289 ./bgapi/em_ldma.o
 .debug_info    0x0000000000010adb      0xa62 ./bgapi/em_leuart.o
 .debug_info    0x000000000001153d      0x1c0 ./device/EFR32_B_1_1_B/gcc/startup_efr32bg1b.o
 .debug_info    0x00000000000116fd     0x31e1 ./emlib/em_cmu.o
 .debug_info    0x00000000000148de      0xebd ./emlib/em_gpio.o
 .debug_info    0x000000000001579b      0xb27 ./emlib/em_i2c.o
 .debug_info    0x00000000000162c2      0x501 ./emlib/em_letimer.o
 .debug_info    0x00000000000167c3      0x6ec ./emlib/em_rtcc.o
 .debug_info    0x0000000000016eaf      0x26d ./emlib/em_system.o
 .debug_info    0x000000000001711c     0x11c8 ./emlib/em_usart.o
 .debug_info    0x00000000000182e4     0x1e55 ./src/InitDevice.o

.debug_abbrev   0x0000000000000000     0x2f06
 .debug_abbrev  0x0000000000000000      0x1ca ./em_timer.o
 .debug_abbrev  0x00000000000001ca       0xce ./gatt_db.o
 .debug_abbrev  0x0000000000000298      0x357 ./main.o
 .debug_abbrev  0x00000000000005ef      0x535 ./peripherals.o
 .debug_abbrev  0x0000000000000b24      0x38f ./bgapi/dmadrv.o
 .debug_abbrev  0x0000000000000eb3      0x313 ./bgapi/em_adc.o
 .debug_abbrev  0x00000000000011c6      0x392 ./bgapi/em_ldma.o
 .debug_abbrev  0x0000000000001558      0x2e6 ./bgapi/em_leuart.o
 .debug_abbrev  0x000000000000183e      0x104 ./device/EFR32_B_1_1_B/gcc/startup_efr32bg1b.o
 .debug_abbrev  0x0000000000001942      0x478 ./emlib/em_cmu.o
 .debug_abbrev  0x0000000000001dba      0x2d4 ./emlib/em_gpio.o
 .debug_abbrev  0x000000000000208e      0x395 ./emlib/em_i2c.o
 .debug_abbrev  0x0000000000002423      0x1c1 ./emlib/em_letimer.o
 .debug_abbrev  0x00000000000025e4      0x1e2 ./emlib/em_rtcc.o
 .debug_abbrev  0x00000000000027c6      0x109 ./emlib/em_system.o
 .debug_abbrev  0x00000000000028cf      0x370 ./emlib/em_usart.o
 .debug_abbrev  0x0000000000002c3f      0x2c7 ./src/InitDevice.o

.debug_loc      0x0000000000000000     0x7d89
 .debug_loc     0x0000000000000000      0x18c ./em_timer.o
 .debug_loc     0x000000000000018c      0x6b5 ./main.o
 .debug_loc     0x0000000000000841      0x8a0 ./peripherals.o
 .debug_loc     0x00000000000010e1     0x10da ./bgapi/dmadrv.o
 .debug_loc     0x00000000000021bb      0xd59 ./bgapi/em_adc.o
 .debug_loc     0x0000000000002f14      0x46d ./bgapi/em_ldma.o
 .debug_loc     0x0000000000003381      0x46f ./bgapi/em_leuart.o
 .debug_loc     0x00000000000037f0       0x4b ./device/EFR32_B_1_1_B/gcc/startup_efr32bg1b.o
 .debug_loc     0x000000000000383b     0x27cc ./emlib/em_cmu.o
 .debug_loc     0x0000000000006007      0x798 ./emlib/em_gpio.o
 .debug_loc     0x000000000000679f      0x859 ./emlib/em_i2c.o
 .debug_loc     0x0000000000006ff8      0x2ab ./emlib/em_letimer.o
 .debug_loc     0x00000000000072a3       0xdc ./emlib/em_rtcc.o
 .debug_loc     0x000000000000737f       0x91 ./emlib/em_system.o
 .debug_loc     0x0000000000007410      0x7b9 ./emlib/em_usart.o
 .debug_loc     0x0000000000007bc9      0x1c0 ./src/InitDevice.o

.debug_aranges  0x0000000000000000      0x770
 .debug_aranges
                0x0000000000000000       0x38 ./em_timer.o
 .debug_aranges
                0x0000000000000038       0x18 ./gatt_db.o
 .debug_aranges
                0x0000000000000050       0x20 ./main.o
 .debug_aranges
                0x0000000000000070      0x108 ./peripherals.o
 .debug_aranges
                0x0000000000000178       0xa0 ./bgapi/dmadrv.o
 .debug_aranges
                0x0000000000000218       0x70 ./bgapi/em_adc.o
 .debug_aranges
                0x0000000000000288       0x50 ./bgapi/em_ldma.o
 .debug_aranges
                0x00000000000002d8       0x80 ./bgapi/em_leuart.o
 .debug_aranges
                0x0000000000000358       0x28 ./device/EFR32_B_1_1_B/gcc/startup_efr32bg1b.o
 .debug_aranges
                0x0000000000000380      0x110 ./emlib/em_cmu.o
 .debug_aranges
                0x0000000000000490       0x48 ./emlib/em_gpio.o
 .debug_aranges
                0x00000000000004d8       0x58 ./emlib/em_i2c.o
 .debug_aranges
                0x0000000000000530       0x50 ./emlib/em_letimer.o
 .debug_aranges
                0x0000000000000580       0x40 ./emlib/em_rtcc.o
 .debug_aranges
                0x00000000000005c0       0x28 ./emlib/em_system.o
 .debug_aranges
                0x00000000000005e8       0xb8 ./emlib/em_usart.o
 .debug_aranges
                0x00000000000006a0       0xd0 ./src/InitDevice.o

.debug_ranges   0x0000000000000000     0x1620
 .debug_ranges  0x0000000000000000       0x60 ./em_timer.o
 .debug_ranges  0x0000000000000060      0x190 ./main.o
 .debug_ranges  0x00000000000001f0      0x1f8 ./peripherals.o
 .debug_ranges  0x00000000000003e8       0xa8 ./bgapi/dmadrv.o
 .debug_ranges  0x0000000000000490      0x128 ./bgapi/em_adc.o
 .debug_ranges  0x00000000000005b8       0xf0 ./bgapi/em_ldma.o
 .debug_ranges  0x00000000000006a8      0x120 ./bgapi/em_leuart.o
 .debug_ranges  0x00000000000007c8       0x18 ./device/EFR32_B_1_1_B/gcc/startup_efr32bg1b.o
 .debug_ranges  0x00000000000007e0      0x8b8 ./emlib/em_cmu.o
 .debug_ranges  0x0000000000001098      0x180 ./emlib/em_gpio.o
 .debug_ranges  0x0000000000001218      0x100 ./emlib/em_i2c.o
 .debug_ranges  0x0000000000001318       0x40 ./emlib/em_letimer.o
 .debug_ranges  0x0000000000001358       0x70 ./emlib/em_rtcc.o
 .debug_ranges  0x00000000000013c8       0x18 ./emlib/em_system.o
 .debug_ranges  0x00000000000013e0      0x148 ./emlib/em_usart.o
 .debug_ranges  0x0000000000001528       0xf8 ./src/InitDevice.o

.debug_line     0x0000000000000000     0x60e3
 .debug_line    0x0000000000000000      0x4ab ./em_timer.o
 .debug_line    0x00000000000004ab      0x1d9 ./gatt_db.o
 .debug_line    0x0000000000000684      0x7ca ./main.o
 .debug_line    0x0000000000000e4e      0x92f ./peripherals.o
 .debug_line    0x000000000000177d      0x70f ./bgapi/dmadrv.o
 .debug_line    0x0000000000001e8c      0x5ed ./bgapi/em_adc.o
 .debug_line    0x0000000000002479      0x4f7 ./bgapi/em_ldma.o
 .debug_line    0x0000000000002970      0x532 ./bgapi/em_leuart.o
 .debug_line    0x0000000000002ea2      0x1fe ./device/EFR32_B_1_1_B/gcc/startup_efr32bg1b.o
 .debug_line    0x00000000000030a0      0xd7e ./emlib/em_cmu.o
 .debug_line    0x0000000000003e1e      0x4e8 ./emlib/em_gpio.o
 .debug_line    0x0000000000004306      0x5ae ./emlib/em_i2c.o
 .debug_line    0x00000000000048b4      0x3c3 ./emlib/em_letimer.o
 .debug_line    0x0000000000004c77      0x45e ./emlib/em_rtcc.o
 .debug_line    0x00000000000050d5      0x37f ./emlib/em_system.o
 .debug_line    0x0000000000005454      0x687 ./emlib/em_usart.o
 .debug_line    0x0000000000005adb      0x608 ./src/InitDevice.o

.debug_str      0x0000000000000000     0xe3dd
 .debug_str     0x0000000000000000      0x932 ./em_timer.o
                                        0x9e2 (size before relaxing)
 .debug_str     0x0000000000000932      0x843 ./gatt_db.o
                                        0x9df (size before relaxing)